PS C:\Users\jhnhe\OneDrive\Documents\GitHub\supertui\WPF> pwsh SuperTUI_Enhanced_Demo.ps1                                                                                                                                                       ========================================                                                                                  SuperTUI Enhanced Framework Demo                                                                                      ========================================                                                                                                                                                                                                        [1/4] Compiling framework...                                                                                            Get-Content: C:\Users\jhnhe\OneDrive\Documents\GitHub\supertui\WPF\SuperTUI_Enhanced_Demo.ps1:18                        Line |                                                                                                                    18 |  $frameworkSource = Get-Content "$PSScriptRoot/Core/Framework.cs" -Raw                                                |                     ~~~~~~~~~~~~~~~~~~~~~~~~~~~~~~~~~~~~~~~~~~~~~~~~~~                                                | Cannot find path 'C:\Users\jhnhe\OneDrive\Documents\GitHub\supertui\WPF\Core\Framework.cs' because it does not        | exist.                                                                                                               ✗ Framework compilation failed!                                                                                     (782,42): error CS0246: The type or namespace name 'EventArgs' could not be found (are you missing a using directive or an assembly reference?)                                                                                                     public class StateChangedEventArgs : EventArgs                                                                                                               ^                                                                                                                                                                                                      PS C:\Users\jhnhe\OneDrive\Documents\GitHub\supertui\WPF>  





PS C:\Users\jhnhe\OneDrive\Documents\GitHub\supertui\WPF> pwsh SuperTUI_TestFixes.ps1                                                                                                                                                                                                                                                                   ========================================                                                                                                                                      SuperTUI - Test Fixes Demo                                                                                                                                                ========================================                                                                                                                                                                                                                                                                                                                Data directory: C:\Users\jhnhe\OneDrive\Documents\GitHub\supertui\WPF\.data                                                                                                 Log file: C:\Users\jhnhe\OneDrive\Documents\GitHub\supertui\WPF\.data\supertui_test_20251024_122147.log                                                                                                                                                                                                                                                 [1/4] Compiling framework...                                                                                                                                                Add-Type: C:\Users\jhnhe\OneDrive\Documents\GitHub\supertui\WPF\SuperTUI_TestFixes.ps1:103                                                                                  Line |                                                                                                                                                                       103 |      Add-Type -TypeDefinition $combinedSource -ReferencedAssemblies @(                                                                                                    |      ~~~~~~~~~~~~~~~~~~~~~~~~~~~~~~~~~~~~~~~~~~~~~~~~~~~~~~~~~~~~~~~~~                                                                                                    | (4878,1): error CS1022: Type or namespace definition, or end-of-file expected } ^                                                                                    Add-Type: C:\Users\jhnhe\OneDrive\Documents\GitHub\supertui\WPF\SuperTUI_TestFixes.ps1:103                                                                                  Line |                                                                                                                                                                       103 |      Add-Type -TypeDefinition $combinedSource -ReferencedAssemblies @(                                                                                                    |      ~~~~~~~~~~~~~~~~~~~~~~~~~~~~~~~~~~~~~~~~~~~~~~~~~~~~~~~~~~~~~~~~~                                                                                                    | (5930,32): error CS0246: The type or namespace name 'WidgetBase' could not be found (are you missing a using                                                              | directive or an assembly reference?)     public class ClockWidget : WidgetBase, IThemeable                                                                                | ^                                                                                                                                                                    Add-Type: C:\Users\jhnhe\OneDrive\Documents\GitHub\supertui\WPF\SuperTUI_TestFixes.ps1:103                                                                                  Line |                                                                                                                                                                       103 |      Add-Type -TypeDefinition $combinedSource -ReferencedAssemblies @(                                                                                                    |      ~~~~~~~~~~~~~~~~~~~~~~~~~~~~~~~~~~~~~~~~~~~~~~~~~~~~~~~~~~~~~~~~~                                                                                                    | (5930,44): error CS0246: The type or namespace name 'IThemeable' could not be found (are you missing a using                                                              | directive or an assembly reference?)     public class ClockWidget : WidgetBase, IThemeable                                                                                | ^                                                                                                                                                                    Add-Type: C:\Users\jhnhe\OneDrive\Documents\GitHub\supertui\WPF\SuperTUI_TestFixes.ps1:103                                                                                  Line |                                                                                                                                                                       103 |      Add-Type -TypeDefinition $combinedSource -ReferencedAssemblies @(                                                                                                    |      ~~~~~~~~~~~~~~~~~~~~~~~~~~~~~~~~~~~~~~~~~~~~~~~~~~~~~~~~~~~~~~~~~                                                                                                    | (5932,17): error CS0246: The type or namespace name 'Border' could not be found (are you missing a using                                                                  | directive or an assembly reference?)         private Border containerBorder;                 ^                                                                       Add-Type: C:\Users\jhnhe\OneDrive\Documents\GitHub\supertui\WPF\SuperTUI_TestFixes.ps1:103                                                                                  Line |                                                                                                                                                                       103 |      Add-Type -TypeDefinition $combinedSource -ReferencedAssemblies @(                                                                                                    |      ~~~~~~~~~~~~~~~~~~~~~~~~~~~~~~~~~~~~~~~~~~~~~~~~~~~~~~~~~~~~~~~~~                                                                                                    | (5933,17): error CS0246: The type or namespace name 'TextBlock' could not be found (are you missing a using                                                               | directive or an assembly reference?)         private TextBlock timeText;                 ^                                                                           Add-Type: C:\Users\jhnhe\OneDrive\Documents\GitHub\supertui\WPF\SuperTUI_TestFixes.ps1:103                                                                                  Line |                                                                                                                                                                       103 |      Add-Type -TypeDefinition $combinedSource -ReferencedAssemblies @(                                                                                                    |      ~~~~~~~~~~~~~~~~~~~~~~~~~~~~~~~~~~~~~~~~~~~~~~~~~~~~~~~~~~~~~~~~~                                                                                                    | (5934,17): error CS0246: The type or namespace name 'TextBlock' could not be found (are you missing a using                                                               | directive or an assembly reference?)         private TextBlock dateText;                 ^                                                                           Add-Type: C:\Users\jhnhe\OneDrive\Documents\GitHub\supertui\WPF\SuperTUI_TestFixes.ps1:103                                                                                  Line |                                                                                                                                                                       103 |      Add-Type -TypeDefinition $combinedSource -ReferencedAssemblies @(                                                                                                    |      ~~~~~~~~~~~~~~~~~~~~~~~~~~~~~~~~~~~~~~~~~~~~~~~~~~~~~~~~~~~~~~~~~                                                                                                    | (5935,17): error CS0246: The type or namespace name 'DispatcherTimer' could not be found (are you missing a                                                               | using directive or an assembly reference?)         private DispatcherTimer timer;                 ^                                                                  Add-Type: C:\Users\jhnhe\OneDrive\Documents\GitHub\supertui\WPF\SuperTUI_TestFixes.ps1:103                                                                                  Line |                                                                                                                                                                       103 |      Add-Type -TypeDefinition $combinedSource -ReferencedAssemblies @(                                                                                                    |      ~~~~~~~~~~~~~~~~~~~~~~~~~~~~~~~~~~~~~~~~~~~~~~~~~~~~~~~~~~~~~~~~~                                                                                                    | (3346,39): error CS0246: The type or namespace name 'UIElement' could not be found (are you missing a using                                                               | directive or an assembly reference?)         public abstract void AddChild(UIElement child, LayoutParams                                                                  | layoutParams);                                       ^                                                                                                               Add-Type: C:\Users\jhnhe\OneDrive\Documents\GitHub\supertui\WPF\SuperTUI_TestFixes.ps1:103                                                                                  Line |                                                                                                                                                                       103 |      Add-Type -TypeDefinition $combinedSource -ReferencedAssemblies @(                                                                                                    |      ~~~~~~~~~~~~~~~~~~~~~~~~~~~~~~~~~~~~~~~~~~~~~~~~~~~~~~~~~~~~~~~~~                                                                                                    | (11,32): error CS0246: The type or namespace name 'INotifyPropertyChanged' could not be found (are you missing a                                                          | using directive or an assembly reference?)     public interface IWidget : INotifyPropertyChanged, IDisposable                                                             | ^                                                                                                                                                                    Add-Type: C:\Users\jhnhe\OneDrive\Documents\GitHub\supertui\WPF\SuperTUI_TestFixes.ps1:103                                                                                  Line |                                                                                                                                                                       103 |      Add-Type -TypeDefinition $combinedSource -ReferencedAssemblies @(                                                                                                    |      ~~~~~~~~~~~~~~~~~~~~~~~~~~~~~~~~~~~~~~~~~~~~~~~~~~~~~~~~~~~~~~~~~                                                                                                    | (3587,39): error CS0246: The type or namespace name 'UIElement' could not be found (are you missing a using                                                               | directive or an assembly reference?)         public override void AddChild(UIElement child, LayoutParams lp)                                                              | ^                                                                                                                                                                    Add-Type: C:\Users\jhnhe\OneDrive\Documents\GitHub\supertui\WPF\SuperTUI_TestFixes.ps1:103                                                                                  Line |                                                                                                                                                                       103 |      Add-Type -TypeDefinition $combinedSource -ReferencedAssemblies @(                                                                                                    |      ~~~~~~~~~~~~~~~~~~~~~~~~~~~~~~~~~~~~~~~~~~~~~~~~~~~~~~~~~~~~~~~~~                                                                                                    | (6098,38): error CS0246: The type or namespace name 'WidgetBase' could not be found (are you missing a using                                                              | directive or an assembly reference?)     public class TaskSummaryWidget : WidgetBase, IThemeable                                                                          | ^                                                                                                                                                                    Add-Type: C:\Users\jhnhe\OneDrive\Documents\GitHub\supertui\WPF\SuperTUI_TestFixes.ps1:103                                                                                  Line |                                                                                                                                                                       103 |      Add-Type -TypeDefinition $combinedSource -ReferencedAssemblies @(                                                                                                    |      ~~~~~~~~~~~~~~~~~~~~~~~~~~~~~~~~~~~~~~~~~~~~~~~~~~~~~~~~~~~~~~~~~                                                                                                    | (6098,50): error CS0246: The type or namespace name 'IThemeable' could not be found (are you missing a using                                                              | directive or an assembly reference?)     public class TaskSummaryWidget : WidgetBase, IThemeable                                                                          | ^                                                                                                                                                                    Add-Type: C:\Users\jhnhe\OneDrive\Documents\GitHub\supertui\WPF\SuperTUI_TestFixes.ps1:103                                                                                  Line |                                                                                                                                                                       103 |      Add-Type -TypeDefinition $combinedSource -ReferencedAssemblies @(                                                                                                    |      ~~~~~~~~~~~~~~~~~~~~~~~~~~~~~~~~~~~~~~~~~~~~~~~~~~~~~~~~~~~~~~~~~                                                                                                    | (2259,16): error CS0246: The type or namespace name 'Dictionary<,>' could not be found (are you missing a using                                                           | directive or an assembly reference?)         public Dictionary<string, object> ApplicationState { get; set; } =                                                           | new Dictionary<string, object>();                ^                                                                                                                   Add-Type: C:\Users\jhnhe\OneDrive\Documents\GitHub\supertui\WPF\SuperTUI_TestFixes.ps1:103                                                                                  Line |                                                                                                                                                                       103 |      Add-Type -TypeDefinition $combinedSource -ReferencedAssemblies @(                                                                                                    |      ~~~~~~~~~~~~~~~~~~~~~~~~~~~~~~~~~~~~~~~~~~~~~~~~~~~~~~~~~~~~~~~~~                                                                                                    | (111,9): error CS0246: The type or namespace name 'Dictionary<,>' could not be found (are you missing a using                                                             | directive or an assembly reference?)         Dictionary<string, ConfigValue> GetCategory(string category);                                                                | ^                                                                                                                                                                    Add-Type: C:\Users\jhnhe\OneDrive\Documents\GitHub\supertui\WPF\SuperTUI_TestFixes.ps1:103                                                                                  Line |                                                                                                                                                                       103 |      Add-Type -TypeDefinition $combinedSource -ReferencedAssemblies @(                                                                                                    |      ~~~~~~~~~~~~~~~~~~~~~~~~~~~~~~~~~~~~~~~~~~~~~~~~~~~~~~~~~~~~~~~~~                                                                                                    | (46,95): error CS0246: The type or namespace name 'Dictionary<,>' could not be found (are you missing a using                                                             | directive or an assembly reference?)         void Log(LogLevel level, string category, string message, Exception                                                          | exception = null, Dictionary<string, object> properties = null);                                                                                                          | ^                                                                                                                                                                    Add-Type: C:\Users\jhnhe\OneDrive\Documents\GitHub\supertui\WPF\SuperTUI_TestFixes.ps1:103                                                                                  Line |                                                                                                                                                                       103 |      Add-Type -TypeDefinition $combinedSource -ReferencedAssemblies @(                                                                                                    |      ~~~~~~~~~~~~~~~~~~~~~~~~~~~~~~~~~~~~~~~~~~~~~~~~~~~~~~~~~~~~~~~~~                                                                                                    | (112,9): error CS0246: The type or namespace name 'List<>' could not be found (are you missing a using directive                                                          | or an assembly reference?)         List<string> GetCategories();         ^                                                                                           Add-Type: C:\Users\jhnhe\OneDrive\Documents\GitHub\supertui\WPF\SuperTUI_TestFixes.ps1:103                                                                                  Line |                                                                                                                                                                       103 |      Add-Type -TypeDefinition $combinedSource -ReferencedAssemblies @(                                                                                                    |      ~~~~~~~~~~~~~~~~~~~~~~~~~~~~~~~~~~~~~~~~~~~~~~~~~~~~~~~~~~~~~~~~~                                                                                                    | (26,9): error CS0246: The type or namespace name 'Dictionary<,>' could not be found (are you missing a using                                                              | directive or an assembly reference?)         Dictionary<string, object> SaveState();         ^                                                                       Add-Type: C:\Users\jhnhe\OneDrive\Documents\GitHub\supertui\WPF\SuperTUI_TestFixes.ps1:103                                                                                  Line |                                                                                                                                                                       103 |      Add-Type -TypeDefinition $combinedSource -ReferencedAssemblies @(                                                                                                    |      ~~~~~~~~~~~~~~~~~~~~~~~~~~~~~~~~~~~~~~~~~~~~~~~~~~~~~~~~~~~~~~~~~                                                                                                    | (27,27): error CS0246: The type or namespace name 'Dictionary<,>' could not be found (are you missing a using                                                             | directive or an assembly reference?)         void RestoreState(Dictionary<string, object> state);                                                                         | ^                                                                                                                                                                    Add-Type: C:\Users\jhnhe\OneDrive\Documents\GitHub\supertui\WPF\SuperTUI_TestFixes.ps1:103                                                                                  Line |                                                                                                                                                                       103 |      Add-Type -TypeDefinition $combinedSource -ReferencedAssemblies @(                                                                                                    |      ~~~~~~~~~~~~~~~~~~~~~~~~~~~~~~~~~~~~~~~~~~~~~~~~~~~~~~~~~~~~~~~~~                                                                                                    | (2260,16): error CS0246: The type or namespace name 'List<>' could not be found (are you missing a using                                                                  | directive or an assembly reference?)         public List<WorkspaceState> Workspaces { get; set; } = new                                                                   | List<WorkspaceState>();                ^                                                   