[31;1mAdd-Type: [0m/home/teej/supertui/WPF/SuperTUI_Demo.ps1:4[0m
[31;1m[0m[36;1mLine |[0m
[31;1m[0m[36;1m[36;1m   4 | [0m [36;1mAdd-Type -AssemblyName PresentationFramework[0m
[31;1m[0m[36;1m[36;1m[0m[36;1m[0m[36;1m     | [31;1m ~~~~~~~~~~~~~~~~~~~~~~~~~~~~~~~~~~~~~~~~~~~~[0m
[31;1m[0m[36;1m[36;1m[0m[36;1m[0m[36;1m[31;1m[31;1m[36;1m     | [31;1mCannot find path '/home/teej/supertui/WPF/PresentationFramework.dll'[0m
[31;1m[0m[36;1m[36;1m[0m[36;1m[0m[36;1m[31;1m[31;1m[36;1m[31;1m[36;1m     | [31;1mbecause it does not exist.[0m
[31;1mAdd-Type: [0m/home/teej/supertui/WPF/SuperTUI_Demo.ps1:5[0m
[31;1m[0m[36;1mLine |[0m
[31;1m[0m[36;1m[36;1m   5 | [0m [36;1mAdd-Type -AssemblyName PresentationCore[0m
[31;1m[0m[36;1m[36;1m[0m[36;1m[0m[36;1m     | [31;1m ~~~~~~~~~~~~~~~~~~~~~~~~~~~~~~~~~~~~~~~[0m
[31;1m[0m[36;1m[36;1m[0m[36;1m[0m[36;1m[31;1m[31;1m[36;1m     | [31;1mCannot find path '/home/teej/supertui/WPF/PresentationCore.dll' because[0m
[31;1m[0m[36;1m[36;1m[0m[36;1m[0m[36;1m[31;1m[31;1m[36;1m[31;1m[36;1m     | [31;1mit does not exist.[0m

========================================
  SuperTUI WPF Framework - Enhanced Demo
========================================

[1/3] Compiling framework...
[31;1mInvalidOperation: [0m/home/teej/supertui/WPF/SuperTUI_Demo.ps1:34[0m
[31;1m[0m[36;1mLine |[0m
[31;1m[0m[36;1m[36;1m  34 | [0m     ([36;1m[System.Windows.DependencyObject][0m.Assembly.Location),            …[0m
[31;1m[0m[36;1m[36;1m[0m[36;1m[0m[36;1m     | [31;1m      ~~~~~~~~~~~~~~~~~~~~~~~~~~~~~~~~~[0m
[31;1m[0m[36;1m[36;1m[0m[36;1m[0m[36;1m[31;1m[31;1m[36;1m     | [31;1mUnable to find type [System.Windows.DependencyObject].[0m
[31;1mAdd-Type: [0m/home/teej/supertui/WPF/SuperTUI_Demo.ps1:40[0m
[31;1m[0m[36;1mLine |[0m
[31;1m[0m[36;1m[36;1m  40 | [0m [36;1mAdd-Type -TypeDefinition $combinedSource -ReferencedAssemblies $assem[0m …[0m
[31;1m[0m[36;1m[36;1m[0m[36;1m[0m[36;1m     | [31;1m ~~~~~~~~~~~~~~~~~~~~~~~~~~~~~~~~~~~~~~~~~~~~~~~~~~~~~~~~~~~~~~~~~~~~~[0m
[31;1m[0m[36;1m[36;1m[0m[36;1m[0m[36;1m[31;1m[31;1m[36;1m     | [31;1m(1002,1): error CS1529: A using clause must precede all other elements[0m
[31;1m[0m[36;1m[36;1m[0m[36;1m[0m[36;1m[31;1m[31;1m[36;1m[31;1m[36;1m     | [31;1mdefined in the namespace except extern alias declarations using System; ^[0m
[31;1mAdd-Type: [0m/home/teej/supertui/WPF/SuperTUI_Demo.ps1:40[0m
[31;1m[0m[36;1mLine |[0m
[31;1m[0m[36;1m[36;1m  40 | [0m [36;1mAdd-Type -TypeDefinition $combinedSource -ReferencedAssemblies $assem[0m …[0m
[31;1m[0m[36;1m[36;1m[0m[36;1m[0m[36;1m     | [31;1m ~~~~~~~~~~~~~~~~~~~~~~~~~~~~~~~~~~~~~~~~~~~~~~~~~~~~~~~~~~~~~~~~~~~~~[0m
[31;1m[0m[36;1m[36;1m[0m[36;1m[0m[36;1m[31;1m[31;1m[36;1m     | [31;1m(1003,1): error CS1529: A using clause must precede all other elements[0m
[31;1m[0m[36;1m[36;1m[0m[36;1m[0m[36;1m[31;1m[31;1m[36;1m[31;1m[36;1m     | [31;1mdefined in the namespace except extern alias declarations using[0m
[31;1m[0m[36;1m[36;1m[0m[36;1m[0m[36;1m[31;1m[31;1m[36;1m[31;1m[36;1m[31;1m[36;1m     | [31;1mSystem.Windows; ^[0m
[31;1mAdd-Type: [0m/home/teej/supertui/WPF/SuperTUI_Demo.ps1:40[0m
[31;1m[0m[36;1mLine |[0m
[31;1m[0m[36;1m[36;1m  40 | [0m [36;1mAdd-Type -TypeDefinition $combinedSource -ReferencedAssemblies $assem[0m …[0m
[31;1m[0m[36;1m[36;1m[0m[36;1m[0m[36;1m     | [31;1m ~~~~~~~~~~~~~~~~~~~~~~~~~~~~~~~~~~~~~~~~~~~~~~~~~~~~~~~~~~~~~~~~~~~~~[0m
[31;1m[0m[36;1m[36;1m[0m[36;1m[0m[36;1m[31;1m[31;1m[36;1m     | [31;1m(1004,1): error CS1529: A using clause must precede all other elements[0m
[31;1m[0m[36;1m[36;1m[0m[36;1m[0m[36;1m[31;1m[31;1m[36;1m[31;1m[36;1m     | [31;1mdefined in the namespace except extern alias declarations using[0m
[31;1m[0m[36;1m[36;1m[0m[36;1m[0m[36;1m[31;1m[31;1m[36;1m[31;1m[36;1m[31;1m[36;1m     | [31;1mSystem.Windows.Controls; ^[0m
[31;1mAdd-Type: [0m/home/teej/supertui/WPF/SuperTUI_Demo.ps1:40[0m
[31;1m[0m[36;1mLine |[0m
[31;1m[0m[36;1m[36;1m  40 | [0m [36;1mAdd-Type -TypeDefinition $combinedSource -ReferencedAssemblies $assem[0m …[0m
[31;1m[0m[36;1m[36;1m[0m[36;1m[0m[36;1m     | [31;1m ~~~~~~~~~~~~~~~~~~~~~~~~~~~~~~~~~~~~~~~~~~~~~~~~~~~~~~~~~~~~~~~~~~~~~[0m
[31;1m[0m[36;1m[36;1m[0m[36;1m[0m[36;1m[31;1m[31;1m[36;1m     | [31;1m(1005,1): error CS1529: A using clause must precede all other elements[0m
[31;1m[0m[36;1m[36;1m[0m[36;1m[0m[36;1m[31;1m[31;1m[36;1m[31;1m[36;1m     | [31;1mdefined in the namespace except extern alias declarations using[0m
[31;1m[0m[36;1m[36;1m[0m[36;1m[0m[36;1m[31;1m[31;1m[36;1m[31;1m[36;1m[31;1m[36;1m     | [31;1mSystem.Windows.Media; ^[0m
[31;1mAdd-Type: [0m/home/teej/supertui/WPF/SuperTUI_Demo.ps1:40[0m
[31;1m[0m[36;1mLine |[0m
[31;1m[0m[36;1m[36;1m  40 | [0m [36;1mAdd-Type -TypeDefinition $combinedSource -ReferencedAssemblies $assem[0m …[0m
[31;1m[0m[36;1m[36;1m[0m[36;1m[0m[36;1m     | [31;1m ~~~~~~~~~~~~~~~~~~~~~~~~~~~~~~~~~~~~~~~~~~~~~~~~~~~~~~~~~~~~~~~~~~~~~[0m
[31;1m[0m[36;1m[36;1m[0m[36;1m[0m[36;1m[31;1m[31;1m[36;1m     | [31;1m(1006,1): error CS1529: A using clause must precede all other elements[0m
[31;1m[0m[36;1m[36;1m[0m[36;1m[0m[36;1m[31;1m[31;1m[36;1m[31;1m[36;1m     | [31;1mdefined in the namespace except extern alias declarations using[0m
[31;1m[0m[36;1m[36;1m[0m[36;1m[0m[36;1m[31;1m[31;1m[36;1m[31;1m[36;1m[31;1m[36;1m     | [31;1mSystem.Windows.Threading; ^[0m
[31;1mAdd-Type: [0m/home/teej/supertui/WPF/SuperTUI_Demo.ps1:40[0m
[31;1m[0m[36;1mLine |[0m
[31;1m[0m[36;1m[36;1m  40 | [0m [36;1mAdd-Type -TypeDefinition $combinedSource -ReferencedAssemblies $assem[0m …[0m
[31;1m[0m[36;1m[36;1m[0m[36;1m[0m[36;1m     | [31;1m ~~~~~~~~~~~~~~~~~~~~~~~~~~~~~~~~~~~~~~~~~~~~~~~~~~~~~~~~~~~~~~~~~~~~~[0m
[31;1m[0m[36;1m[36;1m[0m[36;1m[0m[36;1m[31;1m[31;1m[36;1m     | [31;1m(1007,1): error CS1529: A using clause must precede all other elements[0m
[31;1m[0m[36;1m[36;1m[0m[36;1m[0m[36;1m[31;1m[31;1m[36;1m[31;1m[36;1m     | [31;1mdefined in the namespace except extern alias declarations using[0m
[31;1m[0m[36;1m[36;1m[0m[36;1m[0m[36;1m[31;1m[31;1m[36;1m[31;1m[36;1m[31;1m[36;1m     | [31;1mSuperTUI.Core; ^[0m
[31;1mAdd-Type: [0m/home/teej/supertui/WPF/SuperTUI_Demo.ps1:40[0m
[31;1m[0m[36;1mLine |[0m
[31;1m[0m[36;1m[36;1m  40 | [0m [36;1mAdd-Type -TypeDefinition $combinedSource -ReferencedAssemblies $assem[0m …[0m
[31;1m[0m[36;1m[36;1m[0m[36;1m[0m[36;1m     | [31;1m ~~~~~~~~~~~~~~~~~~~~~~~~~~~~~~~~~~~~~~~~~~~~~~~~~~~~~~~~~~~~~~~~~~~~~[0m
[31;1m[0m[36;1m[36;1m[0m[36;1m[0m[36;1m[31;1m[31;1m[36;1m     | [31;1m(1132,1): error CS1529: A using clause must precede all other elements[0m
[31;1m[0m[36;1m[36;1m[0m[36;1m[0m[36;1m[31;1m[31;1m[36;1m[31;1m[36;1m     | [31;1mdefined in the namespace except extern alias declarations using System; ^[0m
[31;1mAdd-Type: [0m/home/teej/supertui/WPF/SuperTUI_Demo.ps1:40[0m
[31;1m[0m[36;1mLine |[0m
[31;1m[0m[36;1m[36;1m  40 | [0m [36;1mAdd-Type -TypeDefinition $combinedSource -ReferencedAssemblies $assem[0m …[0m
[31;1m[0m[36;1m[36;1m[0m[36;1m[0m[36;1m     | [31;1m ~~~~~~~~~~~~~~~~~~~~~~~~~~~~~~~~~~~~~~~~~~~~~~~~~~~~~~~~~~~~~~~~~~~~~[0m
[31;1m[0m[36;1m[36;1m[0m[36;1m[0m[36;1m[31;1m[31;1m[36;1m     | [31;1m(1133,1): error CS1529: A using clause must precede all other elements[0m
[31;1m[0m[36;1m[36;1m[0m[36;1m[0m[36;1m[31;1m[31;1m[36;1m[31;1m[36;1m     | [31;1mdefined in the namespace except extern alias declarations using[0m
[31;1m[0m[36;1m[36;1m[0m[36;1m[0m[36;1m[31;1m[31;1m[36;1m[31;1m[36;1m[31;1m[36;1m     | [31;1mSystem.Collections.ObjectModel; ^[0m
[31;1mAdd-Type: [0m/home/teej/supertui/WPF/SuperTUI_Demo.ps1:40[0m
[31;1m[0m[36;1mLine |[0m
[31;1m[0m[36;1m[36;1m  40 | [0m [36;1mAdd-Type -TypeDefinition $combinedSource -ReferencedAssemblies $assem[0m …[0m
[31;1m[0m[36;1m[36;1m[0m[36;1m[0m[36;1m     | [31;1m ~~~~~~~~~~~~~~~~~~~~~~~~~~~~~~~~~~~~~~~~~~~~~~~~~~~~~~~~~~~~~~~~~~~~~[0m
[31;1m[0m[36;1m[36;1m[0m[36;1m[0m[36;1m[31;1m[31;1m[36;1m     | [31;1m(1134,1): error CS1529: A using clause must precede all other elements[0m
[31;1m[0m[36;1m[36;1m[0m[36;1m[0m[36;1m[31;1m[31;1m[36;1m[31;1m[36;1m     | [31;1mdefined in the namespace except extern alias declarations using[0m
[31;1m[0m[36;1m[36;1m[0m[36;1m[0m[36;1m[31;1m[31;1m[36;1m[31;1m[36;1m[31;1m[36;1m     | [31;1mSystem.Linq; ^[0m
[31;1mAdd-Type: [0m/home/teej/supertui/WPF/SuperTUI_Demo.ps1:40[0m
[31;1m[0m[36;1mLine |[0m
[31;1m[0m[36;1m[36;1m  40 | [0m [36;1mAdd-Type -TypeDefinition $combinedSource -ReferencedAssemblies $assem[0m …[0m
[31;1m[0m[36;1m[36;1m[0m[36;1m[0m[36;1m     | [31;1m ~~~~~~~~~~~~~~~~~~~~~~~~~~~~~~~~~~~~~~~~~~~~~~~~~~~~~~~~~~~~~~~~~~~~~[0m
[31;1m[0m[36;1m[36;1m[0m[36;1m[0m[36;1m[31;1m[31;1m[36;1m     | [31;1m(1135,1): error CS1529: A using clause must precede all other elements[0m
[31;1m[0m[36;1m[36;1m[0m[36;1m[0m[36;1m[31;1m[31;1m[36;1m[31;1m[36;1m     | [31;1mdefined in the namespace except extern alias declarations using[0m
[31;1m[0m[36;1m[36;1m[0m[36;1m[0m[36;1m[31;1m[31;1m[36;1m[31;1m[36;1m[31;1m[36;1m     | [31;1mSystem.Windows; ^[0m
[31;1mAdd-Type: [0m/home/teej/supertui/WPF/SuperTUI_Demo.ps1:40[0m
[31;1m[0m[36;1mLine |[0m
[31;1m[0m[36;1m[36;1m  40 | [0m [36;1mAdd-Type -TypeDefinition $combinedSource -ReferencedAssemblies $assem[0m …[0m
[31;1m[0m[36;1m[36;1m[0m[36;1m[0m[36;1m     | [31;1m ~~~~~~~~~~~~~~~~~~~~~~~~~~~~~~~~~~~~~~~~~~~~~~~~~~~~~~~~~~~~~~~~~~~~~[0m
[31;1m[0m[36;1m[36;1m[0m[36;1m[0m[36;1m[31;1m[31;1m[36;1m     | [31;1m(1136,1): error CS1529: A using clause must precede all other elements[0m
[31;1m[0m[36;1m[36;1m[0m[36;1m[0m[36;1m[31;1m[31;1m[36;1m[31;1m[36;1m     | [31;1mdefined in the namespace except extern alias declarations using[0m
[31;1m[0m[36;1m[36;1m[0m[36;1m[0m[36;1m[31;1m[31;1m[36;1m[31;1m[36;1m[31;1m[36;1m     | [31;1mSystem.Windows.Controls; ^[0m
[31;1mAdd-Type: [0m/home/teej/supertui/WPF/SuperTUI_Demo.ps1:40[0m
[31;1m[0m[36;1mLine |[0m
[31;1m[0m[36;1m[36;1m  40 | [0m [36;1mAdd-Type -TypeDefinition $combinedSource -ReferencedAssemblies $assem[0m …[0m
[31;1m[0m[36;1m[36;1m[0m[36;1m[0m[36;1m     | [31;1m ~~~~~~~~~~~~~~~~~~~~~~~~~~~~~~~~~~~~~~~~~~~~~~~~~~~~~~~~~~~~~~~~~~~~~[0m
[31;1m[0m[36;1m[36;1m[0m[36;1m[0m[36;1m[31;1m[31;1m[36;1m     | [31;1m(1137,1): error CS1529: A using clause must precede all other elements[0m
[31;1m[0m[36;1m[36;1m[0m[36;1m[0m[36;1m[31;1m[31;1m[36;1m[31;1m[36;1m     | [31;1mdefined in the namespace except extern alias declarations using[0m
[31;1m[0m[36;1m[36;1m[0m[36;1m[0m[36;1m[31;1m[31;1m[36;1m[31;1m[36;1m[31;1m[36;1m     | [31;1mSystem.Windows.Media; ^[0m
[31;1mAdd-Type: [0m/home/teej/supertui/WPF/SuperTUI_Demo.ps1:40[0m
[31;1m[0m[36;1mLine |[0m
[31;1m[0m[36;1m[36;1m  40 | [0m [36;1mAdd-Type -TypeDefinition $combinedSource -ReferencedAssemblies $assem[0m …[0m
[31;1m[0m[36;1m[36;1m[0m[36;1m[0m[36;1m     | [31;1m ~~~~~~~~~~~~~~~~~~~~~~~~~~~~~~~~~~~~~~~~~~~~~~~~~~~~~~~~~~~~~~~~~~~~~[0m
[31;1m[0m[36;1m[36;1m[0m[36;1m[0m[36;1m[31;1m[31;1m[36;1m     | [31;1m(1138,1): error CS1529: A using clause must precede all other elements[0m
[31;1m[0m[36;1m[36;1m[0m[36;1m[0m[36;1m[31;1m[31;1m[36;1m[31;1m[36;1m     | [31;1mdefined in the namespace except extern alias declarations using[0m
[31;1m[0m[36;1m[36;1m[0m[36;1m[0m[36;1m[31;1m[31;1m[36;1m[31;1m[36;1m[31;1m[36;1m     | [31;1mSuperTUI.Core; ^[0m
[31;1mAdd-Type: [0m/home/teej/supertui/WPF/SuperTUI_Demo.ps1:40[0m
[31;1m[0m[36;1mLine |[0m
[31;1m[0m[36;1m[36;1m  40 | [0m [36;1mAdd-Type -TypeDefinition $combinedSource -ReferencedAssemblies $assem[0m …[0m
[31;1m[0m[36;1m[36;1m[0m[36;1m[0m[36;1m     | [31;1m ~~~~~~~~~~~~~~~~~~~~~~~~~~~~~~~~~~~~~~~~~~~~~~~~~~~~~~~~~~~~~~~~~~~~~[0m
[31;1m[0m[36;1m[36;1m[0m[36;1m[0m[36;1m[31;1m[31;1m[36;1m     | [31;1m(1284,1): error CS1529: A using clause must precede all other elements[0m
[31;1m[0m[36;1m[36;1m[0m[36;1m[0m[36;1m[31;1m[31;1m[36;1m[31;1m[36;1m     | [31;1mdefined in the namespace except extern alias declarations using System; ^[0m
[31;1mAdd-Type: [0m/home/teej/supertui/WPF/SuperTUI_Demo.ps1:40[0m
[31;1m[0m[36;1mLine |[0m
[31;1m[0m[36;1m[36;1m  40 | [0m [36;1mAdd-Type -TypeDefinition $combinedSource -ReferencedAssemblies $assem[0m …[0m
[31;1m[0m[36;1m[36;1m[0m[36;1m[0m[36;1m     | [31;1m ~~~~~~~~~~~~~~~~~~~~~~~~~~~~~~~~~~~~~~~~~~~~~~~~~~~~~~~~~~~~~~~~~~~~~[0m
[31;1m[0m[36;1m[36;1m[0m[36;1m[0m[36;1m[31;1m[31;1m[36;1m     | [31;1m(1285,1): error CS1529: A using clause must precede all other elements[0m
[31;1m[0m[36;1m[36;1m[0m[36;1m[0m[36;1m[31;1m[31;1m[36;1m[31;1m[36;1m     | [31;1mdefined in the namespace except extern alias declarations using[0m
[31;1m[0m[36;1m[36;1m[0m[36;1m[0m[36;1m[31;1m[31;1m[36;1m[31;1m[36;1m[31;1m[36;1m     | [31;1mSystem.Windows; ^[0m
[31;1mAdd-Type: [0m/home/teej/supertui/WPF/SuperTUI_Demo.ps1:40[0m
[31;1m[0m[36;1mLine |[0m
[31;1m[0m[36;1m[36;1m  40 | [0m [36;1mAdd-Type -TypeDefinition $combinedSource -ReferencedAssemblies $assem[0m …[0m
[31;1m[0m[36;1m[36;1m[0m[36;1m[0m[36;1m     | [31;1m ~~~~~~~~~~~~~~~~~~~~~~~~~~~~~~~~~~~~~~~~~~~~~~~~~~~~~~~~~~~~~~~~~~~~~[0m
[31;1m[0m[36;1m[36;1m[0m[36;1m[0m[36;1m[31;1m[31;1m[36;1m     | [31;1m(1286,1): error CS1529: A using clause must precede all other elements[0m
[31;1m[0m[36;1m[36;1m[0m[36;1m[0m[36;1m[31;1m[31;1m[36;1m[31;1m[36;1m     | [31;1mdefined in the namespace except extern alias declarations using[0m
[31;1m[0m[36;1m[36;1m[0m[36;1m[0m[36;1m[31;1m[31;1m[36;1m[31;1m[36;1m[31;1m[36;1m     | [31;1mSystem.Windows.Controls; ^[0m
[31;1mAdd-Type: [0m/home/teej/supertui/WPF/SuperTUI_Demo.ps1:40[0m
[31;1m[0m[36;1mLine |[0m
[31;1m[0m[36;1m[36;1m  40 | [0m [36;1mAdd-Type -TypeDefinition $combinedSource -ReferencedAssemblies $assem[0m …[0m
[31;1m[0m[36;1m[36;1m[0m[36;1m[0m[36;1m     | [31;1m ~~~~~~~~~~~~~~~~~~~~~~~~~~~~~~~~~~~~~~~~~~~~~~~~~~~~~~~~~~~~~~~~~~~~~[0m
[31;1m[0m[36;1m[36;1m[0m[36;1m[0m[36;1m[31;1m[31;1m[36;1m     | [31;1m(1287,1): error CS1529: A using clause must precede all other elements[0m
[31;1m[0m[36;1m[36;1m[0m[36;1m[0m[36;1m[31;1m[31;1m[36;1m[31;1m[36;1m     | [31;1mdefined in the namespace except extern alias declarations using[0m
[31;1m[0m[36;1m[36;1m[0m[36;1m[0m[36;1m[31;1m[31;1m[36;1m[31;1m[36;1m[31;1m[36;1m     | [31;1mSystem.Windows.Input; ^[0m
[31;1mAdd-Type: [0m/home/teej/supertui/WPF/SuperTUI_Demo.ps1:40[0m
[31;1m[0m[36;1mLine |[0m
[31;1m[0m[36;1m[36;1m  40 | [0m [36;1mAdd-Type -TypeDefinition $combinedSource -ReferencedAssemblies $assem[0m …[0m
[31;1m[0m[36;1m[36;1m[0m[36;1m[0m[36;1m     | [31;1m ~~~~~~~~~~~~~~~~~~~~~~~~~~~~~~~~~~~~~~~~~~~~~~~~~~~~~~~~~~~~~~~~~~~~~[0m
[31;1m[0m[36;1m[36;1m[0m[36;1m[0m[36;1m[31;1m[31;1m[36;1m     | [31;1m(1288,1): error CS1529: A using clause must precede all other elements[0m
[31;1m[0m[36;1m[36;1m[0m[36;1m[0m[36;1m[31;1m[31;1m[36;1m[31;1m[36;1m     | [31;1mdefined in the namespace except extern alias declarations using[0m
[31;1m[0m[36;1m[36;1m[0m[36;1m[0m[36;1m[31;1m[31;1m[36;1m[31;1m[36;1m[31;1m[36;1m     | [31;1mSystem.Windows.Media; ^[0m
[31;1mAdd-Type: [0m/home/teej/supertui/WPF/SuperTUI_Demo.ps1:40[0m
[31;1m[0m[36;1mLine |[0m
[31;1m[0m[36;1m[36;1m  40 | [0m [36;1mAdd-Type -TypeDefinition $combinedSource -ReferencedAssemblies $assem[0m …[0m
[31;1m[0m[36;1m[36;1m[0m[36;1m[0m[36;1m     | [31;1m ~~~~~~~~~~~~~~~~~~~~~~~~~~~~~~~~~~~~~~~~~~~~~~~~~~~~~~~~~~~~~~~~~~~~~[0m
[31;1m[0m[36;1m[36;1m[0m[36;1m[0m[36;1m[31;1m[31;1m[36;1m     | [31;1m(1289,1): error CS1529: A using clause must precede all other elements[0m
[31;1m[0m[36;1m[36;1m[0m[36;1m[0m[36;1m[31;1m[31;1m[36;1m[31;1m[36;1m     | [31;1mdefined in the namespace except extern alias declarations using[0m
[31;1m[0m[36;1m[36;1m[0m[36;1m[0m[36;1m[31;1m[31;1m[36;1m[31;1m[36;1m[31;1m[36;1m     | [31;1mSuperTUI.Core; ^[0m
[31;1mAdd-Type: [0m/home/teej/supertui/WPF/SuperTUI_Demo.ps1:40[0m
[31;1m[0m[36;1mLine |[0m
[31;1m[0m[36;1m[36;1m  40 | [0m [36;1mAdd-Type -TypeDefinition $combinedSource -ReferencedAssemblies $assem[0m …[0m
[31;1m[0m[36;1m[36;1m[0m[36;1m[0m[36;1m     | [31;1m ~~~~~~~~~~~~~~~~~~~~~~~~~~~~~~~~~~~~~~~~~~~~~~~~~~~~~~~~~~~~~~~~~~~~~[0m
[31;1m[0m[36;1m[36;1m[0m[36;1m[0m[36;1m[31;1m[31;1m[36;1m     | [31;1m(1437,1): error CS1529: A using clause must precede all other elements[0m
[31;1m[0m[36;1m[36;1m[0m[36;1m[0m[36;1m[31;1m[31;1m[36;1m[31;1m[36;1m     | [31;1mdefined in the namespace except extern alias declarations using System; ^[0m
[31;1mAdd-Type: [0m/home/teej/supertui/WPF/SuperTUI_Demo.ps1:40[0m
[31;1m[0m[36;1mLine |[0m
[31;1m[0m[36;1m[36;1m  40 | [0m [36;1mAdd-Type -TypeDefinition $combinedSource -ReferencedAssemblies $assem[0m …[0m
[31;1m[0m[36;1m[36;1m[0m[36;1m[0m[36;1m     | [31;1m ~~~~~~~~~~~~~~~~~~~~~~~~~~~~~~~~~~~~~~~~~~~~~~~~~~~~~~~~~~~~~~~~~~~~~[0m
[31;1m[0m[36;1m[36;1m[0m[36;1m[0m[36;1m[31;1m[31;1m[36;1m     | [31;1m(1438,1): error CS1529: A using clause must precede all other elements[0m
[31;1m[0m[36;1m[36;1m[0m[36;1m[0m[36;1m[31;1m[31;1m[36;1m[31;1m[36;1m     | [31;1mdefined in the namespace except extern alias declarations using[0m
[31;1m[0m[36;1m[36;1m[0m[36;1m[0m[36;1m[31;1m[31;1m[36;1m[31;1m[36;1m[31;1m[36;1m     | [31;1mSystem.Windows; ^[0m
[31;1mAdd-Type: [0m/home/teej/supertui/WPF/SuperTUI_Demo.ps1:40[0m
[31;1m[0m[36;1mLine |[0m
[31;1m[0m[36;1m[36;1m  40 | [0m [36;1mAdd-Type -TypeDefinition $combinedSource -ReferencedAssemblies $assem[0m …[0m
[31;1m[0m[36;1m[36;1m[0m[36;1m[0m[36;1m     | [31;1m ~~~~~~~~~~~~~~~~~~~~~~~~~~~~~~~~~~~~~~~~~~~~~~~~~~~~~~~~~~~~~~~~~~~~~[0m
[31;1m[0m[36;1m[36;1m[0m[36;1m[0m[36;1m[31;1m[31;1m[36;1m     | [31;1m(1439,1): error CS1529: A using clause must precede all other elements[0m
[31;1m[0m[36;1m[36;1m[0m[36;1m[0m[36;1m[31;1m[31;1m[36;1m[31;1m[36;1m     | [31;1mdefined in the namespace except extern alias declarations using[0m
[31;1m[0m[36;1m[36;1m[0m[36;1m[0m[36;1m[31;1m[31;1m[36;1m[31;1m[36;1m[31;1m[36;1m     | [31;1mSystem.Windows.Controls; ^[0m
[31;1mAdd-Type: [0m/home/teej/supertui/WPF/SuperTUI_Demo.ps1:40[0m
[31;1m[0m[36;1mLine |[0m
[31;1m[0m[36;1m[36;1m  40 | [0m [36;1mAdd-Type -TypeDefinition $combinedSource -ReferencedAssemblies $assem[0m …[0m
[31;1m[0m[36;1m[36;1m[0m[36;1m[0m[36;1m     | [31;1m ~~~~~~~~~~~~~~~~~~~~~~~~~~~~~~~~~~~~~~~~~~~~~~~~~~~~~~~~~~~~~~~~~~~~~[0m
[31;1m[0m[36;1m[36;1m[0m[36;1m[0m[36;1m[31;1m[31;1m[36;1m     | [31;1m(1440,1): error CS1529: A using clause must precede all other elements[0m
[31;1m[0m[36;1m[36;1m[0m[36;1m[0m[36;1m[31;1m[31;1m[36;1m[31;1m[36;1m     | [31;1mdefined in the namespace except extern alias declarations using[0m
[31;1m[0m[36;1m[36;1m[0m[36;1m[0m[36;1m[31;1m[31;1m[36;1m[31;1m[36;1m[31;1m[36;1m     | [31;1mSystem.Windows.Input; ^[0m
[31;1mAdd-Type: [0m/home/teej/supertui/WPF/SuperTUI_Demo.ps1:40[0m
[31;1m[0m[36;1mLine |[0m
[31;1m[0m[36;1m[36;1m  40 | [0m [36;1mAdd-Type -TypeDefinition $combinedSource -ReferencedAssemblies $assem[0m …[0m
[31;1m[0m[36;1m[36;1m[0m[36;1m[0m[36;1m     | [31;1m ~~~~~~~~~~~~~~~~~~~~~~~~~~~~~~~~~~~~~~~~~~~~~~~~~~~~~~~~~~~~~~~~~~~~~[0m
[31;1m[0m[36;1m[36;1m[0m[36;1m[0m[36;1m[31;1m[31;1m[36;1m     | [31;1m(1441,1): error CS1529: A using clause must precede all other elements[0m
[31;1m[0m[36;1m[36;1m[0m[36;1m[0m[36;1m[31;1m[31;1m[36;1m[31;1m[36;1m     | [31;1mdefined in the namespace except extern alias declarations using[0m
[31;1m[0m[36;1m[36;1m[0m[36;1m[0m[36;1m[31;1m[31;1m[36;1m[31;1m[36;1m[31;1m[36;1m     | [31;1mSystem.Windows.Media; ^[0m
[31;1mAdd-Type: [0m/home/teej/supertui/WPF/SuperTUI_Demo.ps1:40[0m
[31;1m[0m[36;1mLine |[0m
[31;1m[0m[36;1m[36;1m  40 | [0m [36;1mAdd-Type -TypeDefinition $combinedSource -ReferencedAssemblies $assem[0m …[0m
[31;1m[0m[36;1m[36;1m[0m[36;1m[0m[36;1m     | [31;1m ~~~~~~~~~~~~~~~~~~~~~~~~~~~~~~~~~~~~~~~~~~~~~~~~~~~~~~~~~~~~~~~~~~~~~[0m
[31;1m[0m[36;1m[36;1m[0m[36;1m[0m[36;1m[31;1m[31;1m[36;1m     | [31;1m(1442,1): error CS1529: A using clause must precede all other elements[0m
[31;1m[0m[36;1m[36;1m[0m[36;1m[0m[36;1m[31;1m[31;1m[36;1m[31;1m[36;1m     | [31;1mdefined in the namespace except extern alias declarations using[0m
[31;1m[0m[36;1m[36;1m[0m[36;1m[0m[36;1m[31;1m[31;1m[36;1m[31;1m[36;1m[31;1m[36;1m     | [31;1mSuperTUI.Core; ^[0m
[31;1mAdd-Type: [0m/home/teej/supertui/WPF/SuperTUI_Demo.ps1:40[0m
[31;1m[0m[36;1mLine |[0m
[31;1m[0m[36;1m[36;1m  40 | [0m [36;1mAdd-Type -TypeDefinition $combinedSource -ReferencedAssemblies $assem[0m …[0m
[31;1m[0m[36;1m[36;1m[0m[36;1m[0m[36;1m     | [31;1m ~~~~~~~~~~~~~~~~~~~~~~~~~~~~~~~~~~~~~~~~~~~~~~~~~~~~~~~~~~~~~~~~~~~~~[0m
[31;1m[0m[36;1m[36;1m[0m[36;1m[0m[36;1m[31;1m[31;1m[36;1m     | [31;1m(7,22): error CS0234: The type or namespace name 'Controls' does not[0m
[31;1m[0m[36;1m[36;1m[0m[36;1m[0m[36;1m[31;1m[31;1m[36;1m[31;1m[36;1m     | [31;1mexist in the namespace 'System.Windows' (are you missing an assembly[0m
[31;1m[0m[36;1m[36;1m[0m[36;1m[0m[36;1m[31;1m[31;1m[36;1m[31;1m[36;1m[31;1m[36;1m     | [31;1mreference?) using System.Windows.Controls;                      ^[0m
[31;1mAdd-Type: [0m/home/teej/supertui/WPF/SuperTUI_Demo.ps1:40[0m
[31;1m[0m[36;1mLine |[0m
[31;1m[0m[36;1m[36;1m  40 | [0m [36;1mAdd-Type -TypeDefinition $combinedSource -ReferencedAssemblies $assem[0m …[0m
[31;1m[0m[36;1m[36;1m[0m[36;1m[0m[36;1m     | [31;1m ~~~~~~~~~~~~~~~~~~~~~~~~~~~~~~~~~~~~~~~~~~~~~~~~~~~~~~~~~~~~~~~~~~~~~[0m
[31;1m[0m[36;1m[36;1m[0m[36;1m[0m[36;1m[31;1m[31;1m[36;1m     | [31;1m(9,22): error CS0234: The type or namespace name 'Media' does not exist[0m
[31;1m[0m[36;1m[36;1m[0m[36;1m[0m[36;1m[31;1m[31;1m[36;1m[31;1m[36;1m     | [31;1min the namespace 'System.Windows' (are you missing an assembly[0m
[31;1m[0m[36;1m[36;1m[0m[36;1m[0m[36;1m[31;1m[31;1m[36;1m[31;1m[36;1m[31;1m[36;1m     | [31;1mreference?) using System.Windows.Media;                      ^[0m
[31;1mAdd-Type: [0m/home/teej/supertui/WPF/SuperTUI_Demo.ps1:40[0m
[31;1m[0m[36;1mLine |[0m
[31;1m[0m[36;1m[36;1m  40 | [0m [36;1mAdd-Type -TypeDefinition $combinedSource -ReferencedAssemblies $assem[0m …[0m
[31;1m[0m[36;1m[36;1m[0m[36;1m[0m[36;1m     | [31;1m ~~~~~~~~~~~~~~~~~~~~~~~~~~~~~~~~~~~~~~~~~~~~~~~~~~~~~~~~~~~~~~~~~~~~~[0m
[31;1m[0m[36;1m[36;1m[0m[36;1m[0m[36;1m[31;1m[31;1m[36;1m     | [31;1m(10,22): error CS0234: The type or namespace name 'Threading' does not[0m
[31;1m[0m[36;1m[36;1m[0m[36;1m[0m[36;1m[31;1m[31;1m[36;1m[31;1m[36;1m     | [31;1mexist in the namespace 'System.Windows' (are you missing an assembly[0m
[31;1m[0m[36;1m[36;1m[0m[36;1m[0m[36;1m[31;1m[31;1m[36;1m[31;1m[36;1m[31;1m[36;1m     | [31;1mreference?) using System.Windows.Threading;                      ^[0m
[31;1mAdd-Type: [0m/home/teej/supertui/WPF/SuperTUI_Demo.ps1:40[0m
[31;1m[0m[36;1mLine |[0m
[31;1m[0m[36;1m[36;1m  40 | [0m [36;1mAdd-Type -TypeDefinition $combinedSource -ReferencedAssemblies $assem[0m …[0m
[31;1m[0m[36;1m[36;1m[0m[36;1m[0m[36;1m     | [31;1m ~~~~~~~~~~~~~~~~~~~~~~~~~~~~~~~~~~~~~~~~~~~~~~~~~~~~~~~~~~~~~~~~~~~~~[0m
[31;1m[0m[36;1m[36;1m[0m[36;1m[0m[36;1m[31;1m[31;1m[36;1m     | [31;1m(1145,38): error CS0246: The type or namespace name 'WidgetBase' could[0m
[31;1m[0m[36;1m[36;1m[0m[36;1m[0m[36;1m[31;1m[31;1m[36;1m[31;1m[36;1m     | [31;1mnot be found (are you missing a using directive or an assembly[0m
[31;1m[0m[36;1m[36;1m[0m[36;1m[0m[36;1m[31;1m[31;1m[36;1m[31;1m[36;1m[31;1m[36;1m     | [31;1mreference?)     public class TaskSummaryWidget : WidgetBase             [0m
[31;1m[0m[36;1m[36;1m[0m[36;1m[0m[36;1m[31;1m[31;1m[36;1m[31;1m[36;1m[31;1m[36;1m[31;1m[36;1m     | [31;1m^[0m
[31;1mAdd-Type: [0m/home/teej/supertui/WPF/SuperTUI_Demo.ps1:40[0m
[31;1m[0m[36;1mLine |[0m
[31;1m[0m[36;1m[36;1m  40 | [0m [36;1mAdd-Type -TypeDefinition $combinedSource -ReferencedAssemblies $assem[0m …[0m
[31;1m[0m[36;1m[36;1m[0m[36;1m[0m[36;1m     | [31;1m ~~~~~~~~~~~~~~~~~~~~~~~~~~~~~~~~~~~~~~~~~~~~~~~~~~~~~~~~~~~~~~~~~~~~~[0m
[31;1m[0m[36;1m[36;1m[0m[36;1m[0m[36;1m[31;1m[31;1m[36;1m     | [31;1m(1014,32): error CS0246: The type or namespace name 'WidgetBase' could[0m
[31;1m[0m[36;1m[36;1m[0m[36;1m[0m[36;1m[31;1m[31;1m[36;1m[31;1m[36;1m     | [31;1mnot be found (are you missing a using directive or an assembly[0m
[31;1m[0m[36;1m[36;1m[0m[36;1m[0m[36;1m[31;1m[31;1m[36;1m[31;1m[36;1m[31;1m[36;1m     | [31;1mreference?)     public class ClockWidget : WidgetBase                   [0m
[31;1m[0m[36;1m[36;1m[0m[36;1m[0m[36;1m[31;1m[31;1m[36;1m[31;1m[36;1m[31;1m[36;1m[31;1m[36;1m     | [31;1m^[0m
[31;1mAdd-Type: [0m/home/teej/supertui/WPF/SuperTUI_Demo.ps1:40[0m
[31;1m[0m[36;1mLine |[0m
[31;1m[0m[36;1m[36;1m  40 | [0m [36;1mAdd-Type -TypeDefinition $combinedSource -ReferencedAssemblies $assem[0m …[0m
[31;1m[0m[36;1m[36;1m[0m[36;1m[0m[36;1m     | [31;1m ~~~~~~~~~~~~~~~~~~~~~~~~~~~~~~~~~~~~~~~~~~~~~~~~~~~~~~~~~~~~~~~~~~~~~[0m
[31;1m[0m[36;1m[36;1m[0m[36;1m[0m[36;1m[31;1m[31;1m[36;1m     | [31;1m(1449,32): error CS0246: The type or namespace name 'WidgetBase' could[0m
[31;1m[0m[36;1m[36;1m[0m[36;1m[0m[36;1m[31;1m[31;1m[36;1m[31;1m[36;1m     | [31;1mnot be found (are you missing a using directive or an assembly[0m
[31;1m[0m[36;1m[36;1m[0m[36;1m[0m[36;1m[31;1m[31;1m[36;1m[31;1m[36;1m[31;1m[36;1m     | [31;1mreference?)     public class NotesWidget : WidgetBase                   [0m
[31;1m[0m[36;1m[36;1m[0m[36;1m[0m[36;1m[31;1m[31;1m[36;1m[31;1m[36;1m[31;1m[36;1m[31;1m[36;1m     | [31;1m^[0m
[31;1mAdd-Type: [0m/home/teej/supertui/WPF/SuperTUI_Demo.ps1:40[0m
[31;1m[0m[36;1mLine |[0m
[31;1m[0m[36;1m[36;1m  40 | [0m [36;1mAdd-Type -TypeDefinition $combinedSource -ReferencedAssemblies $assem[0m …[0m
[31;1m[0m[36;1m[36;1m[0m[36;1m[0m[36;1m     | [31;1m ~~~~~~~~~~~~~~~~~~~~~~~~~~~~~~~~~~~~~~~~~~~~~~~~~~~~~~~~~~~~~~~~~~~~~[0m
[31;1m[0m[36;1m[36;1m[0m[36;1m[0m[36;1m[31;1m[31;1m[36;1m     | [31;1m(1297,34): error CS0246: The type or namespace name 'WidgetBase' could[0m
[31;1m[0m[36;1m[36;1m[0m[36;1m[0m[36;1m[31;1m[31;1m[36;1m[31;1m[36;1m     | [31;1mnot be found (are you missing a using directive or an assembly[0m
[31;1m[0m[36;1m[36;1m[0m[36;1m[0m[36;1m[31;1m[31;1m[36;1m[31;1m[36;1m[31;1m[36;1m     | [31;1mreference?)     public class CounterWidget : WidgetBase                 [0m
[31;1m[0m[36;1m[36;1m[0m[36;1m[0m[36;1m[31;1m[31;1m[36;1m[31;1m[36;1m[31;1m[36;1m[31;1m[36;1m     | [31;1m^[0m
[31;1mAdd-Type: [0m/home/teej/supertui/WPF/SuperTUI_Demo.ps1:40[0m
[31;1m[0m[36;1mLine |[0m
[31;1m[0m[36;1m[36;1m  40 | [0m [36;1mAdd-Type -TypeDefinition $combinedSource -ReferencedAssemblies $assem[0m …[0m
[31;1m[0m[36;1m[36;1m[0m[36;1m[0m[36;1m     | [31;1m ~~~~~~~~~~~~~~~~~~~~~~~~~~~~~~~~~~~~~~~~~~~~~~~~~~~~~~~~~~~~~~~~~~~~~[0m
[31;1m[0m[36;1m[36;1m[0m[36;1m[0m[36;1m[31;1m[31;1m[36;1m     | [31;1m(22,40): error CS0246: The type or namespace name 'UserControl' could[0m
[31;1m[0m[36;1m[36;1m[0m[36;1m[0m[36;1m[31;1m[31;1m[36;1m[31;1m[36;1m     | [31;1mnot be found (are you missing a using directive or an assembly[0m
[31;1m[0m[36;1m[36;1m[0m[36;1m[0m[36;1m[31;1m[31;1m[36;1m[31;1m[36;1m[31;1m[36;1m     | [31;1mreference?)     public abstract class WidgetBase : UserControl,[0m
[31;1m[0m[36;1m[36;1m[0m[36;1m[0m[36;1m[31;1m[31;1m[36;1m[31;1m[36;1m[31;1m[36;1m[31;1m[36;1m     | [31;1mINotifyPropertyChanged                                        ^[0m
[31;1mAdd-Type: [0m/home/teej/supertui/WPF/SuperTUI_Demo.ps1:40[0m
[31;1m[0m[36;1mLine |[0m
[31;1m[0m[36;1m[36;1m  40 | [0m [36;1mAdd-Type -TypeDefinition $combinedSource -ReferencedAssemblies $assem[0m …[0m
[31;1m[0m[36;1m[36;1m[0m[36;1m[0m[36;1m     | [31;1m ~~~~~~~~~~~~~~~~~~~~~~~~~~~~~~~~~~~~~~~~~~~~~~~~~~~~~~~~~~~~~~~~~~~~~[0m
[31;1m[0m[36;1m[36;1m[0m[36;1m[0m[36;1m[31;1m[31;1m[36;1m     | [31;1m(158,40): error CS0246: The type or namespace name 'UserControl' could[0m
[31;1m[0m[36;1m[36;1m[0m[36;1m[0m[36;1m[31;1m[31;1m[36;1m[31;1m[36;1m     | [31;1mnot be found (are you missing a using directive or an assembly[0m
[31;1m[0m[36;1m[36;1m[0m[36;1m[0m[36;1m[31;1m[31;1m[36;1m[31;1m[36;1m[31;1m[36;1m     | [31;1mreference?)     public abstract class ScreenBase : UserControl,[0m
[31;1m[0m[36;1m[36;1m[0m[36;1m[0m[36;1m[31;1m[31;1m[36;1m[31;1m[36;1m[31;1m[36;1m[31;1m[36;1m     | [31;1mINotifyPropertyChanged                                        ^[0m
[31;1mAdd-Type: [0m/home/teej/supertui/WPF/SuperTUI_Demo.ps1:40[0m
[31;1m[0m[36;1mLine |[0m
[31;1m[0m[36;1m[36;1m  40 | [0m [36;1mAdd-Type -TypeDefinition $combinedSource -ReferencedAssemblies $assem[0m …[0m
[31;1m[0m[36;1m[36;1m[0m[36;1m[0m[36;1m     | [31;1m ~~~~~~~~~~~~~~~~~~~~~~~~~~~~~~~~~~~~~~~~~~~~~~~~~~~~~~~~~~~~~~~~~~~~~[0m
[31;1m[0m[36;1m[36;1m[0m[36;1m[0m[36;1m[31;1m[31;1m[36;1m     | [31;1m(1451,17): error CS0246: The type or namespace name 'TextBox' could not[0m
[31;1m[0m[36;1m[36;1m[0m[36;1m[0m[36;1m[31;1m[31;1m[36;1m[31;1m[36;1m     | [31;1mbe found (are you missing a using directive or an assembly reference?)  [0m
[31;1m[0m[36;1m[36;1m[0m[36;1m[0m[36;1m[31;1m[31;1m[36;1m[31;1m[36;1m[31;1m[36;1m     | [31;1mprivate TextBox notesTextBox;                 ^[0m
[31;1mAdd-Type: [0m/home/teej/supertui/WPF/SuperTUI_Demo.ps1:40[0m
[31;1m[0m[36;1mLine |[0m
[31;1m[0m[36;1m[36;1m  40 | [0m [36;1mAdd-Type -TypeDefinition $combinedSource -ReferencedAssemblies $assem[0m …[0m
[31;1m[0m[36;1m[36;1m[0m[36;1m[0m[36;1m     | [31;1m ~~~~~~~~~~~~~~~~~~~~~~~~~~~~~~~~~~~~~~~~~~~~~~~~~~~~~~~~~~~~~~~~~~~~~[0m
[31;1m[0m[36;1m[36;1m[0m[36;1m[0m[36;1m[31;1m[31;1m[36;1m     | [31;1m(1016,17): error CS0246: The type or namespace name 'TextBlock' could[0m
[31;1m[0m[36;1m[36;1m[0m[36;1m[0m[36;1m[31;1m[31;1m[36;1m[31;1m[36;1m     | [31;1mnot be found (are you missing a using directive or an assembly[0m
[31;1m[0m[36;1m[36;1m[0m[36;1m[0m[36;1m[31;1m[31;1m[36;1m[31;1m[36;1m[31;1m[36;1m     | [31;1mreference?)         private TextBlock timeText;                 ^[0m
[31;1mAdd-Type: [0m/home/teej/supertui/WPF/SuperTUI_Demo.ps1:40[0m
[31;1m[0m[36;1mLine |[0m
[31;1m[0m[36;1m[36;1m  40 | [0m [36;1mAdd-Type -TypeDefinition $combinedSource -ReferencedAssemblies $assem[0m …[0m
[31;1m[0m[36;1m[36;1m[0m[36;1m[0m[36;1m     | [31;1m ~~~~~~~~~~~~~~~~~~~~~~~~~~~~~~~~~~~~~~~~~~~~~~~~~~~~~~~~~~~~~~~~~~~~~[0m
[31;1m[0m[36;1m[36;1m[0m[36;1m[0m[36;1m[31;1m[31;1m[36;1m     | [31;1m(1299,17): error CS0246: The type or namespace name 'TextBlock' could[0m
[31;1m[0m[36;1m[36;1m[0m[36;1m[0m[36;1m[31;1m[31;1m[36;1m[31;1m[36;1m     | [31;1mnot be found (are you missing a using directive or an assembly[0m
[31;1m[0m[36;1m[36;1m[0m[36;1m[0m[36;1m[31;1m[31;1m[36;1m[31;1m[36;1m[31;1m[36;1m     | [31;1mreference?)         private TextBlock countText;                 ^[0m
[31;1mAdd-Type: [0m/home/teej/supertui/WPF/SuperTUI_Demo.ps1:40[0m
[31;1m[0m[36;1mLine |[0m
[31;1m[0m[36;1m[36;1m  40 | [0m [36;1mAdd-Type -TypeDefinition $combinedSource -ReferencedAssemblies $assem[0m …[0m
[31;1m[0m[36;1m[36;1m[0m[36;1m[0m[36;1m     | [31;1m ~~~~~~~~~~~~~~~~~~~~~~~~~~~~~~~~~~~~~~~~~~~~~~~~~~~~~~~~~~~~~~~~~~~~~[0m
[31;1m[0m[36;1m[36;1m[0m[36;1m[0m[36;1m[31;1m[31;1m[36;1m     | [31;1m(298,16): error CS0246: The type or namespace name 'Panel' could not be[0m
[31;1m[0m[36;1m[36;1m[0m[36;1m[0m[36;1m[31;1m[31;1m[36;1m[31;1m[36;1m     | [31;1mfound (are you missing a using directive or an assembly reference?)     [0m
[31;1m[0m[36;1m[36;1m[0m[36;1m[0m[36;1m[31;1m[31;1m[36;1m[31;1m[36;1m[31;1m[36;1m     | [31;1mpublic Panel Container { get; protected set; }                ^[0m
[31;1mAdd-Type: [0m/home/teej/supertui/WPF/SuperTUI_Demo.ps1:40[0m
[31;1m[0m[36;1mLine |[0m
[31;1m[0m[36;1m[36;1m  40 | [0m [36;1mAdd-Type -TypeDefinition $combinedSource -ReferencedAssemblies $assem[0m …[0m
[31;1m[0m[36;1m[36;1m[0m[36;1m[0m[36;1m     | [31;1m ~~~~~~~~~~~~~~~~~~~~~~~~~~~~~~~~~~~~~~~~~~~~~~~~~~~~~~~~~~~~~~~~~~~~~[0m
[31;1m[0m[36;1m[36;1m[0m[36;1m[0m[36;1m[31;1m[31;1m[36;1m     | [31;1m(1017,17): error CS0246: The type or namespace name 'TextBlock' could[0m
[31;1m[0m[36;1m[36;1m[0m[36;1m[0m[36;1m[31;1m[31;1m[36;1m[31;1m[36;1m     | [31;1mnot be found (are you missing a using directive or an assembly[0m
[31;1m[0m[36;1m[36;1m[0m[36;1m[0m[36;1m[31;1m[31;1m[36;1m[31;1m[36;1m[31;1m[36;1m     | [31;1mreference?)         private TextBlock dateText;                 ^[0m
[31;1mAdd-Type: [0m/home/teej/supertui/WPF/SuperTUI_Demo.ps1:40[0m
[31;1m[0m[36;1mLine |[0m
[31;1m[0m[36;1m[36;1m  40 | [0m [36;1mAdd-Type -TypeDefinition $combinedSource -ReferencedAssemblies $assem[0m …[0m
[31;1m[0m[36;1m[36;1m[0m[36;1m[0m[36;1m     | [31;1m ~~~~~~~~~~~~~~~~~~~~~~~~~~~~~~~~~~~~~~~~~~~~~~~~~~~~~~~~~~~~~~~~~~~~~[0m
[31;1m[0m[36;1m[36;1m[0m[36;1m[0m[36;1m[31;1m[31;1m[36;1m     | [31;1m(1300,17): error CS0246: The type or namespace name 'TextBlock' could[0m
[31;1m[0m[36;1m[36;1m[0m[36;1m[0m[36;1m[31;1m[31;1m[36;1m[31;1m[36;1m     | [31;1mnot be found (are you missing a using directive or an assembly[0m
[31;1m[0m[36;1m[36;1m[0m[36;1m[0m[36;1m[31;1m[31;1m[36;1m[31;1m[36;1m[31;1m[36;1m     | [31;1mreference?)         private TextBlock instructionText;                 ^[0m
[31;1mAdd-Type: [0m/home/teej/supertui/WPF/SuperTUI_Demo.ps1:40[0m
[31;1m[0m[36;1mLine |[0m
[31;1m[0m[36;1m[36;1m  40 | [0m [36;1mAdd-Type -TypeDefinition $combinedSource -ReferencedAssemblies $assem[0m …[0m
[31;1m[0m[36;1m[36;1m[0m[36;1m[0m[36;1m     | [31;1m ~~~~~~~~~~~~~~~~~~~~~~~~~~~~~~~~~~~~~~~~~~~~~~~~~~~~~~~~~~~~~~~~~~~~~[0m
[31;1m[0m[36;1m[36;1m[0m[36;1m[0m[36;1m[31;1m[31;1m[36;1m     | [31;1m(1018,17): error CS0246: The type or namespace name 'DispatcherTimer'[0m
[31;1m[0m[36;1m[36;1m[0m[36;1m[0m[36;1m[31;1m[31;1m[36;1m[31;1m[36;1m     | [31;1mcould not be found (are you missing a using directive or an assembly[0m
[31;1m[0m[36;1m[36;1m[0m[36;1m[0m[36;1m[31;1m[31;1m[36;1m[31;1m[36;1m[31;1m[36;1m     | [31;1mreference?)         private DispatcherTimer timer;                 ^[0m
[31;1mAdd-Type: [0m/home/teej/supertui/WPF/SuperTUI_Demo.ps1:40[0m
[31;1m[0m[36;1mLine |[0m
[31;1m[0m[36;1m[36;1m  40 | [0m [36;1mAdd-Type -TypeDefinition $combinedSource -ReferencedAssemblies $assem[0m …[0m
[31;1m[0m[36;1m[36;1m[0m[36;1m[0m[36;1m     | [31;1m ~~~~~~~~~~~~~~~~~~~~~~~~~~~~~~~~~~~~~~~~~~~~~~~~~~~~~~~~~~~~~~~~~~~~~[0m
[31;1m[0m[36;1m[36;1m[0m[36;1m[0m[36;1m[31;1m[31;1m[36;1m     | [31;1m(1169,17): error CS0246: The type or namespace name 'StackPanel' could[0m
[31;1m[0m[36;1m[36;1m[0m[36;1m[0m[36;1m[31;1m[31;1m[36;1m[31;1m[36;1m     | [31;1mnot be found (are you missing a using directive or an assembly[0m
[31;1m[0m[36;1m[36;1m[0m[36;1m[0m[36;1m[31;1m[31;1m[36;1m[31;1m[36;1m[31;1m[36;1m     | [31;1mreference?)         private StackPanel contentPanel;                 ^[0m
[31;1mAdd-Type: [0m/home/teej/supertui/WPF/SuperTUI_Demo.ps1:40[0m
[31;1m[0m[36;1mLine |[0m
[31;1m[0m[36;1m[36;1m  40 | [0m [36;1mAdd-Type -TypeDefinition $combinedSource -ReferencedAssemblies $assem[0m …[0m
[31;1m[0m[36;1m[36;1m[0m[36;1m[0m[36;1m     | [31;1m ~~~~~~~~~~~~~~~~~~~~~~~~~~~~~~~~~~~~~~~~~~~~~~~~~~~~~~~~~~~~~~~~~~~~~[0m
[31;1m[0m[36;1m[36;1m[0m[36;1m[0m[36;1m[31;1m[31;1m[36;1m     | [31;1m(302,39): error CS0246: The type or namespace name 'UIElement' could not[0m
[31;1m[0m[36;1m[36;1m[0m[36;1m[0m[36;1m[31;1m[31;1m[36;1m[31;1m[36;1m     | [31;1mbe found (are you missing a using directive or an assembly reference?)  [0m
[31;1m[0m[36;1m[36;1m[0m[36;1m[0m[36;1m[31;1m[31;1m[36;1m[31;1m[36;1m[31;1m[36;1m     | [31;1mpublic abstract void AddChild(UIElement child, LayoutParams[0m
[31;1m[0m[36;1m[36;1m[0m[36;1m[0m[36;1m[31;1m[31;1m[36;1m[31;1m[36;1m[31;1m[36;1m[31;1m[36;1m     | [31;1mlayoutParams);                                       ^[0m
[31;1mAdd-Type: [0m/home/teej/supertui/WPF/SuperTUI_Demo.ps1:40[0m
[31;1m[0m[36;1mLine |[0m
[31;1m[0m[36;1m[36;1m  40 | [0m [36;1mAdd-Type -TypeDefinition $combinedSource -ReferencedAssemblies $assem[0m …[0m
[31;1m[0m[36;1m[36;1m[0m[36;1m[0m[36;1m     | [31;1m ~~~~~~~~~~~~~~~~~~~~~~~~~~~~~~~~~~~~~~~~~~~~~~~~~~~~~~~~~~~~~~~~~~~~~[0m
[31;1m[0m[36;1m[36;1m[0m[36;1m[0m[36;1m[31;1m[31;1m[36;1m     | [31;1m(303,42): error CS0246: The type or namespace name 'UIElement' could not[0m
[31;1m[0m[36;1m[36;1m[0m[36;1m[0m[36;1m[31;1m[31;1m[36;1m[31;1m[36;1m     | [31;1mbe found (are you missing a using directive or an assembly reference?)  [0m
[31;1m[0m[36;1m[36;1m[0m[36;1m[0m[36;1m[31;1m[31;1m[36;1m[31;1m[36;1m[31;1m[36;1m     | [31;1mpublic abstract void RemoveChild(UIElement child);                      [0m
[31;1m[0m[36;1m[36;1m[0m[36;1m[0m[36;1m[31;1m[31;1m[36;1m[31;1m[36;1m[31;1m[36;1m[31;1m[36;1m     | [31;1m^[0m
[31;1mAdd-Type: [0m/home/teej/supertui/WPF/SuperTUI_Demo.ps1:40[0m
[31;1m[0m[36;1mLine |[0m
[31;1m[0m[36;1m[36;1m  40 | [0m [36;1mAdd-Type -TypeDefinition $combinedSource -ReferencedAssemblies $assem[0m …[0m
[31;1m[0m[36;1m[36;1m[0m[36;1m[0m[36;1m     | [31;1m ~~~~~~~~~~~~~~~~~~~~~~~~~~~~~~~~~~~~~~~~~~~~~~~~~~~~~~~~~~~~~~~~~~~~~[0m
[31;1m[0m[36;1m[36;1m[0m[36;1m[0m[36;1m[31;1m[31;1m[36;1m     | [31;1m(205,45): error CS0246: The type or namespace name 'KeyEventArgs' could[0m
[31;1m[0m[36;1m[36;1m[0m[36;1m[0m[36;1m[31;1m[31;1m[36;1m[31;1m[36;1m     | [31;1mnot be found (are you missing a using directive or an assembly[0m
[31;1m[0m[36;1m[36;1m[0m[36;1m[0m[36;1m[31;1m[31;1m[36;1m[31;1m[36;1m[31;1m[36;1m     | [31;1mreference?)         public virtual void OnScreenKeyDown(KeyEventArgs e)[0m
[31;1m[0m[36;1m[36;1m[0m[36;1m[0m[36;1m[31;1m[31;1m[36;1m[31;1m[36;1m[31;1m[36;1m[31;1m[36;1m     | [31;1m{ }                                             ^[0m
[31;1mAdd-Type: [0m/home/teej/supertui/WPF/SuperTUI_Demo.ps1:40[0m
[31;1m[0m[36;1mLine |[0m
[31;1m[0m[36;1m[36;1m  40 | [0m [36;1mAdd-Type -TypeDefinition $combinedSource -ReferencedAssemblies $assem[0m …[0m
[31;1m[0m[36;1m[36;1m[0m[36;1m[0m[36;1m     | [31;1m ~~~~~~~~~~~~~~~~~~~~~~~~~~~~~~~~~~~~~~~~~~~~~~~~~~~~~~~~~~~~~~~~~~~~~[0m
[31;1m[0m[36;1m[36;1m[0m[36;1m[0m[36;1m[31;1m[31;1m[36;1m     | [31;1m(121,45): error CS0246: The type or namespace name 'KeyEventArgs' could[0m
[31;1m[0m[36;1m[36;1m[0m[36;1m[0m[36;1m[31;1m[31;1m[36;1m[31;1m[36;1m     | [31;1mnot be found (are you missing a using directive or an assembly[0m
[31;1m[0m[36;1m[36;1m[0m[36;1m[0m[36;1m[31;1m[31;1m[36;1m[31;1m[36;1m[31;1m[36;1m     | [31;1mreference?)         public virtual void OnWidgetKeyDown(KeyEventArgs e)[0m
[31;1m[0m[36;1m[36;1m[0m[36;1m[0m[36;1m[31;1m[31;1m[36;1m[31;1m[36;1m[31;1m[36;1m[31;1m[36;1m     | [31;1m{ }                                             ^[0m
[31;1mAdd-Type: [0m/home/teej/supertui/WPF/SuperTUI_Demo.ps1:40[0m
[31;1m[0m[36;1mLine |[0m
[31;1m[0m[36;1m[36;1m  40 | [0m [36;1mAdd-Type -TypeDefinition $combinedSource -ReferencedAssemblies $assem[0m …[0m
[31;1m[0m[36;1m[36;1m[0m[36;1m[0m[36;1m     | [31;1m ~~~~~~~~~~~~~~~~~~~~~~~~~~~~~~~~~~~~~~~~~~~~~~~~~~~~~~~~~~~~~~~~~~~~~[0m
[31;1m[0m[36;1m[36;1m[0m[36;1m[0m[36;1m[31;1m[31;1m[36;1m     | [31;1m(1383,46): error CS0246: The type or namespace name 'KeyEventArgs' could[0m
[31;1m[0m[36;1m[36;1m[0m[36;1m[0m[36;1m[31;1m[31;1m[36;1m[31;1m[36;1m     | [31;1mnot be found (are you missing a using directive or an assembly[0m
[31;1m[0m[36;1m[36;1m[0m[36;1m[0m[36;1m[31;1m[31;1m[36;1m[31;1m[36;1m[31;1m[36;1m     | [31;1mreference?)         public override void OnWidgetKeyDown(KeyEventArgs e)[0m
[31;1m[0m[36;1m[36;1m[0m[36;1m[0m[36;1m[31;1m[31;1m[36;1m[31;1m[36;1m[31;1m[36;1m[31;1m[36;1m     | [31;1m^[0m
[31;1mAdd-Type: [0m/home/teej/supertui/WPF/SuperTUI_Demo.ps1:40[0m
[31;1m[0m[36;1mLine |[0m
[31;1m[0m[36;1m[36;1m  40 | [0m [36;1mAdd-Type -TypeDefinition $combinedSource -ReferencedAssemblies $assem[0m …[0m
[31;1m[0m[36;1m[36;1m[0m[36;1m[0m[36;1m     | [31;1m ~~~~~~~~~~~~~~~~~~~~~~~~~~~~~~~~~~~~~~~~~~~~~~~~~~~~~~~~~~~~~~~~~~~~~[0m
[31;1m[0m[36;1m[36;1m[0m[36;1m[0m[36;1m[31;1m[31;1m[36;1m     | [31;1m(306,29): error CS0246: The type or namespace name 'UIElement' could not[0m
[31;1m[0m[36;1m[36;1m[0m[36;1m[0m[36;1m[31;1m[31;1m[36;1m[31;1m[36;1m     | [31;1mbe found (are you missing a using directive or an assembly reference?)  [0m
[31;1m[0m[36;1m[36;1m[0m[36;1m[0m[36;1m[31;1m[31;1m[36;1m[31;1m[36;1m[31;1m[36;1m     | [31;1mpublic virtual List<UIElement> GetChildren() => new[0m
[31;1m[0m[36;1m[36;1m[0m[36;1m[0m[36;1m[31;1m[31;1m[36;1m[31;1m[36;1m[31;1m[36;1m[31;1m[36;1m     | [31;1mList<UIElement>(children);                             ^[0m
[31;1mAdd-Type: [0m/home/teej/supertui/WPF/SuperTUI_Demo.ps1:40[0m
[31;1m[0m[36;1mLine |[0m
[31;1m[0m[36;1m[36;1m  40 | [0m [36;1mAdd-Type -TypeDefinition $combinedSource -ReferencedAssemblies $assem[0m …[0m
[31;1m[0m[36;1m[36;1m[0m[36;1m[0m[36;1m     | [31;1m ~~~~~~~~~~~~~~~~~~~~~~~~~~~~~~~~~~~~~~~~~~~~~~~~~~~~~~~~~~~~~~~~~~~~~[0m
[31;1m[0m[36;1m[36;1m[0m[36;1m[0m[36;1m[31;1m[31;1m[36;1m     | [31;1m(308,42): error CS0246: The type or namespace name 'UIElement' could not[0m
[31;1m[0m[36;1m[36;1m[0m[36;1m[0m[36;1m[31;1m[31;1m[36;1m[31;1m[36;1m     | [31;1mbe found (are you missing a using directive or an assembly reference?)  [0m
[31;1m[0m[36;1m[36;1m[0m[36;1m[0m[36;1m[31;1m[31;1m[36;1m[31;1m[36;1m[31;1m[36;1m     | [31;1mprotected void ApplyCommonParams(UIElement child, LayoutParams lp)      [0m
[31;1m[0m[36;1m[36;1m[0m[36;1m[0m[36;1m[31;1m[31;1m[36;1m[31;1m[36;1m[31;1m[36;1m[31;1m[36;1m     | [31;1m^[0m
[31;1mAdd-Type: [0m/home/teej/supertui/WPF/SuperTUI_Demo.ps1:40[0m
[31;1m[0m[36;1mLine |[0m
[31;1m[0m[36;1m[36;1m  40 | [0m [36;1mAdd-Type -TypeDefinition $combinedSource -ReferencedAssemblies $assem[0m …[0m
[31;1m[0m[36;1m[36;1m[0m[36;1m[0m[36;1m     | [31;1m ~~~~~~~~~~~~~~~~~~~~~~~~~~~~~~~~~~~~~~~~~~~~~~~~~~~~~~~~~~~~~~~~~~~~~[0m
[31;1m[0m[36;1m[36;1m[0m[36;1m[0m[36;1m[31;1m[31;1m[36;1m     | [31;1m(271,16): error CS0246: The type or namespace name 'Dock' could not be[0m
[31;1m[0m[36;1m[36;1m[0m[36;1m[0m[36;1m[31;1m[31;1m[36;1m[31;1m[36;1m     | [31;1mfound (are you missing a using directive or an assembly reference?)     [0m
[31;1m[0m[36;1m[36;1m[0m[36;1m[0m[36;1m[31;1m[31;1m[36;1m[31;1m[36;1m[31;1m[36;1m     | [31;1mpublic Dock? Dock { get; set; }                ^[0m
[31;1mAdd-Type: [0m/home/teej/supertui/WPF/SuperTUI_Demo.ps1:40[0m
[31;1m[0m[36;1mLine |[0m
[31;1m[0m[36;1m[36;1m  40 | [0m [36;1mAdd-Type -TypeDefinition $combinedSource -ReferencedAssemblies $assem[0m …[0m
[31;1m[0m[36;1m[36;1m[0m[36;1m[0m[36;1m     | [31;1m ~~~~~~~~~~~~~~~~~~~~~~~~~~~~~~~~~~~~~~~~~~~~~~~~~~~~~~~~~~~~~~~~~~~~~[0m
[31;1m[0m[36;1m[36;1m[0m[36;1m[0m[36;1m[31;1m[31;1m[36;1m     | [31;1m(299,24): error CS0246: The type or namespace name 'UIElement' could not[0m
[31;1m[0m[36;1m[36;1m[0m[36;1m[0m[36;1m[31;1m[31;1m[36;1m[31;1m[36;1m     | [31;1mbe found (are you missing a using directive or an assembly reference?)  [0m
[31;1m[0m[36;1m[36;1m[0m[36;1m[0m[36;1m[31;1m[31;1m[36;1m[31;1m[36;1m[31;1m[36;1m     | [31;1mprotected List<UIElement> children = new List<UIElement>();             [0m
[31;1m[0m[36;1m[36;1m[0m[36;1m[0m[36;1m[31;1m[31;1m[36;1m[31;1m[36;1m[31;1m[36;1m[31;1m[36;1m     | [31;1m^[0m
[31;1mAdd-Type: [0m/home/teej/supertui/WPF/SuperTUI_Demo.ps1:40[0m
[31;1m[0m[36;1mLine |[0m
[31;1m[0m[36;1m[36;1m  40 | [0m [36;1mAdd-Type -TypeDefinition $combinedSource -ReferencedAssemblies $assem[0m …[0m
[31;1m[0m[36;1m[36;1m[0m[36;1m[0m[36;1m     | [31;1m ~~~~~~~~~~~~~~~~~~~~~~~~~~~~~~~~~~~~~~~~~~~~~~~~~~~~~~~~~~~~~~~~~~~~~[0m
[31;1m[0m[36;1m[36;1m[0m[36;1m[0m[36;1m[31;1m[31;1m[36;1m     | [31;1m(300,30): error CS0246: The type or namespace name 'UIElement' could not[0m
[31;1m[0m[36;1m[36;1m[0m[36;1m[0m[36;1m[31;1m[31;1m[36;1m[31;1m[36;1m     | [31;1mbe found (are you missing a using directive or an assembly reference?)  [0m
[31;1m[0m[36;1m[36;1m[0m[36;1m[0m[36;1m[31;1m[31;1m[36;1m[31;1m[36;1m[31;1m[36;1m     | [31;1mprotected Dictionary<UIElement, LayoutParams> layoutParams = new[0m
[31;1m[0m[36;1m[36;1m[0m[36;1m[0m[36;1m[31;1m[31;1m[36;1m[31;1m[36;1m[31;1m[36;1m[31;1m[36;1m     | [31;1mDictionary<UIElement, LayoutParams>();                              ^[0m
[31;1mAdd-Type: [0m/home/teej/supertui/WPF/SuperTUI_Demo.ps1:40[0m
[31;1m[0m[36;1mLine |[0m
[31;1m[0m[36;1m[36;1m  40 | [0m [36;1mAdd-Type -TypeDefinition $combinedSource -ReferencedAssemblies $assem[0m …[0m
[31;1m[0m[36;1m[36;1m[0m[36;1m[0m[36;1m     | [31;1m ~~~~~~~~~~~~~~~~~~~~~~~~~~~~~~~~~~~~~~~~~~~~~~~~~~~~~~~~~~~~~~~~~~~~~[0m
[31;1m[0m[36;1m[36;1m[0m[36;1m[0m[36;1m[31;1m[31;1m[36;1m     | [31;1m(286,16): error CS0246: The type or namespace name 'Thickness' could not[0m
[31;1m[0m[36;1m[36;1m[0m[36;1m[0m[36;1m[31;1m[31;1m[36;1m[31;1m[36;1m     | [31;1mbe found (are you missing a using directive or an assembly reference?)  [0m
[31;1m[0m[36;1m[36;1m[0m[36;1m[0m[36;1m[31;1m[31;1m[36;1m[31;1m[36;1m[31;1m[36;1m     | [31;1mpublic Thickness? Margin { get; set; }                ^[0m
[31;1mAdd-Type: [0m/home/teej/supertui/WPF/SuperTUI_Demo.ps1:40[0m
[31;1m[0m[36;1mLine |[0m
[31;1m[0m[36;1m[36;1m  40 | [0m [36;1mAdd-Type -TypeDefinition $combinedSource -ReferencedAssemblies $assem[0m …[0m
[31;1m[0m[36;1m[36;1m[0m[36;1m[0m[36;1m     | [31;1m ~~~~~~~~~~~~~~~~~~~~~~~~~~~~~~~~~~~~~~~~~~~~~~~~~~~~~~~~~~~~~~~~~~~~~[0m
[31;1m[0m[36;1m[36;1m[0m[36;1m[0m[36;1m[31;1m[31;1m[36;1m     | [31;1m(289,16): error CS0246: The type or namespace name 'HorizontalAlignment'[0m
[31;1m[0m[36;1m[36;1m[0m[36;1m[0m[36;1m[31;1m[31;1m[36;1m[31;1m[36;1m     | [31;1mcould not be found (are you missing a using directive or an assembly[0m
[31;1m[0m[36;1m[36;1m[0m[36;1m[0m[36;1m[31;1m[31;1m[36;1m[31;1m[36;1m[31;1m[36;1m     | [31;1mreference?)         public HorizontalAlignment? HorizontalAlignment {[0m
[31;1m[0m[36;1m[36;1m[0m[36;1m[0m[36;1m[31;1m[31;1m[36;1m[31;1m[36;1m[31;1m[36;1m[31;1m[36;1m     | [31;1mget; set; }                ^[0m
[31;1mAdd-Type: [0m/home/teej/supertui/WPF/SuperTUI_Demo.ps1:40[0m
[31;1m[0m[36;1mLine |[0m
[31;1m[0m[36;1m[36;1m  40 | [0m [36;1mAdd-Type -TypeDefinition $combinedSource -ReferencedAssemblies $assem[0m …[0m
[31;1m[0m[36;1m[36;1m[0m[36;1m[0m[36;1m     | [31;1m ~~~~~~~~~~~~~~~~~~~~~~~~~~~~~~~~~~~~~~~~~~~~~~~~~~~~~~~~~~~~~~~~~~~~~[0m
[31;1m[0m[36;1m[36;1m[0m[36;1m[0m[36;1m[31;1m[31;1m[36;1m     | [31;1m(290,16): error CS0246: The type or namespace name 'VerticalAlignment'[0m
[31;1m[0m[36;1m[36;1m[0m[36;1m[0m[36;1m[31;1m[31;1m[36;1m[31;1m[36;1m     | [31;1mcould not be found (are you missing a using directive or an assembly[0m
[31;1m[0m[36;1m[36;1m[0m[36;1m[0m[36;1m[31;1m[31;1m[36;1m[31;1m[36;1m[31;1m[36;1m     | [31;1mreference?)         public VerticalAlignment? VerticalAlignment { get;[0m
[31;1m[0m[36;1m[36;1m[0m[36;1m[0m[36;1m[31;1m[31;1m[36;1m[31;1m[36;1m[31;1m[36;1m[31;1m[36;1m     | [31;1mset; }                ^[0m
[31;1mAdd-Type: [0m/home/teej/supertui/WPF/SuperTUI_Demo.ps1:40[0m
[31;1m[0m[36;1mLine |[0m
[31;1m[0m[36;1m[36;1m  40 | [0m [36;1mAdd-Type -TypeDefinition $combinedSource -ReferencedAssemblies $assem[0m …[0m
[31;1m[0m[36;1m[36;1m[0m[36;1m[0m[36;1m     | [31;1m ~~~~~~~~~~~~~~~~~~~~~~~~~~~~~~~~~~~~~~~~~~~~~~~~~~~~~~~~~~~~~~~~~~~~~[0m
[31;1m[0m[36;1m[36;1m[0m[36;1m[0m[36;1m[31;1m[31;1m[36;1m     | [31;1m(430,48): error CS0246: The type or namespace name 'GridLength' could[0m
[31;1m[0m[36;1m[36;1m[0m[36;1m[0m[36;1m[31;1m[31;1m[36;1m[31;1m[36;1m     | [31;1mnot be found (are you missing a using directive or an assembly[0m
[31;1m[0m[36;1m[36;1m[0m[36;1m[0m[36;1m[31;1m[31;1m[36;1m[31;1m[36;1m[31;1m[36;1m     | [31;1mreference?)         public void SetColumnWidth(int column, GridLength[0m
[31;1m[0m[36;1m[36;1m[0m[36;1m[0m[36;1m[31;1m[31;1m[36;1m[31;1m[36;1m[31;1m[36;1m[31;1m[36;1m     | [31;1mwidth)                                                ^[0m
[31;1mAdd-Type: [0m/home/teej/supertui/WPF/SuperTUI_Demo.ps1:40[0m
[31;1m[0m[36;1mLine |[0m
[31;1m[0m[36;1m[36;1m  40 | [0m [36;1mAdd-Type -TypeDefinition $combinedSource -ReferencedAssemblies $assem[0m …[0m
[31;1m[0m[36;1m[36;1m[0m[36;1m[0m[36;1m     | [31;1m ~~~~~~~~~~~~~~~~~~~~~~~~~~~~~~~~~~~~~~~~~~~~~~~~~~~~~~~~~~~~~~~~~~~~~[0m
[31;1m[0m[36;1m[36;1m[0m[36;1m[0m[36;1m[31;1m[31;1m[36;1m     | [31;1m(438,43): error CS0246: The type or namespace name 'GridLength' could[0m
[31;1m[0m[36;1m[36;1m[0m[36;1m[0m[36;1m[31;1m[31;1m[36;1m[31;1m[36;1m     | [31;1mnot be found (are you missing a using directive or an assembly[0m
[31;1m[0m[36;1m[36;1m[0m[36;1m[0m[36;1m[31;1m[31;1m[36;1m[31;1m[36;1m[31;1m[36;1m     | [31;1mreference?)         public void SetRowHeight(int row, GridLength height)[0m
[31;1m[0m[36;1m[36;1m[0m[36;1m[0m[36;1m[31;1m[31;1m[36;1m[31;1m[36;1m[31;1m[36;1m[31;1m[36;1m     | [31;1m^[0m
[31;1mAdd-Type: [0m/home/teej/supertui/WPF/SuperTUI_Demo.ps1:40[0m
[31;1m[0m[36;1mLine |[0m
[31;1m[0m[36;1m[36;1m  40 | [0m [36;1mAdd-Type -TypeDefinition $combinedSource -ReferencedAssemblies $assem[0m …[0m
[31;1m[0m[36;1m[36;1m[0m[36;1m[0m[36;1m     | [31;1m ~~~~~~~~~~~~~~~~~~~~~~~~~~~~~~~~~~~~~~~~~~~~~~~~~~~~~~~~~~~~~~~~~~~~~[0m
[31;1m[0m[36;1m[36;1m[0m[36;1m[0m[36;1m[31;1m[31;1m[36;1m     | [31;1m(506,39): error CS0246: The type or namespace name 'UIElement' could not[0m
[31;1m[0m[36;1m[36;1m[0m[36;1m[0m[36;1m[31;1m[31;1m[36;1m[31;1m[36;1m     | [31;1mbe found (are you missing a using directive or an assembly reference?)  [0m
[31;1m[0m[36;1m[36;1m[0m[36;1m[0m[36;1m[31;1m[31;1m[36;1m[31;1m[36;1m[31;1m[36;1m     | [31;1mpublic override void AddChild(UIElement child, LayoutParams lp)         [0m
[31;1m[0m[36;1m[36;1m[0m[36;1m[0m[36;1m[31;1m[31;1m[36;1m[31;1m[36;1m[31;1m[36;1m[31;1m[36;1m     | [31;1m^[0m
[31;1mAdd-Type: [0m/home/teej/supertui/WPF/SuperTUI_Demo.ps1:40[0m
[31;1m[0m[36;1mLine |[0m
[31;1m[0m[36;1m[36;1m  40 | [0m [36;1mAdd-Type -TypeDefinition $combinedSource -ReferencedAssemblies $assem[0m …[0m
[31;1m[0m[36;1m[36;1m[0m[36;1m[0m[36;1m     | [31;1m ~~~~~~~~~~~~~~~~~~~~~~~~~~~~~~~~~~~~~~~~~~~~~~~~~~~~~~~~~~~~~~~~~~~~~[0m
[31;1m[0m[36;1m[36;1m[0m[36;1m[0m[36;1m[31;1m[31;1m[36;1m     | [31;1m(546,39): error CS0246: The type or namespace name 'UIElement' could not[0m
[31;1m[0m[36;1m[36;1m[0m[36;1m[0m[36;1m[31;1m[31;1m[36;1m[31;1m[36;1m     | [31;1mbe found (are you missing a using directive or an assembly reference?)  [0m
[31;1m[0m[36;1m[36;1m[0m[36;1m[0m[36;1m[31;1m[31;1m[36;1m[31;1m[36;1m[31;1m[36;1m     | [31;1mpublic override void AddChild(UIElement child, LayoutParams lp)         [0m
[31;1m[0m[36;1m[36;1m[0m[36;1m[0m[36;1m[31;1m[31;1m[36;1m[31;1m[36;1m[31;1m[36;1m[31;1m[36;1m     | [31;1m^[0m
[31;1mAdd-Type: [0m/home/teej/supertui/WPF/SuperTUI_Demo.ps1:40[0m
[31;1m[0m[36;1mLine |[0m
[31;1m[0m[36;1m[36;1m  40 | [0m [36;1mAdd-Type -TypeDefinition $combinedSource -ReferencedAssemblies $assem[0m …[0m
[31;1m[0m[36;1m[36;1m[0m[36;1m[0m[36;1m     | [31;1m ~~~~~~~~~~~~~~~~~~~~~~~~~~~~~~~~~~~~~~~~~~~~~~~~~~~~~~~~~~~~~~~~~~~~~[0m
[31;1m[0m[36;1m[36;1m[0m[36;1m[0m[36;1m[31;1m[31;1m[36;1m     | [31;1m(446,39): error CS0246: The type or namespace name 'UIElement' could not[0m
[31;1m[0m[36;1m[36;1m[0m[36;1m[0m[36;1m[31;1m[31;1m[36;1m[31;1m[36;1m     | [31;1mbe found (are you missing a using directive or an assembly reference?)  [0m
[31;1m[0m[36;1m[36;1m[0m[36;1m[0m[36;1m[31;1m[31;1m[36;1m[31;1m[36;1m[31;1m[36;1m     | [31;1mpublic override void AddChild(UIElement child, LayoutParams lp)         [0m
[31;1m[0m[36;1m[36;1m[0m[36;1m[0m[36;1m[31;1m[31;1m[36;1m[31;1m[36;1m[31;1m[36;1m[31;1m[36;1m     | [31;1m^[0m
[31;1mAdd-Type: [0m/home/teej/supertui/WPF/SuperTUI_Demo.ps1:40[0m
[31;1m[0m[36;1mLine |[0m
[31;1m[0m[36;1m[36;1m  40 | [0m [36;1mAdd-Type -TypeDefinition $combinedSource -ReferencedAssemblies $assem[0m …[0m
[31;1m[0m[36;1m[36;1m[0m[36;1m[0m[36;1m     | [31;1m ~~~~~~~~~~~~~~~~~~~~~~~~~~~~~~~~~~~~~~~~~~~~~~~~~~~~~~~~~~~~~~~~~~~~~[0m
[31;1m[0m[36;1m[36;1m[0m[36;1m[0m[36;1m[31;1m[31;1m[36;1m     | [31;1m(50,17): error CS0246: The type or namespace name 'Border' could not be[0m
[31;1m[0m[36;1m[36;1m[0m[36;1m[0m[36;1m[31;1m[31;1m[36;1m[31;1m[36;1m     | [31;1mfound (are you missing a using directive or an assembly reference?)     [0m
[31;1m[0m[36;1m[36;1m[0m[36;1m[0m[36;1m[31;1m[31;1m[36;1m[31;1m[36;1m[31;1m[36;1m     | [31;1mprivate Border containerBorder;                 ^[0m
[31;1mAdd-Type: [0m/home/teej/supertui/WPF/SuperTUI_Demo.ps1:40[0m
[31;1m[0m[36;1mLine |[0m
[31;1m[0m[36;1m[36;1m  40 | [0m [36;1mAdd-Type -TypeDefinition $combinedSource -ReferencedAssemblies $assem[0m …[0m
[31;1m[0m[36;1m[36;1m[0m[36;1m[0m[36;1m     | [31;1m ~~~~~~~~~~~~~~~~~~~~~~~~~~~~~~~~~~~~~~~~~~~~~~~~~~~~~~~~~~~~~~~~~~~~~[0m
[31;1m[0m[36;1m[36;1m[0m[36;1m[0m[36;1m[31;1m[31;1m[36;1m     | [31;1m(670,35): error CS0246: The type or namespace name 'UIElement' could not[0m
[31;1m[0m[36;1m[36;1m[0m[36;1m[0m[36;1m[31;1m[31;1m[36;1m[31;1m[36;1m     | [31;1mbe found (are you missing a using directive or an assembly reference?)  [0m
[31;1m[0m[36;1m[36;1m[0m[36;1m[0m[36;1m[31;1m[31;1m[36;1m[31;1m[36;1m[31;1m[36;1m     | [31;1mprivate void FocusElement(UIElement element)                            [0m
[31;1m[0m[36;1m[36;1m[0m[36;1m[0m[36;1m[31;1m[31;1m[36;1m[31;1m[36;1m[31;1m[36;1m[31;1m[36;1m     | [31;1m^[0m
[31;1mAdd-Type: [0m/home/teej/supertui/WPF/SuperTUI_Demo.ps1:40[0m
[31;1m[0m[36;1mLine |[0m
[31;1m[0m[36;1m[36;1m  40 | [0m [36;1mAdd-Type -TypeDefinition $combinedSource -ReferencedAssemblies $assem[0m …[0m
[31;1m[0m[36;1m[36;1m[0m[36;1m[0m[36;1m     | [31;1m ~~~~~~~~~~~~~~~~~~~~~~~~~~~~~~~~~~~~~~~~~~~~~~~~~~~~~~~~~~~~~~~~~~~~~[0m
[31;1m[0m[36;1m[36;1m[0m[36;1m[0m[36;1m[31;1m[31;1m[36;1m     | [31;1m(696,35): error CS0246: The type or namespace name 'KeyEventArgs' could[0m
[31;1m[0m[36;1m[36;1m[0m[36;1m[0m[36;1m[31;1m[31;1m[36;1m[31;1m[36;1m     | [31;1mnot be found (are you missing a using directive or an assembly[0m
[31;1m[0m[36;1m[36;1m[0m[36;1m[0m[36;1m[31;1m[31;1m[36;1m[31;1m[36;1m[31;1m[36;1m     | [31;1mreference?)         public void HandleKeyDown(KeyEventArgs e)           [0m
[31;1m[0m[36;1m[36;1m[0m[36;1m[0m[36;1m[31;1m[31;1m[36;1m[31;1m[36;1m[31;1m[36;1m[31;1m[36;1m     | [31;1m^[0m
[31;1mAdd-Type: [0m/home/teej/supertui/WPF/SuperTUI_Demo.ps1:40[0m
[31;1m[0m[36;1mLine |[0m
[31;1m[0m[36;1m[36;1m  40 | [0m [36;1mAdd-Type -TypeDefinition $combinedSource -ReferencedAssemblies $assem[0m …[0m
[31;1m[0m[36;1m[36;1m[0m[36;1m[0m[36;1m     | [31;1m ~~~~~~~~~~~~~~~~~~~~~~~~~~~~~~~~~~~~~~~~~~~~~~~~~~~~~~~~~~~~~~~~~~~~~[0m
[31;1m[0m[36;1m[36;1m[0m[36;1m[0m[36;1m[31;1m[31;1m[36;1m     | [31;1m(720,16): error CS0246: The type or namespace name 'Panel' could not be[0m
[31;1m[0m[36;1m[36;1m[0m[36;1m[0m[36;1m[31;1m[31;1m[36;1m[31;1m[36;1m     | [31;1mfound (are you missing a using directive or an assembly reference?)     [0m
[31;1m[0m[36;1m[36;1m[0m[36;1m[0m[36;1m[31;1m[31;1m[36;1m[31;1m[36;1m[31;1m[36;1m     | [31;1mpublic Panel GetContainer()                ^[0m
[31;1mAdd-Type: [0m/home/teej/supertui/WPF/SuperTUI_Demo.ps1:40[0m
[31;1m[0m[36;1mLine |[0m
[31;1m[0m[36;1m[36;1m  40 | [0m [36;1mAdd-Type -TypeDefinition $combinedSource -ReferencedAssemblies $assem[0m …[0m
[31;1m[0m[36;1m[36;1m[0m[36;1m[0m[36;1m     | [31;1m ~~~~~~~~~~~~~~~~~~~~~~~~~~~~~~~~~~~~~~~~~~~~~~~~~~~~~~~~~~~~~~~~~~~~~[0m
[31;1m[0m[36;1m[36;1m[0m[36;1m[0m[36;1m[31;1m[31;1m[36;1m     | [31;1m(920,16): error CS0246: The type or namespace name 'Key' could not be[0m
[31;1m[0m[36;1m[36;1m[0m[36;1m[0m[36;1m[31;1m[31;1m[36;1m[31;1m[36;1m     | [31;1mfound (are you missing a using directive or an assembly reference?)     [0m
[31;1m[0m[36;1m[36;1m[0m[36;1m[0m[36;1m[31;1m[31;1m[36;1m[31;1m[36;1m[31;1m[36;1m     | [31;1mpublic Key Key { get; set; }                ^[0m
[31;1mAdd-Type: [0m/home/teej/supertui/WPF/SuperTUI_Demo.ps1:40[0m
[31;1m[0m[36;1mLine |[0m
[31;1m[0m[36;1m[36;1m  40 | [0m [36;1mAdd-Type -TypeDefinition $combinedSource -ReferencedAssemblies $assem[0m …[0m
[31;1m[0m[36;1m[36;1m[0m[36;1m[0m[36;1m     | [31;1m ~~~~~~~~~~~~~~~~~~~~~~~~~~~~~~~~~~~~~~~~~~~~~~~~~~~~~~~~~~~~~~~~~~~~~[0m
[31;1m[0m[36;1m[36;1m[0m[36;1m[0m[36;1m[31;1m[31;1m[36;1m     | [31;1m(586,17): error CS0246: The type or namespace name 'UIElement' could not[0m
[31;1m[0m[36;1m[36;1m[0m[36;1m[0m[36;1m[31;1m[31;1m[36;1m[31;1m[36;1m     | [31;1mbe found (are you missing a using directive or an assembly reference?)  [0m
[31;1m[0m[36;1m[36;1m[0m[36;1m[0m[36;1m[31;1m[31;1m[36;1m[31;1m[36;1m[31;1m[36;1m     | [31;1mprivate UIElement focusedElement;                 ^[0m
[31;1mAdd-Type: [0m/home/teej/supertui/WPF/SuperTUI_Demo.ps1:40[0m
[31;1m[0m[36;1mLine |[0m
[31;1m[0m[36;1m[36;1m  40 | [0m [36;1mAdd-Type -TypeDefinition $combinedSource -ReferencedAssemblies $assem[0m …[0m
[31;1m[0m[36;1m[36;1m[0m[36;1m[0m[36;1m     | [31;1m ~~~~~~~~~~~~~~~~~~~~~~~~~~~~~~~~~~~~~~~~~~~~~~~~~~~~~~~~~~~~~~~~~~~~~[0m
[31;1m[0m[36;1m[36;1m[0m[36;1m[0m[36;1m[31;1m[31;1m[36;1m     | [31;1m(587,22): error CS0246: The type or namespace name 'UIElement' could not[0m
[31;1m[0m[36;1m[36;1m[0m[36;1m[0m[36;1m[31;1m[31;1m[36;1m[31;1m[36;1m     | [31;1mbe found (are you missing a using directive or an assembly reference?)  [0m
[31;1m[0m[36;1m[36;1m[0m[36;1m[0m[36;1m[31;1m[31;1m[36;1m[31;1m[36;1m[31;1m[36;1m     | [31;1mprivate List<UIElement> focusableElements = new List<UIElement>();      [0m
[31;1m[0m[36;1m[36;1m[0m[36;1m[0m[36;1m[31;1m[31;1m[36;1m[31;1m[36;1m[31;1m[36;1m[31;1m[36;1m     | [31;1m^[0m
[31;1mAdd-Type: [0m/home/teej/supertui/WPF/SuperTUI_Demo.ps1:40[0m
[31;1m[0m[36;1mLine |[0m
[31;1m[0m[36;1m[36;1m  40 | [0m [36;1mAdd-Type -TypeDefinition $combinedSource -ReferencedAssemblies $assem[0m …[0m
[31;1m[0m[36;1m[36;1m[0m[36;1m[0m[36;1m     | [31;1m ~~~~~~~~~~~~~~~~~~~~~~~~~~~~~~~~~~~~~~~~~~~~~~~~~~~~~~~~~~~~~~~~~~~~~[0m
[31;1m[0m[36;1m[36;1m[0m[36;1m[0m[36;1m[31;1m[31;1m[36;1m     | [31;1m(921,16): error CS0246: The type or namespace name 'ModifierKeys' could[0m
[31;1m[0m[36;1m[36;1m[0m[36;1m[0m[36;1m[31;1m[31;1m[36;1m[31;1m[36;1m     | [31;1mnot be found (are you missing a using directive or an assembly[0m
[31;1m[0m[36;1m[36;1m[0m[36;1m[0m[36;1m[31;1m[31;1m[36;1m[31;1m[36;1m[31;1m[36;1m     | [31;1mreference?)         public ModifierKeys Modifiers { get; set; }         [0m
[31;1m[0m[36;1m[36;1m[0m[36;1m[0m[36;1m[31;1m[31;1m[36;1m[31;1m[36;1m[31;1m[36;1m[31;1m[36;1m     | [31;1m^[0m
[31;1mAdd-Type: [0m/home/teej/supertui/WPF/SuperTUI_Demo.ps1:40[0m
[31;1m[0m[36;1mLine |[0m
[31;1m[0m[36;1m[36;1m  40 | [0m [36;1mAdd-Type -TypeDefinition $combinedSource -ReferencedAssemblies $assem[0m …[0m
[31;1m[0m[36;1m[36;1m[0m[36;1m[0m[36;1m     | [31;1m ~~~~~~~~~~~~~~~~~~~~~~~~~~~~~~~~~~~~~~~~~~~~~~~~~~~~~~~~~~~~~~~~~~~~~[0m
[31;1m[0m[36;1m[36;1m[0m[36;1m[0m[36;1m[31;1m[31;1m[36;1m     | [31;1m(936,36): error CS0246: The type or namespace name 'Key' could not be[0m
[31;1m[0m[36;1m[36;1m[0m[36;1m[0m[36;1m[31;1m[31;1m[36;1m[31;1m[36;1m     | [31;1mfound (are you missing a using directive or an assembly reference?)     [0m
[31;1m[0m[36;1m[36;1m[0m[36;1m[0m[36;1m[31;1m[31;1m[36;1m[31;1m[36;1m[31;1m[36;1m     | [31;1mpublic void RegisterGlobal(Key key, ModifierKeys modifiers, Action[0m
[31;1m[0m[36;1m[36;1m[0m[36;1m[0m[36;1m[31;1m[31;1m[36;1m[31;1m[36;1m[31;1m[36;1m[31;1m[36;1m     | [31;1maction, string description = "")                                    ^[0m
[31;1mAdd-Type: [0m/home/teej/supertui/WPF/SuperTUI_Demo.ps1:40[0m
[31;1m[0m[36;1mLine |[0m
[31;1m[0m[36;1m[36;1m  40 | [0m [36;1mAdd-Type -TypeDefinition $combinedSource -ReferencedAssemblies $assem[0m …[0m
[31;1m[0m[36;1m[36;1m[0m[36;1m[0m[36;1m     | [31;1m ~~~~~~~~~~~~~~~~~~~~~~~~~~~~~~~~~~~~~~~~~~~~~~~~~~~~~~~~~~~~~~~~~~~~~[0m
[31;1m[0m[36;1m[36;1m[0m[36;1m[0m[36;1m[31;1m[31;1m[36;1m     | [31;1m(936,45): error CS0246: The type or namespace name 'ModifierKeys' could[0m
[31;1m[0m[36;1m[36;1m[0m[36;1m[0m[36;1m[31;1m[31;1m[36;1m[31;1m[36;1m     | [31;1mnot be found (are you missing a using directive or an assembly[0m
[31;1m[0m[36;1m[36;1m[0m[36;1m[0m[36;1m[31;1m[31;1m[36;1m[31;1m[36;1m[31;1m[36;1m     | [31;1mreference?)         public void RegisterGlobal(Key key, ModifierKeys[0m
[31;1m[0m[36;1m[36;1m[0m[36;1m[0m[36;1m[31;1m[31;1m[36;1m[31;1m[36;1m[31;1m[36;1m[31;1m[36;1m     | [31;1mmodifiers, Action action, string description = "")                      [0m
[31;1m[0m[36;1m[36;1m[0m[36;1m[0m[36;1m[31;1m[31;1m[36;1m[31;1m[36;1m[31;1m[36;1m[31;1m[36;1m[31;1m[36;1m     | [31;1m^[0m
[31;1mAdd-Type: [0m/home/teej/supertui/WPF/SuperTUI_Demo.ps1:40[0m
[31;1m[0m[36;1mLine |[0m
[31;1m[0m[36;1m[36;1m  40 | [0m [36;1mAdd-Type -TypeDefinition $combinedSource -ReferencedAssemblies $assem[0m …[0m
[31;1m[0m[36;1m[36;1m[0m[36;1m[0m[36;1m     | [31;1m ~~~~~~~~~~~~~~~~~~~~~~~~~~~~~~~~~~~~~~~~~~~~~~~~~~~~~~~~~~~~~~~~~~~~~[0m
[31;1m[0m[36;1m[36;1m[0m[36;1m[0m[36;1m[31;1m[31;1m[36;1m     | [31;1m(925,29): error CS0246: The type or namespace name 'Key' could not be[0m
[31;1m[0m[36;1m[36;1m[0m[36;1m[0m[36;1m[31;1m[31;1m[36;1m[31;1m[36;1m     | [31;1mfound (are you missing a using directive or an assembly reference?)     [0m
[31;1m[0m[36;1m[36;1m[0m[36;1m[0m[36;1m[31;1m[31;1m[36;1m[31;1m[36;1m[31;1m[36;1m     | [31;1mpublic bool Matches(Key key, ModifierKeys modifiers)                    [0m
[31;1m[0m[36;1m[36;1m[0m[36;1m[0m[36;1m[31;1m[31;1m[36;1m[31;1m[36;1m[31;1m[36;1m[31;1m[36;1m     | [31;1m^[0m
[31;1mAdd-Type: [0m/home/teej/supertui/WPF/SuperTUI_Demo.ps1:40[0m
[31;1m[0m[36;1mLine |[0m
[31;1m[0m[36;1m[36;1m  40 | [0m [36;1mAdd-Type -TypeDefinition $combinedSource -ReferencedAssemblies $assem[0m …[0m
[31;1m[0m[36;1m[36;1m[0m[36;1m[0m[36;1m     | [31;1m ~~~~~~~~~~~~~~~~~~~~~~~~~~~~~~~~~~~~~~~~~~~~~~~~~~~~~~~~~~~~~~~~~~~~~[0m
[31;1m[0m[36;1m[36;1m[0m[36;1m[0m[36;1m[31;1m[31;1m[36;1m     | [31;1m(925,38): error CS0246: The type or namespace name 'ModifierKeys' could[0m
[31;1m[0m[36;1m[36;1m[0m[36;1m[0m[36;1m[31;1m[31;1m[36;1m[31;1m[36;1m     | [31;1mnot be found (are you missing a using directive or an assembly[0m
[31;1m[0m[36;1m[36;1m[0m[36;1m[0m[36;1m[31;1m[31;1m[36;1m[31;1m[36;1m[31;1m[36;1m     | [31;1mreference?)         public bool Matches(Key key, ModifierKeys modifiers)[0m
[31;1m[0m[36;1m[36;1m[0m[36;1m[0m[36;1m[31;1m[31;1m[36;1m[31;1m[36;1m[31;1m[36;1m[31;1m[36;1m     | [31;1m^[0m
[31;1mAdd-Type: [0m/home/teej/supertui/WPF/SuperTUI_Demo.ps1:40[0m
[31;1m[0m[36;1mLine |[0m
[31;1m[0m[36;1m[36;1m  40 | [0m [36;1mAdd-Type -TypeDefinition $combinedSource -ReferencedAssemblies $assem[0m …[0m
[31;1m[0m[36;1m[36;1m[0m[36;1m[0m[36;1m     | [31;1m ~~~~~~~~~~~~~~~~~~~~~~~~~~~~~~~~~~~~~~~~~~~~~~~~~~~~~~~~~~~~~~~~~~~~~[0m
[31;1m[0m[36;1m[36;1m[0m[36;1m[0m[36;1m[31;1m[31;1m[36;1m     | [31;1m(816,35): error CS0246: The type or namespace name 'KeyEventArgs' could[0m
[31;1m[0m[36;1m[36;1m[0m[36;1m[0m[36;1m[31;1m[31;1m[36;1m[31;1m[36;1m     | [31;1mnot be found (are you missing a using directive or an assembly[0m
[31;1m[0m[36;1m[36;1m[0m[36;1m[0m[36;1m[31;1m[31;1m[36;1m[31;1m[36;1m[31;1m[36;1m     | [31;1mreference?)         public void HandleKeyDown(KeyEventArgs e)           [0m
[31;1m[0m[36;1m[36;1m[0m[36;1m[0m[36;1m[31;1m[31;1m[36;1m[31;1m[36;1m[31;1m[36;1m[31;1m[36;1m     | [31;1m^[0m
[31;1mAdd-Type: [0m/home/teej/supertui/WPF/SuperTUI_Demo.ps1:40[0m
[31;1m[0m[36;1mLine |[0m
[31;1m[0m[36;1m[36;1m  40 | [0m [36;1mAdd-Type -TypeDefinition $combinedSource -ReferencedAssemblies $assem[0m …[0m
[31;1m[0m[36;1m[36;1m[0m[36;1m[0m[36;1m     | [31;1m ~~~~~~~~~~~~~~~~~~~~~~~~~~~~~~~~~~~~~~~~~~~~~~~~~~~~~~~~~~~~~~~~~~~~~[0m
[31;1m[0m[36;1m[36;1m[0m[36;1m[0m[36;1m[31;1m[31;1m[36;1m     | [31;1m(947,64): error CS0246: The type or namespace name 'Key' could not be[0m
[31;1m[0m[36;1m[36;1m[0m[36;1m[0m[36;1m[31;1m[31;1m[36;1m[31;1m[36;1m     | [31;1mfound (are you missing a using directive or an assembly reference?)     [0m
[31;1m[0m[36;1m[36;1m[0m[36;1m[0m[36;1m[31;1m[31;1m[36;1m[31;1m[36;1m[31;1m[36;1m     | [31;1mpublic void RegisterForWorkspace(string workspaceName, Key key,[0m
[31;1m[0m[36;1m[36;1m[0m[36;1m[0m[36;1m[31;1m[31;1m[36;1m[31;1m[36;1m[31;1m[36;1m[31;1m[36;1m     | [31;1mModifierKeys modifiers, Action action, string description = "")         [0m
[31;1m[0m[36;1m[36;1m[0m[36;1m[0m[36;1m[31;1m[31;1m[36;1m[31;1m[36;1m[31;1m[36;1m[31;1m[36;1m[31;1m[36;1m     | [31;1m^[0m
[31;1mAdd-Type: [0m/home/teej/supertui/WPF/SuperTUI_Demo.ps1:40[0m
[31;1m[0m[36;1mLine |[0m
[31;1m[0m[36;1m[36;1m  40 | [0m [36;1mAdd-Type -TypeDefinition $combinedSource -ReferencedAssemblies $assem[0m …[0m
[31;1m[0m[36;1m[36;1m[0m[36;1m[0m[36;1m     | [31;1m ~~~~~~~~~~~~~~~~~~~~~~~~~~~~~~~~~~~~~~~~~~~~~~~~~~~~~~~~~~~~~~~~~~~~~[0m
[31;1m[0m[36;1m[36;1m[0m[36;1m[0m[36;1m[31;1m[31;1m[36;1m     | [31;1m(947,73): error CS0246: The type or namespace name 'ModifierKeys' could[0m
[31;1m[0m[36;1m[36;1m[0m[36;1m[0m[36;1m[31;1m[31;1m[36;1m[31;1m[36;1m     | [31;1mnot be found (are you missing a using directive or an assembly[0m
[31;1m[0m[36;1m[36;1m[0m[36;1m[0m[36;1m[31;1m[31;1m[36;1m[31;1m[36;1m[31;1m[36;1m     | [31;1mreference?)         public void RegisterForWorkspace(string[0m
[31;1m[0m[36;1m[36;1m[0m[36;1m[0m[36;1m[31;1m[31;1m[36;1m[31;1m[36;1m[31;1m[36;1m[31;1m[36;1m     | [31;1mworkspaceName, Key key, ModifierKeys modifiers, Action action, string[0m
[31;1m[0m[36;1m[36;1m[0m[36;1m[0m[36;1m[31;1m[31;1m[36;1m[31;1m[36;1m[31;1m[36;1m[31;1m[36;1m[31;1m[36;1m     | [31;1mdescription = "")                                                       [0m
[31;1m[0m[36;1m[36;1m[0m[36;1m[0m[36;1m[31;1m[31;1m[36;1m[31;1m[36;1m[31;1m[36;1m[31;1m[36;1m[31;1m[36;1m[31;1m[36;1m     | [31;1m^[0m
[31;1mAdd-Type: [0m/home/teej/supertui/WPF/SuperTUI_Demo.ps1:40[0m
[31;1m[0m[36;1mLine |[0m
[31;1m[0m[36;1m[36;1m  40 | [0m [36;1mAdd-Type -TypeDefinition $combinedSource -ReferencedAssemblies $assem[0m …[0m
[31;1m[0m[36;1m[36;1m[0m[36;1m[0m[36;1m     | [31;1m ~~~~~~~~~~~~~~~~~~~~~~~~~~~~~~~~~~~~~~~~~~~~~~~~~~~~~~~~~~~~~~~~~~~~~[0m
[31;1m[0m[36;1m[36;1m[0m[36;1m[0m[36;1m[31;1m[31;1m[36;1m     | [31;1m(747,17): error CS0246: The type or namespace name 'ContentControl'[0m
[31;1m[0m[36;1m[36;1m[0m[36;1m[0m[36;1m[31;1m[31;1m[36;1m[31;1m[36;1m     | [31;1mcould not be found (are you missing a using directive or an assembly[0m
[31;1m[0m[36;1m[36;1m[0m[36;1m[0m[36;1m[31;1m[31;1m[36;1m[31;1m[36;1m[31;1m[36;1m     | [31;1mreference?)         private ContentControl workspaceContainer;          [0m
[31;1m[0m[36;1m[36;1m[0m[36;1m[0m[36;1m[31;1m[31;1m[36;1m[31;1m[36;1m[31;1m[36;1m[31;1m[36;1m     | [31;1m^[0m
[31;1mAdd-Type: [0m/home/teej/supertui/WPF/SuperTUI_Demo.ps1:40[0m
[31;1m[0m[36;1mLine |[0m
[31;1m[0m[36;1m[36;1m  40 | [0m [36;1mAdd-Type -TypeDefinition $combinedSource -ReferencedAssemblies $assem[0m …[0m
[31;1m[0m[36;1m[36;1m[0m[36;1m[0m[36;1m     | [31;1m ~~~~~~~~~~~~~~~~~~~~~~~~~~~~~~~~~~~~~~~~~~~~~~~~~~~~~~~~~~~~~~~~~~~~~[0m
[31;1m[0m[36;1m[36;1m[0m[36;1m[0m[36;1m[31;1m[31;1m[36;1m     | [31;1m(961,35): error CS0246: The type or namespace name 'Key' could not be[0m
[31;1m[0m[36;1m[36;1m[0m[36;1m[0m[36;1m[31;1m[31;1m[36;1m[31;1m[36;1m     | [31;1mfound (are you missing a using directive or an assembly reference?)     [0m
[31;1m[0m[36;1m[36;1m[0m[36;1m[0m[36;1m[31;1m[31;1m[36;1m[31;1m[36;1m[31;1m[36;1m     | [31;1mpublic bool HandleKeyDown(Key key, ModifierKeys modifiers, string[0m
[31;1m[0m[36;1m[36;1m[0m[36;1m[0m[36;1m[31;1m[31;1m[36;1m[31;1m[36;1m[31;1m[36;1m[31;1m[36;1m     | [31;1mcurrentWorkspace)                                   ^[0m
[31;1mAdd-Type: [0m/home/teej/supertui/WPF/SuperTUI_Demo.ps1:40[0m
[31;1m[0m[36;1mLine |[0m
[31;1m[0m[36;1m[36;1m  40 | [0m [36;1mAdd-Type -TypeDefinition $combinedSource -ReferencedAssemblies $assem[0m …[0m
[31;1m[0m[36;1m[36;1m[0m[36;1m[0m[36;1m     | [31;1m ~~~~~~~~~~~~~~~~~~~~~~~~~~~~~~~~~~~~~~~~~~~~~~~~~~~~~~~~~~~~~~~~~~~~~[0m
[31;1m[0m[36;1m[36;1m[0m[36;1m[0m[36;1m[31;1m[31;1m[36;1m     | [31;1m(961,44): error CS0246: The type or namespace name 'ModifierKeys' could[0m
[31;1m[0m[36;1m[36;1m[0m[36;1m[0m[36;1m[31;1m[31;1m[36;1m[31;1m[36;1m     | [31;1mnot be found (are you missing a using directive or an assembly[0m
[31;1m[0m[36;1m[36;1m[0m[36;1m[0m[36;1m[31;1m[31;1m[36;1m[31;1m[36;1m[31;1m[36;1m     | [31;1mreference?)         public bool HandleKeyDown(Key key, ModifierKeys[0m
[31;1m[0m[36;1m[36;1m[0m[36;1m[0m[36;1m[31;1m[31;1m[36;1m[31;1m[36;1m[31;1m[36;1m[31;1m[36;1m     | [31;1mmodifiers, string currentWorkspace)                                     [0m
[31;1m[0m[36;1m[36;1m[0m[36;1m[0m[36;1m[31;1m[31;1m[36;1m[31;1m[36;1m[31;1m[36;1m[31;1m[36;1m[31;1m[36;1m     | [31;1m^[0m
[31;1mAdd-Type: [0m/home/teej/supertui/WPF/SuperTUI_Demo.ps1:40[0m
[31;1m[0m[36;1mLine |[0m
[31;1m[0m[36;1m[36;1m  40 | [0m [36;1mAdd-Type -TypeDefinition $combinedSource -ReferencedAssemblies $assem[0m …[0m
[31;1m[0m[36;1m[36;1m[0m[36;1m[0m[36;1m     | [31;1m ~~~~~~~~~~~~~~~~~~~~~~~~~~~~~~~~~~~~~~~~~~~~~~~~~~~~~~~~~~~~~~~~~~~~~[0m
[31;1m[0m[36;1m[36;1m[0m[36;1m[0m[36;1m[31;1m[31;1m[36;1m     | [31;1m(751,33): error CS0246: The type or namespace name 'ContentControl'[0m
[31;1m[0m[36;1m[36;1m[0m[36;1m[0m[36;1m[31;1m[31;1m[36;1m[31;1m[36;1m     | [31;1mcould not be found (are you missing a using directive or an assembly[0m
[31;1m[0m[36;1m[36;1m[0m[36;1m[0m[36;1m[31;1m[31;1m[36;1m[31;1m[36;1m[31;1m[36;1m     | [31;1mreference?)         public WorkspaceManager(ContentControl container)   [0m
[31;1m[0m[36;1m[36;1m[0m[36;1m[0m[36;1m[31;1m[31;1m[36;1m[31;1m[36;1m[31;1m[36;1m[31;1m[36;1m     | [31;1m^[0m
[31;1mAdd-Type: [0m/home/teej/supertui/WPF/SuperTUI_Demo.ps1:40[0m
[31;1m[0m[36;1mLine |[0m
[31;1m[0m[36;1m[36;1m  40 | [0m [36;1mAdd-Type -TypeDefinition $combinedSource -ReferencedAssemblies $assem[0m …[0m
[31;1m[0m[36;1m[36;1m[0m[36;1m[0m[36;1m     | [31;1m ~~~~~~~~~~~~~~~~~~~~~~~~~~~~~~~~~~~~~~~~~~~~~~~~~~~~~~~~~~~~~~~~~~~~~[0m
[31;1m[0m[36;1m[36;1m[0m[36;1m[0m[36;1m[31;1m[31;1m[36;1m     | [31;1m(477,42): error CS0246: The type or namespace name 'UIElement' could not[0m
[31;1m[0m[36;1m[36;1m[0m[36;1m[0m[36;1m[31;1m[31;1m[36;1m[31;1m[36;1m     | [31;1mbe found (are you missing a using directive or an assembly reference?)  [0m
[31;1m[0m[36;1m[36;1m[0m[36;1m[0m[36;1m[31;1m[31;1m[36;1m[31;1m[36;1m[31;1m[36;1m     | [31;1mpublic override void RemoveChild(UIElement child)                       [0m
[31;1m[0m[36;1m[36;1m[0m[36;1m[0m[36;1m[31;1m[31;1m[36;1m[31;1m[36;1m[31;1m[36;1m[31;1m[36;1m     | [31;1m^[0m
[31;1mAdd-Type: [0m/home/teej/supertui/WPF/SuperTUI_Demo.ps1:40[0m
[31;1m[0m[36;1mLine |[0m
[31;1m[0m[36;1m[36;1m  40 | [0m [36;1mAdd-Type -TypeDefinition $combinedSource -ReferencedAssemblies $assem[0m …[0m
[31;1m[0m[36;1m[36;1m[0m[36;1m[0m[36;1m     | [31;1m ~~~~~~~~~~~~~~~~~~~~~~~~~~~~~~~~~~~~~~~~~~~~~~~~~~~~~~~~~~~~~~~~~~~~~[0m
[31;1m[0m[36;1m[36;1m[0m[36;1m[0m[36;1m[31;1m[31;1m[36;1m     | [31;1m(554,42): error CS0246: The type or namespace name 'UIElement' could not[0m
[31;1m[0m[36;1m[36;1m[0m[36;1m[0m[36;1m[31;1m[31;1m[36;1m[31;1m[36;1m     | [31;1mbe found (are you missing a using directive or an assembly reference?)  [0m
[31;1m[0m[36;1m[36;1m[0m[36;1m[0m[36;1m[31;1m[31;1m[36;1m[31;1m[36;1m[31;1m[36;1m     | [31;1mpublic override void RemoveChild(UIElement child)                       [0m
[31;1m[0m[36;1m[36;1m[0m[36;1m[0m[36;1m[31;1m[31;1m[36;1m[31;1m[36;1m[31;1m[36;1m[31;1m[36;1m     | [31;1m^[0m
[31;1mAdd-Type: [0m/home/teej/supertui/WPF/SuperTUI_Demo.ps1:40[0m
[31;1m[0m[36;1mLine |[0m
[31;1m[0m[36;1m[36;1m  40 | [0m [36;1mAdd-Type -TypeDefinition $combinedSource -ReferencedAssemblies $assem[0m …[0m
[31;1m[0m[36;1m[36;1m[0m[36;1m[0m[36;1m     | [31;1m ~~~~~~~~~~~~~~~~~~~~~~~~~~~~~~~~~~~~~~~~~~~~~~~~~~~~~~~~~~~~~~~~~~~~~[0m
[31;1m[0m[36;1m[36;1m[0m[36;1m[0m[36;1m[31;1m[31;1m[36;1m     | [31;1m(517,42): error CS0246: The type or namespace name 'UIElement' could not[0m
[31;1m[0m[36;1m[36;1m[0m[36;1m[0m[36;1m[31;1m[31;1m[36;1m[31;1m[36;1m     | [31;1mbe found (are you missing a using directive or an assembly reference?)  [0m
[31;1m[0m[36;1m[36;1m[0m[36;1m[0m[36;1m[31;1m[31;1m[36;1m[31;1m[36;1m[31;1m[36;1m     | [31;1mpublic override void RemoveChild(UIElement child)                       [0m
[31;1m[0m[36;1m[36;1m[0m[36;1m[0m[36;1m[31;1m[31;1m[36;1m[31;1m[36;1m[31;1m[36;1m[31;1m[36;1m     | [31;1m^[0m
[31;1mAdd-Type: [0m/home/teej/supertui/WPF/SuperTUI_Demo.ps1:40[0m
[31;1m[0m[36;1mLine |[0m
[31;1m[0m[36;1m[36;1m  40 | [0m [36;1mAdd-Type -TypeDefinition $combinedSource -ReferencedAssemblies $assem[0m …[0m
[31;1m[0m[36;1m[36;1m[0m[36;1m[0m[36;1m     | [31;1m ~~~~~~~~~~~~~~~~~~~~~~~~~~~~~~~~~~~~~~~~~~~~~~~~~~~~~~~~~~~~~~~~~~~~~[0m
[31;1m[0m[36;1m[36;1m[0m[36;1m[0m[36;1m[31;1m[31;1m[36;1m     | [31;1m(537,17): error CS0246: The type or namespace name 'StackPanel' could[0m
[31;1m[0m[36;1m[36;1m[0m[36;1m[0m[36;1m[31;1m[31;1m[36;1m[31;1m[36;1m     | [31;1mnot be found (are you missing a using directive or an assembly[0m
[31;1m[0m[36;1m[36;1m[0m[36;1m[0m[36;1m[31;1m[31;1m[36;1m[31;1m[36;1m[31;1m[36;1m     | [31;1mreference?)         private StackPanel stackPanel;                 ^[0m
[31;1mAdd-Type: [0m/home/teej/supertui/WPF/SuperTUI_Demo.ps1:40[0m
[31;1m[0m[36;1mLine |[0m
[31;1m[0m[36;1m[36;1m  40 | [0m [36;1mAdd-Type -TypeDefinition $combinedSource -ReferencedAssemblies $assem[0m …[0m
[31;1m[0m[36;1m[36;1m[0m[36;1m[0m[36;1m     | [31;1m ~~~~~~~~~~~~~~~~~~~~~~~~~~~~~~~~~~~~~~~~~~~~~~~~~~~~~~~~~~~~~~~~~~~~~[0m
[31;1m[0m[36;1m[36;1m[0m[36;1m[0m[36;1m[31;1m[31;1m[36;1m     | [31;1m(357,17): error CS0246: The type or namespace name 'Grid' could not be[0m
[31;1m[0m[36;1m[36;1m[0m[36;1m[0m[36;1m[31;1m[31;1m[36;1m[31;1m[36;1m     | [31;1mfound (are you missing a using directive or an assembly reference?)     [0m
[31;1m[0m[36;1m[36;1m[0m[36;1m[0m[36;1m[31;1m[31;1m[36;1m[31;1m[36;1m[31;1m[36;1m     | [31;1mprivate Grid grid;                 ^[0m
[31;1mAdd-Type: [0m/home/teej/supertui/WPF/SuperTUI_Demo.ps1:40[0m
[31;1m[0m[36;1mLine |[0m
[31;1m[0m[36;1m[36;1m  40 | [0m [36;1mAdd-Type -TypeDefinition $combinedSource -ReferencedAssemblies $assem[0m …[0m
[31;1m[0m[36;1m[36;1m[0m[36;1m[0m[36;1m     | [31;1m ~~~~~~~~~~~~~~~~~~~~~~~~~~~~~~~~~~~~~~~~~~~~~~~~~~~~~~~~~~~~~~~~~~~~~[0m
[31;1m[0m[36;1m[36;1m[0m[36;1m[0m[36;1m[31;1m[31;1m[36;1m     | [31;1m(497,17): error CS0246: The type or namespace name 'DockPanel' could not[0m
[31;1m[0m[36;1m[36;1m[0m[36;1m[0m[36;1m[31;1m[31;1m[36;1m[31;1m[36;1m     | [31;1mbe found (are you missing a using directive or an assembly reference?)  [0m
[31;1m[0m[36;1m[36;1m[0m[36;1m[0m[36;1m[31;1m[31;1m[36;1m[31;1m[36;1m[31;1m[36;1m     | [31;1mprivate DockPanel dockPanel;                 ^[0m
[31;1mAdd-Type: [0m/home/teej/supertui/WPF/SuperTUI_Demo.ps1:40[0m
[31;1m[0m[36;1mLine |[0m
[31;1m[0m[36;1m[36;1m  40 | [0m [36;1mAdd-Type -TypeDefinition $combinedSource -ReferencedAssemblies $assem[0m …[0m
[31;1m[0m[36;1m[36;1m[0m[36;1m[0m[36;1m     | [31;1m ~~~~~~~~~~~~~~~~~~~~~~~~~~~~~~~~~~~~~~~~~~~~~~~~~~~~~~~~~~~~~~~~~~~~~[0m
[31;1m[0m[36;1m[36;1m[0m[36;1m[0m[36;1m[31;1m[31;1m[36;1m     | [31;1m(539,34): error CS0246: The type or namespace name 'Orientation' could[0m
[31;1m[0m[36;1m[36;1m[0m[36;1m[0m[36;1m[31;1m[31;1m[36;1m[31;1m[36;1m     | [31;1mnot be found (are you missing a using directive or an assembly[0m
[31;1m[0m[36;1m[36;1m[0m[36;1m[0m[36;1m[31;1m[31;1m[36;1m[31;1m[36;1m[31;1m[36;1m     | [31;1mreference?)         public StackLayoutEngine(Orientation orientation =[0m
[31;1m[0m[36;1m[36;1m[0m[36;1m[0m[36;1m[31;1m[31;1m[36;1m[31;1m[36;1m[31;1m[36;1m[31;1m[36;1m     | [31;1mOrientation.Vertical)                                  ^[0m
[31;1mAdd-Type: [0m/home/teej/supertui/WPF/SuperTUI_Demo.ps1:40[0m
[31;1m[0m[36;1mLine |[0m
[31;1m[0m[36;1m[36;1m  40 | [0m [36;1mAdd-Type -TypeDefinition $combinedSource -ReferencedAssemblies $assem[0m …[0m
[31;1m[0m[36;1m[36;1m[0m[36;1m[0m[36;1m     | [31;1m ~~~~~~~~~~~~~~~~~~~~~~~~~~~~~~~~~~~~~~~~~~~~~~~~~~~~~~~~~~~~~~~~~~~~~[0m
[31;1m[0m[36;1m[36;1m[0m[36;1m[0m[36;1m[31;1m[31;1m[36;1m     | [31;1m(539,60): error CS0103: The name 'Orientation' does not exist in the[0m
[31;1m[0m[36;1m[36;1m[0m[36;1m[0m[36;1m[31;1m[31;1m[36;1m[31;1m[36;1m     | [31;1mcurrent context         public StackLayoutEngine(Orientation orientation[0m
[31;1m[0m[36;1m[36;1m[0m[36;1m[0m[36;1m[31;1m[31;1m[36;1m[31;1m[36;1m[31;1m[36;1m     | [31;1m= Orientation.Vertical)                                                 [0m
[31;1m[0m[36;1m[36;1m[0m[36;1m[0m[36;1m[31;1m[31;1m[36;1m[31;1m[36;1m[31;1m[36;1m[31;1m[36;1m     | [31;1m^[0m
[31;1mAdd-Type: [0m/home/teej/supertui/WPF/SuperTUI_Demo.ps1:40[0m
[31;1m[0m[36;1mLine |[0m
[31;1m[0m[36;1m[36;1m  40 | [0m [36;1mAdd-Type -TypeDefinition $combinedSource -ReferencedAssemblies $assem[0m …[0m
[31;1m[0m[36;1m[36;1m[0m[36;1m[0m[36;1m     | [31;1m ~~~~~~~~~~~~~~~~~~~~~~~~~~~~~~~~~~~~~~~~~~~~~~~~~~~~~~~~~~~~~~~~~~~~~[0m
[31;1m[0m[36;1m[36;1m[0m[36;1m[0m[36;1m[31;1m[31;1m[36;1m     | [31;1m(299,55): error CS0246: The type or namespace name 'UIElement' could not[0m
[31;1m[0m[36;1m[36;1m[0m[36;1m[0m[36;1m[31;1m[31;1m[36;1m[31;1m[36;1m     | [31;1mbe found (are you missing a using directive or an assembly reference?)  [0m
[31;1m[0m[36;1m[36;1m[0m[36;1m[0m[36;1m[31;1m[31;1m[36;1m[31;1m[36;1m[31;1m[36;1m     | [31;1mprotected List<UIElement> children = new List<UIElement>();             [0m
[31;1m[0m[36;1m[36;1m[0m[36;1m[0m[36;1m[31;1m[31;1m[36;1m[31;1m[36;1m[31;1m[36;1m[31;1m[36;1m     | [31;1m^[0m
[31;1mAdd-Type: [0m/home/teej/supertui/WPF/SuperTUI_Demo.ps1:40[0m
[31;1m[0m[36;1mLine |[0m
[31;1m[0m[36;1m[36;1m  40 | [0m [36;1mAdd-Type -TypeDefinition $combinedSource -ReferencedAssemblies $assem[0m …[0m
[31;1m[0m[36;1m[36;1m[0m[36;1m[0m[36;1m     | [31;1m ~~~~~~~~~~~~~~~~~~~~~~~~~~~~~~~~~~~~~~~~~~~~~~~~~~~~~~~~~~~~~~~~~~~~~[0m
[31;1m[0m[36;1m[36;1m[0m[36;1m[0m[36;1m[31;1m[31;1m[36;1m     | [31;1m(300,85): error CS0246: The type or namespace name 'UIElement' could not[0m
[31;1m[0m[36;1m[36;1m[0m[36;1m[0m[36;1m[31;1m[31;1m[36;1m[31;1m[36;1m     | [31;1mbe found (are you missing a using directive or an assembly reference?)  [0m
[31;1m[0m[36;1m[36;1m[0m[36;1m[0m[36;1m[31;1m[31;1m[36;1m[31;1m[36;1m[31;1m[36;1m     | [31;1mprotected Dictionary<UIElement, LayoutParams> layoutParams = new[0m
[31;1m[0m[36;1m[36;1m[0m[36;1m[0m[36;1m[31;1m[31;1m[36;1m[31;1m[36;1m[31;1m[36;1m[31;1m[36;1m     | [31;1mDictionary<UIElement, LayoutParams>();                                  [0m
[31;1m[0m[36;1m[36;1m[0m[36;1m[0m[36;1m[31;1m[31;1m[36;1m[31;1m[36;1m[31;1m[36;1m[31;1m[36;1m[31;1m[36;1m     | [31;1m^[0m
[31;1mAdd-Type: [0m/home/teej/supertui/WPF/SuperTUI_Demo.ps1:40[0m
[31;1m[0m[36;1mLine |[0m
[31;1m[0m[36;1m[36;1m  40 | [0m [36;1mAdd-Type -TypeDefinition $combinedSource -ReferencedAssemblies $assem[0m …[0m
[31;1m[0m[36;1m[36;1m[0m[36;1m[0m[36;1m     | [31;1m ~~~~~~~~~~~~~~~~~~~~~~~~~~~~~~~~~~~~~~~~~~~~~~~~~~~~~~~~~~~~~~~~~~~~~[0m
[31;1m[0m[36;1m[36;1m[0m[36;1m[0m[36;1m[31;1m[31;1m[36;1m     | [31;1m(1455,13): error CS0103: The name 'WidgetType' does not exist in the[0m
[31;1m[0m[36;1m[36;1m[0m[36;1m[0m[36;1m[31;1m[31;1m[36;1m[31;1m[36;1m     | [31;1mcurrent context             WidgetType = "Notes";             ^[0m
[31;1mAdd-Type: [0m/home/teej/supertui/WPF/SuperTUI_Demo.ps1:40[0m
[31;1m[0m[36;1mLine |[0m
[31;1m[0m[36;1m[36;1m  40 | [0m [36;1mAdd-Type -TypeDefinition $combinedSource -ReferencedAssemblies $assem[0m …[0m
[31;1m[0m[36;1m[36;1m[0m[36;1m[0m[36;1m     | [31;1m ~~~~~~~~~~~~~~~~~~~~~~~~~~~~~~~~~~~~~~~~~~~~~~~~~~~~~~~~~~~~~~~~~~~~~[0m
[31;1m[0m[36;1m[36;1m[0m[36;1m[0m[36;1m[31;1m[31;1m[36;1m     | [31;1m(1164,17): error CS0103: The name 'OnPropertyChanged' does not exist in[0m
[31;1m[0m[36;1m[36;1m[0m[36;1m[0m[36;1m[31;1m[31;1m[36;1m[31;1m[36;1m     | [31;1mthe current context                 OnPropertyChanged(nameof(Data));    [0m
[31;1m[0m[36;1m[36;1m[0m[36;1m[0m[36;1m[31;1m[31;1m[36;1m[31;1m[36;1m[31;1m[36;1m     | [31;1m^[0m
[31;1mAdd-Type: [0m/home/teej/supertui/WPF/SuperTUI_Demo.ps1:40[0m
[31;1m[0m[36;1mLine |[0m
[31;1m[0m[36;1m[36;1m  40 | [0m [36;1mAdd-Type -TypeDefinition $combinedSource -ReferencedAssemblies $assem[0m …[0m
[31;1m[0m[36;1m[36;1m[0m[36;1m[0m[36;1m     | [31;1m ~~~~~~~~~~~~~~~~~~~~~~~~~~~~~~~~~~~~~~~~~~~~~~~~~~~~~~~~~~~~~~~~~~~~~[0m
[31;1m[0m[36;1m[36;1m[0m[36;1m[0m[36;1m[31;1m[31;1m[36;1m     | [31;1m(1027,17): error CS0103: The name 'OnPropertyChanged' does not exist in[0m
[31;1m[0m[36;1m[36;1m[0m[36;1m[0m[36;1m[31;1m[31;1m[36;1m[31;1m[36;1m     | [31;1mthe current context                [0m
[31;1m[0m[36;1m[36;1m[0m[36;1m[0m[36;1m[31;1m[31;1m[36;1m[31;1m[36;1m[31;1m[36;1m     | [31;1mOnPropertyChanged(nameof(CurrentTime));                 ^[0m
[31;1mAdd-Type: [0m/home/teej/supertui/WPF/SuperTUI_Demo.ps1:40[0m
[31;1m[0m[36;1mLine |[0m
[31;1m[0m[36;1m[36;1m  40 | [0m [36;1mAdd-Type -TypeDefinition $combinedSource -ReferencedAssemblies $assem[0m …[0m
[31;1m[0m[36;1m[36;1m[0m[36;1m[0m[36;1m     | [31;1m ~~~~~~~~~~~~~~~~~~~~~~~~~~~~~~~~~~~~~~~~~~~~~~~~~~~~~~~~~~~~~~~~~~~~~[0m
[31;1m[0m[36;1m[36;1m[0m[36;1m[0m[36;1m[31;1m[31;1m[36;1m     | [31;1m(1309,17): error CS0103: The name 'OnPropertyChanged' does not exist in[0m
[31;1m[0m[36;1m[36;1m[0m[36;1m[0m[36;1m[31;1m[31;1m[36;1m[31;1m[36;1m     | [31;1mthe current context                 OnPropertyChanged(nameof(Count));   [0m
[31;1m[0m[36;1m[36;1m[0m[36;1m[0m[36;1m[31;1m[31;1m[36;1m[31;1m[36;1m[31;1m[36;1m     | [31;1m^[0m
[31;1mAdd-Type: [0m/home/teej/supertui/WPF/SuperTUI_Demo.ps1:40[0m
[31;1m[0m[36;1mLine |[0m
[31;1m[0m[36;1m[36;1m  40 | [0m [36;1mAdd-Type -TypeDefinition $combinedSource -ReferencedAssemblies $assem[0m …[0m
[31;1m[0m[36;1m[36;1m[0m[36;1m[0m[36;1m     | [31;1m ~~~~~~~~~~~~~~~~~~~~~~~~~~~~~~~~~~~~~~~~~~~~~~~~~~~~~~~~~~~~~~~~~~~~~[0m
[31;1m[0m[36;1m[36;1m[0m[36;1m[0m[36;1m[31;1m[31;1m[36;1m     | [31;1m(1173,13): error CS0103: The name 'WidgetType' does not exist in the[0m
[31;1m[0m[36;1m[36;1m[0m[36;1m[0m[36;1m[31;1m[31;1m[36;1m[31;1m[36;1m     | [31;1mcurrent context             WidgetType = "TaskSummary";             ^[0m
[31;1mAdd-Type: [0m/home/teej/supertui/WPF/SuperTUI_Demo.ps1:40[0m
[31;1m[0m[36;1mLine |[0m
[31;1m[0m[36;1m[36;1m  40 | [0m [36;1mAdd-Type -TypeDefinition $combinedSource -ReferencedAssemblies $assem[0m …[0m
[31;1m[0m[36;1m[36;1m[0m[36;1m[0m[36;1m     | [31;1m ~~~~~~~~~~~~~~~~~~~~~~~~~~~~~~~~~~~~~~~~~~~~~~~~~~~~~~~~~~~~~~~~~~~~~[0m
[31;1m[0m[36;1m[36;1m[0m[36;1m[0m[36;1m[31;1m[31;1m[36;1m     | [31;1m(1038,17): error CS0103: The name 'OnPropertyChanged' does not exist in[0m
[31;1m[0m[36;1m[36;1m[0m[36;1m[0m[36;1m[31;1m[31;1m[36;1m[31;1m[36;1m     | [31;1mthe current context                [0m
[31;1m[0m[36;1m[36;1m[0m[36;1m[0m[36;1m[31;1m[31;1m[36;1m[31;1m[36;1m[31;1m[36;1m     | [31;1mOnPropertyChanged(nameof(CurrentDate));                 ^[0m
[31;1mAdd-Type: [0m/home/teej/supertui/WPF/SuperTUI_Demo.ps1:40[0m
[31;1m[0m[36;1mLine |[0m
[31;1m[0m[36;1m[36;1m  40 | [0m [36;1mAdd-Type -TypeDefinition $combinedSource -ReferencedAssemblies $assem[0m …[0m
[31;1m[0m[36;1m[36;1m[0m[36;1m[0m[36;1m     | [31;1m ~~~~~~~~~~~~~~~~~~~~~~~~~~~~~~~~~~~~~~~~~~~~~~~~~~~~~~~~~~~~~~~~~~~~~[0m
[31;1m[0m[36;1m[36;1m[0m[36;1m[0m[36;1m[31;1m[31;1m[36;1m     | [31;1m(1316,13): error CS0103: The name 'WidgetType' does not exist in the[0m
[31;1m[0m[36;1m[36;1m[0m[36;1m[0m[36;1m[31;1m[31;1m[36;1m[31;1m[36;1m     | [31;1mcurrent context             WidgetType = "Counter";             ^[0m
[31;1mAdd-Type: [0m/home/teej/supertui/WPF/SuperTUI_Demo.ps1:40[0m
[31;1m[0m[36;1mLine |[0m
[31;1m[0m[36;1m[36;1m  40 | [0m [36;1mAdd-Type -TypeDefinition $combinedSource -ReferencedAssemblies $assem[0m …[0m
[31;1m[0m[36;1m[36;1m[0m[36;1m[0m[36;1m     | [31;1m ~~~~~~~~~~~~~~~~~~~~~~~~~~~~~~~~~~~~~~~~~~~~~~~~~~~~~~~~~~~~~~~~~~~~~[0m
[31;1m[0m[36;1m[36;1m[0m[36;1m[0m[36;1m[31;1m[31;1m[36;1m     | [31;1m(1044,13): error CS0103: The name 'WidgetType' does not exist in the[0m
[31;1m[0m[36;1m[36;1m[0m[36;1m[0m[36;1m[31;1m[31;1m[36;1m[31;1m[36;1m     | [31;1mcurrent context             WidgetType = "Clock";             ^[0m
[31;1mAdd-Type: [0m/home/teej/supertui/WPF/SuperTUI_Demo.ps1:40[0m
[31;1m[0m[36;1mLine |[0m
[31;1m[0m[36;1m[36;1m  40 | [0m [36;1mAdd-Type -TypeDefinition $combinedSource -ReferencedAssemblies $assem[0m …[0m
[31;1m[0m[36;1m[36;1m[0m[36;1m[0m[36;1m     | [31;1m ~~~~~~~~~~~~~~~~~~~~~~~~~~~~~~~~~~~~~~~~~~~~~~~~~~~~~~~~~~~~~~~~~~~~~[0m
[31;1m[0m[36;1m[36;1m[0m[36;1m[0m[36;1m[31;1m[31;1m[36;1m     | [31;1m(1179,30): error CS0246: The type or namespace name 'Border' could not[0m
[31;1m[0m[36;1m[36;1m[0m[36;1m[0m[36;1m[31;1m[31;1m[36;1m[31;1m[36;1m     | [31;1mbe found (are you missing a using directive or an assembly reference?)  [0m
[31;1m[0m[36;1m[36;1m[0m[36;1m[0m[36;1m[31;1m[31;1m[36;1m[31;1m[36;1m[31;1m[36;1m     | [31;1mvar border = new Border                              ^[0m
[31;1mAdd-Type: [0m/home/teej/supertui/WPF/SuperTUI_Demo.ps1:40[0m
[31;1m[0m[36;1mLine |[0m
[31;1m[0m[36;1m[36;1m  40 | [0m [36;1mAdd-Type -TypeDefinition $combinedSource -ReferencedAssemblies $assem[0m …[0m
[31;1m[0m[36;1m[36;1m[0m[36;1m[0m[36;1m     | [31;1m ~~~~~~~~~~~~~~~~~~~~~~~~~~~~~~~~~~~~~~~~~~~~~~~~~~~~~~~~~~~~~~~~~~~~~[0m
[31;1m[0m[36;1m[36;1m[0m[36;1m[0m[36;1m[31;1m[31;1m[36;1m     | [31;1m(1181,34): error CS0246: The type or namespace name 'SolidColorBrush'[0m
[31;1m[0m[36;1m[36;1m[0m[36;1m[0m[36;1m[31;1m[31;1m[36;1m[31;1m[36;1m     | [31;1mcould not be found (are you missing a using directive or an assembly[0m
[31;1m[0m[36;1m[36;1m[0m[36;1m[0m[36;1m[31;1m[31;1m[36;1m[31;1m[36;1m[31;1m[36;1m     | [31;1mreference?)                 Background = new[0m
[31;1m[0m[36;1m[36;1m[0m[36;1m[0m[36;1m[31;1m[31;1m[36;1m[31;1m[36;1m[31;1m[36;1m[31;1m[36;1m     | [31;1mSolidColorBrush(Color.FromRgb(26, 26, 26)),                             [0m
[31;1m[0m[36;1m[36;1m[0m[36;1m[0m[36;1m[31;1m[31;1m[36;1m[31;1m[36;1m[31;1m[36;1m[31;1m[36;1m[31;1m[36;1m     | [31;1m^[0m
[31;1mAdd-Type: [0m/home/teej/supertui/WPF/SuperTUI_Demo.ps1:40[0m
[31;1m[0m[36;1mLine |[0m
[31;1m[0m[36;1m[36;1m  40 | [0m [36;1mAdd-Type -TypeDefinition $combinedSource -ReferencedAssemblies $assem[0m …[0m
[31;1m[0m[36;1m[36;1m[0m[36;1m[0m[36;1m     | [31;1m ~~~~~~~~~~~~~~~~~~~~~~~~~~~~~~~~~~~~~~~~~~~~~~~~~~~~~~~~~~~~~~~~~~~~~[0m
[31;1m[0m[36;1m[36;1m[0m[36;1m[0m[36;1m[31;1m[31;1m[36;1m     | [31;1m(1181,50): error CS0103: The name 'Color' does not exist in the current[0m
[31;1m[0m[36;1m[36;1m[0m[36;1m[0m[36;1m[31;1m[31;1m[36;1m[31;1m[36;1m     | [31;1mcontext                 Background = new[0m
[31;1m[0m[36;1m[36;1m[0m[36;1m[0m[36;1m[31;1m[31;1m[36;1m[31;1m[36;1m[31;1m[36;1m     | [31;1mSolidColorBrush(Color.FromRgb(26, 26, 26)),                             [0m
[31;1m[0m[36;1m[36;1m[0m[36;1m[0m[36;1m[31;1m[31;1m[36;1m[31;1m[36;1m[31;1m[36;1m[31;1m[36;1m     | [31;1m^[0m
[31;1mAdd-Type: [0m/home/teej/supertui/WPF/SuperTUI_Demo.ps1:40[0m
[31;1m[0m[36;1mLine |[0m
[31;1m[0m[36;1m[36;1m  40 | [0m [36;1mAdd-Type -TypeDefinition $combinedSource -ReferencedAssemblies $assem[0m …[0m
[31;1m[0m[36;1m[36;1m[0m[36;1m[0m[36;1m     | [31;1m ~~~~~~~~~~~~~~~~~~~~~~~~~~~~~~~~~~~~~~~~~~~~~~~~~~~~~~~~~~~~~~~~~~~~~[0m
[31;1m[0m[36;1m[36;1m[0m[36;1m[0m[36;1m[31;1m[31;1m[36;1m     | [31;1m(1182,35): error CS0246: The type or namespace name 'SolidColorBrush'[0m
[31;1m[0m[36;1m[36;1m[0m[36;1m[0m[36;1m[31;1m[31;1m[36;1m[31;1m[36;1m     | [31;1mcould not be found (are you missing a using directive or an assembly[0m
[31;1m[0m[36;1m[36;1m[0m[36;1m[0m[36;1m[31;1m[31;1m[36;1m[31;1m[36;1m[31;1m[36;1m     | [31;1mreference?)                 BorderBrush = new[0m
[31;1m[0m[36;1m[36;1m[0m[36;1m[0m[36;1m[31;1m[31;1m[36;1m[31;1m[36;1m[31;1m[36;1m[31;1m[36;1m     | [31;1mSolidColorBrush(Color.FromRgb(58, 58, 58)),                             [0m
[31;1m[0m[36;1m[36;1m[0m[36;1m[0m[36;1m[31;1m[31;1m[36;1m[31;1m[36;1m[31;1m[36;1m[31;1m[36;1m[31;1m[36;1m     | [31;1m^[0m
[31;1mAdd-Type: [0m/home/teej/supertui/WPF/SuperTUI_Demo.ps1:40[0m
[31;1m[0m[36;1mLine |[0m
[31;1m[0m[36;1m[36;1m  40 | [0m [36;1mAdd-Type -TypeDefinition $combinedSource -ReferencedAssemblies $assem[0m …[0m
[31;1m[0m[36;1m[36;1m[0m[36;1m[0m[36;1m     | [31;1m ~~~~~~~~~~~~~~~~~~~~~~~~~~~~~~~~~~~~~~~~~~~~~~~~~~~~~~~~~~~~~~~~~~~~~[0m
[31;1m[0m[36;1m[36;1m[0m[36;1m[0m[36;1m[31;1m[31;1m[36;1m     | [31;1m(1182,51): error CS0103: The name 'Color' does not exist in the current[0m
[31;1m[0m[36;1m[36;1m[0m[36;1m[0m[36;1m[31;1m[31;1m[36;1m[31;1m[36;1m     | [31;1mcontext                 BorderBrush = new[0m
[31;1m[0m[36;1m[36;1m[0m[36;1m[0m[36;1m[31;1m[31;1m[36;1m[31;1m[36;1m[31;1m[36;1m     | [31;1mSolidColorBrush(Color.FromRgb(58, 58, 58)),                             [0m
[31;1m[0m[36;1m[36;1m[0m[36;1m[0m[36;1m[31;1m[31;1m[36;1m[31;1m[36;1m[31;1m[36;1m[31;1m[36;1m     | [31;1m^[0m
[31;1mAdd-Type: [0m/home/teej/supertui/WPF/SuperTUI_Demo.ps1:40[0m
[31;1m[0m[36;1mLine |[0m
[31;1m[0m[36;1m[36;1m  40 | [0m [36;1mAdd-Type -TypeDefinition $combinedSource -ReferencedAssemblies $assem[0m …[0m
[31;1m[0m[36;1m[36;1m[0m[36;1m[0m[36;1m     | [31;1m ~~~~~~~~~~~~~~~~~~~~~~~~~~~~~~~~~~~~~~~~~~~~~~~~~~~~~~~~~~~~~~~~~~~~~[0m
[31;1m[0m[36;1m[36;1m[0m[36;1m[0m[36;1m[31;1m[31;1m[36;1m     | [31;1m(1183,39): error CS0246: The type or namespace name 'Thickness' could[0m
[31;1m[0m[36;1m[36;1m[0m[36;1m[0m[36;1m[31;1m[31;1m[36;1m[31;1m[36;1m     | [31;1mnot be found (are you missing a using directive or an assembly[0m
[31;1m[0m[36;1m[36;1m[0m[36;1m[0m[36;1m[31;1m[31;1m[36;1m[31;1m[36;1m[31;1m[36;1m     | [31;1mreference?)                 BorderThickness = new Thickness(1),         [0m
[31;1m[0m[36;1m[36;1m[0m[36;1m[0m[36;1m[31;1m[31;1m[36;1m[31;1m[36;1m[31;1m[36;1m[31;1m[36;1m     | [31;1m^[0m
[31;1mAdd-Type: [0m/home/teej/supertui/WPF/SuperTUI_Demo.ps1:40[0m
[31;1m[0m[36;1mLine |[0m
[31;1m[0m[36;1m[36;1m  40 | [0m [36;1mAdd-Type -TypeDefinition $combinedSource -ReferencedAssemblies $assem[0m …[0m
[31;1m[0m[36;1m[36;1m[0m[36;1m[0m[36;1m     | [31;1m ~~~~~~~~~~~~~~~~~~~~~~~~~~~~~~~~~~~~~~~~~~~~~~~~~~~~~~~~~~~~~~~~~~~~~[0m
[31;1m[0m[36;1m[36;1m[0m[36;1m[0m[36;1m[31;1m[31;1m[36;1m     | [31;1m(1184,31): error CS0246: The type or namespace name 'Thickness' could[0m
[31;1m[0m[36;1m[36;1m[0m[36;1m[0m[36;1m[31;1m[31;1m[36;1m[31;1m[36;1m     | [31;1mnot be found (are you missing a using directive or an assembly[0m
[31;1m[0m[36;1m[36;1m[0m[36;1m[0m[36;1m[31;1m[31;1m[36;1m[31;1m[36;1m[31;1m[36;1m     | [31;1mreference?)                 Padding = new Thickness(15)                 [0m
[31;1m[0m[36;1m[36;1m[0m[36;1m[0m[36;1m[31;1m[31;1m[36;1m[31;1m[36;1m[31;1m[36;1m[31;1m[36;1m     | [31;1m^[0m
[31;1mAdd-Type: [0m/home/teej/supertui/WPF/SuperTUI_Demo.ps1:40[0m
[31;1m[0m[36;1mLine |[0m
[31;1m[0m[36;1m[36;1m  40 | [0m [36;1mAdd-Type -TypeDefinition $combinedSource -ReferencedAssemblies $assem[0m …[0m
[31;1m[0m[36;1m[36;1m[0m[36;1m[0m[36;1m     | [31;1m ~~~~~~~~~~~~~~~~~~~~~~~~~~~~~~~~~~~~~~~~~~~~~~~~~~~~~~~~~~~~~~~~~~~~~[0m
[31;1m[0m[36;1m[36;1m[0m[36;1m[0m[36;1m[31;1m[31;1m[36;1m     | [31;1m(1187,32): error CS0246: The type or namespace name 'StackPanel' could[0m
[31;1m[0m[36;1m[36;1m[0m[36;1m[0m[36;1m[31;1m[31;1m[36;1m[31;1m[36;1m     | [31;1mnot be found (are you missing a using directive or an assembly[0m
[31;1m[0m[36;1m[36;1m[0m[36;1m[0m[36;1m[31;1m[31;1m[36;1m[31;1m[36;1m[31;1m[36;1m     | [31;1mreference?)             contentPanel = new StackPanel();                [0m
[31;1m[0m[36;1m[36;1m[0m[36;1m[0m[36;1m[31;1m[31;1m[36;1m[31;1m[36;1m[31;1m[36;1m[31;1m[36;1m     | [31;1m^[0m
[31;1mAdd-Type: [0m/home/teej/supertui/WPF/SuperTUI_Demo.ps1:40[0m
[31;1m[0m[36;1mLine |[0m
[31;1m[0m[36;1m[36;1m  40 | [0m [36;1mAdd-Type -TypeDefinition $combinedSource -ReferencedAssemblies $assem[0m …[0m
[31;1m[0m[36;1m[36;1m[0m[36;1m[0m[36;1m     | [31;1m ~~~~~~~~~~~~~~~~~~~~~~~~~~~~~~~~~~~~~~~~~~~~~~~~~~~~~~~~~~~~~~~~~~~~~[0m
[31;1m[0m[36;1m[36;1m[0m[36;1m[0m[36;1m[31;1m[31;1m[36;1m     | [31;1m(1190,29): error CS0246: The type or namespace name 'TextBlock' could[0m
[31;1m[0m[36;1m[36;1m[0m[36;1m[0m[36;1m[31;1m[31;1m[36;1m[31;1m[36;1m     | [31;1mnot be found (are you missing a using directive or an assembly[0m
[31;1m[0m[36;1m[36;1m[0m[36;1m[0m[36;1m[31;1m[31;1m[36;1m[31;1m[36;1m[31;1m[36;1m     | [31;1mreference?)             var title = new TextBlock                       [0m
[31;1m[0m[36;1m[36;1m[0m[36;1m[0m[36;1m[31;1m[31;1m[36;1m[31;1m[36;1m[31;1m[36;1m[31;1m[36;1m     | [31;1m^[0m
[31;1mAdd-Type: [0m/home/teej/supertui/WPF/SuperTUI_Demo.ps1:40[0m
[31;1m[0m[36;1mLine |[0m
[31;1m[0m[36;1m[36;1m  40 | [0m [36;1mAdd-Type -TypeDefinition $combinedSource -ReferencedAssemblies $assem[0m …[0m
[31;1m[0m[36;1m[36;1m[0m[36;1m[0m[36;1m     | [31;1m ~~~~~~~~~~~~~~~~~~~~~~~~~~~~~~~~~~~~~~~~~~~~~~~~~~~~~~~~~~~~~~~~~~~~~[0m
[31;1m[0m[36;1m[36;1m[0m[36;1m[0m[36;1m[31;1m[31;1m[36;1m     | [31;1m(1193,34): error CS0246: The type or namespace name 'FontFamily' could[0m
[31;1m[0m[36;1m[36;1m[0m[36;1m[0m[36;1m[31;1m[31;1m[36;1m[31;1m[36;1m     | [31;1mnot be found (are you missing a using directive or an assembly[0m
[31;1m[0m[36;1m[36;1m[0m[36;1m[0m[36;1m[31;1m[31;1m[36;1m[31;1m[36;1m[31;1m[36;1m     | [31;1mreference?)                 FontFamily = new FontFamily("Cascadia Mono,[0m
[31;1m[0m[36;1m[36;1m[0m[36;1m[0m[36;1m[31;1m[31;1m[36;1m[31;1m[36;1m[31;1m[36;1m[31;1m[36;1m     | [31;1mConsolas"),                                  ^[0m
[31;1mAdd-Type: [0m/home/teej/supertui/WPF/SuperTUI_Demo.ps1:40[0m
[31;1m[0m[36;1mLine |[0m
[31;1m[0m[36;1m[36;1m  40 | [0m [36;1mAdd-Type -TypeDefinition $combinedSource -ReferencedAssemblies $assem[0m …[0m
[31;1m[0m[36;1m[36;1m[0m[36;1m[0m[36;1m     | [31;1m ~~~~~~~~~~~~~~~~~~~~~~~~~~~~~~~~~~~~~~~~~~~~~~~~~~~~~~~~~~~~~~~~~~~~~[0m
[31;1m[0m[36;1m[36;1m[0m[36;1m[0m[36;1m[31;1m[31;1m[36;1m     | [31;1m(1195,30): error CS0103: The name 'FontWeights' does not exist in the[0m
[31;1m[0m[36;1m[36;1m[0m[36;1m[0m[36;1m[31;1m[31;1m[36;1m[31;1m[36;1m     | [31;1mcurrent context                 FontWeight = FontWeights.Bold,          [0m
[31;1m[0m[36;1m[36;1m[0m[36;1m[0m[36;1m[31;1m[31;1m[36;1m[31;1m[36;1m[31;1m[36;1m     | [31;1m^[0m
[31;1mAdd-Type: [0m/home/teej/supertui/WPF/SuperTUI_Demo.ps1:40[0m
[31;1m[0m[36;1mLine |[0m
[31;1m[0m[36;1m[36;1m  40 | [0m [36;1mAdd-Type -TypeDefinition $combinedSource -ReferencedAssemblies $assem[0m …[0m
[31;1m[0m[36;1m[36;1m[0m[36;1m[0m[36;1m     | [31;1m ~~~~~~~~~~~~~~~~~~~~~~~~~~~~~~~~~~~~~~~~~~~~~~~~~~~~~~~~~~~~~~~~~~~~~[0m
[31;1m[0m[36;1m[36;1m[0m[36;1m[0m[36;1m[31;1m[31;1m[36;1m     | [31;1m(1196,34): error CS0246: The type or namespace name 'SolidColorBrush'[0m
[31;1m[0m[36;1m[36;1m[0m[36;1m[0m[36;1m[31;1m[31;1m[36;1m[31;1m[36;1m     | [31;1mcould not be found (are you missing a using directive or an assembly[0m
[31;1m[0m[36;1m[36;1m[0m[36;1m[0m[36;1m[31;1m[31;1m[36;1m[31;1m[36;1m[31;1m[36;1m     | [31;1mreference?)                 Foreground = new[0m
[31;1m[0m[36;1m[36;1m[0m[36;1m[0m[36;1m[31;1m[31;1m[36;1m[31;1m[36;1m[31;1m[36;1m[31;1m[36;1m     | [31;1mSolidColorBrush(Color.FromRgb(102, 102, 102)),                          [0m
[31;1m[0m[36;1m[36;1m[0m[36;1m[0m[36;1m[31;1m[31;1m[36;1m[31;1m[36;1m[31;1m[36;1m[31;1m[36;1m[31;1m[36;1m     | [31;1m^[0m
[31;1mAdd-Type: [0m/home/teej/supertui/WPF/SuperTUI_Demo.ps1:40[0m
[31;1m[0m[36;1mLine |[0m
[31;1m[0m[36;1m[36;1m  40 | [0m [36;1mAdd-Type -TypeDefinition $combinedSource -ReferencedAssemblies $assem[0m …[0m
[31;1m[0m[36;1m[36;1m[0m[36;1m[0m[36;1m     | [31;1m ~~~~~~~~~~~~~~~~~~~~~~~~~~~~~~~~~~~~~~~~~~~~~~~~~~~~~~~~~~~~~~~~~~~~~[0m
[31;1m[0m[36;1m[36;1m[0m[36;1m[0m[36;1m[31;1m[31;1m[36;1m     | [31;1m(1196,50): error CS0103: The name 'Color' does not exist in the current[0m
[31;1m[0m[36;1m[36;1m[0m[36;1m[0m[36;1m[31;1m[31;1m[36;1m[31;1m[36;1m     | [31;1mcontext                 Foreground = new[0m
[31;1m[0m[36;1m[36;1m[0m[36;1m[0m[36;1m[31;1m[31;1m[36;1m[31;1m[36;1m[31;1m[36;1m     | [31;1mSolidColorBrush(Color.FromRgb(102, 102, 102)),                          [0m
[31;1m[0m[36;1m[36;1m[0m[36;1m[0m[36;1m[31;1m[31;1m[36;1m[31;1m[36;1m[31;1m[36;1m[31;1m[36;1m     | [31;1m^[0m
[31;1mAdd-Type: [0m/home/teej/supertui/WPF/SuperTUI_Demo.ps1:40[0m
[31;1m[0m[36;1mLine |[0m
[31;1m[0m[36;1m[36;1m  40 | [0m [36;1mAdd-Type -TypeDefinition $combinedSource -ReferencedAssemblies $assem[0m …[0m
[31;1m[0m[36;1m[36;1m[0m[36;1m[0m[36;1m     | [31;1m ~~~~~~~~~~~~~~~~~~~~~~~~~~~~~~~~~~~~~~~~~~~~~~~~~~~~~~~~~~~~~~~~~~~~~[0m
[31;1m[0m[36;1m[36;1m[0m[36;1m[0m[36;1m[31;1m[31;1m[36;1m     | [31;1m(1197,30): error CS0246: The type or namespace name 'Thickness' could[0m
[31;1m[0m[36;1m[36;1m[0m[36;1m[0m[36;1m[31;1m[31;1m[36;1m[31;1m[36;1m     | [31;1mnot be found (are you missing a using directive or an assembly[0m
[31;1m[0m[36;1m[36;1m[0m[36;1m[0m[36;1m[31;1m[31;1m[36;1m[31;1m[36;1m[31;1m[36;1m     | [31;1mreference?)                 Margin = new Thickness(0, 0, 0, 10)         [0m
[31;1m[0m[36;1m[36;1m[0m[36;1m[0m[36;1m[31;1m[31;1m[36;1m[31;1m[36;1m[31;1m[36;1m[31;1m[36;1m     | [31;1m^[0m
[31;1mAdd-Type: [0m/home/teej/supertui/WPF/SuperTUI_Demo.ps1:40[0m
[31;1m[0m[36;1mLine |[0m
[31;1m[0m[36;1m[36;1m  40 | [0m [36;1mAdd-Type -TypeDefinition $combinedSource -ReferencedAssemblies $assem[0m …[0m
[31;1m[0m[36;1m[36;1m[0m[36;1m[0m[36;1m     | [31;1m ~~~~~~~~~~~~~~~~~~~~~~~~~~~~~~~~~~~~~~~~~~~~~~~~~~~~~~~~~~~~~~~~~~~~~[0m
[31;1m[0m[36;1m[36;1m[0m[36;1m[0m[36;1m[31;1m[31;1m[36;1m     | [31;1m(1202,18): error CS1061: 'TaskSummaryWidget' does not contain a[0m
[31;1m[0m[36;1m[36;1m[0m[36;1m[0m[36;1m[31;1m[31;1m[36;1m[31;1m[36;1m     | [31;1mdefinition for 'Content' and no accessible extension method 'Content'[0m
[31;1m[0m[36;1m[36;1m[0m[36;1m[0m[36;1m[31;1m[31;1m[36;1m[31;1m[36;1m[31;1m[36;1m     | [31;1maccepting a first argument of type 'TaskSummaryWidget' could be found[0m
[31;1m[0m[36;1m[36;1m[0m[36;1m[0m[36;1m[31;1m[31;1m[36;1m[31;1m[36;1m[31;1m[36;1m[31;1m[36;1m     | [31;1m(are you missing a using directive or an assembly reference?)           [0m
[31;1m[0m[36;1m[36;1m[0m[36;1m[0m[36;1m[31;1m[31;1m[36;1m[31;1m[36;1m[31;1m[36;1m[31;1m[36;1m[31;1m[36;1m     | [31;1mthis.Content = border;                  ^[0m
[31;1mAdd-Type: [0m/home/teej/supertui/WPF/SuperTUI_Demo.ps1:40[0m
[31;1m[0m[36;1mLine |[0m
[31;1m[0m[36;1m[36;1m  40 | [0m [36;1mAdd-Type -TypeDefinition $combinedSource -ReferencedAssemblies $assem[0m …[0m
[31;1m[0m[36;1m[36;1m[0m[36;1m[0m[36;1m     | [31;1m ~~~~~~~~~~~~~~~~~~~~~~~~~~~~~~~~~~~~~~~~~~~~~~~~~~~~~~~~~~~~~~~~~~~~~[0m
[31;1m[0m[36;1m[36;1m[0m[36;1m[0m[36;1m[31;1m[31;1m[36;1m     | [31;1m(1461,30): error CS0246: The type or namespace name 'Border' could not[0m
[31;1m[0m[36;1m[36;1m[0m[36;1m[0m[36;1m[31;1m[31;1m[36;1m[31;1m[36;1m     | [31;1mbe found (are you missing a using directive or an assembly reference?)  [0m
[31;1m[0m[36;1m[36;1m[0m[36;1m[0m[36;1m[31;1m[31;1m[36;1m[31;1m[36;1m[31;1m[36;1m     | [31;1mvar border = new Border                              ^[0m
[31;1mAdd-Type: [0m/home/teej/supertui/WPF/SuperTUI_Demo.ps1:40[0m
[31;1m[0m[36;1mLine |[0m
[31;1m[0m[36;1m[36;1m  40 | [0m [36;1mAdd-Type -TypeDefinition $combinedSource -ReferencedAssemblies $assem[0m …[0m
[31;1m[0m[36;1m[36;1m[0m[36;1m[0m[36;1m     | [31;1m ~~~~~~~~~~~~~~~~~~~~~~~~~~~~~~~~~~~~~~~~~~~~~~~~~~~~~~~~~~~~~~~~~~~~~[0m
[31;1m[0m[36;1m[36;1m[0m[36;1m[0m[36;1m[31;1m[31;1m[36;1m     | [31;1m(1463,34): error CS0246: The type or namespace name 'SolidColorBrush'[0m
[31;1m[0m[36;1m[36;1m[0m[36;1m[0m[36;1m[31;1m[31;1m[36;1m[31;1m[36;1m     | [31;1mcould not be found (are you missing a using directive or an assembly[0m
[31;1m[0m[36;1m[36;1m[0m[36;1m[0m[36;1m[31;1m[31;1m[36;1m[31;1m[36;1m[31;1m[36;1m     | [31;1mreference?)                 Background = new[0m
[31;1m[0m[36;1m[36;1m[0m[36;1m[0m[36;1m[31;1m[31;1m[36;1m[31;1m[36;1m[31;1m[36;1m[31;1m[36;1m     | [31;1mSolidColorBrush(Color.FromRgb(26, 26, 26)),                             [0m
[31;1m[0m[36;1m[36;1m[0m[36;1m[0m[36;1m[31;1m[31;1m[36;1m[31;1m[36;1m[31;1m[36;1m[31;1m[36;1m[31;1m[36;1m     | [31;1m^[0m
[31;1mAdd-Type: [0m/home/teej/supertui/WPF/SuperTUI_Demo.ps1:40[0m
[31;1m[0m[36;1mLine |[0m
[31;1m[0m[36;1m[36;1m  40 | [0m [36;1mAdd-Type -TypeDefinition $combinedSource -ReferencedAssemblies $assem[0m …[0m
[31;1m[0m[36;1m[36;1m[0m[36;1m[0m[36;1m     | [31;1m ~~~~~~~~~~~~~~~~~~~~~~~~~~~~~~~~~~~~~~~~~~~~~~~~~~~~~~~~~~~~~~~~~~~~~[0m
[31;1m[0m[36;1m[36;1m[0m[36;1m[0m[36;1m[31;1m[31;1m[36;1m     | [31;1m(1463,50): error CS0103: The name 'Color' does not exist in the current[0m
[31;1m[0m[36;1m[36;1m[0m[36;1m[0m[36;1m[31;1m[31;1m[36;1m[31;1m[36;1m     | [31;1mcontext                 Background = new[0m
[31;1m[0m[36;1m[36;1m[0m[36;1m[0m[36;1m[31;1m[31;1m[36;1m[31;1m[36;1m[31;1m[36;1m     | [31;1mSolidColorBrush(Color.FromRgb(26, 26, 26)),                             [0m
[31;1m[0m[36;1m[36;1m[0m[36;1m[0m[36;1m[31;1m[31;1m[36;1m[31;1m[36;1m[31;1m[36;1m[31;1m[36;1m     | [31;1m^[0m
[31;1mAdd-Type: [0m/home/teej/supertui/WPF/SuperTUI_Demo.ps1:40[0m
[31;1m[0m[36;1mLine |[0m
[31;1m[0m[36;1m[36;1m  40 | [0m [36;1mAdd-Type -TypeDefinition $combinedSource -ReferencedAssemblies $assem[0m …[0m
[31;1m[0m[36;1m[36;1m[0m[36;1m[0m[36;1m     | [31;1m ~~~~~~~~~~~~~~~~~~~~~~~~~~~~~~~~~~~~~~~~~~~~~~~~~~~~~~~~~~~~~~~~~~~~~[0m
[31;1m[0m[36;1m[36;1m[0m[36;1m[0m[36;1m[31;1m[31;1m[36;1m     | [31;1m(1464,35): error CS0246: The type or namespace name 'SolidColorBrush'[0m
[31;1m[0m[36;1m[36;1m[0m[36;1m[0m[36;1m[31;1m[31;1m[36;1m[31;1m[36;1m     | [31;1mcould not be found (are you missing a using directive or an assembly[0m
[31;1m[0m[36;1m[36;1m[0m[36;1m[0m[36;1m[31;1m[31;1m[36;1m[31;1m[36;1m[31;1m[36;1m     | [31;1mreference?)                 BorderBrush = new[0m
[31;1m[0m[36;1m[36;1m[0m[36;1m[0m[36;1m[31;1m[31;1m[36;1m[31;1m[36;1m[31;1m[36;1m[31;1m[36;1m     | [31;1mSolidColorBrush(Color.FromRgb(58, 58, 58)),                             [0m
[31;1m[0m[36;1m[36;1m[0m[36;1m[0m[36;1m[31;1m[31;1m[36;1m[31;1m[36;1m[31;1m[36;1m[31;1m[36;1m[31;1m[36;1m     | [31;1m^[0m
[31;1mAdd-Type: [0m/home/teej/supertui/WPF/SuperTUI_Demo.ps1:40[0m
[31;1m[0m[36;1mLine |[0m
[31;1m[0m[36;1m[36;1m  40 | [0m [36;1mAdd-Type -TypeDefinition $combinedSource -ReferencedAssemblies $assem[0m …[0m
[31;1m[0m[36;1m[36;1m[0m[36;1m[0m[36;1m     | [31;1m ~~~~~~~~~~~~~~~~~~~~~~~~~~~~~~~~~~~~~~~~~~~~~~~~~~~~~~~~~~~~~~~~~~~~~[0m
[31;1m[0m[36;1m[36;1m[0m[36;1m[0m[36;1m[31;1m[31;1m[36;1m     | [31;1m(1464,51): error CS0103: The name 'Color' does not exist in the current[0m
[31;1m[0m[36;1m[36;1m[0m[36;1m[0m[36;1m[31;1m[31;1m[36;1m[31;1m[36;1m     | [31;1mcontext                 BorderBrush = new[0m
[31;1m[0m[36;1m[36;1m[0m[36;1m[0m[36;1m[31;1m[31;1m[36;1m[31;1m[36;1m[31;1m[36;1m     | [31;1mSolidColorBrush(Color.FromRgb(58, 58, 58)),                             [0m
[31;1m[0m[36;1m[36;1m[0m[36;1m[0m[36;1m[31;1m[31;1m[36;1m[31;1m[36;1m[31;1m[36;1m[31;1m[36;1m     | [31;1m^[0m
[31;1mAdd-Type: [0m/home/teej/supertui/WPF/SuperTUI_Demo.ps1:40[0m
[31;1m[0m[36;1mLine |[0m
[31;1m[0m[36;1m[36;1m  40 | [0m [36;1mAdd-Type -TypeDefinition $combinedSource -ReferencedAssemblies $assem[0m …[0m
[31;1m[0m[36;1m[36;1m[0m[36;1m[0m[36;1m     | [31;1m ~~~~~~~~~~~~~~~~~~~~~~~~~~~~~~~~~~~~~~~~~~~~~~~~~~~~~~~~~~~~~~~~~~~~~[0m
[31;1m[0m[36;1m[36;1m[0m[36;1m[0m[36;1m[31;1m[31;1m[36;1m     | [31;1m(1465,39): error CS0246: The type or namespace name 'Thickness' could[0m
[31;1m[0m[36;1m[36;1m[0m[36;1m[0m[36;1m[31;1m[31;1m[36;1m[31;1m[36;1m     | [31;1mnot be found (are you missing a using directive or an assembly[0m
[31;1m[0m[36;1m[36;1m[0m[36;1m[0m[36;1m[31;1m[31;1m[36;1m[31;1m[36;1m[31;1m[36;1m     | [31;1mreference?)                 BorderThickness = new Thickness(1),         [0m
[31;1m[0m[36;1m[36;1m[0m[36;1m[0m[36;1m[31;1m[31;1m[36;1m[31;1m[36;1m[31;1m[36;1m[31;1m[36;1m     | [31;1m^[0m
[31;1mAdd-Type: [0m/home/teej/supertui/WPF/SuperTUI_Demo.ps1:40[0m
[31;1m[0m[36;1mLine |[0m
[31;1m[0m[36;1m[36;1m  40 | [0m [36;1mAdd-Type -TypeDefinition $combinedSource -ReferencedAssemblies $assem[0m …[0m
[31;1m[0m[36;1m[36;1m[0m[36;1m[0m[36;1m     | [31;1m ~~~~~~~~~~~~~~~~~~~~~~~~~~~~~~~~~~~~~~~~~~~~~~~~~~~~~~~~~~~~~~~~~~~~~[0m
[31;1m[0m[36;1m[36;1m[0m[36;1m[0m[36;1m[31;1m[31;1m[36;1m     | [31;1m(1466,31): error CS0246: The type or namespace name 'Thickness' could[0m
[31;1m[0m[36;1m[36;1m[0m[36;1m[0m[36;1m[31;1m[31;1m[36;1m[31;1m[36;1m     | [31;1mnot be found (are you missing a using directive or an assembly[0m
[31;1m[0m[36;1m[36;1m[0m[36;1m[0m[36;1m[31;1m[31;1m[36;1m[31;1m[36;1m[31;1m[36;1m     | [31;1mreference?)                 Padding = new Thickness(15)                 [0m
[31;1m[0m[36;1m[36;1m[0m[36;1m[0m[36;1m[31;1m[31;1m[36;1m[31;1m[36;1m[31;1m[36;1m[31;1m[36;1m     | [31;1m^[0m
[31;1mAdd-Type: [0m/home/teej/supertui/WPF/SuperTUI_Demo.ps1:40[0m
[31;1m[0m[36;1mLine |[0m
[31;1m[0m[36;1m[36;1m  40 | [0m [36;1mAdd-Type -TypeDefinition $combinedSource -ReferencedAssemblies $assem[0m …[0m
[31;1m[0m[36;1m[36;1m[0m[36;1m[0m[36;1m     | [31;1m ~~~~~~~~~~~~~~~~~~~~~~~~~~~~~~~~~~~~~~~~~~~~~~~~~~~~~~~~~~~~~~~~~~~~~[0m
[31;1m[0m[36;1m[36;1m[0m[36;1m[0m[36;1m[31;1m[31;1m[36;1m     | [31;1m(1469,34): error CS0246: The type or namespace name 'StackPanel' could[0m
[31;1m[0m[36;1m[36;1m[0m[36;1m[0m[36;1m[31;1m[31;1m[36;1m[31;1m[36;1m     | [31;1mnot be found (are you missing a using directive or an assembly[0m
[31;1m[0m[36;1m[36;1m[0m[36;1m[0m[36;1m[31;1m[31;1m[36;1m[31;1m[36;1m[31;1m[36;1m     | [31;1mreference?)             var stackPanel = new StackPanel();              [0m
[31;1m[0m[36;1m[36;1m[0m[36;1m[0m[36;1m[31;1m[31;1m[36;1m[31;1m[36;1m[31;1m[36;1m[31;1m[36;1m     | [31;1m^[0m
[31;1mAdd-Type: [0m/home/teej/supertui/WPF/SuperTUI_Demo.ps1:40[0m
[31;1m[0m[36;1mLine |[0m
[31;1m[0m[36;1m[36;1m  40 | [0m [36;1mAdd-Type -TypeDefinition $combinedSource -ReferencedAssemblies $assem[0m …[0m
[31;1m[0m[36;1m[36;1m[0m[36;1m[0m[36;1m     | [31;1m ~~~~~~~~~~~~~~~~~~~~~~~~~~~~~~~~~~~~~~~~~~~~~~~~~~~~~~~~~~~~~~~~~~~~~[0m
[31;1m[0m[36;1m[36;1m[0m[36;1m[0m[36;1m[31;1m[31;1m[36;1m     | [31;1m(1472,29): error CS0246: The type or namespace name 'TextBlock' could[0m
[31;1m[0m[36;1m[36;1m[0m[36;1m[0m[36;1m[31;1m[31;1m[36;1m[31;1m[36;1m     | [31;1mnot be found (are you missing a using directive or an assembly[0m
[31;1m[0m[36;1m[36;1m[0m[36;1m[0m[36;1m[31;1m[31;1m[36;1m[31;1m[36;1m[31;1m[36;1m     | [31;1mreference?)             var title = new TextBlock                       [0m
[31;1m[0m[36;1m[36;1m[0m[36;1m[0m[36;1m[31;1m[31;1m[36;1m[31;1m[36;1m[31;1m[36;1m[31;1m[36;1m     | [31;1m^[0m
[31;1mAdd-Type: [0m/home/teej/supertui/WPF/SuperTUI_Demo.ps1:40[0m
[31;1m[0m[36;1mLine |[0m
[31;1m[0m[36;1m[36;1m  40 | [0m [36;1mAdd-Type -TypeDefinition $combinedSource -ReferencedAssemblies $assem[0m …[0m
[31;1m[0m[36;1m[36;1m[0m[36;1m[0m[36;1m     | [31;1m ~~~~~~~~~~~~~~~~~~~~~~~~~~~~~~~~~~~~~~~~~~~~~~~~~~~~~~~~~~~~~~~~~~~~~[0m
[31;1m[0m[36;1m[36;1m[0m[36;1m[0m[36;1m[31;1m[31;1m[36;1m     | [31;1m(1475,34): error CS0246: The type or namespace name 'FontFamily' could[0m
[31;1m[0m[36;1m[36;1m[0m[36;1m[0m[36;1m[31;1m[31;1m[36;1m[31;1m[36;1m     | [31;1mnot be found (are you missing a using directive or an assembly[0m
[31;1m[0m[36;1m[36;1m[0m[36;1m[0m[36;1m[31;1m[31;1m[36;1m[31;1m[36;1m[31;1m[36;1m     | [31;1mreference?)                 FontFamily = new FontFamily("Cascadia Mono,[0m
[31;1m[0m[36;1m[36;1m[0m[36;1m[0m[36;1m[31;1m[31;1m[36;1m[31;1m[36;1m[31;1m[36;1m[31;1m[36;1m     | [31;1mConsolas"),                                  ^[0m
[31;1mAdd-Type: [0m/home/teej/supertui/WPF/SuperTUI_Demo.ps1:40[0m
[31;1m[0m[36;1mLine |[0m
[31;1m[0m[36;1m[36;1m  40 | [0m [36;1mAdd-Type -TypeDefinition $combinedSource -ReferencedAssemblies $assem[0m …[0m
[31;1m[0m[36;1m[36;1m[0m[36;1m[0m[36;1m     | [31;1m ~~~~~~~~~~~~~~~~~~~~~~~~~~~~~~~~~~~~~~~~~~~~~~~~~~~~~~~~~~~~~~~~~~~~~[0m
[31;1m[0m[36;1m[36;1m[0m[36;1m[0m[36;1m[31;1m[31;1m[36;1m     | [31;1m(1477,30): error CS0103: The name 'FontWeights' does not exist in the[0m
[31;1m[0m[36;1m[36;1m[0m[36;1m[0m[36;1m[31;1m[31;1m[36;1m[31;1m[36;1m     | [31;1mcurrent context                 FontWeight = FontWeights.Bold,          [0m
[31;1m[0m[36;1m[36;1m[0m[36;1m[0m[36;1m[31;1m[31;1m[36;1m[31;1m[36;1m[31;1m[36;1m     | [31;1m^[0m
[31;1mAdd-Type: [0m/home/teej/supertui/WPF/SuperTUI_Demo.ps1:40[0m
[31;1m[0m[36;1mLine |[0m
[31;1m[0m[36;1m[36;1m  40 | [0m [36;1mAdd-Type -TypeDefinition $combinedSource -ReferencedAssemblies $assem[0m …[0m
[31;1m[0m[36;1m[36;1m[0m[36;1m[0m[36;1m     | [31;1m ~~~~~~~~~~~~~~~~~~~~~~~~~~~~~~~~~~~~~~~~~~~~~~~~~~~~~~~~~~~~~~~~~~~~~[0m
[31;1m[0m[36;1m[36;1m[0m[36;1m[0m[36;1m[31;1m[31;1m[36;1m     | [31;1m(1478,34): error CS0246: The type or namespace name 'SolidColorBrush'[0m
[31;1m[0m[36;1m[36;1m[0m[36;1m[0m[36;1m[31;1m[31;1m[36;1m[31;1m[36;1m     | [31;1mcould not be found (are you missing a using directive or an assembly[0m
[31;1m[0m[36;1m[36;1m[0m[36;1m[0m[36;1m[31;1m[31;1m[36;1m[31;1m[36;1m[31;1m[36;1m     | [31;1mreference?)                 Foreground = new[0m
[31;1m[0m[36;1m[36;1m[0m[36;1m[0m[36;1m[31;1m[31;1m[36;1m[31;1m[36;1m[31;1m[36;1m[31;1m[36;1m     | [31;1mSolidColorBrush(Color.FromRgb(102, 102, 102)),                          [0m
[31;1m[0m[36;1m[36;1m[0m[36;1m[0m[36;1m[31;1m[31;1m[36;1m[31;1m[36;1m[31;1m[36;1m[31;1m[36;1m[31;1m[36;1m     | [31;1m^[0m
[31;1mAdd-Type: [0m/home/teej/supertui/WPF/SuperTUI_Demo.ps1:40[0m
[31;1m[0m[36;1mLine |[0m
[31;1m[0m[36;1m[36;1m  40 | [0m [36;1mAdd-Type -TypeDefinition $combinedSource -ReferencedAssemblies $assem[0m …[0m
[31;1m[0m[36;1m[36;1m[0m[36;1m[0m[36;1m     | [31;1m ~~~~~~~~~~~~~~~~~~~~~~~~~~~~~~~~~~~~~~~~~~~~~~~~~~~~~~~~~~~~~~~~~~~~~[0m
[31;1m[0m[36;1m[36;1m[0m[36;1m[0m[36;1m[31;1m[31;1m[36;1m     | [31;1m(1478,50): error CS0103: The name 'Color' does not exist in the current[0m
[31;1m[0m[36;1m[36;1m[0m[36;1m[0m[36;1m[31;1m[31;1m[36;1m[31;1m[36;1m     | [31;1mcontext                 Foreground = new[0m
[31;1m[0m[36;1m[36;1m[0m[36;1m[0m[36;1m[31;1m[31;1m[36;1m[31;1m[36;1m[31;1m[36;1m     | [31;1mSolidColorBrush(Color.FromRgb(102, 102, 102)),                          [0m
[31;1m[0m[36;1m[36;1m[0m[36;1m[0m[36;1m[31;1m[31;1m[36;1m[31;1m[36;1m[31;1m[36;1m[31;1m[36;1m     | [31;1m^[0m
[31;1mAdd-Type: [0m/home/teej/supertui/WPF/SuperTUI_Demo.ps1:40[0m
[31;1m[0m[36;1mLine |[0m
[31;1m[0m[36;1m[36;1m  40 | [0m [36;1mAdd-Type -TypeDefinition $combinedSource -ReferencedAssemblies $assem[0m …[0m
[31;1m[0m[36;1m[36;1m[0m[36;1m[0m[36;1m     | [31;1m ~~~~~~~~~~~~~~~~~~~~~~~~~~~~~~~~~~~~~~~~~~~~~~~~~~~~~~~~~~~~~~~~~~~~~[0m
[31;1m[0m[36;1m[36;1m[0m[36;1m[0m[36;1m[31;1m[31;1m[36;1m     | [31;1m(1479,30): error CS0246: The type or namespace name 'Thickness' could[0m
[31;1m[0m[36;1m[36;1m[0m[36;1m[0m[36;1m[31;1m[31;1m[36;1m[31;1m[36;1m     | [31;1mnot be found (are you missing a using directive or an assembly[0m
[31;1m[0m[36;1m[36;1m[0m[36;1m[0m[36;1m[31;1m[31;1m[36;1m[31;1m[36;1m[31;1m[36;1m     | [31;1mreference?)                 Margin = new Thickness(0, 0, 0, 10)         [0m
[31;1m[0m[36;1m[36;1m[0m[36;1m[0m[36;1m[31;1m[31;1m[36;1m[31;1m[36;1m[31;1m[36;1m[31;1m[36;1m     | [31;1m^[0m
[31;1mAdd-Type: [0m/home/teej/supertui/WPF/SuperTUI_Demo.ps1:40[0m
[31;1m[0m[36;1mLine |[0m
[31;1m[0m[36;1m[36;1m  40 | [0m [36;1mAdd-Type -TypeDefinition $combinedSource -ReferencedAssemblies $assem[0m …[0m
[31;1m[0m[36;1m[36;1m[0m[36;1m[0m[36;1m     | [31;1m ~~~~~~~~~~~~~~~~~~~~~~~~~~~~~~~~~~~~~~~~~~~~~~~~~~~~~~~~~~~~~~~~~~~~~[0m
[31;1m[0m[36;1m[36;1m[0m[36;1m[0m[36;1m[31;1m[31;1m[36;1m     | [31;1m(1483,32): error CS0246: The type or namespace name 'TextBox' could not[0m
[31;1m[0m[36;1m[36;1m[0m[36;1m[0m[36;1m[31;1m[31;1m[36;1m[31;1m[36;1m     | [31;1mbe found (are you missing a using directive or an assembly reference?)  [0m
[31;1m[0m[36;1m[36;1m[0m[36;1m[0m[36;1m[31;1m[31;1m[36;1m[31;1m[36;1m[31;1m[36;1m     | [31;1mnotesTextBox = new TextBox                                ^[0m
[31;1mAdd-Type: [0m/home/teej/supertui/WPF/SuperTUI_Demo.ps1:40[0m
[31;1m[0m[36;1mLine |[0m
[31;1m[0m[36;1m[36;1m  40 | [0m [36;1mAdd-Type -TypeDefinition $combinedSource -ReferencedAssemblies $assem[0m …[0m
[31;1m[0m[36;1m[36;1m[0m[36;1m[0m[36;1m     | [31;1m ~~~~~~~~~~~~~~~~~~~~~~~~~~~~~~~~~~~~~~~~~~~~~~~~~~~~~~~~~~~~~~~~~~~~~[0m
[31;1m[0m[36;1m[36;1m[0m[36;1m[0m[36;1m[31;1m[31;1m[36;1m     | [31;1m(1485,34): error CS0246: The type or namespace name 'SolidColorBrush'[0m
[31;1m[0m[36;1m[36;1m[0m[36;1m[0m[36;1m[31;1m[31;1m[36;1m[31;1m[36;1m     | [31;1mcould not be found (are you missing a using directive or an assembly[0m
[31;1m[0m[36;1m[36;1m[0m[36;1m[0m[36;1m[31;1m[31;1m[36;1m[31;1m[36;1m[31;1m[36;1m     | [31;1mreference?)                 Background = new[0m
[31;1m[0m[36;1m[36;1m[0m[36;1m[0m[36;1m[31;1m[31;1m[36;1m[31;1m[36;1m[31;1m[36;1m[31;1m[36;1m     | [31;1mSolidColorBrush(Color.FromRgb(30, 30, 30)),                             [0m
[31;1m[0m[36;1m[36;1m[0m[36;1m[0m[36;1m[31;1m[31;1m[36;1m[31;1m[36;1m[31;1m[36;1m[31;1m[36;1m[31;1m[36;1m     | [31;1m^[0m
[31;1mAdd-Type: [0m/home/teej/supertui/WPF/SuperTUI_Demo.ps1:40[0m
[31;1m[0m[36;1mLine |[0m
[31;1m[0m[36;1m[36;1m  40 | [0m [36;1mAdd-Type -TypeDefinition $combinedSource -ReferencedAssemblies $assem[0m …[0m
[31;1m[0m[36;1m[36;1m[0m[36;1m[0m[36;1m     | [31;1m ~~~~~~~~~~~~~~~~~~~~~~~~~~~~~~~~~~~~~~~~~~~~~~~~~~~~~~~~~~~~~~~~~~~~~[0m
[31;1m[0m[36;1m[36;1m[0m[36;1m[0m[36;1m[31;1m[31;1m[36;1m     | [31;1m(1485,50): error CS0103: The name 'Color' does not exist in the current[0m
[31;1m[0m[36;1m[36;1m[0m[36;1m[0m[36;1m[31;1m[31;1m[36;1m[31;1m[36;1m     | [31;1mcontext                 Background = new[0m
[31;1m[0m[36;1m[36;1m[0m[36;1m[0m[36;1m[31;1m[31;1m[36;1m[31;1m[36;1m[31;1m[36;1m     | [31;1mSolidColorBrush(Color.FromRgb(30, 30, 30)),                             [0m
[31;1m[0m[36;1m[36;1m[0m[36;1m[0m[36;1m[31;1m[31;1m[36;1m[31;1m[36;1m[31;1m[36;1m[31;1m[36;1m     | [31;1m^[0m
[31;1mAdd-Type: [0m/home/teej/supertui/WPF/SuperTUI_Demo.ps1:40[0m
[31;1m[0m[36;1mLine |[0m
[31;1m[0m[36;1m[36;1m  40 | [0m [36;1mAdd-Type -TypeDefinition $combinedSource -ReferencedAssemblies $assem[0m …[0m
[31;1m[0m[36;1m[36;1m[0m[36;1m[0m[36;1m     | [31;1m ~~~~~~~~~~~~~~~~~~~~~~~~~~~~~~~~~~~~~~~~~~~~~~~~~~~~~~~~~~~~~~~~~~~~~[0m
[31;1m[0m[36;1m[36;1m[0m[36;1m[0m[36;1m[31;1m[31;1m[36;1m     | [31;1m(1486,34): error CS0246: The type or namespace name 'SolidColorBrush'[0m
[31;1m[0m[36;1m[36;1m[0m[36;1m[0m[36;1m[31;1m[31;1m[36;1m[31;1m[36;1m     | [31;1mcould not be found (are you missing a using directive or an assembly[0m
[31;1m[0m[36;1m[36;1m[0m[36;1m[0m[36;1m[31;1m[31;1m[36;1m[31;1m[36;1m[31;1m[36;1m     | [31;1mreference?)                 Foreground = new[0m
[31;1m[0m[36;1m[36;1m[0m[36;1m[0m[36;1m[31;1m[31;1m[36;1m[31;1m[36;1m[31;1m[36;1m[31;1m[36;1m     | [31;1mSolidColorBrush(Color.FromRgb(204, 204, 204)),                          [0m
[31;1m[0m[36;1m[36;1m[0m[36;1m[0m[36;1m[31;1m[31;1m[36;1m[31;1m[36;1m[31;1m[36;1m[31;1m[36;1m[31;1m[36;1m     | [31;1m^[0m
[31;1mAdd-Type: [0m/home/teej/supertui/WPF/SuperTUI_Demo.ps1:40[0m
[31;1m[0m[36;1mLine |[0m
[31;1m[0m[36;1m[36;1m  40 | [0m [36;1mAdd-Type -TypeDefinition $combinedSource -ReferencedAssemblies $assem[0m …[0m
[31;1m[0m[36;1m[36;1m[0m[36;1m[0m[36;1m     | [31;1m ~~~~~~~~~~~~~~~~~~~~~~~~~~~~~~~~~~~~~~~~~~~~~~~~~~~~~~~~~~~~~~~~~~~~~[0m
[31;1m[0m[36;1m[36;1m[0m[36;1m[0m[36;1m[31;1m[31;1m[36;1m     | [31;1m(1486,50): error CS0103: The name 'Color' does not exist in the current[0m
[31;1m[0m[36;1m[36;1m[0m[36;1m[0m[36;1m[31;1m[31;1m[36;1m[31;1m[36;1m     | [31;1mcontext                 Foreground = new[0m
[31;1m[0m[36;1m[36;1m[0m[36;1m[0m[36;1m[31;1m[31;1m[36;1m[31;1m[36;1m[31;1m[36;1m     | [31;1mSolidColorBrush(Color.FromRgb(204, 204, 204)),                          [0m
[31;1m[0m[36;1m[36;1m[0m[36;1m[0m[36;1m[31;1m[31;1m[36;1m[31;1m[36;1m[31;1m[36;1m[31;1m[36;1m     | [31;1m^[0m
[31;1mAdd-Type: [0m/home/teej/supertui/WPF/SuperTUI_Demo.ps1:40[0m
[31;1m[0m[36;1mLine |[0m
[31;1m[0m[36;1m[36;1m  40 | [0m [36;1mAdd-Type -TypeDefinition $combinedSource -ReferencedAssemblies $assem[0m …[0m
[31;1m[0m[36;1m[36;1m[0m[36;1m[0m[36;1m     | [31;1m ~~~~~~~~~~~~~~~~~~~~~~~~~~~~~~~~~~~~~~~~~~~~~~~~~~~~~~~~~~~~~~~~~~~~~[0m
[31;1m[0m[36;1m[36;1m[0m[36;1m[0m[36;1m[31;1m[31;1m[36;1m     | [31;1m(1487,35): error CS0246: The type or namespace name 'SolidColorBrush'[0m
[31;1m[0m[36;1m[36;1m[0m[36;1m[0m[36;1m[31;1m[31;1m[36;1m[31;1m[36;1m     | [31;1mcould not be found (are you missing a using directive or an assembly[0m
[31;1m[0m[36;1m[36;1m[0m[36;1m[0m[36;1m[31;1m[31;1m[36;1m[31;1m[36;1m[31;1m[36;1m     | [31;1mreference?)                 BorderBrush = new[0m
[31;1m[0m[36;1m[36;1m[0m[36;1m[0m[36;1m[31;1m[31;1m[36;1m[31;1m[36;1m[31;1m[36;1m[31;1m[36;1m     | [31;1mSolidColorBrush(Color.FromRgb(58, 58, 58)),                             [0m
[31;1m[0m[36;1m[36;1m[0m[36;1m[0m[36;1m[31;1m[31;1m[36;1m[31;1m[36;1m[31;1m[36;1m[31;1m[36;1m[31;1m[36;1m     | [31;1m^[0m
[31;1mAdd-Type: [0m/home/teej/supertui/WPF/SuperTUI_Demo.ps1:40[0m
[31;1m[0m[36;1mLine |[0m
[31;1m[0m[36;1m[36;1m  40 | [0m [36;1mAdd-Type -TypeDefinition $combinedSource -ReferencedAssemblies $assem[0m …[0m
[31;1m[0m[36;1m[36;1m[0m[36;1m[0m[36;1m     | [31;1m ~~~~~~~~~~~~~~~~~~~~~~~~~~~~~~~~~~~~~~~~~~~~~~~~~~~~~~~~~~~~~~~~~~~~~[0m
[31;1m[0m[36;1m[36;1m[0m[36;1m[0m[36;1m[31;1m[31;1m[36;1m     | [31;1m(1487,51): error CS0103: The name 'Color' does not exist in the current[0m
[31;1m[0m[36;1m[36;1m[0m[36;1m[0m[36;1m[31;1m[31;1m[36;1m[31;1m[36;1m     | [31;1mcontext                 BorderBrush = new[0m
[31;1m[0m[36;1m[36;1m[0m[36;1m[0m[36;1m[31;1m[31;1m[36;1m[31;1m[36;1m[31;1m[36;1m     | [31;1mSolidColorBrush(Color.FromRgb(58, 58, 58)),                             [0m
[31;1m[0m[36;1m[36;1m[0m[36;1m[0m[36;1m[31;1m[31;1m[36;1m[31;1m[36;1m[31;1m[36;1m[31;1m[36;1m     | [31;1m^[0m
[31;1mAdd-Type: [0m/home/teej/supertui/WPF/SuperTUI_Demo.ps1:40[0m
[31;1m[0m[36;1mLine |[0m
[31;1m[0m[36;1m[36;1m  40 | [0m [36;1mAdd-Type -TypeDefinition $combinedSource -ReferencedAssemblies $assem[0m …[0m
[31;1m[0m[36;1m[36;1m[0m[36;1m[0m[36;1m     | [31;1m ~~~~~~~~~~~~~~~~~~~~~~~~~~~~~~~~~~~~~~~~~~~~~~~~~~~~~~~~~~~~~~~~~~~~~[0m
[31;1m[0m[36;1m[36;1m[0m[36;1m[0m[36;1m[31;1m[31;1m[36;1m     | [31;1m(1488,39): error CS0246: The type or namespace name 'Thickness' could[0m
[31;1m[0m[36;1m[36;1m[0m[36;1m[0m[36;1m[31;1m[31;1m[36;1m[31;1m[36;1m     | [31;1mnot be found (are you missing a using directive or an assembly[0m
[31;1m[0m[36;1m[36;1m[0m[36;1m[0m[36;1m[31;1m[31;1m[36;1m[31;1m[36;1m[31;1m[36;1m     | [31;1mreference?)                 BorderThickness = new Thickness(1),         [0m
[31;1m[0m[36;1m[36;1m[0m[36;1m[0m[36;1m[31;1m[31;1m[36;1m[31;1m[36;1m[31;1m[36;1m[31;1m[36;1m     | [31;1m^[0m
[31;1mAdd-Type: [0m/home/teej/supertui/WPF/SuperTUI_Demo.ps1:40[0m
[31;1m[0m[36;1mLine |[0m
[31;1m[0m[36;1m[36;1m  40 | [0m [36;1mAdd-Type -TypeDefinition $combinedSource -ReferencedAssemblies $assem[0m …[0m
[31;1m[0m[36;1m[36;1m[0m[36;1m[0m[36;1m     | [31;1m ~~~~~~~~~~~~~~~~~~~~~~~~~~~~~~~~~~~~~~~~~~~~~~~~~~~~~~~~~~~~~~~~~~~~~[0m
[31;1m[0m[36;1m[36;1m[0m[36;1m[0m[36;1m[31;1m[31;1m[36;1m     | [31;1m(1489,34): error CS0246: The type or namespace name 'FontFamily' could[0m
[31;1m[0m[36;1m[36;1m[0m[36;1m[0m[36;1m[31;1m[31;1m[36;1m[31;1m[36;1m     | [31;1mnot be found (are you missing a using directive or an assembly[0m
[31;1m[0m[36;1m[36;1m[0m[36;1m[0m[36;1m[31;1m[31;1m[36;1m[31;1m[36;1m[31;1m[36;1m     | [31;1mreference?)                 FontFamily = new FontFamily("Cascadia Mono,[0m
[31;1m[0m[36;1m[36;1m[0m[36;1m[0m[36;1m[31;1m[31;1m[36;1m[31;1m[36;1m[31;1m[36;1m[31;1m[36;1m     | [31;1mConsolas"),                                  ^[0m
[31;1mAdd-Type: [0m/home/teej/supertui/WPF/SuperTUI_Demo.ps1:40[0m
[31;1m[0m[36;1mLine |[0m
[31;1m[0m[36;1m[36;1m  40 | [0m [36;1mAdd-Type -TypeDefinition $combinedSource -ReferencedAssemblies $assem[0m …[0m
[31;1m[0m[36;1m[36;1m[0m[36;1m[0m[36;1m     | [31;1m ~~~~~~~~~~~~~~~~~~~~~~~~~~~~~~~~~~~~~~~~~~~~~~~~~~~~~~~~~~~~~~~~~~~~~[0m
[31;1m[0m[36;1m[36;1m[0m[36;1m[0m[36;1m[31;1m[31;1m[36;1m     | [31;1m(1491,31): error CS0246: The type or namespace name 'Thickness' could[0m
[31;1m[0m[36;1m[36;1m[0m[36;1m[0m[36;1m[31;1m[31;1m[36;1m[31;1m[36;1m     | [31;1mnot be found (are you missing a using directive or an assembly[0m
[31;1m[0m[36;1m[36;1m[0m[36;1m[0m[36;1m[31;1m[31;1m[36;1m[31;1m[36;1m[31;1m[36;1m     | [31;1mreference?)                 Padding = new Thickness(8),                 [0m
[31;1m[0m[36;1m[36;1m[0m[36;1m[0m[36;1m[31;1m[31;1m[36;1m[31;1m[36;1m[31;1m[36;1m[31;1m[36;1m     | [31;1m^[0m
[31;1mAdd-Type: [0m/home/teej/supertui/WPF/SuperTUI_Demo.ps1:40[0m
[31;1m[0m[36;1mLine |[0m
[31;1m[0m[36;1m[36;1m  40 | [0m [36;1mAdd-Type -TypeDefinition $combinedSource -ReferencedAssemblies $assem[0m …[0m
[31;1m[0m[36;1m[36;1m[0m[36;1m[0m[36;1m     | [31;1m ~~~~~~~~~~~~~~~~~~~~~~~~~~~~~~~~~~~~~~~~~~~~~~~~~~~~~~~~~~~~~~~~~~~~~[0m
[31;1m[0m[36;1m[36;1m[0m[36;1m[0m[36;1m[31;1m[31;1m[36;1m     | [31;1m(1492,32): error CS0103: The name 'TextWrapping' does not exist in the[0m
[31;1m[0m[36;1m[36;1m[0m[36;1m[0m[36;1m[31;1m[31;1m[36;1m[31;1m[36;1m     | [31;1mcurrent context                 TextWrapping = TextWrapping.Wrap,       [0m
[31;1m[0m[36;1m[36;1m[0m[36;1m[0m[36;1m[31;1m[31;1m[36;1m[31;1m[36;1m[31;1m[36;1m     | [31;1m^[0m
[31;1mAdd-Type: [0m/home/teej/supertui/WPF/SuperTUI_Demo.ps1:40[0m
[31;1m[0m[36;1mLine |[0m
[31;1m[0m[36;1m[36;1m  40 | [0m [36;1mAdd-Type -TypeDefinition $combinedSource -ReferencedAssemblies $assem[0m …[0m
[31;1m[0m[36;1m[36;1m[0m[36;1m[0m[36;1m     | [31;1m ~~~~~~~~~~~~~~~~~~~~~~~~~~~~~~~~~~~~~~~~~~~~~~~~~~~~~~~~~~~~~~~~~~~~~[0m
[31;1m[0m[36;1m[36;1m[0m[36;1m[0m[36;1m[31;1m[31;1m[36;1m     | [31;1m(1494,47): error CS0103: The name 'ScrollBarVisibility' does not exist[0m
[31;1m[0m[36;1m[36;1m[0m[36;1m[0m[36;1m[31;1m[31;1m[36;1m[31;1m[36;1m     | [31;1min the current context                 VerticalScrollBarVisibility =[0m
[31;1m[0m[36;1m[36;1m[0m[36;1m[0m[36;1m[31;1m[31;1m[36;1m[31;1m[36;1m[31;1m[36;1m     | [31;1mScrollBarVisibility.Auto,                                               ^[0m
[31;1mAdd-Type: [0m/home/teej/supertui/WPF/SuperTUI_Demo.ps1:40[0m
[31;1m[0m[36;1mLine |[0m
[31;1m[0m[36;1m[36;1m  40 | [0m [36;1mAdd-Type -TypeDefinition $combinedSource -ReferencedAssemblies $assem[0m …[0m
[31;1m[0m[36;1m[36;1m[0m[36;1m[0m[36;1m     | [31;1m ~~~~~~~~~~~~~~~~~~~~~~~~~~~~~~~~~~~~~~~~~~~~~~~~~~~~~~~~~~~~~~~~~~~~~[0m
[31;1m[0m[36;1m[36;1m[0m[36;1m[0m[36;1m[31;1m[31;1m[36;1m     | [31;1m(1502,18): error CS1061: 'NotesWidget' does not contain a definition for[0m
[31;1m[0m[36;1m[36;1m[0m[36;1m[0m[36;1m[31;1m[31;1m[36;1m[31;1m[36;1m     | [31;1m'Content' and no accessible extension method 'Content' accepting a first[0m
[31;1m[0m[36;1m[36;1m[0m[36;1m[0m[36;1m[31;1m[31;1m[36;1m[31;1m[36;1m[31;1m[36;1m     | [31;1margument of type 'NotesWidget' could be found (are you missing a using[0m
[31;1m[0m[36;1m[36;1m[0m[36;1m[0m[36;1m[31;1m[31;1m[36;1m[31;1m[36;1m[31;1m[36;1m[31;1m[36;1m     | [31;1mdirective or an assembly reference?)             this.Content = border; [0m
[31;1m[0m[36;1m[36;1m[0m[36;1m[0m[36;1m[31;1m[31;1m[36;1m[31;1m[36;1m[31;1m[36;1m[31;1m[36;1m[31;1m[36;1m     | [31;1m^[0m
[31;1mAdd-Type: [0m/home/teej/supertui/WPF/SuperTUI_Demo.ps1:40[0m
[31;1m[0m[36;1mLine |[0m
[31;1m[0m[36;1m[36;1m  40 | [0m [36;1mAdd-Type -TypeDefinition $combinedSource -ReferencedAssemblies $assem[0m …[0m
[31;1m[0m[36;1m[36;1m[0m[36;1m[0m[36;1m     | [31;1m ~~~~~~~~~~~~~~~~~~~~~~~~~~~~~~~~~~~~~~~~~~~~~~~~~~~~~~~~~~~~~~~~~~~~~[0m
[31;1m[0m[36;1m[36;1m[0m[36;1m[0m[36;1m[31;1m[31;1m[36;1m     | [31;1m(306,66): error CS0246: The type or namespace name 'UIElement' could not[0m
[31;1m[0m[36;1m[36;1m[0m[36;1m[0m[36;1m[31;1m[31;1m[36;1m[31;1m[36;1m     | [31;1mbe found (are you missing a using directive or an assembly reference?)  [0m
[31;1m[0m[36;1m[36;1m[0m[36;1m[0m[36;1m[31;1m[31;1m[36;1m[31;1m[36;1m[31;1m[36;1m     | [31;1mpublic virtual List<UIElement> GetChildren() => new[0m
[31;1m[0m[36;1m[36;1m[0m[36;1m[0m[36;1m[31;1m[31;1m[36;1m[31;1m[36;1m[31;1m[36;1m[31;1m[36;1m     | [31;1mList<UIElement>(children);                                              [0m
[31;1m[0m[36;1m[36;1m[0m[36;1m[0m[36;1m[31;1m[31;1m[36;1m[31;1m[36;1m[31;1m[36;1m[31;1m[36;1m[31;1m[36;1m     | [31;1m^[0m
[31;1mAdd-Type: [0m/home/teej/supertui/WPF/SuperTUI_Demo.ps1:40[0m
[31;1m[0m[36;1mLine |[0m
[31;1m[0m[36;1m[36;1m  40 | [0m [36;1mAdd-Type -TypeDefinition $combinedSource -ReferencedAssemblies $assem[0m …[0m
[31;1m[0m[36;1m[36;1m[0m[36;1m[0m[36;1m     | [31;1m ~~~~~~~~~~~~~~~~~~~~~~~~~~~~~~~~~~~~~~~~~~~~~~~~~~~~~~~~~~~~~~~~~~~~~[0m
[31;1m[0m[36;1m[36;1m[0m[36;1m[0m[36;1m[31;1m[31;1m[36;1m     | [31;1m(1051,30): error CS0246: The type or namespace name 'Border' could not[0m
[31;1m[0m[36;1m[36;1m[0m[36;1m[0m[36;1m[31;1m[31;1m[36;1m[31;1m[36;1m     | [31;1mbe found (are you missing a using directive or an assembly reference?)  [0m
[31;1m[0m[36;1m[36;1m[0m[36;1m[0m[36;1m[31;1m[31;1m[36;1m[31;1m[36;1m[31;1m[36;1m     | [31;1mvar border = new Border                              ^[0m
[31;1mAdd-Type: [0m/home/teej/supertui/WPF/SuperTUI_Demo.ps1:40[0m
[31;1m[0m[36;1mLine |[0m
[31;1m[0m[36;1m[36;1m  40 | [0m [36;1mAdd-Type -TypeDefinition $combinedSource -ReferencedAssemblies $assem[0m …[0m
[31;1m[0m[36;1m[36;1m[0m[36;1m[0m[36;1m     | [31;1m ~~~~~~~~~~~~~~~~~~~~~~~~~~~~~~~~~~~~~~~~~~~~~~~~~~~~~~~~~~~~~~~~~~~~~[0m
[31;1m[0m[36;1m[36;1m[0m[36;1m[0m[36;1m[31;1m[31;1m[36;1m     | [31;1m(1053,34): error CS0246: The type or namespace name 'SolidColorBrush'[0m
[31;1m[0m[36;1m[36;1m[0m[36;1m[0m[36;1m[31;1m[31;1m[36;1m[31;1m[36;1m     | [31;1mcould not be found (are you missing a using directive or an assembly[0m
[31;1m[0m[36;1m[36;1m[0m[36;1m[0m[36;1m[31;1m[31;1m[36;1m[31;1m[36;1m[31;1m[36;1m     | [31;1mreference?)                 Background = new[0m
[31;1m[0m[36;1m[36;1m[0m[36;1m[0m[36;1m[31;1m[31;1m[36;1m[31;1m[36;1m[31;1m[36;1m[31;1m[36;1m     | [31;1mSolidColorBrush(Color.FromRgb(26, 26, 26)),                             [0m
[31;1m[0m[36;1m[36;1m[0m[36;1m[0m[36;1m[31;1m[31;1m[36;1m[31;1m[36;1m[31;1m[36;1m[31;1m[36;1m[31;1m[36;1m     | [31;1m^[0m
[31;1mAdd-Type: [0m/home/teej/supertui/WPF/SuperTUI_Demo.ps1:40[0m
[31;1m[0m[36;1mLine |[0m
[31;1m[0m[36;1m[36;1m  40 | [0m [36;1mAdd-Type -TypeDefinition $combinedSource -ReferencedAssemblies $assem[0m …[0m
[31;1m[0m[36;1m[36;1m[0m[36;1m[0m[36;1m     | [31;1m ~~~~~~~~~~~~~~~~~~~~~~~~~~~~~~~~~~~~~~~~~~~~~~~~~~~~~~~~~~~~~~~~~~~~~[0m
[31;1m[0m[36;1m[36;1m[0m[36;1m[0m[36;1m[31;1m[31;1m[36;1m     | [31;1m(1053,50): error CS0103: The name 'Color' does not exist in the current[0m
[31;1m[0m[36;1m[36;1m[0m[36;1m[0m[36;1m[31;1m[31;1m[36;1m[31;1m[36;1m     | [31;1mcontext                 Background = new[0m
[31;1m[0m[36;1m[36;1m[0m[36;1m[0m[36;1m[31;1m[31;1m[36;1m[31;1m[36;1m[31;1m[36;1m     | [31;1mSolidColorBrush(Color.FromRgb(26, 26, 26)),                             [0m
[31;1m[0m[36;1m[36;1m[0m[36;1m[0m[36;1m[31;1m[31;1m[36;1m[31;1m[36;1m[31;1m[36;1m[31;1m[36;1m     | [31;1m^[0m
[31;1mAdd-Type: [0m/home/teej/supertui/WPF/SuperTUI_Demo.ps1:40[0m
[31;1m[0m[36;1mLine |[0m
[31;1m[0m[36;1m[36;1m  40 | [0m [36;1mAdd-Type -TypeDefinition $combinedSource -ReferencedAssemblies $assem[0m …[0m
[31;1m[0m[36;1m[36;1m[0m[36;1m[0m[36;1m     | [31;1m ~~~~~~~~~~~~~~~~~~~~~~~~~~~~~~~~~~~~~~~~~~~~~~~~~~~~~~~~~~~~~~~~~~~~~[0m
[31;1m[0m[36;1m[36;1m[0m[36;1m[0m[36;1m[31;1m[31;1m[36;1m     | [31;1m(1054,35): error CS0246: The type or namespace name 'SolidColorBrush'[0m
[31;1m[0m[36;1m[36;1m[0m[36;1m[0m[36;1m[31;1m[31;1m[36;1m[31;1m[36;1m     | [31;1mcould not be found (are you missing a using directive or an assembly[0m
[31;1m[0m[36;1m[36;1m[0m[36;1m[0m[36;1m[31;1m[31;1m[36;1m[31;1m[36;1m[31;1m[36;1m     | [31;1mreference?)                 BorderBrush = new[0m
[31;1m[0m[36;1m[36;1m[0m[36;1m[0m[36;1m[31;1m[31;1m[36;1m[31;1m[36;1m[31;1m[36;1m[31;1m[36;1m     | [31;1mSolidColorBrush(Color.FromRgb(58, 58, 58)),                             [0m
[31;1m[0m[36;1m[36;1m[0m[36;1m[0m[36;1m[31;1m[31;1m[36;1m[31;1m[36;1m[31;1m[36;1m[31;1m[36;1m[31;1m[36;1m     | [31;1m^[0m
[31;1mAdd-Type: [0m/home/teej/supertui/WPF/SuperTUI_Demo.ps1:40[0m
[31;1m[0m[36;1mLine |[0m
[31;1m[0m[36;1m[36;1m  40 | [0m [36;1mAdd-Type -TypeDefinition $combinedSource -ReferencedAssemblies $assem[0m …[0m
[31;1m[0m[36;1m[36;1m[0m[36;1m[0m[36;1m     | [31;1m ~~~~~~~~~~~~~~~~~~~~~~~~~~~~~~~~~~~~~~~~~~~~~~~~~~~~~~~~~~~~~~~~~~~~~[0m
[31;1m[0m[36;1m[36;1m[0m[36;1m[0m[36;1m[31;1m[31;1m[36;1m     | [31;1m(1054,51): error CS0103: The name 'Color' does not exist in the current[0m
[31;1m[0m[36;1m[36;1m[0m[36;1m[0m[36;1m[31;1m[31;1m[36;1m[31;1m[36;1m     | [31;1mcontext                 BorderBrush = new[0m
[31;1m[0m[36;1m[36;1m[0m[36;1m[0m[36;1m[31;1m[31;1m[36;1m[31;1m[36;1m[31;1m[36;1m     | [31;1mSolidColorBrush(Color.FromRgb(58, 58, 58)),                             [0m
[31;1m[0m[36;1m[36;1m[0m[36;1m[0m[36;1m[31;1m[31;1m[36;1m[31;1m[36;1m[31;1m[36;1m[31;1m[36;1m     | [31;1m^[0m
[31;1mAdd-Type: [0m/home/teej/supertui/WPF/SuperTUI_Demo.ps1:40[0m
[31;1m[0m[36;1mLine |[0m
[31;1m[0m[36;1m[36;1m  40 | [0m [36;1mAdd-Type -TypeDefinition $combinedSource -ReferencedAssemblies $assem[0m …[0m
[31;1m[0m[36;1m[36;1m[0m[36;1m[0m[36;1m     | [31;1m ~~~~~~~~~~~~~~~~~~~~~~~~~~~~~~~~~~~~~~~~~~~~~~~~~~~~~~~~~~~~~~~~~~~~~[0m
[31;1m[0m[36;1m[36;1m[0m[36;1m[0m[36;1m[31;1m[31;1m[36;1m     | [31;1m(1055,39): error CS0246: The type or namespace name 'Thickness' could[0m
[31;1m[0m[36;1m[36;1m[0m[36;1m[0m[36;1m[31;1m[31;1m[36;1m[31;1m[36;1m     | [31;1mnot be found (are you missing a using directive or an assembly[0m
[31;1m[0m[36;1m[36;1m[0m[36;1m[0m[36;1m[31;1m[31;1m[36;1m[31;1m[36;1m[31;1m[36;1m     | [31;1mreference?)                 BorderThickness = new Thickness(1),         [0m
[31;1m[0m[36;1m[36;1m[0m[36;1m[0m[36;1m[31;1m[31;1m[36;1m[31;1m[36;1m[31;1m[36;1m[31;1m[36;1m     | [31;1m^[0m
[31;1mAdd-Type: [0m/home/teej/supertui/WPF/SuperTUI_Demo.ps1:40[0m
[31;1m[0m[36;1mLine |[0m
[31;1m[0m[36;1m[36;1m  40 | [0m [36;1mAdd-Type -TypeDefinition $combinedSource -ReferencedAssemblies $assem[0m …[0m
[31;1m[0m[36;1m[36;1m[0m[36;1m[0m[36;1m     | [31;1m ~~~~~~~~~~~~~~~~~~~~~~~~~~~~~~~~~~~~~~~~~~~~~~~~~~~~~~~~~~~~~~~~~~~~~[0m
[31;1m[0m[36;1m[36;1m[0m[36;1m[0m[36;1m[31;1m[31;1m[36;1m     | [31;1m(1056,31): error CS0246: The type or namespace name 'Thickness' could[0m
[31;1m[0m[36;1m[36;1m[0m[36;1m[0m[36;1m[31;1m[31;1m[36;1m[31;1m[36;1m     | [31;1mnot be found (are you missing a using directive or an assembly[0m
[31;1m[0m[36;1m[36;1m[0m[36;1m[0m[36;1m[31;1m[31;1m[36;1m[31;1m[36;1m[31;1m[36;1m     | [31;1mreference?)                 Padding = new Thickness(15)                 [0m
[31;1m[0m[36;1m[36;1m[0m[36;1m[0m[36;1m[31;1m[31;1m[36;1m[31;1m[36;1m[31;1m[36;1m[31;1m[36;1m     | [31;1m^[0m
[31;1mAdd-Type: [0m/home/teej/supertui/WPF/SuperTUI_Demo.ps1:40[0m
[31;1m[0m[36;1mLine |[0m
[31;1m[0m[36;1m[36;1m  40 | [0m [36;1mAdd-Type -TypeDefinition $combinedSource -ReferencedAssemblies $assem[0m …[0m
[31;1m[0m[36;1m[36;1m[0m[36;1m[0m[36;1m     | [31;1m ~~~~~~~~~~~~~~~~~~~~~~~~~~~~~~~~~~~~~~~~~~~~~~~~~~~~~~~~~~~~~~~~~~~~~[0m
[31;1m[0m[36;1m[36;1m[0m[36;1m[0m[36;1m[31;1m[31;1m[36;1m     | [31;1m(1059,34): error CS0246: The type or namespace name 'StackPanel' could[0m
[31;1m[0m[36;1m[36;1m[0m[36;1m[0m[36;1m[31;1m[31;1m[36;1m[31;1m[36;1m     | [31;1mnot be found (are you missing a using directive or an assembly[0m
[31;1m[0m[36;1m[36;1m[0m[36;1m[0m[36;1m[31;1m[31;1m[36;1m[31;1m[36;1m[31;1m[36;1m     | [31;1mreference?)             var stackPanel = new StackPanel                 [0m
[31;1m[0m[36;1m[36;1m[0m[36;1m[0m[36;1m[31;1m[31;1m[36;1m[31;1m[36;1m[31;1m[36;1m[31;1m[36;1m     | [31;1m^[0m
[31;1mAdd-Type: [0m/home/teej/supertui/WPF/SuperTUI_Demo.ps1:40[0m
[31;1m[0m[36;1mLine |[0m
[31;1m[0m[36;1m[36;1m  40 | [0m [36;1mAdd-Type -TypeDefinition $combinedSource -ReferencedAssemblies $assem[0m …[0m
[31;1m[0m[36;1m[36;1m[0m[36;1m[0m[36;1m     | [31;1m ~~~~~~~~~~~~~~~~~~~~~~~~~~~~~~~~~~~~~~~~~~~~~~~~~~~~~~~~~~~~~~~~~~~~~[0m
[31;1m[0m[36;1m[36;1m[0m[36;1m[0m[36;1m[31;1m[31;1m[36;1m     | [31;1m(1061,39): error CS0103: The name 'HorizontalAlignment' does not exist[0m
[31;1m[0m[36;1m[36;1m[0m[36;1m[0m[36;1m[31;1m[31;1m[36;1m[31;1m[36;1m     | [31;1min the current context                 HorizontalAlignment =[0m
[31;1m[0m[36;1m[36;1m[0m[36;1m[0m[36;1m[31;1m[31;1m[36;1m[31;1m[36;1m[31;1m[36;1m     | [31;1mHorizontalAlignment.Center,                                       ^[0m
[31;1mAdd-Type: [0m/home/teej/supertui/WPF/SuperTUI_Demo.ps1:40[0m
[31;1m[0m[36;1mLine |[0m
[31;1m[0m[36;1m[36;1m  40 | [0m [36;1mAdd-Type -TypeDefinition $combinedSource -ReferencedAssemblies $assem[0m …[0m
[31;1m[0m[36;1m[36;1m[0m[36;1m[0m[36;1m     | [31;1m ~~~~~~~~~~~~~~~~~~~~~~~~~~~~~~~~~~~~~~~~~~~~~~~~~~~~~~~~~~~~~~~~~~~~~[0m
[31;1m[0m[36;1m[36;1m[0m[36;1m[0m[36;1m[31;1m[31;1m[36;1m     | [31;1m(1062,37): error CS0103: The name 'VerticalAlignment' does not exist in[0m
[31;1m[0m[36;1m[36;1m[0m[36;1m[0m[36;1m[31;1m[31;1m[36;1m[31;1m[36;1m     | [31;1mthe current context                 VerticalAlignment =[0m
[31;1m[0m[36;1m[36;1m[0m[36;1m[0m[36;1m[31;1m[31;1m[36;1m[31;1m[36;1m[31;1m[36;1m     | [31;1mVerticalAlignment.Center                                     ^[0m
[31;1mAdd-Type: [0m/home/teej/supertui/WPF/SuperTUI_Demo.ps1:40[0m
[31;1m[0m[36;1mLine |[0m
[31;1m[0m[36;1m[36;1m  40 | [0m [36;1mAdd-Type -TypeDefinition $combinedSource -ReferencedAssemblies $assem[0m …[0m
[31;1m[0m[36;1m[36;1m[0m[36;1m[0m[36;1m     | [31;1m ~~~~~~~~~~~~~~~~~~~~~~~~~~~~~~~~~~~~~~~~~~~~~~~~~~~~~~~~~~~~~~~~~~~~~[0m
[31;1m[0m[36;1m[36;1m[0m[36;1m[0m[36;1m[31;1m[31;1m[36;1m     | [31;1m(1066,28): error CS0246: The type or namespace name 'TextBlock' could[0m
[31;1m[0m[36;1m[36;1m[0m[36;1m[0m[36;1m[31;1m[31;1m[36;1m[31;1m[36;1m     | [31;1mnot be found (are you missing a using directive or an assembly[0m
[31;1m[0m[36;1m[36;1m[0m[36;1m[0m[36;1m[31;1m[31;1m[36;1m[31;1m[36;1m[31;1m[36;1m     | [31;1mreference?)             timeText = new TextBlock                        [0m
[31;1m[0m[36;1m[36;1m[0m[36;1m[0m[36;1m[31;1m[31;1m[36;1m[31;1m[36;1m[31;1m[36;1m[31;1m[36;1m     | [31;1m^[0m
[31;1mAdd-Type: [0m/home/teej/supertui/WPF/SuperTUI_Demo.ps1:40[0m
[31;1m[0m[36;1mLine |[0m
[31;1m[0m[36;1m[36;1m  40 | [0m [36;1mAdd-Type -TypeDefinition $combinedSource -ReferencedAssemblies $assem[0m …[0m
[31;1m[0m[36;1m[36;1m[0m[36;1m[0m[36;1m     | [31;1m ~~~~~~~~~~~~~~~~~~~~~~~~~~~~~~~~~~~~~~~~~~~~~~~~~~~~~~~~~~~~~~~~~~~~~[0m
[31;1m[0m[36;1m[36;1m[0m[36;1m[0m[36;1m[31;1m[31;1m[36;1m     | [31;1m(1068,34): error CS0246: The type or namespace name 'FontFamily' could[0m
[31;1m[0m[36;1m[36;1m[0m[36;1m[0m[36;1m[31;1m[31;1m[36;1m[31;1m[36;1m     | [31;1mnot be found (are you missing a using directive or an assembly[0m
[31;1m[0m[36;1m[36;1m[0m[36;1m[0m[36;1m[31;1m[31;1m[36;1m[31;1m[36;1m[31;1m[36;1m     | [31;1mreference?)                 FontFamily = new FontFamily("Cascadia Mono,[0m
[31;1m[0m[36;1m[36;1m[0m[36;1m[0m[36;1m[31;1m[31;1m[36;1m[31;1m[36;1m[31;1m[36;1m[31;1m[36;1m     | [31;1mConsolas, Courier New"),                                  ^[0m
[31;1mAdd-Type: [0m/home/teej/supertui/WPF/SuperTUI_Demo.ps1:40[0m
[31;1m[0m[36;1mLine |[0m
[31;1m[0m[36;1m[36;1m  40 | [0m [36;1mAdd-Type -TypeDefinition $combinedSource -ReferencedAssemblies $assem[0m …[0m
[31;1m[0m[36;1m[36;1m[0m[36;1m[0m[36;1m     | [31;1m ~~~~~~~~~~~~~~~~~~~~~~~~~~~~~~~~~~~~~~~~~~~~~~~~~~~~~~~~~~~~~~~~~~~~~[0m
[31;1m[0m[36;1m[36;1m[0m[36;1m[0m[36;1m[31;1m[31;1m[36;1m     | [31;1m(1070,30): error CS0103: The name 'FontWeights' does not exist in the[0m
[31;1m[0m[36;1m[36;1m[0m[36;1m[0m[36;1m[31;1m[31;1m[36;1m[31;1m[36;1m     | [31;1mcurrent context                 FontWeight = FontWeights.Bold,          [0m
[31;1m[0m[36;1m[36;1m[0m[36;1m[0m[36;1m[31;1m[31;1m[36;1m[31;1m[36;1m[31;1m[36;1m     | [31;1m^[0m
[31;1mAdd-Type: [0m/home/teej/supertui/WPF/SuperTUI_Demo.ps1:40[0m
[31;1m[0m[36;1mLine |[0m
[31;1m[0m[36;1m[36;1m  40 | [0m [36;1mAdd-Type -TypeDefinition $combinedSource -ReferencedAssemblies $assem[0m …[0m
[31;1m[0m[36;1m[36;1m[0m[36;1m[0m[36;1m     | [31;1m ~~~~~~~~~~~~~~~~~~~~~~~~~~~~~~~~~~~~~~~~~~~~~~~~~~~~~~~~~~~~~~~~~~~~~[0m
[31;1m[0m[36;1m[36;1m[0m[36;1m[0m[36;1m[31;1m[31;1m[36;1m     | [31;1m(1071,34): error CS0246: The type or namespace name 'SolidColorBrush'[0m
[31;1m[0m[36;1m[36;1m[0m[36;1m[0m[36;1m[31;1m[31;1m[36;1m[31;1m[36;1m     | [31;1mcould not be found (are you missing a using directive or an assembly[0m
[31;1m[0m[36;1m[36;1m[0m[36;1m[0m[36;1m[31;1m[31;1m[36;1m[31;1m[36;1m[31;1m[36;1m     | [31;1mreference?)                 Foreground = new[0m
[31;1m[0m[36;1m[36;1m[0m[36;1m[0m[36;1m[31;1m[31;1m[36;1m[31;1m[36;1m[31;1m[36;1m[31;1m[36;1m     | [31;1mSolidColorBrush(Color.FromRgb(78, 201, 176)), // Terminal accent        [0m
[31;1m[0m[36;1m[36;1m[0m[36;1m[0m[36;1m[31;1m[31;1m[36;1m[31;1m[36;1m[31;1m[36;1m[31;1m[36;1m[31;1m[36;1m     | [31;1m^[0m
[31;1mAdd-Type: [0m/home/teej/supertui/WPF/SuperTUI_Demo.ps1:40[0m
[31;1m[0m[36;1mLine |[0m
[31;1m[0m[36;1m[36;1m  40 | [0m [36;1mAdd-Type -TypeDefinition $combinedSource -ReferencedAssemblies $assem[0m …[0m
[31;1m[0m[36;1m[36;1m[0m[36;1m[0m[36;1m     | [31;1m ~~~~~~~~~~~~~~~~~~~~~~~~~~~~~~~~~~~~~~~~~~~~~~~~~~~~~~~~~~~~~~~~~~~~~[0m
[31;1m[0m[36;1m[36;1m[0m[36;1m[0m[36;1m[31;1m[31;1m[36;1m     | [31;1m(1071,50): error CS0103: The name 'Color' does not exist in the current[0m
[31;1m[0m[36;1m[36;1m[0m[36;1m[0m[36;1m[31;1m[31;1m[36;1m[31;1m[36;1m     | [31;1mcontext                 Foreground = new[0m
[31;1m[0m[36;1m[36;1m[0m[36;1m[0m[36;1m[31;1m[31;1m[36;1m[31;1m[36;1m[31;1m[36;1m     | [31;1mSolidColorBrush(Color.FromRgb(78, 201, 176)), // Terminal accent        [0m
[31;1m[0m[36;1m[36;1m[0m[36;1m[0m[36;1m[31;1m[31;1m[36;1m[31;1m[36;1m[31;1m[36;1m[31;1m[36;1m     | [31;1m^[0m
[31;1mAdd-Type: [0m/home/teej/supertui/WPF/SuperTUI_Demo.ps1:40[0m
[31;1m[0m[36;1mLine |[0m
[31;1m[0m[36;1m[36;1m  40 | [0m [36;1mAdd-Type -TypeDefinition $combinedSource -ReferencedAssemblies $assem[0m …[0m
[31;1m[0m[36;1m[36;1m[0m[36;1m[0m[36;1m     | [31;1m ~~~~~~~~~~~~~~~~~~~~~~~~~~~~~~~~~~~~~~~~~~~~~~~~~~~~~~~~~~~~~~~~~~~~~[0m
[31;1m[0m[36;1m[36;1m[0m[36;1m[0m[36;1m[31;1m[31;1m[36;1m     | [31;1m(1072,39): error CS0103: The name 'HorizontalAlignment' does not exist[0m
[31;1m[0m[36;1m[36;1m[0m[36;1m[0m[36;1m[31;1m[31;1m[36;1m[31;1m[36;1m     | [31;1min the current context                 HorizontalAlignment =[0m
[31;1m[0m[36;1m[36;1m[0m[36;1m[0m[36;1m[31;1m[31;1m[36;1m[31;1m[36;1m[31;1m[36;1m     | [31;1mHorizontalAlignment.Center,                                       ^[0m
[31;1mAdd-Type: [0m/home/teej/supertui/WPF/SuperTUI_Demo.ps1:40[0m
[31;1m[0m[36;1mLine |[0m
[31;1m[0m[36;1m[36;1m  40 | [0m [36;1mAdd-Type -TypeDefinition $combinedSource -ReferencedAssemblies $assem[0m …[0m
[31;1m[0m[36;1m[36;1m[0m[36;1m[0m[36;1m     | [31;1m ~~~~~~~~~~~~~~~~~~~~~~~~~~~~~~~~~~~~~~~~~~~~~~~~~~~~~~~~~~~~~~~~~~~~~[0m
[31;1m[0m[36;1m[36;1m[0m[36;1m[0m[36;1m[31;1m[31;1m[36;1m     | [31;1m(1073,30): error CS0246: The type or namespace name 'Thickness' could[0m
[31;1m[0m[36;1m[36;1m[0m[36;1m[0m[36;1m[31;1m[31;1m[36;1m[31;1m[36;1m     | [31;1mnot be found (are you missing a using directive or an assembly[0m
[31;1m[0m[36;1m[36;1m[0m[36;1m[0m[36;1m[31;1m[31;1m[36;1m[31;1m[36;1m[31;1m[36;1m     | [31;1mreference?)                 Margin = new Thickness(0, 0, 0, 10)         [0m
[31;1m[0m[36;1m[36;1m[0m[36;1m[0m[36;1m[31;1m[31;1m[36;1m[31;1m[36;1m[31;1m[36;1m[31;1m[36;1m     | [31;1m^[0m
[31;1mAdd-Type: [0m/home/teej/supertui/WPF/SuperTUI_Demo.ps1:40[0m
[31;1m[0m[36;1mLine |[0m
[31;1m[0m[36;1m[36;1m  40 | [0m [36;1mAdd-Type -TypeDefinition $combinedSource -ReferencedAssemblies $assem[0m …[0m
[31;1m[0m[36;1m[36;1m[0m[36;1m[0m[36;1m     | [31;1m ~~~~~~~~~~~~~~~~~~~~~~~~~~~~~~~~~~~~~~~~~~~~~~~~~~~~~~~~~~~~~~~~~~~~~[0m
[31;1m[0m[36;1m[36;1m[0m[36;1m[0m[36;1m[31;1m[31;1m[36;1m     | [31;1m(1077,28): error CS0246: The type or namespace name 'TextBlock' could[0m
[31;1m[0m[36;1m[36;1m[0m[36;1m[0m[36;1m[31;1m[31;1m[36;1m[31;1m[36;1m     | [31;1mnot be found (are you missing a using directive or an assembly[0m
[31;1m[0m[36;1m[36;1m[0m[36;1m[0m[36;1m[31;1m[31;1m[36;1m[31;1m[36;1m[31;1m[36;1m     | [31;1mreference?)             dateText = new TextBlock                        [0m
[31;1m[0m[36;1m[36;1m[0m[36;1m[0m[36;1m[31;1m[31;1m[36;1m[31;1m[36;1m[31;1m[36;1m[31;1m[36;1m     | [31;1m^[0m
[31;1mAdd-Type: [0m/home/teej/supertui/WPF/SuperTUI_Demo.ps1:40[0m
[31;1m[0m[36;1mLine |[0m
[31;1m[0m[36;1m[36;1m  40 | [0m [36;1mAdd-Type -TypeDefinition $combinedSource -ReferencedAssemblies $assem[0m …[0m
[31;1m[0m[36;1m[36;1m[0m[36;1m[0m[36;1m     | [31;1m ~~~~~~~~~~~~~~~~~~~~~~~~~~~~~~~~~~~~~~~~~~~~~~~~~~~~~~~~~~~~~~~~~~~~~[0m
[31;1m[0m[36;1m[36;1m[0m[36;1m[0m[36;1m[31;1m[31;1m[36;1m     | [31;1m(1079,34): error CS0246: The type or namespace name 'FontFamily' could[0m
[31;1m[0m[36;1m[36;1m[0m[36;1m[0m[36;1m[31;1m[31;1m[36;1m[31;1m[36;1m     | [31;1mnot be found (are you missing a using directive or an assembly[0m
[31;1m[0m[36;1m[36;1m[0m[36;1m[0m[36;1m[31;1m[31;1m[36;1m[31;1m[36;1m[31;1m[36;1m     | [31;1mreference?)                 FontFamily = new FontFamily("Cascadia Mono,[0m
[31;1m[0m[36;1m[36;1m[0m[36;1m[0m[36;1m[31;1m[31;1m[36;1m[31;1m[36;1m[31;1m[36;1m[31;1m[36;1m     | [31;1mConsolas, Courier New"),                                  ^[0m
[31;1mAdd-Type: [0m/home/teej/supertui/WPF/SuperTUI_Demo.ps1:40[0m
[31;1m[0m[36;1mLine |[0m
[31;1m[0m[36;1m[36;1m  40 | [0m [36;1mAdd-Type -TypeDefinition $combinedSource -ReferencedAssemblies $assem[0m …[0m
[31;1m[0m[36;1m[36;1m[0m[36;1m[0m[36;1m     | [31;1m ~~~~~~~~~~~~~~~~~~~~~~~~~~~~~~~~~~~~~~~~~~~~~~~~~~~~~~~~~~~~~~~~~~~~~[0m
[31;1m[0m[36;1m[36;1m[0m[36;1m[0m[36;1m[31;1m[31;1m[36;1m     | [31;1m(1081,34): error CS0246: The type or namespace name 'SolidColorBrush'[0m
[31;1m[0m[36;1m[36;1m[0m[36;1m[0m[36;1m[31;1m[31;1m[36;1m[31;1m[36;1m     | [31;1mcould not be found (are you missing a using directive or an assembly[0m
[31;1m[0m[36;1m[36;1m[0m[36;1m[0m[36;1m[31;1m[31;1m[36;1m[31;1m[36;1m[31;1m[36;1m     | [31;1mreference?)                 Foreground = new[0m
[31;1m[0m[36;1m[36;1m[0m[36;1m[0m[36;1m[31;1m[31;1m[36;1m[31;1m[36;1m[31;1m[36;1m[31;1m[36;1m     | [31;1mSolidColorBrush(Color.FromRgb(204, 204, 204)),                          [0m
[31;1m[0m[36;1m[36;1m[0m[36;1m[0m[36;1m[31;1m[31;1m[36;1m[31;1m[36;1m[31;1m[36;1m[31;1m[36;1m[31;1m[36;1m     | [31;1m^[0m
[31;1mAdd-Type: [0m/home/teej/supertui/WPF/SuperTUI_Demo.ps1:40[0m
[31;1m[0m[36;1mLine |[0m
[31;1m[0m[36;1m[36;1m  40 | [0m [36;1mAdd-Type -TypeDefinition $combinedSource -ReferencedAssemblies $assem[0m …[0m
[31;1m[0m[36;1m[36;1m[0m[36;1m[0m[36;1m     | [31;1m ~~~~~~~~~~~~~~~~~~~~~~~~~~~~~~~~~~~~~~~~~~~~~~~~~~~~~~~~~~~~~~~~~~~~~[0m
[31;1m[0m[36;1m[36;1m[0m[36;1m[0m[36;1m[31;1m[31;1m[36;1m     | [31;1m(1081,50): error CS0103: The name 'Color' does not exist in the current[0m
[31;1m[0m[36;1m[36;1m[0m[36;1m[0m[36;1m[31;1m[31;1m[36;1m[31;1m[36;1m     | [31;1mcontext                 Foreground = new[0m
[31;1m[0m[36;1m[36;1m[0m[36;1m[0m[36;1m[31;1m[31;1m[36;1m[31;1m[36;1m[31;1m[36;1m     | [31;1mSolidColorBrush(Color.FromRgb(204, 204, 204)),                          [0m
[31;1m[0m[36;1m[36;1m[0m[36;1m[0m[36;1m[31;1m[31;1m[36;1m[31;1m[36;1m[31;1m[36;1m[31;1m[36;1m     | [31;1m^[0m
[31;1mAdd-Type: [0m/home/teej/supertui/WPF/SuperTUI_Demo.ps1:40[0m
[31;1m[0m[36;1mLine |[0m
[31;1m[0m[36;1m[36;1m  40 | [0m [36;1mAdd-Type -TypeDefinition $combinedSource -ReferencedAssemblies $assem[0m …[0m
[31;1m[0m[36;1m[36;1m[0m[36;1m[0m[36;1m     | [31;1m ~~~~~~~~~~~~~~~~~~~~~~~~~~~~~~~~~~~~~~~~~~~~~~~~~~~~~~~~~~~~~~~~~~~~~[0m
[31;1m[0m[36;1m[36;1m[0m[36;1m[0m[36;1m[31;1m[31;1m[36;1m     | [31;1m(1082,39): error CS0103: The name 'HorizontalAlignment' does not exist[0m
[31;1m[0m[36;1m[36;1m[0m[36;1m[0m[36;1m[31;1m[31;1m[36;1m[31;1m[36;1m     | [31;1min the current context                 HorizontalAlignment =[0m
[31;1m[0m[36;1m[36;1m[0m[36;1m[0m[36;1m[31;1m[31;1m[36;1m[31;1m[36;1m[31;1m[36;1m     | [31;1mHorizontalAlignment.Center                                       ^[0m
[31;1mAdd-Type: [0m/home/teej/supertui/WPF/SuperTUI_Demo.ps1:40[0m
[31;1m[0m[36;1mLine |[0m
[31;1m[0m[36;1m[36;1m  40 | [0m [36;1mAdd-Type -TypeDefinition $combinedSource -ReferencedAssemblies $assem[0m …[0m
[31;1m[0m[36;1m[36;1m[0m[36;1m[0m[36;1m     | [31;1m ~~~~~~~~~~~~~~~~~~~~~~~~~~~~~~~~~~~~~~~~~~~~~~~~~~~~~~~~~~~~~~~~~~~~~[0m
[31;1m[0m[36;1m[36;1m[0m[36;1m[0m[36;1m[31;1m[31;1m[36;1m     | [31;1m(1089,18): error CS1061: 'ClockWidget' does not contain a definition for[0m
[31;1m[0m[36;1m[36;1m[0m[36;1m[0m[36;1m[31;1m[31;1m[36;1m[31;1m[36;1m     | [31;1m'Content' and no accessible extension method 'Content' accepting a first[0m
[31;1m[0m[36;1m[36;1m[0m[36;1m[0m[36;1m[31;1m[31;1m[36;1m[31;1m[36;1m[31;1m[36;1m     | [31;1margument of type 'ClockWidget' could be found (are you missing a using[0m
[31;1m[0m[36;1m[36;1m[0m[36;1m[0m[36;1m[31;1m[31;1m[36;1m[31;1m[36;1m[31;1m[36;1m[31;1m[36;1m     | [31;1mdirective or an assembly reference?)             this.Content = border; [0m
[31;1m[0m[36;1m[36;1m[0m[36;1m[0m[36;1m[31;1m[31;1m[36;1m[31;1m[36;1m[31;1m[36;1m[31;1m[36;1m[31;1m[36;1m     | [31;1m^[0m
[31;1mAdd-Type: [0m/home/teej/supertui/WPF/SuperTUI_Demo.ps1:40[0m
[31;1m[0m[36;1mLine |[0m
[31;1m[0m[36;1m[36;1m  40 | [0m [36;1mAdd-Type -TypeDefinition $combinedSource -ReferencedAssemblies $assem[0m …[0m
[31;1m[0m[36;1m[36;1m[0m[36;1m[0m[36;1m     | [31;1m ~~~~~~~~~~~~~~~~~~~~~~~~~~~~~~~~~~~~~~~~~~~~~~~~~~~~~~~~~~~~~~~~~~~~~[0m
[31;1m[0m[36;1m[36;1m[0m[36;1m[0m[36;1m[31;1m[31;1m[36;1m     | [31;1m(1092,33): error CS0103: The name 'TextBlock' does not exist in the[0m
[31;1m[0m[36;1m[36;1m[0m[36;1m[0m[36;1m[31;1m[31;1m[36;1m[31;1m[36;1m     | [31;1mcurrent context             timeText.SetBinding(TextBlock.TextProperty,[0m
[31;1m[0m[36;1m[36;1m[0m[36;1m[0m[36;1m[31;1m[31;1m[36;1m[31;1m[36;1m[31;1m[36;1m     | [31;1mnew System.Windows.Data.Binding("CurrentTime") { Source = this });      [0m
[31;1m[0m[36;1m[36;1m[0m[36;1m[0m[36;1m[31;1m[31;1m[36;1m[31;1m[36;1m[31;1m[36;1m[31;1m[36;1m     | [31;1m^[0m
[31;1mAdd-Type: [0m/home/teej/supertui/WPF/SuperTUI_Demo.ps1:40[0m
[31;1m[0m[36;1mLine |[0m
[31;1m[0m[36;1m[36;1m  40 | [0m [36;1mAdd-Type -TypeDefinition $combinedSource -ReferencedAssemblies $assem[0m …[0m
[31;1m[0m[36;1m[36;1m[0m[36;1m[0m[36;1m     | [31;1m ~~~~~~~~~~~~~~~~~~~~~~~~~~~~~~~~~~~~~~~~~~~~~~~~~~~~~~~~~~~~~~~~~~~~~[0m
[31;1m[0m[36;1m[36;1m[0m[36;1m[0m[36;1m[31;1m[31;1m[36;1m     | [31;1m(1092,76): error CS0234: The type or namespace name 'Data' does not[0m
[31;1m[0m[36;1m[36;1m[0m[36;1m[0m[36;1m[31;1m[31;1m[36;1m[31;1m[36;1m     | [31;1mexist in the namespace 'System.Windows' (are you missing an assembly[0m
[31;1m[0m[36;1m[36;1m[0m[36;1m[0m[36;1m[31;1m[31;1m[36;1m[31;1m[36;1m[31;1m[36;1m     | [31;1mreference?)             timeText.SetBinding(TextBlock.TextProperty, new[0m
[31;1m[0m[36;1m[36;1m[0m[36;1m[0m[36;1m[31;1m[31;1m[36;1m[31;1m[36;1m[31;1m[36;1m[31;1m[36;1m     | [31;1mSystem.Windows.Data.Binding("CurrentTime") { Source = this });          [0m
[31;1m[0m[36;1m[36;1m[0m[36;1m[0m[36;1m[31;1m[31;1m[36;1m[31;1m[36;1m[31;1m[36;1m[31;1m[36;1m[31;1m[36;1m     | [31;1m^[0m
[31;1mAdd-Type: [0m/home/teej/supertui/WPF/SuperTUI_Demo.ps1:40[0m
[31;1m[0m[36;1mLine |[0m
[31;1m[0m[36;1m[36;1m  40 | [0m [36;1mAdd-Type -TypeDefinition $combinedSource -ReferencedAssemblies $assem[0m …[0m
[31;1m[0m[36;1m[36;1m[0m[36;1m[0m[36;1m     | [31;1m ~~~~~~~~~~~~~~~~~~~~~~~~~~~~~~~~~~~~~~~~~~~~~~~~~~~~~~~~~~~~~~~~~~~~~[0m
[31;1m[0m[36;1m[36;1m[0m[36;1m[0m[36;1m[31;1m[31;1m[36;1m     | [31;1m(1093,33): error CS0103: The name 'TextBlock' does not exist in the[0m
[31;1m[0m[36;1m[36;1m[0m[36;1m[0m[36;1m[31;1m[31;1m[36;1m[31;1m[36;1m     | [31;1mcurrent context             dateText.SetBinding(TextBlock.TextProperty,[0m
[31;1m[0m[36;1m[36;1m[0m[36;1m[0m[36;1m[31;1m[31;1m[36;1m[31;1m[36;1m[31;1m[36;1m     | [31;1mnew System.Windows.Data.Binding("CurrentDate") { Source = this });      [0m
[31;1m[0m[36;1m[36;1m[0m[36;1m[0m[36;1m[31;1m[31;1m[36;1m[31;1m[36;1m[31;1m[36;1m[31;1m[36;1m     | [31;1m^[0m
[31;1mAdd-Type: [0m/home/teej/supertui/WPF/SuperTUI_Demo.ps1:40[0m
[31;1m[0m[36;1mLine |[0m
[31;1m[0m[36;1m[36;1m  40 | [0m [36;1mAdd-Type -TypeDefinition $combinedSource -ReferencedAssemblies $assem[0m …[0m
[31;1m[0m[36;1m[36;1m[0m[36;1m[0m[36;1m     | [31;1m ~~~~~~~~~~~~~~~~~~~~~~~~~~~~~~~~~~~~~~~~~~~~~~~~~~~~~~~~~~~~~~~~~~~~~[0m
[31;1m[0m[36;1m[36;1m[0m[36;1m[0m[36;1m[31;1m[31;1m[36;1m     | [31;1m(1093,76): error CS0234: The type or namespace name 'Data' does not[0m
[31;1m[0m[36;1m[36;1m[0m[36;1m[0m[36;1m[31;1m[31;1m[36;1m[31;1m[36;1m     | [31;1mexist in the namespace 'System.Windows' (are you missing an assembly[0m
[31;1m[0m[36;1m[36;1m[0m[36;1m[0m[36;1m[31;1m[31;1m[36;1m[31;1m[36;1m[31;1m[36;1m     | [31;1mreference?)             dateText.SetBinding(TextBlock.TextProperty, new[0m
[31;1m[0m[36;1m[36;1m[0m[36;1m[0m[36;1m[31;1m[31;1m[36;1m[31;1m[36;1m[31;1m[36;1m[31;1m[36;1m     | [31;1mSystem.Windows.Data.Binding("CurrentDate") { Source = this });          [0m
[31;1m[0m[36;1m[36;1m[0m[36;1m[0m[36;1m[31;1m[31;1m[36;1m[31;1m[36;1m[31;1m[36;1m[31;1m[36;1m[31;1m[36;1m     | [31;1m^[0m
[31;1mAdd-Type: [0m/home/teej/supertui/WPF/SuperTUI_Demo.ps1:40[0m
[31;1m[0m[36;1mLine |[0m
[31;1m[0m[36;1m[36;1m  40 | [0m [36;1mAdd-Type -TypeDefinition $combinedSource -ReferencedAssemblies $assem[0m …[0m
[31;1m[0m[36;1m[36;1m[0m[36;1m[0m[36;1m     | [31;1m ~~~~~~~~~~~~~~~~~~~~~~~~~~~~~~~~~~~~~~~~~~~~~~~~~~~~~~~~~~~~~~~~~~~~~[0m
[31;1m[0m[36;1m[36;1m[0m[36;1m[0m[36;1m[31;1m[31;1m[36;1m     | [31;1m(1322,30): error CS0246: The type or namespace name 'Border' could not[0m
[31;1m[0m[36;1m[36;1m[0m[36;1m[0m[36;1m[31;1m[31;1m[36;1m[31;1m[36;1m     | [31;1mbe found (are you missing a using directive or an assembly reference?)  [0m
[31;1m[0m[36;1m[36;1m[0m[36;1m[0m[36;1m[31;1m[31;1m[36;1m[31;1m[36;1m[31;1m[36;1m     | [31;1mvar border = new Border                              ^[0m
[31;1mAdd-Type: [0m/home/teej/supertui/WPF/SuperTUI_Demo.ps1:40[0m
[31;1m[0m[36;1mLine |[0m
[31;1m[0m[36;1m[36;1m  40 | [0m [36;1mAdd-Type -TypeDefinition $combinedSource -ReferencedAssemblies $assem[0m …[0m
[31;1m[0m[36;1m[36;1m[0m[36;1m[0m[36;1m     | [31;1m ~~~~~~~~~~~~~~~~~~~~~~~~~~~~~~~~~~~~~~~~~~~~~~~~~~~~~~~~~~~~~~~~~~~~~[0m
[31;1m[0m[36;1m[36;1m[0m[36;1m[0m[36;1m[31;1m[31;1m[36;1m     | [31;1m(1324,34): error CS0246: The type or namespace name 'SolidColorBrush'[0m
[31;1m[0m[36;1m[36;1m[0m[36;1m[0m[36;1m[31;1m[31;1m[36;1m[31;1m[36;1m     | [31;1mcould not be found (are you missing a using directive or an assembly[0m
[31;1m[0m[36;1m[36;1m[0m[36;1m[0m[36;1m[31;1m[31;1m[36;1m[31;1m[36;1m[31;1m[36;1m     | [31;1mreference?)                 Background = new[0m
[31;1m[0m[36;1m[36;1m[0m[36;1m[0m[36;1m[31;1m[31;1m[36;1m[31;1m[36;1m[31;1m[36;1m[31;1m[36;1m     | [31;1mSolidColorBrush(Color.FromRgb(26, 26, 26)),                             [0m
[31;1m[0m[36;1m[36;1m[0m[36;1m[0m[36;1m[31;1m[31;1m[36;1m[31;1m[36;1m[31;1m[36;1m[31;1m[36;1m[31;1m[36;1m     | [31;1m^[0m
[31;1mAdd-Type: [0m/home/teej/supertui/WPF/SuperTUI_Demo.ps1:40[0m
[31;1m[0m[36;1mLine |[0m
[31;1m[0m[36;1m[36;1m  40 | [0m [36;1mAdd-Type -TypeDefinition $combinedSource -ReferencedAssemblies $assem[0m …[0m
[31;1m[0m[36;1m[36;1m[0m[36;1m[0m[36;1m     | [31;1m ~~~~~~~~~~~~~~~~~~~~~~~~~~~~~~~~~~~~~~~~~~~~~~~~~~~~~~~~~~~~~~~~~~~~~[0m
[31;1m[0m[36;1m[36;1m[0m[36;1m[0m[36;1m[31;1m[31;1m[36;1m     | [31;1m(1324,50): error CS0103: The name 'Color' does not exist in the current[0m
[31;1m[0m[36;1m[36;1m[0m[36;1m[0m[36;1m[31;1m[31;1m[36;1m[31;1m[36;1m     | [31;1mcontext                 Background = new[0m
[31;1m[0m[36;1m[36;1m[0m[36;1m[0m[36;1m[31;1m[31;1m[36;1m[31;1m[36;1m[31;1m[36;1m     | [31;1mSolidColorBrush(Color.FromRgb(26, 26, 26)),                             [0m
[31;1m[0m[36;1m[36;1m[0m[36;1m[0m[36;1m[31;1m[31;1m[36;1m[31;1m[36;1m[31;1m[36;1m[31;1m[36;1m     | [31;1m^[0m
[31;1mAdd-Type: [0m/home/teej/supertui/WPF/SuperTUI_Demo.ps1:40[0m
[31;1m[0m[36;1mLine |[0m
[31;1m[0m[36;1m[36;1m  40 | [0m [36;1mAdd-Type -TypeDefinition $combinedSource -ReferencedAssemblies $assem[0m …[0m
[31;1m[0m[36;1m[36;1m[0m[36;1m[0m[36;1m     | [31;1m ~~~~~~~~~~~~~~~~~~~~~~~~~~~~~~~~~~~~~~~~~~~~~~~~~~~~~~~~~~~~~~~~~~~~~[0m
[31;1m[0m[36;1m[36;1m[0m[36;1m[0m[36;1m[31;1m[31;1m[36;1m     | [31;1m(1325,35): error CS0246: The type or namespace name 'SolidColorBrush'[0m
[31;1m[0m[36;1m[36;1m[0m[36;1m[0m[36;1m[31;1m[31;1m[36;1m[31;1m[36;1m     | [31;1mcould not be found (are you missing a using directive or an assembly[0m
[31;1m[0m[36;1m[36;1m[0m[36;1m[0m[36;1m[31;1m[31;1m[36;1m[31;1m[36;1m[31;1m[36;1m     | [31;1mreference?)                 BorderBrush = new[0m
[31;1m[0m[36;1m[36;1m[0m[36;1m[0m[36;1m[31;1m[31;1m[36;1m[31;1m[36;1m[31;1m[36;1m[31;1m[36;1m     | [31;1mSolidColorBrush(Color.FromRgb(58, 58, 58)),                             [0m
[31;1m[0m[36;1m[36;1m[0m[36;1m[0m[36;1m[31;1m[31;1m[36;1m[31;1m[36;1m[31;1m[36;1m[31;1m[36;1m[31;1m[36;1m     | [31;1m^[0m
[31;1mAdd-Type: [0m/home/teej/supertui/WPF/SuperTUI_Demo.ps1:40[0m
[31;1m[0m[36;1mLine |[0m
[31;1m[0m[36;1m[36;1m  40 | [0m [36;1mAdd-Type -TypeDefinition $combinedSource -ReferencedAssemblies $assem[0m …[0m
[31;1m[0m[36;1m[36;1m[0m[36;1m[0m[36;1m     | [31;1m ~~~~~~~~~~~~~~~~~~~~~~~~~~~~~~~~~~~~~~~~~~~~~~~~~~~~~~~~~~~~~~~~~~~~~[0m
[31;1m[0m[36;1m[36;1m[0m[36;1m[0m[36;1m[31;1m[31;1m[36;1m     | [31;1m(1325,51): error CS0103: The name 'Color' does not exist in the current[0m
[31;1m[0m[36;1m[36;1m[0m[36;1m[0m[36;1m[31;1m[31;1m[36;1m[31;1m[36;1m     | [31;1mcontext                 BorderBrush = new[0m
[31;1m[0m[36;1m[36;1m[0m[36;1m[0m[36;1m[31;1m[31;1m[36;1m[31;1m[36;1m[31;1m[36;1m     | [31;1mSolidColorBrush(Color.FromRgb(58, 58, 58)),                             [0m
[31;1m[0m[36;1m[36;1m[0m[36;1m[0m[36;1m[31;1m[31;1m[36;1m[31;1m[36;1m[31;1m[36;1m[31;1m[36;1m     | [31;1m^[0m
[31;1mAdd-Type: [0m/home/teej/supertui/WPF/SuperTUI_Demo.ps1:40[0m
[31;1m[0m[36;1mLine |[0m
[31;1m[0m[36;1m[36;1m  40 | [0m [36;1mAdd-Type -TypeDefinition $combinedSource -ReferencedAssemblies $assem[0m …[0m
[31;1m[0m[36;1m[36;1m[0m[36;1m[0m[36;1m     | [31;1m ~~~~~~~~~~~~~~~~~~~~~~~~~~~~~~~~~~~~~~~~~~~~~~~~~~~~~~~~~~~~~~~~~~~~~[0m
[31;1m[0m[36;1m[36;1m[0m[36;1m[0m[36;1m[31;1m[31;1m[36;1m     | [31;1m(1326,39): error CS0246: The type or namespace name 'Thickness' could[0m
[31;1m[0m[36;1m[36;1m[0m[36;1m[0m[36;1m[31;1m[31;1m[36;1m[31;1m[36;1m     | [31;1mnot be found (are you missing a using directive or an assembly[0m
[31;1m[0m[36;1m[36;1m[0m[36;1m[0m[36;1m[31;1m[31;1m[36;1m[31;1m[36;1m[31;1m[36;1m     | [31;1mreference?)                 BorderThickness = new Thickness(1),         [0m
[31;1m[0m[36;1m[36;1m[0m[36;1m[0m[36;1m[31;1m[31;1m[36;1m[31;1m[36;1m[31;1m[36;1m[31;1m[36;1m     | [31;1m^[0m
[31;1mAdd-Type: [0m/home/teej/supertui/WPF/SuperTUI_Demo.ps1:40[0m
[31;1m[0m[36;1mLine |[0m
[31;1m[0m[36;1m[36;1m  40 | [0m [36;1mAdd-Type -TypeDefinition $combinedSource -ReferencedAssemblies $assem[0m …[0m
[31;1m[0m[36;1m[36;1m[0m[36;1m[0m[36;1m     | [31;1m ~~~~~~~~~~~~~~~~~~~~~~~~~~~~~~~~~~~~~~~~~~~~~~~~~~~~~~~~~~~~~~~~~~~~~[0m
[31;1m[0m[36;1m[36;1m[0m[36;1m[0m[36;1m[31;1m[31;1m[36;1m     | [31;1m(1327,31): error CS0246: The type or namespace name 'Thickness' could[0m
[31;1m[0m[36;1m[36;1m[0m[36;1m[0m[36;1m[31;1m[31;1m[36;1m[31;1m[36;1m     | [31;1mnot be found (are you missing a using directive or an assembly[0m
[31;1m[0m[36;1m[36;1m[0m[36;1m[0m[36;1m[31;1m[31;1m[36;1m[31;1m[36;1m[31;1m[36;1m     | [31;1mreference?)                 Padding = new Thickness(20)                 [0m
[31;1m[0m[36;1m[36;1m[0m[36;1m[0m[36;1m[31;1m[31;1m[36;1m[31;1m[36;1m[31;1m[36;1m[31;1m[36;1m     | [31;1m^[0m
[31;1mAdd-Type: [0m/home/teej/supertui/WPF/SuperTUI_Demo.ps1:40[0m
[31;1m[0m[36;1mLine |[0m
[31;1m[0m[36;1m[36;1m  40 | [0m [36;1mAdd-Type -TypeDefinition $combinedSource -ReferencedAssemblies $assem[0m …[0m
[31;1m[0m[36;1m[36;1m[0m[36;1m[0m[36;1m     | [31;1m ~~~~~~~~~~~~~~~~~~~~~~~~~~~~~~~~~~~~~~~~~~~~~~~~~~~~~~~~~~~~~~~~~~~~~[0m
[31;1m[0m[36;1m[36;1m[0m[36;1m[0m[36;1m[31;1m[31;1m[36;1m     | [31;1m(1330,34): error CS0246: The type or namespace name 'StackPanel' could[0m
[31;1m[0m[36;1m[36;1m[0m[36;1m[0m[36;1m[31;1m[31;1m[36;1m[31;1m[36;1m     | [31;1mnot be found (are you missing a using directive or an assembly[0m
[31;1m[0m[36;1m[36;1m[0m[36;1m[0m[36;1m[31;1m[31;1m[36;1m[31;1m[36;1m[31;1m[36;1m     | [31;1mreference?)             var stackPanel = new StackPanel                 [0m
[31;1m[0m[36;1m[36;1m[0m[36;1m[0m[36;1m[31;1m[31;1m[36;1m[31;1m[36;1m[31;1m[36;1m[31;1m[36;1m     | [31;1m^[0m
[31;1mAdd-Type: [0m/home/teej/supertui/WPF/SuperTUI_Demo.ps1:40[0m
[31;1m[0m[36;1mLine |[0m
[31;1m[0m[36;1m[36;1m  40 | [0m [36;1mAdd-Type -TypeDefinition $combinedSource -ReferencedAssemblies $assem[0m …[0m
[31;1m[0m[36;1m[36;1m[0m[36;1m[0m[36;1m     | [31;1m ~~~~~~~~~~~~~~~~~~~~~~~~~~~~~~~~~~~~~~~~~~~~~~~~~~~~~~~~~~~~~~~~~~~~~[0m
[31;1m[0m[36;1m[36;1m[0m[36;1m[0m[36;1m[31;1m[31;1m[36;1m     | [31;1m(1332,39): error CS0103: The name 'HorizontalAlignment' does not exist[0m
[31;1m[0m[36;1m[36;1m[0m[36;1m[0m[36;1m[31;1m[31;1m[36;1m[31;1m[36;1m     | [31;1min the current context                 HorizontalAlignment =[0m
[31;1m[0m[36;1m[36;1m[0m[36;1m[0m[36;1m[31;1m[31;1m[36;1m[31;1m[36;1m[31;1m[36;1m     | [31;1mHorizontalAlignment.Center,                                       ^[0m
[31;1mAdd-Type: [0m/home/teej/supertui/WPF/SuperTUI_Demo.ps1:40[0m
[31;1m[0m[36;1mLine |[0m
[31;1m[0m[36;1m[36;1m  40 | [0m [36;1mAdd-Type -TypeDefinition $combinedSource -ReferencedAssemblies $assem[0m …[0m
[31;1m[0m[36;1m[36;1m[0m[36;1m[0m[36;1m     | [31;1m ~~~~~~~~~~~~~~~~~~~~~~~~~~~~~~~~~~~~~~~~~~~~~~~~~~~~~~~~~~~~~~~~~~~~~[0m
[31;1m[0m[36;1m[36;1m[0m[36;1m[0m[36;1m[31;1m[31;1m[36;1m     | [31;1m(1333,37): error CS0103: The name 'VerticalAlignment' does not exist in[0m
[31;1m[0m[36;1m[36;1m[0m[36;1m[0m[36;1m[31;1m[31;1m[36;1m[31;1m[36;1m     | [31;1mthe current context                 VerticalAlignment =[0m
[31;1m[0m[36;1m[36;1m[0m[36;1m[0m[36;1m[31;1m[31;1m[36;1m[31;1m[36;1m[31;1m[36;1m     | [31;1mVerticalAlignment.Center                                     ^[0m
[31;1mAdd-Type: [0m/home/teej/supertui/WPF/SuperTUI_Demo.ps1:40[0m
[31;1m[0m[36;1mLine |[0m
[31;1m[0m[36;1m[36;1m  40 | [0m [36;1mAdd-Type -TypeDefinition $combinedSource -ReferencedAssemblies $assem[0m …[0m
[31;1m[0m[36;1m[36;1m[0m[36;1m[0m[36;1m     | [31;1m ~~~~~~~~~~~~~~~~~~~~~~~~~~~~~~~~~~~~~~~~~~~~~~~~~~~~~~~~~~~~~~~~~~~~~[0m
[31;1m[0m[36;1m[36;1m[0m[36;1m[0m[36;1m[31;1m[31;1m[36;1m     | [31;1m(1337,29): error CS0246: The type or namespace name 'TextBlock' could[0m
[31;1m[0m[36;1m[36;1m[0m[36;1m[0m[36;1m[31;1m[31;1m[36;1m[31;1m[36;1m     | [31;1mnot be found (are you missing a using directive or an assembly[0m
[31;1m[0m[36;1m[36;1m[0m[36;1m[0m[36;1m[31;1m[31;1m[36;1m[31;1m[36;1m[31;1m[36;1m     | [31;1mreference?)             var title = new TextBlock                       [0m
[31;1m[0m[36;1m[36;1m[0m[36;1m[0m[36;1m[31;1m[31;1m[36;1m[31;1m[36;1m[31;1m[36;1m[31;1m[36;1m     | [31;1m^[0m
[31;1mAdd-Type: [0m/home/teej/supertui/WPF/SuperTUI_Demo.ps1:40[0m
[31;1m[0m[36;1mLine |[0m
[31;1m[0m[36;1m[36;1m  40 | [0m [36;1mAdd-Type -TypeDefinition $combinedSource -ReferencedAssemblies $assem[0m …[0m
[31;1m[0m[36;1m[36;1m[0m[36;1m[0m[36;1m     | [31;1m ~~~~~~~~~~~~~~~~~~~~~~~~~~~~~~~~~~~~~~~~~~~~~~~~~~~~~~~~~~~~~~~~~~~~~[0m
[31;1m[0m[36;1m[36;1m[0m[36;1m[0m[36;1m[31;1m[31;1m[36;1m     | [31;1m(1340,34): error CS0246: The type or namespace name 'FontFamily' could[0m
[31;1m[0m[36;1m[36;1m[0m[36;1m[0m[36;1m[31;1m[31;1m[36;1m[31;1m[36;1m     | [31;1mnot be found (are you missing a using directive or an assembly[0m
[31;1m[0m[36;1m[36;1m[0m[36;1m[0m[36;1m[31;1m[31;1m[36;1m[31;1m[36;1m[31;1m[36;1m     | [31;1mreference?)                 FontFamily = new FontFamily("Cascadia Mono,[0m
[31;1m[0m[36;1m[36;1m[0m[36;1m[0m[36;1m[31;1m[31;1m[36;1m[31;1m[36;1m[31;1m[36;1m[31;1m[36;1m     | [31;1mConsolas"),                                  ^[0m
[31;1mAdd-Type: [0m/home/teej/supertui/WPF/SuperTUI_Demo.ps1:40[0m
[31;1m[0m[36;1mLine |[0m
[31;1m[0m[36;1m[36;1m  40 | [0m [36;1mAdd-Type -TypeDefinition $combinedSource -ReferencedAssemblies $assem[0m …[0m
[31;1m[0m[36;1m[36;1m[0m[36;1m[0m[36;1m     | [31;1m ~~~~~~~~~~~~~~~~~~~~~~~~~~~~~~~~~~~~~~~~~~~~~~~~~~~~~~~~~~~~~~~~~~~~~[0m
[31;1m[0m[36;1m[36;1m[0m[36;1m[0m[36;1m[31;1m[31;1m[36;1m     | [31;1m(1342,30): error CS0103: The name 'FontWeights' does not exist in the[0m
[31;1m[0m[36;1m[36;1m[0m[36;1m[0m[36;1m[31;1m[31;1m[36;1m[31;1m[36;1m     | [31;1mcurrent context                 FontWeight = FontWeights.Bold,          [0m
[31;1m[0m[36;1m[36;1m[0m[36;1m[0m[36;1m[31;1m[31;1m[36;1m[31;1m[36;1m[31;1m[36;1m     | [31;1m^[0m
[31;1mAdd-Type: [0m/home/teej/supertui/WPF/SuperTUI_Demo.ps1:40[0m
[31;1m[0m[36;1mLine |[0m
[31;1m[0m[36;1m[36;1m  40 | [0m [36;1mAdd-Type -TypeDefinition $combinedSource -ReferencedAssemblies $assem[0m …[0m
[31;1m[0m[36;1m[36;1m[0m[36;1m[0m[36;1m     | [31;1m ~~~~~~~~~~~~~~~~~~~~~~~~~~~~~~~~~~~~~~~~~~~~~~~~~~~~~~~~~~~~~~~~~~~~~[0m
[31;1m[0m[36;1m[36;1m[0m[36;1m[0m[36;1m[31;1m[31;1m[36;1m     | [31;1m(1343,34): error CS0246: The type or namespace name 'SolidColorBrush'[0m
[31;1m[0m[36;1m[36;1m[0m[36;1m[0m[36;1m[31;1m[31;1m[36;1m[31;1m[36;1m     | [31;1mcould not be found (are you missing a using directive or an assembly[0m
[31;1m[0m[36;1m[36;1m[0m[36;1m[0m[36;1m[31;1m[31;1m[36;1m[31;1m[36;1m[31;1m[36;1m     | [31;1mreference?)                 Foreground = new[0m
[31;1m[0m[36;1m[36;1m[0m[36;1m[0m[36;1m[31;1m[31;1m[36;1m[31;1m[36;1m[31;1m[36;1m[31;1m[36;1m     | [31;1mSolidColorBrush(Color.FromRgb(102, 102, 102)),                          [0m
[31;1m[0m[36;1m[36;1m[0m[36;1m[0m[36;1m[31;1m[31;1m[36;1m[31;1m[36;1m[31;1m[36;1m[31;1m[36;1m[31;1m[36;1m     | [31;1m^[0m
[31;1mAdd-Type: [0m/home/teej/supertui/WPF/SuperTUI_Demo.ps1:40[0m
[31;1m[0m[36;1mLine |[0m
[31;1m[0m[36;1m[36;1m  40 | [0m [36;1mAdd-Type -TypeDefinition $combinedSource -ReferencedAssemblies $assem[0m …[0m
[31;1m[0m[36;1m[36;1m[0m[36;1m[0m[36;1m     | [31;1m ~~~~~~~~~~~~~~~~~~~~~~~~~~~~~~~~~~~~~~~~~~~~~~~~~~~~~~~~~~~~~~~~~~~~~[0m
[31;1m[0m[36;1m[36;1m[0m[36;1m[0m[36;1m[31;1m[31;1m[36;1m     | [31;1m(1343,50): error CS0103: The name 'Color' does not exist in the current[0m
[31;1m[0m[36;1m[36;1m[0m[36;1m[0m[36;1m[31;1m[31;1m[36;1m[31;1m[36;1m     | [31;1mcontext                 Foreground = new[0m
[31;1m[0m[36;1m[36;1m[0m[36;1m[0m[36;1m[31;1m[31;1m[36;1m[31;1m[36;1m[31;1m[36;1m     | [31;1mSolidColorBrush(Color.FromRgb(102, 102, 102)),                          [0m
[31;1m[0m[36;1m[36;1m[0m[36;1m[0m[36;1m[31;1m[31;1m[36;1m[31;1m[36;1m[31;1m[36;1m[31;1m[36;1m     | [31;1m^[0m
[31;1mAdd-Type: [0m/home/teej/supertui/WPF/SuperTUI_Demo.ps1:40[0m
[31;1m[0m[36;1mLine |[0m
[31;1m[0m[36;1m[36;1m  40 | [0m [36;1mAdd-Type -TypeDefinition $combinedSource -ReferencedAssemblies $assem[0m …[0m
[31;1m[0m[36;1m[36;1m[0m[36;1m[0m[36;1m     | [31;1m ~~~~~~~~~~~~~~~~~~~~~~~~~~~~~~~~~~~~~~~~~~~~~~~~~~~~~~~~~~~~~~~~~~~~~[0m
[31;1m[0m[36;1m[36;1m[0m[36;1m[0m[36;1m[31;1m[31;1m[36;1m     | [31;1m(1344,39): error CS0103: The name 'HorizontalAlignment' does not exist[0m
[31;1m[0m[36;1m[36;1m[0m[36;1m[0m[36;1m[31;1m[31;1m[36;1m[31;1m[36;1m     | [31;1min the current context                 HorizontalAlignment =[0m
[31;1m[0m[36;1m[36;1m[0m[36;1m[0m[36;1m[31;1m[31;1m[36;1m[31;1m[36;1m[31;1m[36;1m     | [31;1mHorizontalAlignment.Center,                                       ^[0m
[31;1mAdd-Type: [0m/home/teej/supertui/WPF/SuperTUI_Demo.ps1:40[0m
[31;1m[0m[36;1mLine |[0m
[31;1m[0m[36;1m[36;1m  40 | [0m [36;1mAdd-Type -TypeDefinition $combinedSource -ReferencedAssemblies $assem[0m …[0m
[31;1m[0m[36;1m[36;1m[0m[36;1m[0m[36;1m     | [31;1m ~~~~~~~~~~~~~~~~~~~~~~~~~~~~~~~~~~~~~~~~~~~~~~~~~~~~~~~~~~~~~~~~~~~~~[0m
[31;1m[0m[36;1m[36;1m[0m[36;1m[0m[36;1m[31;1m[31;1m[36;1m     | [31;1m(1345,30): error CS0246: The type or namespace name 'Thickness' could[0m
[31;1m[0m[36;1m[36;1m[0m[36;1m[0m[36;1m[31;1m[31;1m[36;1m[31;1m[36;1m     | [31;1mnot be found (are you missing a using directive or an assembly[0m
[31;1m[0m[36;1m[36;1m[0m[36;1m[0m[36;1m[31;1m[31;1m[36;1m[31;1m[36;1m[31;1m[36;1m     | [31;1mreference?)                 Margin = new Thickness(0, 0, 0, 15)         [0m
[31;1m[0m[36;1m[36;1m[0m[36;1m[0m[36;1m[31;1m[31;1m[36;1m[31;1m[36;1m[31;1m[36;1m[31;1m[36;1m     | [31;1m^[0m
[31;1mAdd-Type: [0m/home/teej/supertui/WPF/SuperTUI_Demo.ps1:40[0m
[31;1m[0m[36;1mLine |[0m
[31;1m[0m[36;1m[36;1m  40 | [0m [36;1mAdd-Type -TypeDefinition $combinedSource -ReferencedAssemblies $assem[0m …[0m
[31;1m[0m[36;1m[36;1m[0m[36;1m[0m[36;1m     | [31;1m ~~~~~~~~~~~~~~~~~~~~~~~~~~~~~~~~~~~~~~~~~~~~~~~~~~~~~~~~~~~~~~~~~~~~~[0m
[31;1m[0m[36;1m[36;1m[0m[36;1m[0m[36;1m[31;1m[31;1m[36;1m     | [31;1m(1349,29): error CS0246: The type or namespace name 'TextBlock' could[0m
[31;1m[0m[36;1m[36;1m[0m[36;1m[0m[36;1m[31;1m[31;1m[36;1m[31;1m[36;1m     | [31;1mnot be found (are you missing a using directive or an assembly[0m
[31;1m[0m[36;1m[36;1m[0m[36;1m[0m[36;1m[31;1m[31;1m[36;1m[31;1m[36;1m[31;1m[36;1m     | [31;1mreference?)             countText = new TextBlock                       [0m
[31;1m[0m[36;1m[36;1m[0m[36;1m[0m[36;1m[31;1m[31;1m[36;1m[31;1m[36;1m[31;1m[36;1m[31;1m[36;1m     | [31;1m^[0m
[31;1mAdd-Type: [0m/home/teej/supertui/WPF/SuperTUI_Demo.ps1:40[0m
[31;1m[0m[36;1mLine |[0m
[31;1m[0m[36;1m[36;1m  40 | [0m [36;1mAdd-Type -TypeDefinition $combinedSource -ReferencedAssemblies $assem[0m …[0m
[31;1m[0m[36;1m[36;1m[0m[36;1m[0m[36;1m     | [31;1m ~~~~~~~~~~~~~~~~~~~~~~~~~~~~~~~~~~~~~~~~~~~~~~~~~~~~~~~~~~~~~~~~~~~~~[0m
[31;1m[0m[36;1m[36;1m[0m[36;1m[0m[36;1m[31;1m[31;1m[36;1m     | [31;1m(1352,34): error CS0246: The type or namespace name 'FontFamily' could[0m
[31;1m[0m[36;1m[36;1m[0m[36;1m[0m[36;1m[31;1m[31;1m[36;1m[31;1m[36;1m     | [31;1mnot be found (are you missing a using directive or an assembly[0m
[31;1m[0m[36;1m[36;1m[0m[36;1m[0m[36;1m[31;1m[31;1m[36;1m[31;1m[36;1m[31;1m[36;1m     | [31;1mreference?)                 FontFamily = new FontFamily("Cascadia Mono,[0m
[31;1m[0m[36;1m[36;1m[0m[36;1m[0m[36;1m[31;1m[31;1m[36;1m[31;1m[36;1m[31;1m[36;1m[31;1m[36;1m     | [31;1mConsolas"),                                  ^[0m
[31;1mAdd-Type: [0m/home/teej/supertui/WPF/SuperTUI_Demo.ps1:40[0m
[31;1m[0m[36;1mLine |[0m
[31;1m[0m[36;1m[36;1m  40 | [0m [36;1mAdd-Type -TypeDefinition $combinedSource -ReferencedAssemblies $assem[0m …[0m
[31;1m[0m[36;1m[36;1m[0m[36;1m[0m[36;1m     | [31;1m ~~~~~~~~~~~~~~~~~~~~~~~~~~~~~~~~~~~~~~~~~~~~~~~~~~~~~~~~~~~~~~~~~~~~~[0m
[31;1m[0m[36;1m[36;1m[0m[36;1m[0m[36;1m[31;1m[31;1m[36;1m     | [31;1m(1354,30): error CS0103: The name 'FontWeights' does not exist in the[0m
[31;1m[0m[36;1m[36;1m[0m[36;1m[0m[36;1m[31;1m[31;1m[36;1m[31;1m[36;1m     | [31;1mcurrent context                 FontWeight = FontWeights.Bold,          [0m
[31;1m[0m[36;1m[36;1m[0m[36;1m[0m[36;1m[31;1m[31;1m[36;1m[31;1m[36;1m[31;1m[36;1m     | [31;1m^[0m
[31;1mAdd-Type: [0m/home/teej/supertui/WPF/SuperTUI_Demo.ps1:40[0m
[31;1m[0m[36;1mLine |[0m
[31;1m[0m[36;1m[36;1m  40 | [0m [36;1mAdd-Type -TypeDefinition $combinedSource -ReferencedAssemblies $assem[0m …[0m
[31;1m[0m[36;1m[36;1m[0m[36;1m[0m[36;1m     | [31;1m ~~~~~~~~~~~~~~~~~~~~~~~~~~~~~~~~~~~~~~~~~~~~~~~~~~~~~~~~~~~~~~~~~~~~~[0m
[31;1m[0m[36;1m[36;1m[0m[36;1m[0m[36;1m[31;1m[31;1m[36;1m     | [31;1m(1355,34): error CS0246: The type or namespace name 'SolidColorBrush'[0m
[31;1m[0m[36;1m[36;1m[0m[36;1m[0m[36;1m[31;1m[31;1m[36;1m[31;1m[36;1m     | [31;1mcould not be found (are you missing a using directive or an assembly[0m
[31;1m[0m[36;1m[36;1m[0m[36;1m[0m[36;1m[31;1m[31;1m[36;1m[31;1m[36;1m[31;1m[36;1m     | [31;1mreference?)                 Foreground = new[0m
[31;1m[0m[36;1m[36;1m[0m[36;1m[0m[36;1m[31;1m[31;1m[36;1m[31;1m[36;1m[31;1m[36;1m[31;1m[36;1m     | [31;1mSolidColorBrush(Color.FromRgb(86, 156, 214)),                           [0m
[31;1m[0m[36;1m[36;1m[0m[36;1m[0m[36;1m[31;1m[31;1m[36;1m[31;1m[36;1m[31;1m[36;1m[31;1m[36;1m[31;1m[36;1m     | [31;1m^[0m
[31;1mAdd-Type: [0m/home/teej/supertui/WPF/SuperTUI_Demo.ps1:40[0m
[31;1m[0m[36;1mLine |[0m
[31;1m[0m[36;1m[36;1m  40 | [0m [36;1mAdd-Type -TypeDefinition $combinedSource -ReferencedAssemblies $assem[0m …[0m
[31;1m[0m[36;1m[36;1m[0m[36;1m[0m[36;1m     | [31;1m ~~~~~~~~~~~~~~~~~~~~~~~~~~~~~~~~~~~~~~~~~~~~~~~~~~~~~~~~~~~~~~~~~~~~~[0m
[31;1m[0m[36;1m[36;1m[0m[36;1m[0m[36;1m[31;1m[31;1m[36;1m     | [31;1m(1355,50): error CS0103: The name 'Color' does not exist in the current[0m
[31;1m[0m[36;1m[36;1m[0m[36;1m[0m[36;1m[31;1m[31;1m[36;1m[31;1m[36;1m     | [31;1mcontext                 Foreground = new[0m
[31;1m[0m[36;1m[36;1m[0m[36;1m[0m[36;1m[31;1m[31;1m[36;1m[31;1m[36;1m[31;1m[36;1m     | [31;1mSolidColorBrush(Color.FromRgb(86, 156, 214)),                           [0m
[31;1m[0m[36;1m[36;1m[0m[36;1m[0m[36;1m[31;1m[31;1m[36;1m[31;1m[36;1m[31;1m[36;1m[31;1m[36;1m     | [31;1m^[0m
[31;1mAdd-Type: [0m/home/teej/supertui/WPF/SuperTUI_Demo.ps1:40[0m
[31;1m[0m[36;1mLine |[0m
[31;1m[0m[36;1m[36;1m  40 | [0m [36;1mAdd-Type -TypeDefinition $combinedSource -ReferencedAssemblies $assem[0m …[0m
[31;1m[0m[36;1m[36;1m[0m[36;1m[0m[36;1m     | [31;1m ~~~~~~~~~~~~~~~~~~~~~~~~~~~~~~~~~~~~~~~~~~~~~~~~~~~~~~~~~~~~~~~~~~~~~[0m
[31;1m[0m[36;1m[36;1m[0m[36;1m[0m[36;1m[31;1m[31;1m[36;1m     | [31;1m(1356,39): error CS0103: The name 'HorizontalAlignment' does not exist[0m
[31;1m[0m[36;1m[36;1m[0m[36;1m[0m[36;1m[31;1m[31;1m[36;1m[31;1m[36;1m     | [31;1min the current context                 HorizontalAlignment =[0m
[31;1m[0m[36;1m[36;1m[0m[36;1m[0m[36;1m[31;1m[31;1m[36;1m[31;1m[36;1m[31;1m[36;1m     | [31;1mHorizontalAlignment.Center,                                       ^[0m
[31;1mAdd-Type: [0m/home/teej/supertui/WPF/SuperTUI_Demo.ps1:40[0m
[31;1m[0m[36;1mLine |[0m
[31;1m[0m[36;1m[36;1m  40 | [0m [36;1mAdd-Type -TypeDefinition $combinedSource -ReferencedAssemblies $assem[0m …[0m
[31;1m[0m[36;1m[36;1m[0m[36;1m[0m[36;1m     | [31;1m ~~~~~~~~~~~~~~~~~~~~~~~~~~~~~~~~~~~~~~~~~~~~~~~~~~~~~~~~~~~~~~~~~~~~~[0m
[31;1m[0m[36;1m[36;1m[0m[36;1m[0m[36;1m[31;1m[31;1m[36;1m     | [31;1m(1357,30): error CS0246: The type or namespace name 'Thickness' could[0m
[31;1m[0m[36;1m[36;1m[0m[36;1m[0m[36;1m[31;1m[31;1m[36;1m[31;1m[36;1m     | [31;1mnot be found (are you missing a using directive or an assembly[0m
[31;1m[0m[36;1m[36;1m[0m[36;1m[0m[36;1m[31;1m[31;1m[36;1m[31;1m[36;1m[31;1m[36;1m     | [31;1mreference?)                 Margin = new Thickness(0, 0, 0, 15)         [0m
[31;1m[0m[36;1m[36;1m[0m[36;1m[0m[36;1m[31;1m[31;1m[36;1m[31;1m[36;1m[31;1m[36;1m[31;1m[36;1m     | [31;1m^[0m
[31;1mAdd-Type: [0m/home/teej/supertui/WPF/SuperTUI_Demo.ps1:40[0m
[31;1m[0m[36;1mLine |[0m
[31;1m[0m[36;1m[36;1m  40 | [0m [36;1mAdd-Type -TypeDefinition $combinedSource -ReferencedAssemblies $assem[0m …[0m
[31;1m[0m[36;1m[36;1m[0m[36;1m[0m[36;1m     | [31;1m ~~~~~~~~~~~~~~~~~~~~~~~~~~~~~~~~~~~~~~~~~~~~~~~~~~~~~~~~~~~~~~~~~~~~~[0m
[31;1m[0m[36;1m[36;1m[0m[36;1m[0m[36;1m[31;1m[31;1m[36;1m     | [31;1m(1361,35): error CS0246: The type or namespace name 'TextBlock' could[0m
[31;1m[0m[36;1m[36;1m[0m[36;1m[0m[36;1m[31;1m[31;1m[36;1m[31;1m[36;1m     | [31;1mnot be found (are you missing a using directive or an assembly[0m
[31;1m[0m[36;1m[36;1m[0m[36;1m[0m[36;1m[31;1m[31;1m[36;1m[31;1m[36;1m[31;1m[36;1m     | [31;1mreference?)             instructionText = new TextBlock                 [0m
[31;1m[0m[36;1m[36;1m[0m[36;1m[0m[36;1m[31;1m[31;1m[36;1m[31;1m[36;1m[31;1m[36;1m[31;1m[36;1m     | [31;1m^[0m
[31;1mAdd-Type: [0m/home/teej/supertui/WPF/SuperTUI_Demo.ps1:40[0m
[31;1m[0m[36;1mLine |[0m
[31;1m[0m[36;1m[36;1m  40 | [0m [36;1mAdd-Type -TypeDefinition $combinedSource -ReferencedAssemblies $assem[0m …[0m
[31;1m[0m[36;1m[36;1m[0m[36;1m[0m[36;1m     | [31;1m ~~~~~~~~~~~~~~~~~~~~~~~~~~~~~~~~~~~~~~~~~~~~~~~~~~~~~~~~~~~~~~~~~~~~~[0m
[31;1m[0m[36;1m[36;1m[0m[36;1m[0m[36;1m[31;1m[31;1m[36;1m     | [31;1m(1364,34): error CS0246: The type or namespace name 'FontFamily' could[0m
[31;1m[0m[36;1m[36;1m[0m[36;1m[0m[36;1m[31;1m[31;1m[36;1m[31;1m[36;1m     | [31;1mnot be found (are you missing a using directive or an assembly[0m
[31;1m[0m[36;1m[36;1m[0m[36;1m[0m[36;1m[31;1m[31;1m[36;1m[31;1m[36;1m[31;1m[36;1m     | [31;1mreference?)                 FontFamily = new FontFamily("Cascadia Mono,[0m
[31;1m[0m[36;1m[36;1m[0m[36;1m[0m[36;1m[31;1m[31;1m[36;1m[31;1m[36;1m[31;1m[36;1m[31;1m[36;1m     | [31;1mConsolas"),                                  ^[0m
[31;1mAdd-Type: [0m/home/teej/supertui/WPF/SuperTUI_Demo.ps1:40[0m
[31;1m[0m[36;1mLine |[0m
[31;1m[0m[36;1m[36;1m  40 | [0m [36;1mAdd-Type -TypeDefinition $combinedSource -ReferencedAssemblies $assem[0m …[0m
[31;1m[0m[36;1m[36;1m[0m[36;1m[0m[36;1m     | [31;1m ~~~~~~~~~~~~~~~~~~~~~~~~~~~~~~~~~~~~~~~~~~~~~~~~~~~~~~~~~~~~~~~~~~~~~[0m
[31;1m[0m[36;1m[36;1m[0m[36;1m[0m[36;1m[31;1m[31;1m[36;1m     | [31;1m(1366,34): error CS0246: The type or namespace name 'SolidColorBrush'[0m
[31;1m[0m[36;1m[36;1m[0m[36;1m[0m[36;1m[31;1m[31;1m[36;1m[31;1m[36;1m     | [31;1mcould not be found (are you missing a using directive or an assembly[0m
[31;1m[0m[36;1m[36;1m[0m[36;1m[0m[36;1m[31;1m[31;1m[36;1m[31;1m[36;1m[31;1m[36;1m     | [31;1mreference?)                 Foreground = new[0m
[31;1m[0m[36;1m[36;1m[0m[36;1m[0m[36;1m[31;1m[31;1m[36;1m[31;1m[36;1m[31;1m[36;1m[31;1m[36;1m     | [31;1mSolidColorBrush(Color.FromRgb(102, 102, 102)),                          [0m
[31;1m[0m[36;1m[36;1m[0m[36;1m[0m[36;1m[31;1m[31;1m[36;1m[31;1m[36;1m[31;1m[36;1m[31;1m[36;1m[31;1m[36;1m     | [31;1m^[0m
[31;1mAdd-Type: [0m/home/teej/supertui/WPF/SuperTUI_Demo.ps1:40[0m
[31;1m[0m[36;1mLine |[0m
[31;1m[0m[36;1m[36;1m  40 | [0m [36;1mAdd-Type -TypeDefinition $combinedSource -ReferencedAssemblies $assem[0m …[0m
[31;1m[0m[36;1m[36;1m[0m[36;1m[0m[36;1m     | [31;1m ~~~~~~~~~~~~~~~~~~~~~~~~~~~~~~~~~~~~~~~~~~~~~~~~~~~~~~~~~~~~~~~~~~~~~[0m
[31;1m[0m[36;1m[36;1m[0m[36;1m[0m[36;1m[31;1m[31;1m[36;1m     | [31;1m(1366,50): error CS0103: The name 'Color' does not exist in the current[0m
[31;1m[0m[36;1m[36;1m[0m[36;1m[0m[36;1m[31;1m[31;1m[36;1m[31;1m[36;1m     | [31;1mcontext                 Foreground = new[0m
[31;1m[0m[36;1m[36;1m[0m[36;1m[0m[36;1m[31;1m[31;1m[36;1m[31;1m[36;1m[31;1m[36;1m     | [31;1mSolidColorBrush(Color.FromRgb(102, 102, 102)),                          [0m
[31;1m[0m[36;1m[36;1m[0m[36;1m[0m[36;1m[31;1m[31;1m[36;1m[31;1m[36;1m[31;1m[36;1m[31;1m[36;1m     | [31;1m^[0m
[31;1mAdd-Type: [0m/home/teej/supertui/WPF/SuperTUI_Demo.ps1:40[0m
[31;1m[0m[36;1mLine |[0m
[31;1m[0m[36;1m[36;1m  40 | [0m [36;1mAdd-Type -TypeDefinition $combinedSource -ReferencedAssemblies $assem[0m …[0m
[31;1m[0m[36;1m[36;1m[0m[36;1m[0m[36;1m     | [31;1m ~~~~~~~~~~~~~~~~~~~~~~~~~~~~~~~~~~~~~~~~~~~~~~~~~~~~~~~~~~~~~~~~~~~~~[0m
[31;1m[0m[36;1m[36;1m[0m[36;1m[0m[36;1m[31;1m[31;1m[36;1m     | [31;1m(1367,39): error CS0103: The name 'HorizontalAlignment' does not exist[0m
[31;1m[0m[36;1m[36;1m[0m[36;1m[0m[36;1m[31;1m[31;1m[36;1m[31;1m[36;1m     | [31;1min the current context                 HorizontalAlignment =[0m
[31;1m[0m[36;1m[36;1m[0m[36;1m[0m[36;1m[31;1m[31;1m[36;1m[31;1m[36;1m[31;1m[36;1m     | [31;1mHorizontalAlignment.Center                                       ^[0m
[31;1mAdd-Type: [0m/home/teej/supertui/WPF/SuperTUI_Demo.ps1:40[0m
[31;1m[0m[36;1mLine |[0m
[31;1m[0m[36;1m[36;1m  40 | [0m [36;1mAdd-Type -TypeDefinition $combinedSource -ReferencedAssemblies $assem[0m …[0m
[31;1m[0m[36;1m[36;1m[0m[36;1m[0m[36;1m     | [31;1m ~~~~~~~~~~~~~~~~~~~~~~~~~~~~~~~~~~~~~~~~~~~~~~~~~~~~~~~~~~~~~~~~~~~~~[0m
[31;1m[0m[36;1m[36;1m[0m[36;1m[0m[36;1m[31;1m[31;1m[36;1m     | [31;1m(1375,18): error CS1061: 'CounterWidget' does not contain a definition[0m
[31;1m[0m[36;1m[36;1m[0m[36;1m[0m[36;1m[31;1m[31;1m[36;1m[31;1m[36;1m     | [31;1mfor 'Content' and no accessible extension method 'Content' accepting a[0m
[31;1m[0m[36;1m[36;1m[0m[36;1m[0m[36;1m[31;1m[31;1m[36;1m[31;1m[36;1m[31;1m[36;1m     | [31;1mfirst argument of type 'CounterWidget' could be found (are you missing a[0m
[31;1m[0m[36;1m[36;1m[0m[36;1m[0m[36;1m[31;1m[31;1m[36;1m[31;1m[36;1m[31;1m[36;1m[31;1m[36;1m     | [31;1musing directive or an assembly reference?)             this.Content =[0m
[31;1m[0m[36;1m[36;1m[0m[36;1m[0m[36;1m[31;1m[31;1m[36;1m[31;1m[36;1m[31;1m[36;1m[31;1m[36;1m[31;1m[36;1m     | [31;1mborder;                  ^[0m
[31;1mAdd-Type: [0m/home/teej/supertui/WPF/SuperTUI_Demo.ps1:40[0m
[31;1m[0m[36;1mLine |[0m
[31;1m[0m[36;1m[36;1m  40 | [0m [36;1mAdd-Type -TypeDefinition $combinedSource -ReferencedAssemblies $assem[0m …[0m
[31;1m[0m[36;1m[36;1m[0m[36;1m[0m[36;1m     | [31;1m ~~~~~~~~~~~~~~~~~~~~~~~~~~~~~~~~~~~~~~~~~~~~~~~~~~~~~~~~~~~~~~~~~~~~~[0m
[31;1m[0m[36;1m[36;1m[0m[36;1m[0m[36;1m[31;1m[31;1m[36;1m     | [31;1m(362,24): error CS0246: The type or namespace name 'Grid' could not be[0m
[31;1m[0m[36;1m[36;1m[0m[36;1m[0m[36;1m[31;1m[31;1m[36;1m[31;1m[36;1m     | [31;1mfound (are you missing a using directive or an assembly reference?)     [0m
[31;1m[0m[36;1m[36;1m[0m[36;1m[0m[36;1m[31;1m[31;1m[36;1m[31;1m[36;1m[31;1m[36;1m     | [31;1mgrid = new Grid();                        ^[0m
[31;1mAdd-Type: [0m/home/teej/supertui/WPF/SuperTUI_Demo.ps1:40[0m
[31;1m[0m[36;1mLine |[0m
[31;1m[0m[36;1m[36;1m  40 | [0m [36;1mAdd-Type -TypeDefinition $combinedSource -ReferencedAssemblies $assem[0m …[0m
[31;1m[0m[36;1m[36;1m[0m[36;1m[0m[36;1m     | [31;1m ~~~~~~~~~~~~~~~~~~~~~~~~~~~~~~~~~~~~~~~~~~~~~~~~~~~~~~~~~~~~~~~~~~~~~[0m
[31;1m[0m[36;1m[36;1m[0m[36;1m[0m[36;1m[31;1m[31;1m[36;1m     | [31;1m(369,45): error CS0246: The type or namespace name 'RowDefinition' could[0m
[31;1m[0m[36;1m[36;1m[0m[36;1m[0m[36;1m[31;1m[31;1m[36;1m[31;1m[36;1m     | [31;1mnot be found (are you missing a using directive or an assembly[0m
[31;1m[0m[36;1m[36;1m[0m[36;1m[0m[36;1m[31;1m[31;1m[36;1m[31;1m[36;1m[31;1m[36;1m     | [31;1mreference?)                 grid.RowDefinitions.Add(new RowDefinition   [0m
[31;1m[0m[36;1m[36;1m[0m[36;1m[0m[36;1m[31;1m[31;1m[36;1m[31;1m[36;1m[31;1m[36;1m[31;1m[36;1m     | [31;1m^[0m
[31;1mAdd-Type: [0m/home/teej/supertui/WPF/SuperTUI_Demo.ps1:40[0m
[31;1m[0m[36;1mLine |[0m
[31;1m[0m[36;1m[36;1m  40 | [0m [36;1mAdd-Type -TypeDefinition $combinedSource -ReferencedAssemblies $assem[0m …[0m
[31;1m[0m[36;1m[36;1m[0m[36;1m[0m[36;1m     | [31;1m ~~~~~~~~~~~~~~~~~~~~~~~~~~~~~~~~~~~~~~~~~~~~~~~~~~~~~~~~~~~~~~~~~~~~~[0m
[31;1m[0m[36;1m[36;1m[0m[36;1m[0m[36;1m[31;1m[31;1m[36;1m     | [31;1m(371,34): error CS0246: The type or namespace name 'GridLength' could[0m
[31;1m[0m[36;1m[36;1m[0m[36;1m[0m[36;1m[31;1m[31;1m[36;1m[31;1m[36;1m     | [31;1mnot be found (are you missing a using directive or an assembly[0m
[31;1m[0m[36;1m[36;1m[0m[36;1m[0m[36;1m[31;1m[31;1m[36;1m[31;1m[36;1m[31;1m[36;1m     | [31;1mreference?)                     Height = new GridLength(1,[0m
[31;1m[0m[36;1m[36;1m[0m[36;1m[0m[36;1m[31;1m[31;1m[36;1m[31;1m[36;1m[31;1m[36;1m[31;1m[36;1m     | [31;1mGridUnitType.Star),                                  ^[0m
[31;1mAdd-Type: [0m/home/teej/supertui/WPF/SuperTUI_Demo.ps1:40[0m
[31;1m[0m[36;1mLine |[0m
[31;1m[0m[36;1m[36;1m  40 | [0m [36;1mAdd-Type -TypeDefinition $combinedSource -ReferencedAssemblies $assem[0m …[0m
[31;1m[0m[36;1m[36;1m[0m[36;1m[0m[36;1m     | [31;1m ~~~~~~~~~~~~~~~~~~~~~~~~~~~~~~~~~~~~~~~~~~~~~~~~~~~~~~~~~~~~~~~~~~~~~[0m
[31;1m[0m[36;1m[36;1m[0m[36;1m[0m[36;1m[31;1m[31;1m[36;1m     | [31;1m(371,48): error CS0103: The name 'GridUnitType' does not exist in the[0m
[31;1m[0m[36;1m[36;1m[0m[36;1m[0m[36;1m[31;1m[31;1m[36;1m[31;1m[36;1m     | [31;1mcurrent context                     Height = new GridLength(1,[0m
[31;1m[0m[36;1m[36;1m[0m[36;1m[0m[36;1m[31;1m[31;1m[36;1m[31;1m[36;1m[31;1m[36;1m     | [31;1mGridUnitType.Star),                                                ^[0m
[31;1mAdd-Type: [0m/home/teej/supertui/WPF/SuperTUI_Demo.ps1:40[0m
[31;1m[0m[36;1mLine |[0m
[31;1m[0m[36;1m[36;1m  40 | [0m [36;1mAdd-Type -TypeDefinition $combinedSource -ReferencedAssemblies $assem[0m …[0m
[31;1m[0m[36;1m[36;1m[0m[36;1m[0m[36;1m     | [31;1m ~~~~~~~~~~~~~~~~~~~~~~~~~~~~~~~~~~~~~~~~~~~~~~~~~~~~~~~~~~~~~~~~~~~~~[0m
[31;1m[0m[36;1m[36;1m[0m[36;1m[0m[36;1m[31;1m[31;1m[36;1m     | [31;1m(379,48): error CS0246: The type or namespace name 'ColumnDefinition'[0m
[31;1m[0m[36;1m[36;1m[0m[36;1m[0m[36;1m[31;1m[31;1m[36;1m[31;1m[36;1m     | [31;1mcould not be found (are you missing a using directive or an assembly[0m
[31;1m[0m[36;1m[36;1m[0m[36;1m[0m[36;1m[31;1m[31;1m[36;1m[31;1m[36;1m[31;1m[36;1m     | [31;1mreference?)                 grid.ColumnDefinitions.Add(new[0m
[31;1m[0m[36;1m[36;1m[0m[36;1m[0m[36;1m[31;1m[31;1m[36;1m[31;1m[36;1m[31;1m[36;1m[31;1m[36;1m     | [31;1mColumnDefinition                                                ^[0m
[31;1mAdd-Type: [0m/home/teej/supertui/WPF/SuperTUI_Demo.ps1:40[0m
[31;1m[0m[36;1mLine |[0m
[31;1m[0m[36;1m[36;1m  40 | [0m [36;1mAdd-Type -TypeDefinition $combinedSource -ReferencedAssemblies $assem[0m …[0m
[31;1m[0m[36;1m[36;1m[0m[36;1m[0m[36;1m     | [31;1m ~~~~~~~~~~~~~~~~~~~~~~~~~~~~~~~~~~~~~~~~~~~~~~~~~~~~~~~~~~~~~~~~~~~~~[0m
[31;1m[0m[36;1m[36;1m[0m[36;1m[0m[36;1m[31;1m[31;1m[36;1m     | [31;1m(381,33): error CS0246: The type or namespace name 'GridLength' could[0m
[31;1m[0m[36;1m[36;1m[0m[36;1m[0m[36;1m[31;1m[31;1m[36;1m[31;1m[36;1m     | [31;1mnot be found (are you missing a using directive or an assembly[0m
[31;1m[0m[36;1m[36;1m[0m[36;1m[0m[36;1m[31;1m[31;1m[36;1m[31;1m[36;1m[31;1m[36;1m     | [31;1mreference?)                     Width = new GridLength(1,[0m
[31;1m[0m[36;1m[36;1m[0m[36;1m[0m[36;1m[31;1m[31;1m[36;1m[31;1m[36;1m[31;1m[36;1m[31;1m[36;1m     | [31;1mGridUnitType.Star),                                 ^[0m
[31;1mAdd-Type: [0m/home/teej/supertui/WPF/SuperTUI_Demo.ps1:40[0m
[31;1m[0m[36;1mLine |[0m
[31;1m[0m[36;1m[36;1m  40 | [0m [36;1mAdd-Type -TypeDefinition $combinedSource -ReferencedAssemblies $assem[0m …[0m
[31;1m[0m[36;1m[36;1m[0m[36;1m[0m[36;1m     | [31;1m ~~~~~~~~~~~~~~~~~~~~~~~~~~~~~~~~~~~~~~~~~~~~~~~~~~~~~~~~~~~~~~~~~~~~~[0m
[31;1m[0m[36;1m[36;1m[0m[36;1m[0m[36;1m[31;1m[31;1m[36;1m     | [31;1m(381,47): error CS0103: The name 'GridUnitType' does not exist in the[0m
[31;1m[0m[36;1m[36;1m[0m[36;1m[0m[36;1m[31;1m[31;1m[36;1m[31;1m[36;1m     | [31;1mcurrent context                     Width = new GridLength(1,[0m
[31;1m[0m[36;1m[36;1m[0m[36;1m[0m[36;1m[31;1m[31;1m[36;1m[31;1m[36;1m[31;1m[36;1m     | [31;1mGridUnitType.Star),                                               ^[0m
[31;1mAdd-Type: [0m/home/teej/supertui/WPF/SuperTUI_Demo.ps1:40[0m
[31;1m[0m[36;1mLine |[0m
[31;1m[0m[36;1m[36;1m  40 | [0m [36;1mAdd-Type -TypeDefinition $combinedSource -ReferencedAssemblies $assem[0m …[0m
[31;1m[0m[36;1m[36;1m[0m[36;1m[0m[36;1m     | [31;1m ~~~~~~~~~~~~~~~~~~~~~~~~~~~~~~~~~~~~~~~~~~~~~~~~~~~~~~~~~~~~~~~~~~~~~[0m
[31;1m[0m[36;1m[36;1m[0m[36;1m[0m[36;1m[31;1m[31;1m[36;1m     | [31;1m(398,36): error CS0246: The type or namespace name 'GridSplitter' could[0m
[31;1m[0m[36;1m[36;1m[0m[36;1m[0m[36;1m[31;1m[31;1m[36;1m[31;1m[36;1m     | [31;1mnot be found (are you missing a using directive or an assembly[0m
[31;1m[0m[36;1m[36;1m[0m[36;1m[0m[36;1m[31;1m[31;1m[36;1m[31;1m[36;1m[31;1m[36;1m     | [31;1mreference?)                 var splitter = new GridSplitter             [0m
[31;1m[0m[36;1m[36;1m[0m[36;1m[0m[36;1m[31;1m[31;1m[36;1m[31;1m[36;1m[31;1m[36;1m[31;1m[36;1m     | [31;1m^[0m
[31;1mAdd-Type: [0m/home/teej/supertui/WPF/SuperTUI_Demo.ps1:40[0m
[31;1m[0m[36;1mLine |[0m
[31;1m[0m[36;1m[36;1m  40 | [0m [36;1mAdd-Type -TypeDefinition $combinedSource -ReferencedAssemblies $assem[0m …[0m
[31;1m[0m[36;1m[36;1m[0m[36;1m[0m[36;1m     | [31;1m ~~~~~~~~~~~~~~~~~~~~~~~~~~~~~~~~~~~~~~~~~~~~~~~~~~~~~~~~~~~~~~~~~~~~~[0m
[31;1m[0m[36;1m[36;1m[0m[36;1m[0m[36;1m[31;1m[31;1m[36;1m     | [31;1m(401,43): error CS0234: The type or namespace name 'HorizontalAlignment'[0m
[31;1m[0m[36;1m[36;1m[0m[36;1m[0m[36;1m[31;1m[31;1m[36;1m[31;1m[36;1m     | [31;1mdoes not exist in the namespace 'System.Windows' (are you missing an[0m
[31;1m[0m[36;1m[36;1m[0m[36;1m[0m[36;1m[31;1m[31;1m[36;1m[31;1m[36;1m[31;1m[36;1m     | [31;1massembly reference?)                     HorizontalAlignment =[0m
[31;1m[0m[36;1m[36;1m[0m[36;1m[0m[36;1m[31;1m[31;1m[36;1m[31;1m[36;1m[31;1m[36;1m[31;1m[36;1m     | [31;1mSystem.Windows.HorizontalAlignment.Right,                               [0m
[31;1m[0m[36;1m[36;1m[0m[36;1m[0m[36;1m[31;1m[31;1m[36;1m[31;1m[36;1m[31;1m[36;1m[31;1m[36;1m[31;1m[36;1m     | [31;1m^[0m
[31;1mAdd-Type: [0m/home/teej/supertui/WPF/SuperTUI_Demo.ps1:40[0m
[31;1m[0m[36;1mLine |[0m
[31;1m[0m[36;1m[36;1m  40 | [0m [36;1mAdd-Type -TypeDefinition $combinedSource -ReferencedAssemblies $assem[0m …[0m
[31;1m[0m[36;1m[36;1m[0m[36;1m[0m[36;1m     | [31;1m ~~~~~~~~~~~~~~~~~~~~~~~~~~~~~~~~~~~~~~~~~~~~~~~~~~~~~~~~~~~~~~~~~~~~~[0m
[31;1m[0m[36;1m[36;1m[0m[36;1m[0m[36;1m[31;1m[31;1m[36;1m     | [31;1m(402,41): error CS0234: The type or namespace name 'VerticalAlignment'[0m
[31;1m[0m[36;1m[36;1m[0m[36;1m[0m[36;1m[31;1m[31;1m[36;1m[31;1m[36;1m     | [31;1mdoes not exist in the namespace 'System.Windows' (are you missing an[0m
[31;1m[0m[36;1m[36;1m[0m[36;1m[0m[36;1m[31;1m[31;1m[36;1m[31;1m[36;1m[31;1m[36;1m     | [31;1massembly reference?)                     VerticalAlignment =[0m
[31;1m[0m[36;1m[36;1m[0m[36;1m[0m[36;1m[31;1m[31;1m[36;1m[31;1m[36;1m[31;1m[36;1m[31;1m[36;1m     | [31;1mSystem.Windows.VerticalAlignment.Stretch,                               [0m
[31;1m[0m[36;1m[36;1m[0m[36;1m[0m[36;1m[31;1m[31;1m[36;1m[31;1m[36;1m[31;1m[36;1m[31;1m[36;1m[31;1m[36;1m     | [31;1m^[0m
[31;1mAdd-Type: [0m/home/teej/supertui/WPF/SuperTUI_Demo.ps1:40[0m
[31;1m[0m[36;1mLine |[0m
[31;1m[0m[36;1m[36;1m  40 | [0m [36;1mAdd-Type -TypeDefinition $combinedSource -ReferencedAssemblies $assem[0m …[0m
[31;1m[0m[36;1m[36;1m[0m[36;1m[0m[36;1m     | [31;1m ~~~~~~~~~~~~~~~~~~~~~~~~~~~~~~~~~~~~~~~~~~~~~~~~~~~~~~~~~~~~~~~~~~~~~[0m
[31;1m[0m[36;1m[36;1m[0m[36;1m[0m[36;1m[31;1m[31;1m[36;1m     | [31;1m(403,38): error CS0246: The type or namespace name 'SolidColorBrush'[0m
[31;1m[0m[36;1m[36;1m[0m[36;1m[0m[36;1m[31;1m[31;1m[36;1m[31;1m[36;1m     | [31;1mcould not be found (are you missing a using directive or an assembly[0m
[31;1m[0m[36;1m[36;1m[0m[36;1m[0m[36;1m[31;1m[31;1m[36;1m[31;1m[36;1m[31;1m[36;1m     | [31;1mreference?)                     Background = new[0m
[31;1m[0m[36;1m[36;1m[0m[36;1m[0m[36;1m[31;1m[31;1m[36;1m[31;1m[36;1m[31;1m[36;1m[31;1m[36;1m     | [31;1mSolidColorBrush(Color.FromRgb(58, 58, 58)),                             [0m
[31;1m[0m[36;1m[36;1m[0m[36;1m[0m[36;1m[31;1m[31;1m[36;1m[31;1m[36;1m[31;1m[36;1m[31;1m[36;1m[31;1m[36;1m     | [31;1m^[0m
[31;1mAdd-Type: [0m/home/teej/supertui/WPF/SuperTUI_Demo.ps1:40[0m
[31;1m[0m[36;1mLine |[0m
[31;1m[0m[36;1m[36;1m  40 | [0m [36;1mAdd-Type -TypeDefinition $combinedSource -ReferencedAssemblies $assem[0m …[0m
[31;1m[0m[36;1m[36;1m[0m[36;1m[0m[36;1m     | [31;1m ~~~~~~~~~~~~~~~~~~~~~~~~~~~~~~~~~~~~~~~~~~~~~~~~~~~~~~~~~~~~~~~~~~~~~[0m
[31;1m[0m[36;1m[36;1m[0m[36;1m[0m[36;1m[31;1m[31;1m[36;1m     | [31;1m(403,54): error CS0103: The name 'Color' does not exist in the current[0m
[31;1m[0m[36;1m[36;1m[0m[36;1m[0m[36;1m[31;1m[31;1m[36;1m[31;1m[36;1m     | [31;1mcontext                     Background = new[0m
[31;1m[0m[36;1m[36;1m[0m[36;1m[0m[36;1m[31;1m[31;1m[36;1m[31;1m[36;1m[31;1m[36;1m     | [31;1mSolidColorBrush(Color.FromRgb(58, 58, 58)),                             [0m
[31;1m[0m[36;1m[36;1m[0m[36;1m[0m[36;1m[31;1m[31;1m[36;1m[31;1m[36;1m[31;1m[36;1m[31;1m[36;1m     | [31;1m^[0m
[31;1mAdd-Type: [0m/home/teej/supertui/WPF/SuperTUI_Demo.ps1:40[0m
[31;1m[0m[36;1mLine |[0m
[31;1m[0m[36;1m[36;1m  40 | [0m [36;1mAdd-Type -TypeDefinition $combinedSource -ReferencedAssemblies $assem[0m …[0m
[31;1m[0m[36;1m[36;1m[0m[36;1m[0m[36;1m     | [31;1m ~~~~~~~~~~~~~~~~~~~~~~~~~~~~~~~~~~~~~~~~~~~~~~~~~~~~~~~~~~~~~~~~~~~~~[0m
[31;1m[0m[36;1m[36;1m[0m[36;1m[0m[36;1m[31;1m[31;1m[36;1m     | [31;1m(404,39): error CS0103: The name 'GridResizeDirection' does not exist in[0m
[31;1m[0m[36;1m[36;1m[0m[36;1m[0m[36;1m[31;1m[31;1m[36;1m[31;1m[36;1m     | [31;1mthe current context                     ResizeDirection =[0m
[31;1m[0m[36;1m[36;1m[0m[36;1m[0m[36;1m[31;1m[31;1m[36;1m[31;1m[36;1m[31;1m[36;1m     | [31;1mGridResizeDirection.Columns                                       ^[0m
[31;1mAdd-Type: [0m/home/teej/supertui/WPF/SuperTUI_Demo.ps1:40[0m
[31;1m[0m[36;1mLine |[0m
[31;1m[0m[36;1m[36;1m  40 | [0m [36;1mAdd-Type -TypeDefinition $combinedSource -ReferencedAssemblies $assem[0m …[0m
[31;1m[0m[36;1m[36;1m[0m[36;1m[0m[36;1m     | [31;1m ~~~~~~~~~~~~~~~~~~~~~~~~~~~~~~~~~~~~~~~~~~~~~~~~~~~~~~~~~~~~~~~~~~~~~[0m
[31;1m[0m[36;1m[36;1m[0m[36;1m[0m[36;1m[31;1m[31;1m[36;1m     | [31;1m(407,17): error CS0103: The name 'Grid' does not exist in the current[0m
[31;1m[0m[36;1m[36;1m[0m[36;1m[0m[36;1m[31;1m[31;1m[36;1m[31;1m[36;1m     | [31;1mcontext                 Grid.SetColumn(splitter, col);                 ^[0m
[31;1mAdd-Type: [0m/home/teej/supertui/WPF/SuperTUI_Demo.ps1:40[0m
[31;1m[0m[36;1mLine |[0m
[31;1m[0m[36;1m[36;1m  40 | [0m [36;1mAdd-Type -TypeDefinition $combinedSource -ReferencedAssemblies $assem[0m …[0m
[31;1m[0m[36;1m[36;1m[0m[36;1m[0m[36;1m     | [31;1m ~~~~~~~~~~~~~~~~~~~~~~~~~~~~~~~~~~~~~~~~~~~~~~~~~~~~~~~~~~~~~~~~~~~~~[0m
[31;1m[0m[36;1m[36;1m[0m[36;1m[0m[36;1m[31;1m[31;1m[36;1m     | [31;1m(408,17): error CS0103: The name 'Grid' does not exist in the current[0m
[31;1m[0m[36;1m[36;1m[0m[36;1m[0m[36;1m[31;1m[31;1m[36;1m[31;1m[36;1m     | [31;1mcontext                 Grid.SetRowSpan(splitter, rows);                [0m
[31;1m[0m[36;1m[36;1m[0m[36;1m[0m[36;1m[31;1m[31;1m[36;1m[31;1m[36;1m[31;1m[36;1m     | [31;1m^[0m
[31;1mAdd-Type: [0m/home/teej/supertui/WPF/SuperTUI_Demo.ps1:40[0m
[31;1m[0m[36;1mLine |[0m
[31;1m[0m[36;1m[36;1m  40 | [0m [36;1mAdd-Type -TypeDefinition $combinedSource -ReferencedAssemblies $assem[0m …[0m
[31;1m[0m[36;1m[36;1m[0m[36;1m[0m[36;1m     | [31;1m ~~~~~~~~~~~~~~~~~~~~~~~~~~~~~~~~~~~~~~~~~~~~~~~~~~~~~~~~~~~~~~~~~~~~~[0m
[31;1m[0m[36;1m[36;1m[0m[36;1m[0m[36;1m[31;1m[31;1m[36;1m     | [31;1m(415,36): error CS0246: The type or namespace name 'GridSplitter' could[0m
[31;1m[0m[36;1m[36;1m[0m[36;1m[0m[36;1m[31;1m[31;1m[36;1m[31;1m[36;1m     | [31;1mnot be found (are you missing a using directive or an assembly[0m
[31;1m[0m[36;1m[36;1m[0m[36;1m[0m[36;1m[31;1m[31;1m[36;1m[31;1m[36;1m[31;1m[36;1m     | [31;1mreference?)                 var splitter = new GridSplitter             [0m
[31;1m[0m[36;1m[36;1m[0m[36;1m[0m[36;1m[31;1m[31;1m[36;1m[31;1m[36;1m[31;1m[36;1m[31;1m[36;1m     | [31;1m^[0m
[31;1mAdd-Type: [0m/home/teej/supertui/WPF/SuperTUI_Demo.ps1:40[0m
[31;1m[0m[36;1mLine |[0m
[31;1m[0m[36;1m[36;1m  40 | [0m [36;1mAdd-Type -TypeDefinition $combinedSource -ReferencedAssemblies $assem[0m …[0m
[31;1m[0m[36;1m[36;1m[0m[36;1m[0m[36;1m     | [31;1m ~~~~~~~~~~~~~~~~~~~~~~~~~~~~~~~~~~~~~~~~~~~~~~~~~~~~~~~~~~~~~~~~~~~~~[0m
[31;1m[0m[36;1m[36;1m[0m[36;1m[0m[36;1m[31;1m[31;1m[36;1m     | [31;1m(418,43): error CS0234: The type or namespace name 'HorizontalAlignment'[0m
[31;1m[0m[36;1m[36;1m[0m[36;1m[0m[36;1m[31;1m[31;1m[36;1m[31;1m[36;1m     | [31;1mdoes not exist in the namespace 'System.Windows' (are you missing an[0m
[31;1m[0m[36;1m[36;1m[0m[36;1m[0m[36;1m[31;1m[31;1m[36;1m[31;1m[36;1m[31;1m[36;1m     | [31;1massembly reference?)                     HorizontalAlignment =[0m
[31;1m[0m[36;1m[36;1m[0m[36;1m[0m[36;1m[31;1m[31;1m[36;1m[31;1m[36;1m[31;1m[36;1m[31;1m[36;1m     | [31;1mSystem.Windows.HorizontalAlignment.Stretch,                             [0m
[31;1m[0m[36;1m[36;1m[0m[36;1m[0m[36;1m[31;1m[31;1m[36;1m[31;1m[36;1m[31;1m[36;1m[31;1m[36;1m[31;1m[36;1m     | [31;1m^[0m
[31;1mAdd-Type: [0m/home/teej/supertui/WPF/SuperTUI_Demo.ps1:40[0m
[31;1m[0m[36;1mLine |[0m
[31;1m[0m[36;1m[36;1m  40 | [0m [36;1mAdd-Type -TypeDefinition $combinedSource -ReferencedAssemblies $assem[0m …[0m
[31;1m[0m[36;1m[36;1m[0m[36;1m[0m[36;1m     | [31;1m ~~~~~~~~~~~~~~~~~~~~~~~~~~~~~~~~~~~~~~~~~~~~~~~~~~~~~~~~~~~~~~~~~~~~~[0m
[31;1m[0m[36;1m[36;1m[0m[36;1m[0m[36;1m[31;1m[31;1m[36;1m     | [31;1m(419,41): error CS0234: The type or namespace name 'VerticalAlignment'[0m
[31;1m[0m[36;1m[36;1m[0m[36;1m[0m[36;1m[31;1m[31;1m[36;1m[31;1m[36;1m     | [31;1mdoes not exist in the namespace 'System.Windows' (are you missing an[0m
[31;1m[0m[36;1m[36;1m[0m[36;1m[0m[36;1m[31;1m[31;1m[36;1m[31;1m[36;1m[31;1m[36;1m     | [31;1massembly reference?)                     VerticalAlignment =[0m
[31;1m[0m[36;1m[36;1m[0m[36;1m[0m[36;1m[31;1m[31;1m[36;1m[31;1m[36;1m[31;1m[36;1m[31;1m[36;1m     | [31;1mSystem.Windows.VerticalAlignment.Bottom,                                [0m
[31;1m[0m[36;1m[36;1m[0m[36;1m[0m[36;1m[31;1m[31;1m[36;1m[31;1m[36;1m[31;1m[36;1m[31;1m[36;1m[31;1m[36;1m     | [31;1m^[0m
[31;1mAdd-Type: [0m/home/teej/supertui/WPF/SuperTUI_Demo.ps1:40[0m
[31;1m[0m[36;1mLine |[0m
[31;1m[0m[36;1m[36;1m  40 | [0m [36;1mAdd-Type -TypeDefinition $combinedSource -ReferencedAssemblies $assem[0m …[0m
[31;1m[0m[36;1m[36;1m[0m[36;1m[0m[36;1m     | [31;1m ~~~~~~~~~~~~~~~~~~~~~~~~~~~~~~~~~~~~~~~~~~~~~~~~~~~~~~~~~~~~~~~~~~~~~[0m
[31;1m[0m[36;1m[36;1m[0m[36;1m[0m[36;1m[31;1m[31;1m[36;1m     | [31;1m(420,38): error CS0246: The type or namespace name 'SolidColorBrush'[0m
[31;1m[0m[36;1m[36;1m[0m[36;1m[0m[36;1m[31;1m[31;1m[36;1m[31;1m[36;1m     | [31;1mcould not be found (are you missing a using directive or an assembly[0m
[31;1m[0m[36;1m[36;1m[0m[36;1m[0m[36;1m[31;1m[31;1m[36;1m[31;1m[36;1m[31;1m[36;1m     | [31;1mreference?)                     Background = new[0m
[31;1m[0m[36;1m[36;1m[0m[36;1m[0m[36;1m[31;1m[31;1m[36;1m[31;1m[36;1m[31;1m[36;1m[31;1m[36;1m     | [31;1mSolidColorBrush(Color.FromRgb(58, 58, 58)),                             [0m
[31;1m[0m[36;1m[36;1m[0m[36;1m[0m[36;1m[31;1m[31;1m[36;1m[31;1m[36;1m[31;1m[36;1m[31;1m[36;1m[31;1m[36;1m     | [31;1m^[0m
[31;1mAdd-Type: [0m/home/teej/supertui/WPF/SuperTUI_Demo.ps1:40[0m
[31;1m[0m[36;1mLine |[0m
[31;1m[0m[36;1m[36;1m  40 | [0m [36;1mAdd-Type -TypeDefinition $combinedSource -ReferencedAssemblies $assem[0m …[0m
[31;1m[0m[36;1m[36;1m[0m[36;1m[0m[36;1m     | [31;1m ~~~~~~~~~~~~~~~~~~~~~~~~~~~~~~~~~~~~~~~~~~~~~~~~~~~~~~~~~~~~~~~~~~~~~[0m
[31;1m[0m[36;1m[36;1m[0m[36;1m[0m[36;1m[31;1m[31;1m[36;1m     | [31;1m(420,54): error CS0103: The name 'Color' does not exist in the current[0m
[31;1m[0m[36;1m[36;1m[0m[36;1m[0m[36;1m[31;1m[31;1m[36;1m[31;1m[36;1m     | [31;1mcontext                     Background = new[0m
[31;1m[0m[36;1m[36;1m[0m[36;1m[0m[36;1m[31;1m[31;1m[36;1m[31;1m[36;1m[31;1m[36;1m     | [31;1mSolidColorBrush(Color.FromRgb(58, 58, 58)),                             [0m
[31;1m[0m[36;1m[36;1m[0m[36;1m[0m[36;1m[31;1m[31;1m[36;1m[31;1m[36;1m[31;1m[36;1m[31;1m[36;1m     | [31;1m^[0m
[31;1mAdd-Type: [0m/home/teej/supertui/WPF/SuperTUI_Demo.ps1:40[0m
[31;1m[0m[36;1mLine |[0m
[31;1m[0m[36;1m[36;1m  40 | [0m [36;1mAdd-Type -TypeDefinition $combinedSource -ReferencedAssemblies $assem[0m …[0m
[31;1m[0m[36;1m[36;1m[0m[36;1m[0m[36;1m     | [31;1m ~~~~~~~~~~~~~~~~~~~~~~~~~~~~~~~~~~~~~~~~~~~~~~~~~~~~~~~~~~~~~~~~~~~~~[0m
[31;1m[0m[36;1m[36;1m[0m[36;1m[0m[36;1m[31;1m[31;1m[36;1m     | [31;1m(421,39): error CS0103: The name 'GridResizeDirection' does not exist in[0m
[31;1m[0m[36;1m[36;1m[0m[36;1m[0m[36;1m[31;1m[31;1m[36;1m[31;1m[36;1m     | [31;1mthe current context                     ResizeDirection =[0m
[31;1m[0m[36;1m[36;1m[0m[36;1m[0m[36;1m[31;1m[31;1m[36;1m[31;1m[36;1m[31;1m[36;1m     | [31;1mGridResizeDirection.Rows                                       ^[0m
[31;1mAdd-Type: [0m/home/teej/supertui/WPF/SuperTUI_Demo.ps1:40[0m
[31;1m[0m[36;1mLine |[0m
[31;1m[0m[36;1m[36;1m  40 | [0m [36;1mAdd-Type -TypeDefinition $combinedSource -ReferencedAssemblies $assem[0m …[0m
[31;1m[0m[36;1m[36;1m[0m[36;1m[0m[36;1m     | [31;1m ~~~~~~~~~~~~~~~~~~~~~~~~~~~~~~~~~~~~~~~~~~~~~~~~~~~~~~~~~~~~~~~~~~~~~[0m
[31;1m[0m[36;1m[36;1m[0m[36;1m[0m[36;1m[31;1m[31;1m[36;1m     | [31;1m(424,17): error CS0103: The name 'Grid' does not exist in the current[0m
[31;1m[0m[36;1m[36;1m[0m[36;1m[0m[36;1m[31;1m[31;1m[36;1m[31;1m[36;1m     | [31;1mcontext                 Grid.SetRow(splitter, row);                 ^[0m
[31;1mAdd-Type: [0m/home/teej/supertui/WPF/SuperTUI_Demo.ps1:40[0m
[31;1m[0m[36;1mLine |[0m
[31;1m[0m[36;1m[36;1m  40 | [0m [36;1mAdd-Type -TypeDefinition $combinedSource -ReferencedAssemblies $assem[0m …[0m
[31;1m[0m[36;1m[36;1m[0m[36;1m[0m[36;1m     | [31;1m ~~~~~~~~~~~~~~~~~~~~~~~~~~~~~~~~~~~~~~~~~~~~~~~~~~~~~~~~~~~~~~~~~~~~~[0m
[31;1m[0m[36;1m[36;1m[0m[36;1m[0m[36;1m[31;1m[31;1m[36;1m     | [31;1m(425,17): error CS0103: The name 'Grid' does not exist in the current[0m
[31;1m[0m[36;1m[36;1m[0m[36;1m[0m[36;1m[31;1m[31;1m[36;1m[31;1m[36;1m     | [31;1mcontext                 Grid.SetColumnSpan(splitter, columns);          [0m
[31;1m[0m[36;1m[36;1m[0m[36;1m[0m[36;1m[31;1m[31;1m[36;1m[31;1m[36;1m[31;1m[36;1m     | [31;1m^[0m
[31;1mAdd-Type: [0m/home/teej/supertui/WPF/SuperTUI_Demo.ps1:40[0m
[31;1m[0m[36;1mLine |[0m
[31;1m[0m[36;1m[36;1m  40 | [0m [36;1mAdd-Type -TypeDefinition $combinedSource -ReferencedAssemblies $assem[0m …[0m
[31;1m[0m[36;1m[36;1m[0m[36;1m[0m[36;1m     | [31;1m ~~~~~~~~~~~~~~~~~~~~~~~~~~~~~~~~~~~~~~~~~~~~~~~~~~~~~~~~~~~~~~~~~~~~~[0m
[31;1m[0m[36;1m[36;1m[0m[36;1m[0m[36;1m[31;1m[31;1m[36;1m     | [31;1m(1235,33): error CS0246: The type or namespace name 'StackPanel' could[0m
[31;1m[0m[36;1m[36;1m[0m[36;1m[0m[36;1m[31;1m[31;1m[36;1m[31;1m[36;1m     | [31;1mnot be found (are you missing a using directive or an assembly[0m
[31;1m[0m[36;1m[36;1m[0m[36;1m[0m[36;1m[31;1m[31;1m[36;1m[31;1m[36;1m[31;1m[36;1m     | [31;1mreference?)             var itemPanel = new StackPanel                  [0m
[31;1m[0m[36;1m[36;1m[0m[36;1m[0m[36;1m[31;1m[31;1m[36;1m[31;1m[36;1m[31;1m[36;1m[31;1m[36;1m     | [31;1m^[0m
[31;1mAdd-Type: [0m/home/teej/supertui/WPF/SuperTUI_Demo.ps1:40[0m
[31;1m[0m[36;1mLine |[0m
[31;1m[0m[36;1m[36;1m  40 | [0m [36;1mAdd-Type -TypeDefinition $combinedSource -ReferencedAssemblies $assem[0m …[0m
[31;1m[0m[36;1m[36;1m[0m[36;1m[0m[36;1m     | [31;1m ~~~~~~~~~~~~~~~~~~~~~~~~~~~~~~~~~~~~~~~~~~~~~~~~~~~~~~~~~~~~~~~~~~~~~[0m
[31;1m[0m[36;1m[36;1m[0m[36;1m[0m[36;1m[31;1m[31;1m[36;1m     | [31;1m(1237,31): error CS0103: The name 'Orientation' does not exist in the[0m
[31;1m[0m[36;1m[36;1m[0m[36;1m[0m[36;1m[31;1m[31;1m[36;1m[31;1m[36;1m     | [31;1mcurrent context                 Orientation = Orientation.Horizontal,   [0m
[31;1m[0m[36;1m[36;1m[0m[36;1m[0m[36;1m[31;1m[31;1m[36;1m[31;1m[36;1m[31;1m[36;1m     | [31;1m^[0m
[31;1mAdd-Type: [0m/home/teej/supertui/WPF/SuperTUI_Demo.ps1:40[0m
[31;1m[0m[36;1mLine |[0m
[31;1m[0m[36;1m[36;1m  40 | [0m [36;1mAdd-Type -TypeDefinition $combinedSource -ReferencedAssemblies $assem[0m …[0m
[31;1m[0m[36;1m[36;1m[0m[36;1m[0m[36;1m     | [31;1m ~~~~~~~~~~~~~~~~~~~~~~~~~~~~~~~~~~~~~~~~~~~~~~~~~~~~~~~~~~~~~~~~~~~~~[0m
[31;1m[0m[36;1m[36;1m[0m[36;1m[0m[36;1m[31;1m[31;1m[36;1m     | [31;1m(1238,30): error CS0246: The type or namespace name 'Thickness' could[0m
[31;1m[0m[36;1m[36;1m[0m[36;1m[0m[36;1m[31;1m[31;1m[36;1m[31;1m[36;1m     | [31;1mnot be found (are you missing a using directive or an assembly[0m
[31;1m[0m[36;1m[36;1m[0m[36;1m[0m[36;1m[31;1m[31;1m[36;1m[31;1m[36;1m[31;1m[36;1m     | [31;1mreference?)                 Margin = new Thickness(0, 5, 0, 0)          [0m
[31;1m[0m[36;1m[36;1m[0m[36;1m[0m[36;1m[31;1m[31;1m[36;1m[31;1m[36;1m[31;1m[36;1m[31;1m[36;1m     | [31;1m^[0m
[31;1mAdd-Type: [0m/home/teej/supertui/WPF/SuperTUI_Demo.ps1:40[0m
[31;1m[0m[36;1mLine |[0m
[31;1m[0m[36;1m[36;1m  40 | [0m [36;1mAdd-Type -TypeDefinition $combinedSource -ReferencedAssemblies $assem[0m …[0m
[31;1m[0m[36;1m[36;1m[0m[36;1m[0m[36;1m     | [31;1m ~~~~~~~~~~~~~~~~~~~~~~~~~~~~~~~~~~~~~~~~~~~~~~~~~~~~~~~~~~~~~~~~~~~~~[0m
[31;1m[0m[36;1m[36;1m[0m[36;1m[0m[36;1m[31;1m[31;1m[36;1m     | [31;1m(1241,33): error CS0246: The type or namespace name 'TextBlock' could[0m
[31;1m[0m[36;1m[36;1m[0m[36;1m[0m[36;1m[31;1m[31;1m[36;1m[31;1m[36;1m     | [31;1mnot be found (are you missing a using directive or an assembly[0m
[31;1m[0m[36;1m[36;1m[0m[36;1m[0m[36;1m[31;1m[31;1m[36;1m[31;1m[36;1m[31;1m[36;1m     | [31;1mreference?)             var labelText = new TextBlock                   [0m
[31;1m[0m[36;1m[36;1m[0m[36;1m[0m[36;1m[31;1m[31;1m[36;1m[31;1m[36;1m[31;1m[36;1m[31;1m[36;1m     | [31;1m^[0m
[31;1mAdd-Type: [0m/home/teej/supertui/WPF/SuperTUI_Demo.ps1:40[0m
[31;1m[0m[36;1mLine |[0m
[31;1m[0m[36;1m[36;1m  40 | [0m [36;1mAdd-Type -TypeDefinition $combinedSource -ReferencedAssemblies $assem[0m …[0m
[31;1m[0m[36;1m[36;1m[0m[36;1m[0m[36;1m     | [31;1m ~~~~~~~~~~~~~~~~~~~~~~~~~~~~~~~~~~~~~~~~~~~~~~~~~~~~~~~~~~~~~~~~~~~~~[0m
[31;1m[0m[36;1m[36;1m[0m[36;1m[0m[36;1m[31;1m[31;1m[36;1m     | [31;1m(1244,34): error CS0246: The type or namespace name 'FontFamily' could[0m
[31;1m[0m[36;1m[36;1m[0m[36;1m[0m[36;1m[31;1m[31;1m[36;1m[31;1m[36;1m     | [31;1mnot be found (are you missing a using directive or an assembly[0m
[31;1m[0m[36;1m[36;1m[0m[36;1m[0m[36;1m[31;1m[31;1m[36;1m[31;1m[36;1m[31;1m[36;1m     | [31;1mreference?)                 FontFamily = new FontFamily("Cascadia Mono,[0m
[31;1m[0m[36;1m[36;1m[0m[36;1m[0m[36;1m[31;1m[31;1m[36;1m[31;1m[36;1m[31;1m[36;1m[31;1m[36;1m     | [31;1mConsolas"),                                  ^[0m
[31;1mAdd-Type: [0m/home/teej/supertui/WPF/SuperTUI_Demo.ps1:40[0m
[31;1m[0m[36;1mLine |[0m
[31;1m[0m[36;1m[36;1m  40 | [0m [36;1mAdd-Type -TypeDefinition $combinedSource -ReferencedAssemblies $assem[0m …[0m
[31;1m[0m[36;1m[36;1m[0m[36;1m[0m[36;1m     | [31;1m ~~~~~~~~~~~~~~~~~~~~~~~~~~~~~~~~~~~~~~~~~~~~~~~~~~~~~~~~~~~~~~~~~~~~~[0m
[31;1m[0m[36;1m[36;1m[0m[36;1m[0m[36;1m[31;1m[31;1m[36;1m     | [31;1m(1246,34): error CS0246: The type or namespace name 'SolidColorBrush'[0m
[31;1m[0m[36;1m[36;1m[0m[36;1m[0m[36;1m[31;1m[31;1m[36;1m[31;1m[36;1m     | [31;1mcould not be found (are you missing a using directive or an assembly[0m
[31;1m[0m[36;1m[36;1m[0m[36;1m[0m[36;1m[31;1m[31;1m[36;1m[31;1m[36;1m[31;1m[36;1m     | [31;1mreference?)                 Foreground = new[0m
[31;1m[0m[36;1m[36;1m[0m[36;1m[0m[36;1m[31;1m[31;1m[36;1m[31;1m[36;1m[31;1m[36;1m[31;1m[36;1m     | [31;1mSolidColorBrush(Color.FromRgb(204, 204, 204)),                          [0m
[31;1m[0m[36;1m[36;1m[0m[36;1m[0m[36;1m[31;1m[31;1m[36;1m[31;1m[36;1m[31;1m[36;1m[31;1m[36;1m[31;1m[36;1m     | [31;1m^[0m
[31;1mAdd-Type: [0m/home/teej/supertui/WPF/SuperTUI_Demo.ps1:40[0m
[31;1m[0m[36;1mLine |[0m
[31;1m[0m[36;1m[36;1m  40 | [0m [36;1mAdd-Type -TypeDefinition $combinedSource -ReferencedAssemblies $assem[0m …[0m
[31;1m[0m[36;1m[36;1m[0m[36;1m[0m[36;1m     | [31;1m ~~~~~~~~~~~~~~~~~~~~~~~~~~~~~~~~~~~~~~~~~~~~~~~~~~~~~~~~~~~~~~~~~~~~~[0m
[31;1m[0m[36;1m[36;1m[0m[36;1m[0m[36;1m[31;1m[31;1m[36;1m     | [31;1m(1246,50): error CS0103: The name 'Color' does not exist in the current[0m
[31;1m[0m[36;1m[36;1m[0m[36;1m[0m[36;1m[31;1m[31;1m[36;1m[31;1m[36;1m     | [31;1mcontext                 Foreground = new[0m
[31;1m[0m[36;1m[36;1m[0m[36;1m[0m[36;1m[31;1m[31;1m[36;1m[31;1m[36;1m[31;1m[36;1m     | [31;1mSolidColorBrush(Color.FromRgb(204, 204, 204)),                          [0m
[31;1m[0m[36;1m[36;1m[0m[36;1m[0m[36;1m[31;1m[31;1m[36;1m[31;1m[36;1m[31;1m[36;1m[31;1m[36;1m     | [31;1m^[0m
[31;1mAdd-Type: [0m/home/teej/supertui/WPF/SuperTUI_Demo.ps1:40[0m
[31;1m[0m[36;1mLine |[0m
[31;1m[0m[36;1m[36;1m  40 | [0m [36;1mAdd-Type -TypeDefinition $combinedSource -ReferencedAssemblies $assem[0m …[0m
[31;1m[0m[36;1m[36;1m[0m[36;1m[0m[36;1m     | [31;1m ~~~~~~~~~~~~~~~~~~~~~~~~~~~~~~~~~~~~~~~~~~~~~~~~~~~~~~~~~~~~~~~~~~~~~[0m
[31;1m[0m[36;1m[36;1m[0m[36;1m[0m[36;1m[31;1m[31;1m[36;1m     | [31;1m(1250,33): error CS0246: The type or namespace name 'TextBlock' could[0m
[31;1m[0m[36;1m[36;1m[0m[36;1m[0m[36;1m[31;1m[31;1m[36;1m[31;1m[36;1m     | [31;1mnot be found (are you missing a using directive or an assembly[0m
[31;1m[0m[36;1m[36;1m[0m[36;1m[0m[36;1m[31;1m[31;1m[36;1m[31;1m[36;1m[31;1m[36;1m     | [31;1mreference?)             var valueText = new TextBlock                   [0m
[31;1m[0m[36;1m[36;1m[0m[36;1m[0m[36;1m[31;1m[31;1m[36;1m[31;1m[36;1m[31;1m[36;1m[31;1m[36;1m     | [31;1m^[0m
[31;1mAdd-Type: [0m/home/teej/supertui/WPF/SuperTUI_Demo.ps1:40[0m
[31;1m[0m[36;1mLine |[0m
[31;1m[0m[36;1m[36;1m  40 | [0m [36;1mAdd-Type -TypeDefinition $combinedSource -ReferencedAssemblies $assem[0m …[0m
[31;1m[0m[36;1m[36;1m[0m[36;1m[0m[36;1m     | [31;1m ~~~~~~~~~~~~~~~~~~~~~~~~~~~~~~~~~~~~~~~~~~~~~~~~~~~~~~~~~~~~~~~~~~~~~[0m
[31;1m[0m[36;1m[36;1m[0m[36;1m[0m[36;1m[31;1m[31;1m[36;1m     | [31;1m(1253,34): error CS0246: The type or namespace name 'FontFamily' could[0m
[31;1m[0m[36;1m[36;1m[0m[36;1m[0m[36;1m[31;1m[31;1m[36;1m[31;1m[36;1m     | [31;1mnot be found (are you missing a using directive or an assembly[0m
[31;1m[0m[36;1m[36;1m[0m[36;1m[0m[36;1m[31;1m[31;1m[36;1m[31;1m[36;1m[31;1m[36;1m     | [31;1mreference?)                 FontFamily = new FontFamily("Cascadia Mono,[0m
[31;1m[0m[36;1m[36;1m[0m[36;1m[0m[36;1m[31;1m[31;1m[36;1m[31;1m[36;1m[31;1m[36;1m[31;1m[36;1m     | [31;1mConsolas"),                                  ^[0m
[31;1mAdd-Type: [0m/home/teej/supertui/WPF/SuperTUI_Demo.ps1:40[0m
[31;1m[0m[36;1mLine |[0m
[31;1m[0m[36;1m[36;1m  40 | [0m [36;1mAdd-Type -TypeDefinition $combinedSource -ReferencedAssemblies $assem[0m …[0m
[31;1m[0m[36;1m[36;1m[0m[36;1m[0m[36;1m     | [31;1m ~~~~~~~~~~~~~~~~~~~~~~~~~~~~~~~~~~~~~~~~~~~~~~~~~~~~~~~~~~~~~~~~~~~~~[0m
[31;1m[0m[36;1m[36;1m[0m[36;1m[0m[36;1m[31;1m[31;1m[36;1m     | [31;1m(1255,30): error CS0103: The name 'FontWeights' does not exist in the[0m
[31;1m[0m[36;1m[36;1m[0m[36;1m[0m[36;1m[31;1m[31;1m[36;1m[31;1m[36;1m     | [31;1mcurrent context                 FontWeight = FontWeights.Bold,          [0m
[31;1m[0m[36;1m[36;1m[0m[36;1m[0m[36;1m[31;1m[31;1m[36;1m[31;1m[36;1m[31;1m[36;1m     | [31;1m^[0m
[31;1mAdd-Type: [0m/home/teej/supertui/WPF/SuperTUI_Demo.ps1:40[0m
[31;1m[0m[36;1mLine |[0m
[31;1m[0m[36;1m[36;1m  40 | [0m [36;1mAdd-Type -TypeDefinition $combinedSource -ReferencedAssemblies $assem[0m …[0m
[31;1m[0m[36;1m[36;1m[0m[36;1m[0m[36;1m     | [31;1m ~~~~~~~~~~~~~~~~~~~~~~~~~~~~~~~~~~~~~~~~~~~~~~~~~~~~~~~~~~~~~~~~~~~~~[0m
[31;1m[0m[36;1m[36;1m[0m[36;1m[0m[36;1m[31;1m[31;1m[36;1m     | [31;1m(1256,34): error CS0246: The type or namespace name 'SolidColorBrush'[0m
[31;1m[0m[36;1m[36;1m[0m[36;1m[0m[36;1m[31;1m[31;1m[36;1m[31;1m[36;1m     | [31;1mcould not be found (are you missing a using directive or an assembly[0m
[31;1m[0m[36;1m[36;1m[0m[36;1m[0m[36;1m[31;1m[31;1m[36;1m[31;1m[36;1m[31;1m[36;1m     | [31;1mreference?)                 Foreground = new[0m
[31;1m[0m[36;1m[36;1m[0m[36;1m[0m[36;1m[31;1m[31;1m[36;1m[31;1m[36;1m[31;1m[36;1m[31;1m[36;1m     | [31;1mSolidColorBrush((Color)ColorConverter.ConvertFromString(colorHex))      [0m
[31;1m[0m[36;1m[36;1m[0m[36;1m[0m[36;1m[31;1m[31;1m[36;1m[31;1m[36;1m[31;1m[36;1m[31;1m[36;1m[31;1m[36;1m     | [31;1m^[0m
[31;1mAdd-Type: [0m/home/teej/supertui/WPF/SuperTUI_Demo.ps1:40[0m
[31;1m[0m[36;1mLine |[0m
[31;1m[0m[36;1m[36;1m  40 | [0m [36;1mAdd-Type -TypeDefinition $combinedSource -ReferencedAssemblies $assem[0m …[0m
[31;1m[0m[36;1m[36;1m[0m[36;1m[0m[36;1m     | [31;1m ~~~~~~~~~~~~~~~~~~~~~~~~~~~~~~~~~~~~~~~~~~~~~~~~~~~~~~~~~~~~~~~~~~~~~[0m
[31;1m[0m[36;1m[36;1m[0m[36;1m[0m[36;1m[31;1m[31;1m[36;1m     | [31;1m(1256,57): error CS0103: The name 'ColorConverter' does not exist in the[0m
[31;1m[0m[36;1m[36;1m[0m[36;1m[0m[36;1m[31;1m[31;1m[36;1m[31;1m[36;1m     | [31;1mcurrent context                 Foreground = new[0m
[31;1m[0m[36;1m[36;1m[0m[36;1m[0m[36;1m[31;1m[31;1m[36;1m[31;1m[36;1m[31;1m[36;1m     | [31;1mSolidColorBrush((Color)ColorConverter.ConvertFromString(colorHex))      [0m
[31;1m[0m[36;1m[36;1m[0m[36;1m[0m[36;1m[31;1m[31;1m[36;1m[31;1m[36;1m[31;1m[36;1m[31;1m[36;1m     | [31;1m^[0m
[31;1mAdd-Type: [0m/home/teej/supertui/WPF/SuperTUI_Demo.ps1:40[0m
[31;1m[0m[36;1mLine |[0m
[31;1m[0m[36;1m[36;1m  40 | [0m [36;1mAdd-Type -TypeDefinition $combinedSource -ReferencedAssemblies $assem[0m …[0m
[31;1m[0m[36;1m[36;1m[0m[36;1m[0m[36;1m     | [31;1m ~~~~~~~~~~~~~~~~~~~~~~~~~~~~~~~~~~~~~~~~~~~~~~~~~~~~~~~~~~~~~~~~~~~~~[0m
[31;1m[0m[36;1m[36;1m[0m[36;1m[0m[36;1m[31;1m[31;1m[36;1m     | [31;1m(1256,51): error CS0246: The type or namespace name 'Color' could not be[0m
[31;1m[0m[36;1m[36;1m[0m[36;1m[0m[36;1m[31;1m[31;1m[36;1m[31;1m[36;1m     | [31;1mfound (are you missing a using directive or an assembly reference?)     [0m
[31;1m[0m[36;1m[36;1m[0m[36;1m[0m[36;1m[31;1m[31;1m[36;1m[31;1m[36;1m[31;1m[36;1m     | [31;1mForeground = new[0m
[31;1m[0m[36;1m[36;1m[0m[36;1m[0m[36;1m[31;1m[31;1m[36;1m[31;1m[36;1m[31;1m[36;1m[31;1m[36;1m     | [31;1mSolidColorBrush((Color)ColorConverter.ConvertFromString(colorHex))      [0m
[31;1m[0m[36;1m[36;1m[0m[36;1m[0m[36;1m[31;1m[31;1m[36;1m[31;1m[36;1m[31;1m[36;1m[31;1m[36;1m[31;1m[36;1m     | [31;1m^[0m
[31;1mAdd-Type: [0m/home/teej/supertui/WPF/SuperTUI_Demo.ps1:40[0m
[31;1m[0m[36;1mLine |[0m
[31;1m[0m[36;1m[36;1m  40 | [0m [36;1mAdd-Type -TypeDefinition $combinedSource -ReferencedAssemblies $assem[0m …[0m
[31;1m[0m[36;1m[36;1m[0m[36;1m[0m[36;1m     | [31;1m ~~~~~~~~~~~~~~~~~~~~~~~~~~~~~~~~~~~~~~~~~~~~~~~~~~~~~~~~~~~~~~~~~~~~~[0m
[31;1m[0m[36;1m[36;1m[0m[36;1m[0m[36;1m[31;1m[31;1m[36;1m     | [31;1m(501,29): error CS0246: The type or namespace name 'DockPanel' could not[0m
[31;1m[0m[36;1m[36;1m[0m[36;1m[0m[36;1m[31;1m[31;1m[36;1m[31;1m[36;1m     | [31;1mbe found (are you missing a using directive or an assembly reference?)  [0m
[31;1m[0m[36;1m[36;1m[0m[36;1m[0m[36;1m[31;1m[31;1m[36;1m[31;1m[36;1m[31;1m[36;1m     | [31;1mdockPanel = new DockPanel();                             ^[0m
[31;1mAdd-Type: [0m/home/teej/supertui/WPF/SuperTUI_Demo.ps1:40[0m
[31;1m[0m[36;1mLine |[0m
[31;1m[0m[36;1m[36;1m  40 | [0m [36;1mAdd-Type -TypeDefinition $combinedSource -ReferencedAssemblies $assem[0m …[0m
[31;1m[0m[36;1m[36;1m[0m[36;1m[0m[36;1m     | [31;1m ~~~~~~~~~~~~~~~~~~~~~~~~~~~~~~~~~~~~~~~~~~~~~~~~~~~~~~~~~~~~~~~~~~~~~[0m
[31;1m[0m[36;1m[36;1m[0m[36;1m[0m[36;1m[31;1m[31;1m[36;1m     | [31;1m(509,17): error CS0103: The name 'DockPanel' does not exist in the[0m
[31;1m[0m[36;1m[36;1m[0m[36;1m[0m[36;1m[31;1m[31;1m[36;1m[31;1m[36;1m     | [31;1mcurrent context                 DockPanel.SetDock(child, lp.Dock.Value);[0m
[31;1m[0m[36;1m[36;1m[0m[36;1m[0m[36;1m[31;1m[31;1m[36;1m[31;1m[36;1m[31;1m[36;1m     | [31;1m^[0m
[31;1mAdd-Type: [0m/home/teej/supertui/WPF/SuperTUI_Demo.ps1:40[0m
[31;1m[0m[36;1mLine |[0m
[31;1m[0m[36;1m[36;1m  40 | [0m [36;1mAdd-Type -TypeDefinition $combinedSource -ReferencedAssemblies $assem[0m …[0m
[31;1m[0m[36;1m[36;1m[0m[36;1m[0m[36;1m     | [31;1m ~~~~~~~~~~~~~~~~~~~~~~~~~~~~~~~~~~~~~~~~~~~~~~~~~~~~~~~~~~~~~~~~~~~~~[0m
[31;1m[0m[36;1m[36;1m[0m[36;1m[0m[36;1m[31;1m[31;1m[36;1m     | [31;1m(310,26): error CS0246: The type or namespace name 'FrameworkElement'[0m
[31;1m[0m[36;1m[36;1m[0m[36;1m[0m[36;1m[31;1m[31;1m[36;1m[31;1m[36;1m     | [31;1mcould not be found (are you missing a using directive or an assembly[0m
[31;1m[0m[36;1m[36;1m[0m[36;1m[0m[36;1m[31;1m[31;1m[36;1m[31;1m[36;1m[31;1m[36;1m     | [31;1mreference?)             if (child is FrameworkElement fe)               [0m
[31;1m[0m[36;1m[36;1m[0m[36;1m[0m[36;1m[31;1m[31;1m[36;1m[31;1m[36;1m[31;1m[36;1m[31;1m[36;1m     | [31;1m^[0m
[31;1mAdd-Type: [0m/home/teej/supertui/WPF/SuperTUI_Demo.ps1:40[0m
[31;1m[0m[36;1mLine |[0m
[31;1m[0m[36;1m[36;1m  40 | [0m [36;1mAdd-Type -TypeDefinition $combinedSource -ReferencedAssemblies $assem[0m …[0m
[31;1m[0m[36;1m[36;1m[0m[36;1m[0m[36;1m     | [31;1m ~~~~~~~~~~~~~~~~~~~~~~~~~~~~~~~~~~~~~~~~~~~~~~~~~~~~~~~~~~~~~~~~~~~~~[0m
[31;1m[0m[36;1m[36;1m[0m[36;1m[0m[36;1m[31;1m[31;1m[36;1m     | [31;1m(336,37): error CS0246: The type or namespace name 'Thickness' could not[0m
[31;1m[0m[36;1m[36;1m[0m[36;1m[0m[36;1m[31;1m[31;1m[36;1m[31;1m[36;1m     | [31;1mbe found (are you missing a using directive or an assembly reference?)  [0m
[31;1m[0m[36;1m[36;1m[0m[36;1m[0m[36;1m[31;1m[31;1m[36;1m[31;1m[36;1m[31;1m[36;1m     | [31;1mfe.Margin = new Thickness(5); // Default margin                         [0m
[31;1m[0m[36;1m[36;1m[0m[36;1m[0m[36;1m[31;1m[31;1m[36;1m[31;1m[36;1m[31;1m[36;1m[31;1m[36;1m     | [31;1m^[0m
[31;1mAdd-Type: [0m/home/teej/supertui/WPF/SuperTUI_Demo.ps1:40[0m
[31;1m[0m[36;1mLine |[0m
[31;1m[0m[36;1m[36;1m  40 | [0m [36;1mAdd-Type -TypeDefinition $combinedSource -ReferencedAssemblies $assem[0m …[0m
[31;1m[0m[36;1m[36;1m[0m[36;1m[0m[36;1m     | [31;1m ~~~~~~~~~~~~~~~~~~~~~~~~~~~~~~~~~~~~~~~~~~~~~~~~~~~~~~~~~~~~~~~~~~~~~[0m
[31;1m[0m[36;1m[36;1m[0m[36;1m[0m[36;1m[31;1m[31;1m[36;1m     | [31;1m(342,46): error CS0234: The type or namespace name 'HorizontalAlignment'[0m
[31;1m[0m[36;1m[36;1m[0m[36;1m[0m[36;1m[31;1m[31;1m[36;1m[31;1m[36;1m     | [31;1mdoes not exist in the namespace 'System.Windows' (are you missing an[0m
[31;1m[0m[36;1m[36;1m[0m[36;1m[0m[36;1m[31;1m[31;1m[36;1m[31;1m[36;1m[31;1m[36;1m     | [31;1massembly reference?)                     fe.HorizontalAlignment =[0m
[31;1m[0m[36;1m[36;1m[0m[36;1m[0m[36;1m[31;1m[31;1m[36;1m[31;1m[36;1m[31;1m[36;1m[31;1m[36;1m     | [31;1mSystem.Windows.HorizontalAlignment.Stretch;                             [0m
[31;1m[0m[36;1m[36;1m[0m[36;1m[0m[36;1m[31;1m[31;1m[36;1m[31;1m[36;1m[31;1m[36;1m[31;1m[36;1m[31;1m[36;1m     | [31;1m^[0m
[31;1mAdd-Type: [0m/home/teej/supertui/WPF/SuperTUI_Demo.ps1:40[0m
[31;1m[0m[36;1mLine |[0m
[31;1m[0m[36;1m[36;1m  40 | [0m [36;1mAdd-Type -TypeDefinition $combinedSource -ReferencedAssemblies $assem[0m …[0m
[31;1m[0m[36;1m[36;1m[0m[36;1m[0m[36;1m     | [31;1m ~~~~~~~~~~~~~~~~~~~~~~~~~~~~~~~~~~~~~~~~~~~~~~~~~~~~~~~~~~~~~~~~~~~~~[0m
[31;1m[0m[36;1m[36;1m[0m[36;1m[0m[36;1m[31;1m[31;1m[36;1m     | [31;1m(347,44): error CS0234: The type or namespace name 'VerticalAlignment'[0m
[31;1m[0m[36;1m[36;1m[0m[36;1m[0m[36;1m[31;1m[31;1m[36;1m[31;1m[36;1m     | [31;1mdoes not exist in the namespace 'System.Windows' (are you missing an[0m
[31;1m[0m[36;1m[36;1m[0m[36;1m[0m[36;1m[31;1m[31;1m[36;1m[31;1m[36;1m[31;1m[36;1m     | [31;1massembly reference?)                     fe.VerticalAlignment =[0m
[31;1m[0m[36;1m[36;1m[0m[36;1m[0m[36;1m[31;1m[31;1m[36;1m[31;1m[36;1m[31;1m[36;1m[31;1m[36;1m     | [31;1mSystem.Windows.VerticalAlignment.Stretch;                               [0m
[31;1m[0m[36;1m[36;1m[0m[36;1m[0m[36;1m[31;1m[31;1m[36;1m[31;1m[36;1m[31;1m[36;1m[31;1m[36;1m[31;1m[36;1m     | [31;1m^[0m
[31;1mAdd-Type: [0m/home/teej/supertui/WPF/SuperTUI_Demo.ps1:40[0m
[31;1m[0m[36;1mLine |[0m
[31;1m[0m[36;1m[36;1m  40 | [0m [36;1mAdd-Type -TypeDefinition $combinedSource -ReferencedAssemblies $assem[0m …[0m
[31;1m[0m[36;1m[36;1m[0m[36;1m[0m[36;1m     | [31;1m ~~~~~~~~~~~~~~~~~~~~~~~~~~~~~~~~~~~~~~~~~~~~~~~~~~~~~~~~~~~~~~~~~~~~~[0m
[31;1m[0m[36;1m[36;1m[0m[36;1m[0m[36;1m[31;1m[31;1m[36;1m     | [31;1m(541,30): error CS0246: The type or namespace name 'StackPanel' could[0m
[31;1m[0m[36;1m[36;1m[0m[36;1m[0m[36;1m[31;1m[31;1m[36;1m[31;1m[36;1m     | [31;1mnot be found (are you missing a using directive or an assembly[0m
[31;1m[0m[36;1m[36;1m[0m[36;1m[0m[36;1m[31;1m[31;1m[36;1m[31;1m[36;1m[31;1m[36;1m     | [31;1mreference?)             stackPanel = new StackPanel();                  [0m
[31;1m[0m[36;1m[36;1m[0m[36;1m[0m[36;1m[31;1m[31;1m[36;1m[31;1m[36;1m[31;1m[36;1m[31;1m[36;1m     | [31;1m^[0m
[31;1mAdd-Type: [0m/home/teej/supertui/WPF/SuperTUI_Demo.ps1:40[0m
[31;1m[0m[36;1mLine |[0m
[31;1m[0m[36;1m[36;1m  40 | [0m [36;1mAdd-Type -TypeDefinition $combinedSource -ReferencedAssemblies $assem[0m …[0m
[31;1m[0m[36;1m[36;1m[0m[36;1m[0m[36;1m     | [31;1m ~~~~~~~~~~~~~~~~~~~~~~~~~~~~~~~~~~~~~~~~~~~~~~~~~~~~~~~~~~~~~~~~~~~~~[0m
[31;1m[0m[36;1m[36;1m[0m[36;1m[0m[36;1m[31;1m[31;1m[36;1m     | [31;1m(1387,22): error CS0103: The name 'Key' does not exist in the current[0m
[31;1m[0m[36;1m[36;1m[0m[36;1m[0m[36;1m[31;1m[31;1m[36;1m[31;1m[36;1m     | [31;1mcontext                 case Key.Up:                      ^[0m
[31;1mAdd-Type: [0m/home/teej/supertui/WPF/SuperTUI_Demo.ps1:40[0m
[31;1m[0m[36;1mLine |[0m
[31;1m[0m[36;1m[36;1m  40 | [0m [36;1mAdd-Type -TypeDefinition $combinedSource -ReferencedAssemblies $assem[0m …[0m
[31;1m[0m[36;1m[36;1m[0m[36;1m[0m[36;1m     | [31;1m ~~~~~~~~~~~~~~~~~~~~~~~~~~~~~~~~~~~~~~~~~~~~~~~~~~~~~~~~~~~~~~~~~~~~~[0m
[31;1m[0m[36;1m[36;1m[0m[36;1m[0m[36;1m[31;1m[31;1m[36;1m     | [31;1m(1392,22): error CS0103: The name 'Key' does not exist in the current[0m
[31;1m[0m[36;1m[36;1m[0m[36;1m[0m[36;1m[31;1m[31;1m[36;1m[31;1m[36;1m     | [31;1mcontext                 case Key.Down:                      ^[0m
[31;1mAdd-Type: [0m/home/teej/supertui/WPF/SuperTUI_Demo.ps1:40[0m
[31;1m[0m[36;1mLine |[0m
[31;1m[0m[36;1m[36;1m  40 | [0m [36;1mAdd-Type -TypeDefinition $combinedSource -ReferencedAssemblies $assem[0m …[0m
[31;1m[0m[36;1m[36;1m[0m[36;1m[0m[36;1m     | [31;1m ~~~~~~~~~~~~~~~~~~~~~~~~~~~~~~~~~~~~~~~~~~~~~~~~~~~~~~~~~~~~~~~~~~~~~[0m
[31;1m[0m[36;1m[36;1m[0m[36;1m[0m[36;1m[31;1m[31;1m[36;1m     | [31;1m(1397,22): error CS0103: The name 'Key' does not exist in the current[0m
[31;1m[0m[36;1m[36;1m[0m[36;1m[0m[36;1m[31;1m[31;1m[36;1m[31;1m[36;1m     | [31;1mcontext                 case Key.R:                      ^[0m
[31;1mAdd-Type: [0m/home/teej/supertui/WPF/SuperTUI_Demo.ps1:40[0m
[31;1m[0m[36;1mLine |[0m
[31;1m[0m[36;1m[36;1m  40 | [0m [36;1mAdd-Type -TypeDefinition $combinedSource -ReferencedAssemblies $assem[0m …[0m
[31;1m[0m[36;1m[36;1m[0m[36;1m[0m[36;1m     | [31;1m ~~~~~~~~~~~~~~~~~~~~~~~~~~~~~~~~~~~~~~~~~~~~~~~~~~~~~~~~~~~~~~~~~~~~~[0m
[31;1m[0m[36;1m[36;1m[0m[36;1m[0m[36;1m[31;1m[31;1m[36;1m     | [31;1m(587,62): error CS0246: The type or namespace name 'UIElement' could not[0m
[31;1m[0m[36;1m[36;1m[0m[36;1m[0m[36;1m[31;1m[31;1m[36;1m[31;1m[36;1m     | [31;1mbe found (are you missing a using directive or an assembly reference?)  [0m
[31;1m[0m[36;1m[36;1m[0m[36;1m[0m[36;1m[31;1m[31;1m[36;1m[31;1m[36;1m[31;1m[36;1m     | [31;1mprivate List<UIElement> focusableElements = new List<UIElement>();      [0m
[31;1m[0m[36;1m[36;1m[0m[36;1m[0m[36;1m[31;1m[31;1m[36;1m[31;1m[36;1m[31;1m[36;1m[31;1m[36;1m     | [31;1m^[0m
[31;1mAdd-Type: [0m/home/teej/supertui/WPF/SuperTUI_Demo.ps1:40[0m
[31;1m[0m[36;1mLine |[0m
[31;1m[0m[36;1m[36;1m  40 | [0m [36;1mAdd-Type -TypeDefinition $combinedSource -ReferencedAssemblies $assem[0m …[0m
[31;1m[0m[36;1m[36;1m[0m[36;1m[0m[36;1m     | [31;1m ~~~~~~~~~~~~~~~~~~~~~~~~~~~~~~~~~~~~~~~~~~~~~~~~~~~~~~~~~~~~~~~~~~~~~[0m
[31;1m[0m[36;1m[36;1m[0m[36;1m[0m[36;1m[31;1m[31;1m[36;1m     | [31;1m(1406,46): error CS0246: The type or namespace name 'SolidColorBrush'[0m
[31;1m[0m[36;1m[36;1m[0m[36;1m[0m[36;1m[31;1m[31;1m[36;1m[31;1m[36;1m     | [31;1mcould not be found (are you missing a using directive or an assembly[0m
[31;1m[0m[36;1m[36;1m[0m[36;1m[0m[36;1m[31;1m[31;1m[36;1m[31;1m[36;1m[31;1m[36;1m     | [31;1mreference?)             instructionText.Foreground = new[0m
[31;1m[0m[36;1m[36;1m[0m[36;1m[0m[36;1m[31;1m[31;1m[36;1m[31;1m[36;1m[31;1m[36;1m[31;1m[36;1m     | [31;1mSolidColorBrush(Color.FromRgb(78, 201, 176));                           [0m
[31;1m[0m[36;1m[36;1m[0m[36;1m[0m[36;1m[31;1m[31;1m[36;1m[31;1m[36;1m[31;1m[36;1m[31;1m[36;1m[31;1m[36;1m     | [31;1m^[0m
[31;1mAdd-Type: [0m/home/teej/supertui/WPF/SuperTUI_Demo.ps1:40[0m
[31;1m[0m[36;1mLine |[0m
[31;1m[0m[36;1m[36;1m  40 | [0m [36;1mAdd-Type -TypeDefinition $combinedSource -ReferencedAssemblies $assem[0m …[0m
[31;1m[0m[36;1m[36;1m[0m[36;1m[0m[36;1m     | [31;1m ~~~~~~~~~~~~~~~~~~~~~~~~~~~~~~~~~~~~~~~~~~~~~~~~~~~~~~~~~~~~~~~~~~~~~[0m
[31;1m[0m[36;1m[36;1m[0m[36;1m[0m[36;1m[31;1m[31;1m[36;1m     | [31;1m(1406,62): error CS0103: The name 'Color' does not exist in the current[0m
[31;1m[0m[36;1m[36;1m[0m[36;1m[0m[36;1m[31;1m[31;1m[36;1m[31;1m[36;1m     | [31;1mcontext             instructionText.Foreground = new[0m
[31;1m[0m[36;1m[36;1m[0m[36;1m[0m[36;1m[31;1m[31;1m[36;1m[31;1m[36;1m[31;1m[36;1m     | [31;1mSolidColorBrush(Color.FromRgb(78, 201, 176));                           [0m
[31;1m[0m[36;1m[36;1m[0m[36;1m[0m[36;1m[31;1m[31;1m[36;1m[31;1m[36;1m[31;1m[36;1m[31;1m[36;1m     | [31;1m^[0m
[31;1mAdd-Type: [0m/home/teej/supertui/WPF/SuperTUI_Demo.ps1:40[0m
[31;1m[0m[36;1mLine |[0m
[31;1m[0m[36;1m[36;1m  40 | [0m [36;1mAdd-Type -TypeDefinition $combinedSource -ReferencedAssemblies $assem[0m …[0m
[31;1m[0m[36;1m[36;1m[0m[36;1m[0m[36;1m     | [31;1m ~~~~~~~~~~~~~~~~~~~~~~~~~~~~~~~~~~~~~~~~~~~~~~~~~~~~~~~~~~~~~~~~~~~~~[0m
[31;1m[0m[36;1m[36;1m[0m[36;1m[0m[36;1m[31;1m[31;1m[36;1m     | [31;1m(1411,46): error CS0246: The type or namespace name 'SolidColorBrush'[0m
[31;1m[0m[36;1m[36;1m[0m[36;1m[0m[36;1m[31;1m[31;1m[36;1m[31;1m[36;1m     | [31;1mcould not be found (are you missing a using directive or an assembly[0m
[31;1m[0m[36;1m[36;1m[0m[36;1m[0m[36;1m[31;1m[31;1m[36;1m[31;1m[36;1m[31;1m[36;1m     | [31;1mreference?)             instructionText.Foreground = new[0m
[31;1m[0m[36;1m[36;1m[0m[36;1m[0m[36;1m[31;1m[31;1m[36;1m[31;1m[36;1m[31;1m[36;1m[31;1m[36;1m     | [31;1mSolidColorBrush(Color.FromRgb(102, 102, 102));                          [0m
[31;1m[0m[36;1m[36;1m[0m[36;1m[0m[36;1m[31;1m[31;1m[36;1m[31;1m[36;1m[31;1m[36;1m[31;1m[36;1m[31;1m[36;1m     | [31;1m^[0m
[31;1mAdd-Type: [0m/home/teej/supertui/WPF/SuperTUI_Demo.ps1:40[0m
[31;1m[0m[36;1mLine |[0m
[31;1m[0m[36;1m[36;1m  40 | [0m [36;1mAdd-Type -TypeDefinition $combinedSource -ReferencedAssemblies $assem[0m …[0m
[31;1m[0m[36;1m[36;1m[0m[36;1m[0m[36;1m     | [31;1m ~~~~~~~~~~~~~~~~~~~~~~~~~~~~~~~~~~~~~~~~~~~~~~~~~~~~~~~~~~~~~~~~~~~~~[0m
[31;1m[0m[36;1m[36;1m[0m[36;1m[0m[36;1m[31;1m[31;1m[36;1m     | [31;1m(1411,62): error CS0103: The name 'Color' does not exist in the current[0m
[31;1m[0m[36;1m[36;1m[0m[36;1m[0m[36;1m[31;1m[31;1m[36;1m[31;1m[36;1m     | [31;1mcontext             instructionText.Foreground = new[0m
[31;1m[0m[36;1m[36;1m[0m[36;1m[0m[36;1m[31;1m[31;1m[36;1m[31;1m[36;1m[31;1m[36;1m     | [31;1mSolidColorBrush(Color.FromRgb(102, 102, 102));                          [0m
[31;1m[0m[36;1m[36;1m[0m[36;1m[0m[36;1m[31;1m[31;1m[36;1m[31;1m[36;1m[31;1m[36;1m[31;1m[36;1m     | [31;1m^[0m
[31;1mAdd-Type: [0m/home/teej/supertui/WPF/SuperTUI_Demo.ps1:40[0m
[31;1m[0m[36;1mLine |[0m
[31;1m[0m[36;1m[36;1m  40 | [0m [36;1mAdd-Type -TypeDefinition $combinedSource -ReferencedAssemblies $assem[0m …[0m
[31;1m[0m[36;1m[36;1m[0m[36;1m[0m[36;1m     | [31;1m ~~~~~~~~~~~~~~~~~~~~~~~~~~~~~~~~~~~~~~~~~~~~~~~~~~~~~~~~~~~~~~~~~~~~~[0m
[31;1m[0m[36;1m[36;1m[0m[36;1m[0m[36;1m[31;1m[31;1m[36;1m     | [31;1m(1513,13): error CS0103: The name 'Dispatcher' does not exist in the[0m
[31;1m[0m[36;1m[36;1m[0m[36;1m[0m[36;1m[31;1m[31;1m[36;1m[31;1m[36;1m     | [31;1mcurrent context             Dispatcher.BeginInvoke(new Action(() =>     [0m
[31;1m[0m[36;1m[36;1m[0m[36;1m[0m[36;1m[31;1m[31;1m[36;1m[31;1m[36;1m[31;1m[36;1m     | [31;1m^[0m
[31;1mAdd-Type: [0m/home/teej/supertui/WPF/SuperTUI_Demo.ps1:40[0m
[31;1m[0m[36;1mLine |[0m
[31;1m[0m[36;1m[36;1m  40 | [0m [36;1mAdd-Type -TypeDefinition $combinedSource -ReferencedAssemblies $assem[0m …[0m
[31;1m[0m[36;1m[36;1m[0m[36;1m[0m[36;1m     | [31;1m ~~~~~~~~~~~~~~~~~~~~~~~~~~~~~~~~~~~~~~~~~~~~~~~~~~~~~~~~~~~~~~~~~~~~~[0m
[31;1m[0m[36;1m[36;1m[0m[36;1m[0m[36;1m[31;1m[31;1m[36;1m     | [31;1m(1517,17): error CS0234: The type or namespace name 'Threading' does not[0m
[31;1m[0m[36;1m[36;1m[0m[36;1m[0m[36;1m[31;1m[31;1m[36;1m[31;1m[36;1m     | [31;1mexist in the namespace 'System.Windows' (are you missing an assembly[0m
[31;1m[0m[36;1m[36;1m[0m[36;1m[0m[36;1m[31;1m[31;1m[36;1m[31;1m[36;1m[31;1m[36;1m     | [31;1mreference?)             }),[0m
[31;1m[0m[36;1m[36;1m[0m[36;1m[0m[36;1m[31;1m[31;1m[36;1m[31;1m[36;1m[31;1m[36;1m[31;1m[36;1m     | [31;1mSystem.Windows.Threading.DispatcherPriority.Input);                 ^[0m
[31;1mAdd-Type: [0m/home/teej/supertui/WPF/SuperTUI_Demo.ps1:40[0m
[31;1m[0m[36;1mLine |[0m
[31;1m[0m[36;1m[36;1m  40 | [0m [36;1mAdd-Type -TypeDefinition $combinedSource -ReferencedAssemblies $assem[0m …[0m
[31;1m[0m[36;1m[36;1m[0m[36;1m[0m[36;1m     | [31;1m ~~~~~~~~~~~~~~~~~~~~~~~~~~~~~~~~~~~~~~~~~~~~~~~~~~~~~~~~~~~~~~~~~~~~~[0m
[31;1m[0m[36;1m[36;1m[0m[36;1m[0m[36;1m[31;1m[31;1m[36;1m     | [31;1m(1102,25): error CS0246: The type or namespace name 'DispatcherTimer'[0m
[31;1m[0m[36;1m[36;1m[0m[36;1m[0m[36;1m[31;1m[31;1m[36;1m[31;1m[36;1m     | [31;1mcould not be found (are you missing a using directive or an assembly[0m
[31;1m[0m[36;1m[36;1m[0m[36;1m[0m[36;1m[31;1m[31;1m[36;1m[31;1m[36;1m[31;1m[36;1m     | [31;1mreference?)             timer = new DispatcherTimer                     [0m
[31;1m[0m[36;1m[36;1m[0m[36;1m[0m[36;1m[31;1m[31;1m[36;1m[31;1m[36;1m[31;1m[36;1m[31;1m[36;1m     | [31;1m^[0m
[31;1mAdd-Type: [0m/home/teej/supertui/WPF/SuperTUI_Demo.ps1:40[0m
[31;1m[0m[36;1mLine |[0m
[31;1m[0m[36;1m[36;1m  40 | [0m [36;1mAdd-Type -TypeDefinition $combinedSource -ReferencedAssemblies $assem[0m …[0m
[31;1m[0m[36;1m[36;1m[0m[36;1m[0m[36;1m     | [31;1m ~~~~~~~~~~~~~~~~~~~~~~~~~~~~~~~~~~~~~~~~~~~~~~~~~~~~~~~~~~~~~~~~~~~~~[0m
[31;1m[0m[36;1m[36;1m[0m[36;1m[0m[36;1m[31;1m[31;1m[36;1m     | [31;1m(599,29): error CS1503: Argument 1: cannot convert from[0m
[31;1m[0m[36;1m[36;1m[0m[36;1m[0m[36;1m[31;1m[31;1m[36;1m[31;1m[36;1m     | [31;1m'SuperTUI.Core.WidgetBase' to 'UIElement'            [0m
[31;1m[0m[36;1m[36;1m[0m[36;1m[0m[36;1m[31;1m[31;1m[36;1m[31;1m[36;1m[31;1m[36;1m     | [31;1mLayout.AddChild(widget, layoutParams);                             ^[0m
[31;1mAdd-Type: [0m/home/teej/supertui/WPF/SuperTUI_Demo.ps1:40[0m
[31;1m[0m[36;1mLine |[0m
[31;1m[0m[36;1m[36;1m  40 | [0m [36;1mAdd-Type -TypeDefinition $combinedSource -ReferencedAssemblies $assem[0m …[0m
[31;1m[0m[36;1m[36;1m[0m[36;1m[0m[36;1m     | [31;1m ~~~~~~~~~~~~~~~~~~~~~~~~~~~~~~~~~~~~~~~~~~~~~~~~~~~~~~~~~~~~~~~~~~~~~[0m
[31;1m[0m[36;1m[36;1m[0m[36;1m[0m[36;1m[31;1m[31;1m[36;1m     | [31;1m(600,35): error CS1503: Argument 1: cannot convert from[0m
[31;1m[0m[36;1m[36;1m[0m[36;1m[0m[36;1m[31;1m[31;1m[36;1m[31;1m[36;1m     | [31;1m'SuperTUI.Core.WidgetBase' to 'UIElement'            [0m
[31;1m[0m[36;1m[36;1m[0m[36;1m[0m[36;1m[31;1m[31;1m[36;1m[31;1m[36;1m[31;1m[36;1m     | [31;1mfocusableElements.Add(widget);                                   ^[0m
[31;1mAdd-Type: [0m/home/teej/supertui/WPF/SuperTUI_Demo.ps1:40[0m
[31;1m[0m[36;1mLine |[0m
[31;1m[0m[36;1m[36;1m  40 | [0m [36;1mAdd-Type -TypeDefinition $combinedSource -ReferencedAssemblies $assem[0m …[0m
[31;1m[0m[36;1m[36;1m[0m[36;1m[0m[36;1m     | [31;1m ~~~~~~~~~~~~~~~~~~~~~~~~~~~~~~~~~~~~~~~~~~~~~~~~~~~~~~~~~~~~~~~~~~~~~[0m
[31;1m[0m[36;1m[36;1m[0m[36;1m[0m[36;1m[31;1m[31;1m[36;1m     | [31;1m(192,18): error CS1061: 'ScreenBase' does not contain a definition for[0m
[31;1m[0m[36;1m[36;1m[0m[36;1m[0m[36;1m[31;1m[31;1m[36;1m[31;1m[36;1m     | [31;1m'Focusable' and no accessible extension method 'Focusable' accepting a[0m
[31;1m[0m[36;1m[36;1m[0m[36;1m[0m[36;1m[31;1m[31;1m[36;1m[31;1m[36;1m[31;1m[36;1m     | [31;1mfirst argument of type 'ScreenBase' could be found (are you missing a[0m
[31;1m[0m[36;1m[36;1m[0m[36;1m[0m[36;1m[31;1m[31;1m[36;1m[31;1m[36;1m[31;1m[36;1m[31;1m[36;1m     | [31;1musing directive or an assembly reference?)             this.Focusable =[0m
[31;1m[0m[36;1m[36;1m[0m[36;1m[0m[36;1m[31;1m[31;1m[36;1m[31;1m[36;1m[31;1m[36;1m[31;1m[36;1m[31;1m[36;1m     | [31;1mtrue;                  ^[0m
[31;1mAdd-Type: [0m/home/teej/supertui/WPF/SuperTUI_Demo.ps1:40[0m
[31;1m[0m[36;1mLine |[0m
[31;1m[0m[36;1m[36;1m  40 | [0m [36;1mAdd-Type -TypeDefinition $combinedSource -ReferencedAssemblies $assem[0m …[0m
[31;1m[0m[36;1m[36;1m[0m[36;1m[0m[36;1m     | [31;1m ~~~~~~~~~~~~~~~~~~~~~~~~~~~~~~~~~~~~~~~~~~~~~~~~~~~~~~~~~~~~~~~~~~~~~[0m
[31;1m[0m[36;1m[36;1m[0m[36;1m[0m[36;1m[31;1m[31;1m[36;1m     | [31;1m(193,18): error CS1061: 'ScreenBase' does not contain a definition for[0m
[31;1m[0m[36;1m[36;1m[0m[36;1m[0m[36;1m[31;1m[31;1m[36;1m[31;1m[36;1m     | [31;1m'GotFocus' and no accessible extension method 'GotFocus' accepting a[0m
[31;1m[0m[36;1m[36;1m[0m[36;1m[0m[36;1m[31;1m[31;1m[36;1m[31;1m[36;1m[31;1m[36;1m     | [31;1mfirst argument of type 'ScreenBase' could be found (are you missing a[0m
[31;1m[0m[36;1m[36;1m[0m[36;1m[0m[36;1m[31;1m[31;1m[36;1m[31;1m[36;1m[31;1m[36;1m[31;1m[36;1m     | [31;1musing directive or an assembly reference?)             this.GotFocus +=[0m
[31;1m[0m[36;1m[36;1m[0m[36;1m[0m[36;1m[31;1m[31;1m[36;1m[31;1m[36;1m[31;1m[36;1m[31;1m[36;1m[31;1m[36;1m     | [31;1m(s, e) => HasFocus = true;                  ^[0m
[31;1mAdd-Type: [0m/home/teej/supertui/WPF/SuperTUI_Demo.ps1:40[0m
[31;1m[0m[36;1mLine |[0m
[31;1m[0m[36;1m[36;1m  40 | [0m [36;1mAdd-Type -TypeDefinition $combinedSource -ReferencedAssemblies $assem[0m …[0m
[31;1m[0m[36;1m[36;1m[0m[36;1m[0m[36;1m     | [31;1m ~~~~~~~~~~~~~~~~~~~~~~~~~~~~~~~~~~~~~~~~~~~~~~~~~~~~~~~~~~~~~~~~~~~~~[0m
[31;1m[0m[36;1m[36;1m[0m[36;1m[0m[36;1m[31;1m[31;1m[36;1m     | [31;1m(194,18): error CS1061: 'ScreenBase' does not contain a definition for[0m
[31;1m[0m[36;1m[36;1m[0m[36;1m[0m[36;1m[31;1m[31;1m[36;1m[31;1m[36;1m     | [31;1m'LostFocus' and no accessible extension method 'LostFocus' accepting a[0m
[31;1m[0m[36;1m[36;1m[0m[36;1m[0m[36;1m[31;1m[31;1m[36;1m[31;1m[36;1m[31;1m[36;1m     | [31;1mfirst argument of type 'ScreenBase' could be found (are you missing a[0m
[31;1m[0m[36;1m[36;1m[0m[36;1m[0m[36;1m[31;1m[31;1m[36;1m[31;1m[36;1m[31;1m[36;1m[31;1m[36;1m     | [31;1musing directive or an assembly reference?)             this.LostFocus +=[0m
[31;1m[0m[36;1m[36;1m[0m[36;1m[0m[36;1m[31;1m[31;1m[36;1m[31;1m[36;1m[31;1m[36;1m[31;1m[36;1m[31;1m[36;1m     | [31;1m(s, e) => HasFocus = false;                  ^[0m
[31;1mAdd-Type: [0m/home/teej/supertui/WPF/SuperTUI_Demo.ps1:40[0m
[31;1m[0m[36;1mLine |[0m
[31;1m[0m[36;1m[36;1m  40 | [0m [36;1mAdd-Type -TypeDefinition $combinedSource -ReferencedAssemblies $assem[0m …[0m
[31;1m[0m[36;1m[36;1m[0m[36;1m[0m[36;1m     | [31;1m ~~~~~~~~~~~~~~~~~~~~~~~~~~~~~~~~~~~~~~~~~~~~~~~~~~~~~~~~~~~~~~~~~~~~~[0m
[31;1m[0m[36;1m[36;1m[0m[36;1m[0m[36;1m[31;1m[31;1m[36;1m     | [31;1m(62,18): error CS1061: 'WidgetBase' does not contain a definition for[0m
[31;1m[0m[36;1m[36;1m[0m[36;1m[0m[36;1m[31;1m[31;1m[36;1m[31;1m[36;1m     | [31;1m'Loaded' and no accessible extension method 'Loaded' accepting a first[0m
[31;1m[0m[36;1m[36;1m[0m[36;1m[0m[36;1m[31;1m[31;1m[36;1m[31;1m[36;1m[31;1m[36;1m     | [31;1margument of type 'WidgetBase' could be found (are you missing a using[0m
[31;1m[0m[36;1m[36;1m[0m[36;1m[0m[36;1m[31;1m[31;1m[36;1m[31;1m[36;1m[31;1m[36;1m[31;1m[36;1m     | [31;1mdirective or an assembly reference?)             this.Loaded += (s, e)[0m
[31;1m[0m[36;1m[36;1m[0m[36;1m[0m[36;1m[31;1m[31;1m[36;1m[31;1m[36;1m[31;1m[36;1m[31;1m[36;1m[31;1m[36;1m     | [31;1m=> WrapInFocusBorder();                  ^[0m
[31;1mAdd-Type: [0m/home/teej/supertui/WPF/SuperTUI_Demo.ps1:40[0m
[31;1m[0m[36;1mLine |[0m
[31;1m[0m[36;1m[36;1m  40 | [0m [36;1mAdd-Type -TypeDefinition $combinedSource -ReferencedAssemblies $assem[0m …[0m
[31;1m[0m[36;1m[36;1m[0m[36;1m[0m[36;1m     | [31;1m ~~~~~~~~~~~~~~~~~~~~~~~~~~~~~~~~~~~~~~~~~~~~~~~~~~~~~~~~~~~~~~~~~~~~~[0m
[31;1m[0m[36;1m[36;1m[0m[36;1m[0m[36;1m[31;1m[31;1m[36;1m     | [31;1m(63,18): error CS1061: 'WidgetBase' does not contain a definition for[0m
[31;1m[0m[36;1m[36;1m[0m[36;1m[0m[36;1m[31;1m[31;1m[36;1m[31;1m[36;1m     | [31;1m'Focusable' and no accessible extension method 'Focusable' accepting a[0m
[31;1m[0m[36;1m[36;1m[0m[36;1m[0m[36;1m[31;1m[31;1m[36;1m[31;1m[36;1m[31;1m[36;1m     | [31;1mfirst argument of type 'WidgetBase' could be found (are you missing a[0m
[31;1m[0m[36;1m[36;1m[0m[36;1m[0m[36;1m[31;1m[31;1m[36;1m[31;1m[36;1m[31;1m[36;1m[31;1m[36;1m     | [31;1musing directive or an assembly reference?)             this.Focusable =[0m
[31;1m[0m[36;1m[36;1m[0m[36;1m[0m[36;1m[31;1m[31;1m[36;1m[31;1m[36;1m[31;1m[36;1m[31;1m[36;1m[31;1m[36;1m     | [31;1mtrue;                  ^[0m
[31;1mAdd-Type: [0m/home/teej/supertui/WPF/SuperTUI_Demo.ps1:40[0m
[31;1m[0m[36;1mLine |[0m
[31;1m[0m[36;1m[36;1m  40 | [0m [36;1mAdd-Type -TypeDefinition $combinedSource -ReferencedAssemblies $assem[0m …[0m
[31;1m[0m[36;1m[36;1m[0m[36;1m[0m[36;1m     | [31;1m ~~~~~~~~~~~~~~~~~~~~~~~~~~~~~~~~~~~~~~~~~~~~~~~~~~~~~~~~~~~~~~~~~~~~~[0m
[31;1m[0m[36;1m[36;1m[0m[36;1m[0m[36;1m[31;1m[31;1m[36;1m     | [31;1m(64,18): error CS1061: 'WidgetBase' does not contain a definition for[0m
[31;1m[0m[36;1m[36;1m[0m[36;1m[0m[36;1m[31;1m[31;1m[36;1m[31;1m[36;1m     | [31;1m'GotFocus' and no accessible extension method 'GotFocus' accepting a[0m
[31;1m[0m[36;1m[36;1m[0m[36;1m[0m[36;1m[31;1m[31;1m[36;1m[31;1m[36;1m[31;1m[36;1m     | [31;1mfirst argument of type 'WidgetBase' could be found (are you missing a[0m
[31;1m[0m[36;1m[36;1m[0m[36;1m[0m[36;1m[31;1m[31;1m[36;1m[31;1m[36;1m[31;1m[36;1m[31;1m[36;1m     | [31;1musing directive or an assembly reference?)             this.GotFocus +=[0m
[31;1m[0m[36;1m[36;1m[0m[36;1m[0m[36;1m[31;1m[31;1m[36;1m[31;1m[36;1m[31;1m[36;1m[31;1m[36;1m[31;1m[36;1m     | [31;1m(s, e) => HasFocus = true;                  ^[0m
[31;1mAdd-Type: [0m/home/teej/supertui/WPF/SuperTUI_Demo.ps1:40[0m
[31;1m[0m[36;1mLine |[0m
[31;1m[0m[36;1m[36;1m  40 | [0m [36;1mAdd-Type -TypeDefinition $combinedSource -ReferencedAssemblies $assem[0m …[0m
[31;1m[0m[36;1m[36;1m[0m[36;1m[0m[36;1m     | [31;1m ~~~~~~~~~~~~~~~~~~~~~~~~~~~~~~~~~~~~~~~~~~~~~~~~~~~~~~~~~~~~~~~~~~~~~[0m
[31;1m[0m[36;1m[36;1m[0m[36;1m[0m[36;1m[31;1m[31;1m[36;1m     | [31;1m(65,18): error CS1061: 'WidgetBase' does not contain a definition for[0m
[31;1m[0m[36;1m[36;1m[0m[36;1m[0m[36;1m[31;1m[31;1m[36;1m[31;1m[36;1m     | [31;1m'LostFocus' and no accessible extension method 'LostFocus' accepting a[0m
[31;1m[0m[36;1m[36;1m[0m[36;1m[0m[36;1m[31;1m[31;1m[36;1m[31;1m[36;1m[31;1m[36;1m     | [31;1mfirst argument of type 'WidgetBase' could be found (are you missing a[0m
[31;1m[0m[36;1m[36;1m[0m[36;1m[0m[36;1m[31;1m[31;1m[36;1m[31;1m[36;1m[31;1m[36;1m[31;1m[36;1m     | [31;1musing directive or an assembly reference?)             this.LostFocus +=[0m
[31;1m[0m[36;1m[36;1m[0m[36;1m[0m[36;1m[31;1m[31;1m[36;1m[31;1m[36;1m[31;1m[36;1m[31;1m[36;1m[31;1m[36;1m     | [31;1m(s, e) => HasFocus = false;                  ^[0m
[31;1mAdd-Type: [0m/home/teej/supertui/WPF/SuperTUI_Demo.ps1:40[0m
[31;1m[0m[36;1mLine |[0m
[31;1m[0m[36;1m[36;1m  40 | [0m [36;1mAdd-Type -TypeDefinition $combinedSource -ReferencedAssemblies $assem[0m …[0m
[31;1m[0m[36;1m[36;1m[0m[36;1m[0m[36;1m     | [31;1m ~~~~~~~~~~~~~~~~~~~~~~~~~~~~~~~~~~~~~~~~~~~~~~~~~~~~~~~~~~~~~~~~~~~~~[0m
[31;1m[0m[36;1m[36;1m[0m[36;1m[0m[36;1m[31;1m[31;1m[36;1m     | [31;1m(609,29): error CS1503: Argument 1: cannot convert from[0m
[31;1m[0m[36;1m[36;1m[0m[36;1m[0m[36;1m[31;1m[31;1m[36;1m[31;1m[36;1m     | [31;1m'SuperTUI.Core.ScreenBase' to 'UIElement'            [0m
[31;1m[0m[36;1m[36;1m[0m[36;1m[0m[36;1m[31;1m[31;1m[36;1m[31;1m[36;1m[31;1m[36;1m     | [31;1mLayout.AddChild(screen, layoutParams);                             ^[0m
[31;1mAdd-Type: [0m/home/teej/supertui/WPF/SuperTUI_Demo.ps1:40[0m
[31;1m[0m[36;1mLine |[0m
[31;1m[0m[36;1m[36;1m  40 | [0m [36;1mAdd-Type -TypeDefinition $combinedSource -ReferencedAssemblies $assem[0m …[0m
[31;1m[0m[36;1m[36;1m[0m[36;1m[0m[36;1m     | [31;1m ~~~~~~~~~~~~~~~~~~~~~~~~~~~~~~~~~~~~~~~~~~~~~~~~~~~~~~~~~~~~~~~~~~~~~[0m
[31;1m[0m[36;1m[36;1m[0m[36;1m[0m[36;1m[31;1m[31;1m[36;1m     | [31;1m(610,35): error CS1503: Argument 1: cannot convert from[0m
[31;1m[0m[36;1m[36;1m[0m[36;1m[0m[36;1m[31;1m[31;1m[36;1m[31;1m[36;1m     | [31;1m'SuperTUI.Core.ScreenBase' to 'UIElement'            [0m
[31;1m[0m[36;1m[36;1m[0m[36;1m[0m[36;1m[31;1m[31;1m[36;1m[31;1m[36;1m[31;1m[36;1m     | [31;1mfocusableElements.Add(screen);                                   ^[0m
[31;1mAdd-Type: [0m/home/teej/supertui/WPF/SuperTUI_Demo.ps1:40[0m
[31;1m[0m[36;1mLine |[0m
[31;1m[0m[36;1m[36;1m  40 | [0m [36;1mAdd-Type -TypeDefinition $combinedSource -ReferencedAssemblies $assem[0m …[0m
[31;1m[0m[36;1m[36;1m[0m[36;1m[0m[36;1m     | [31;1m ~~~~~~~~~~~~~~~~~~~~~~~~~~~~~~~~~~~~~~~~~~~~~~~~~~~~~~~~~~~~~~~~~~~~~[0m
[31;1m[0m[36;1m[36;1m[0m[36;1m[0m[36;1m[31;1m[31;1m[36;1m     | [31;1m(70,22): error CS1061: 'WidgetBase' does not contain a definition for[0m
[31;1m[0m[36;1m[36;1m[0m[36;1m[0m[36;1m[31;1m[31;1m[36;1m[31;1m[36;1m     | [31;1m'Content' and no accessible extension method 'Content' accepting a first[0m
[31;1m[0m[36;1m[36;1m[0m[36;1m[0m[36;1m[31;1m[31;1m[36;1m[31;1m[36;1m[31;1m[36;1m     | [31;1margument of type 'WidgetBase' could be found (are you missing a using[0m
[31;1m[0m[36;1m[36;1m[0m[36;1m[0m[36;1m[31;1m[31;1m[36;1m[31;1m[36;1m[31;1m[36;1m[31;1m[36;1m     | [31;1mdirective or an assembly reference?)             if (this.Content !=[0m
[31;1m[0m[36;1m[36;1m[0m[36;1m[0m[36;1m[31;1m[31;1m[36;1m[31;1m[36;1m[31;1m[36;1m[31;1m[36;1m[31;1m[36;1m     | [31;1mnull && containerBorder == null)                      ^[0m
[31;1mAdd-Type: [0m/home/teej/supertui/WPF/SuperTUI_Demo.ps1:40[0m
[31;1m[0m[36;1mLine |[0m
[31;1m[0m[36;1m[36;1m  40 | [0m [36;1mAdd-Type -TypeDefinition $combinedSource -ReferencedAssemblies $assem[0m …[0m
[31;1m[0m[36;1m[36;1m[0m[36;1m[0m[36;1m     | [31;1m ~~~~~~~~~~~~~~~~~~~~~~~~~~~~~~~~~~~~~~~~~~~~~~~~~~~~~~~~~~~~~~~~~~~~~[0m
[31;1m[0m[36;1m[36;1m[0m[36;1m[0m[36;1m[31;1m[31;1m[36;1m     | [31;1m(72,44): error CS1061: 'WidgetBase' does not contain a definition for[0m
[31;1m[0m[36;1m[36;1m[0m[36;1m[0m[36;1m[31;1m[31;1m[36;1m[31;1m[36;1m     | [31;1m'Content' and no accessible extension method 'Content' accepting a first[0m
[31;1m[0m[36;1m[36;1m[0m[36;1m[0m[36;1m[31;1m[31;1m[36;1m[31;1m[36;1m[31;1m[36;1m     | [31;1margument of type 'WidgetBase' could be found (are you missing a using[0m
[31;1m[0m[36;1m[36;1m[0m[36;1m[0m[36;1m[31;1m[31;1m[36;1m[31;1m[36;1m[31;1m[36;1m[31;1m[36;1m     | [31;1mdirective or an assembly reference?)                 var originalContent[0m
[31;1m[0m[36;1m[36;1m[0m[36;1m[0m[36;1m[31;1m[31;1m[36;1m[31;1m[36;1m[31;1m[36;1m[31;1m[36;1m[31;1m[36;1m     | [31;1m= this.Content;                                            ^[0m
[31;1mAdd-Type: [0m/home/teej/supertui/WPF/SuperTUI_Demo.ps1:40[0m
[31;1m[0m[36;1mLine |[0m
[31;1m[0m[36;1m[36;1m  40 | [0m [36;1mAdd-Type -TypeDefinition $combinedSource -ReferencedAssemblies $assem[0m …[0m
[31;1m[0m[36;1m[36;1m[0m[36;1m[0m[36;1m     | [31;1m ~~~~~~~~~~~~~~~~~~~~~~~~~~~~~~~~~~~~~~~~~~~~~~~~~~~~~~~~~~~~~~~~~~~~~[0m
[31;1m[0m[36;1m[36;1m[0m[36;1m[0m[36;1m[31;1m[31;1m[36;1m     | [31;1m(73,22): error CS1061: 'WidgetBase' does not contain a definition for[0m
[31;1m[0m[36;1m[36;1m[0m[36;1m[0m[36;1m[31;1m[31;1m[36;1m[31;1m[36;1m     | [31;1m'Content' and no accessible extension method 'Content' accepting a first[0m
[31;1m[0m[36;1m[36;1m[0m[36;1m[0m[36;1m[31;1m[31;1m[36;1m[31;1m[36;1m[31;1m[36;1m     | [31;1margument of type 'WidgetBase' could be found (are you missing a using[0m
[31;1m[0m[36;1m[36;1m[0m[36;1m[0m[36;1m[31;1m[31;1m[36;1m[31;1m[36;1m[31;1m[36;1m[31;1m[36;1m     | [31;1mdirective or an assembly reference?)                 this.Content =[0m
[31;1m[0m[36;1m[36;1m[0m[36;1m[0m[36;1m[31;1m[31;1m[36;1m[31;1m[36;1m[31;1m[36;1m[31;1m[36;1m[31;1m[36;1m     | [31;1mnull;                      ^[0m
[31;1mAdd-Type: [0m/home/teej/supertui/WPF/SuperTUI_Demo.ps1:40[0m
[31;1m[0m[36;1mLine |[0m
[31;1m[0m[36;1m[36;1m  40 | [0m [36;1mAdd-Type -TypeDefinition $combinedSource -ReferencedAssemblies $assem[0m …[0m
[31;1m[0m[36;1m[36;1m[0m[36;1m[0m[36;1m     | [31;1m ~~~~~~~~~~~~~~~~~~~~~~~~~~~~~~~~~~~~~~~~~~~~~~~~~~~~~~~~~~~~~~~~~~~~~[0m
[31;1m[0m[36;1m[36;1m[0m[36;1m[0m[36;1m[31;1m[31;1m[36;1m     | [31;1m(75,39): error CS0246: The type or namespace name 'Border' could not be[0m
[31;1m[0m[36;1m[36;1m[0m[36;1m[0m[36;1m[31;1m[31;1m[36;1m[31;1m[36;1m     | [31;1mfound (are you missing a using directive or an assembly reference?)     [0m
[31;1m[0m[36;1m[36;1m[0m[36;1m[0m[36;1m[31;1m[31;1m[36;1m[31;1m[36;1m[31;1m[36;1m     | [31;1mcontainerBorder = new Border                                       ^[0m
[31;1mAdd-Type: [0m/home/teej/supertui/WPF/SuperTUI_Demo.ps1:40[0m
[31;1m[0m[36;1mLine |[0m
[31;1m[0m[36;1m[36;1m  40 | [0m [36;1mAdd-Type -TypeDefinition $combinedSource -ReferencedAssemblies $assem[0m …[0m
[31;1m[0m[36;1m[36;1m[0m[36;1m[0m[36;1m     | [31;1m ~~~~~~~~~~~~~~~~~~~~~~~~~~~~~~~~~~~~~~~~~~~~~~~~~~~~~~~~~~~~~~~~~~~~~[0m
[31;1m[0m[36;1m[36;1m[0m[36;1m[0m[36;1m[31;1m[31;1m[36;1m     | [31;1m(77,48): error CS0246: The type or namespace name 'UIElement' could not[0m
[31;1m[0m[36;1m[36;1m[0m[36;1m[0m[36;1m[31;1m[31;1m[36;1m[31;1m[36;1m     | [31;1mbe found (are you missing a using directive or an assembly reference?)  [0m
[31;1m[0m[36;1m[36;1m[0m[36;1m[0m[36;1m[31;1m[31;1m[36;1m[31;1m[36;1m[31;1m[36;1m     | [31;1mChild = originalContent as UIElement,                                   [0m
[31;1m[0m[36;1m[36;1m[0m[36;1m[0m[36;1m[31;1m[31;1m[36;1m[31;1m[36;1m[31;1m[36;1m[31;1m[36;1m     | [31;1m^[0m
[31;1mAdd-Type: [0m/home/teej/supertui/WPF/SuperTUI_Demo.ps1:40[0m
[31;1m[0m[36;1mLine |[0m
[31;1m[0m[36;1m[36;1m  40 | [0m [36;1mAdd-Type -TypeDefinition $combinedSource -ReferencedAssemblies $assem[0m …[0m
[31;1m[0m[36;1m[36;1m[0m[36;1m[0m[36;1m     | [31;1m ~~~~~~~~~~~~~~~~~~~~~~~~~~~~~~~~~~~~~~~~~~~~~~~~~~~~~~~~~~~~~~~~~~~~~[0m
[31;1m[0m[36;1m[36;1m[0m[36;1m[0m[36;1m[31;1m[31;1m[36;1m     | [31;1m(78,43): error CS0246: The type or namespace name 'Thickness' could not[0m
[31;1m[0m[36;1m[36;1m[0m[36;1m[0m[36;1m[31;1m[31;1m[36;1m[31;1m[36;1m     | [31;1mbe found (are you missing a using directive or an assembly reference?)  [0m
[31;1m[0m[36;1m[36;1m[0m[36;1m[0m[36;1m[31;1m[31;1m[36;1m[31;1m[36;1m[31;1m[36;1m     | [31;1mBorderThickness = new Thickness(2),                                     [0m
[31;1m[0m[36;1m[36;1m[0m[36;1m[0m[36;1m[31;1m[31;1m[36;1m[31;1m[36;1m[31;1m[36;1m[31;1m[36;1m     | [31;1m^[0m
[31;1mAdd-Type: [0m/home/teej/supertui/WPF/SuperTUI_Demo.ps1:40[0m
[31;1m[0m[36;1mLine |[0m
[31;1m[0m[36;1m[36;1m  40 | [0m [36;1mAdd-Type -TypeDefinition $combinedSource -ReferencedAssemblies $assem[0m …[0m
[31;1m[0m[36;1m[36;1m[0m[36;1m[0m[36;1m     | [31;1m ~~~~~~~~~~~~~~~~~~~~~~~~~~~~~~~~~~~~~~~~~~~~~~~~~~~~~~~~~~~~~~~~~~~~~[0m
[31;1m[0m[36;1m[36;1m[0m[36;1m[0m[36;1m[31;1m[31;1m[36;1m     | [31;1m(79,35): error CS0103: The name 'Brushes' does not exist in the current[0m
[31;1m[0m[36;1m[36;1m[0m[36;1m[0m[36;1m[31;1m[31;1m[36;1m[31;1m[36;1m     | [31;1mcontext                     BorderBrush = Brushes.Transparent           [0m
[31;1m[0m[36;1m[36;1m[0m[36;1m[0m[36;1m[31;1m[31;1m[36;1m[31;1m[36;1m[31;1m[36;1m     | [31;1m^[0m
[31;1mAdd-Type: [0m/home/teej/supertui/WPF/SuperTUI_Demo.ps1:40[0m
[31;1m[0m[36;1mLine |[0m
[31;1m[0m[36;1m[36;1m  40 | [0m [36;1mAdd-Type -TypeDefinition $combinedSource -ReferencedAssemblies $assem[0m …[0m
[31;1m[0m[36;1m[36;1m[0m[36;1m[0m[36;1m     | [31;1m ~~~~~~~~~~~~~~~~~~~~~~~~~~~~~~~~~~~~~~~~~~~~~~~~~~~~~~~~~~~~~~~~~~~~~[0m
[31;1m[0m[36;1m[36;1m[0m[36;1m[0m[36;1m[31;1m[31;1m[36;1m     | [31;1m(82,22): error CS1061: 'WidgetBase' does not contain a definition for[0m
[31;1m[0m[36;1m[36;1m[0m[36;1m[0m[36;1m[31;1m[31;1m[36;1m[31;1m[36;1m     | [31;1m'Content' and no accessible extension method 'Content' accepting a first[0m
[31;1m[0m[36;1m[36;1m[0m[36;1m[0m[36;1m[31;1m[31;1m[36;1m[31;1m[36;1m[31;1m[36;1m     | [31;1margument of type 'WidgetBase' could be found (are you missing a using[0m
[31;1m[0m[36;1m[36;1m[0m[36;1m[0m[36;1m[31;1m[31;1m[36;1m[31;1m[36;1m[31;1m[36;1m[31;1m[36;1m     | [31;1mdirective or an assembly reference?)                 this.Content =[0m
[31;1m[0m[36;1m[36;1m[0m[36;1m[0m[36;1m[31;1m[31;1m[36;1m[31;1m[36;1m[31;1m[36;1m[31;1m[36;1m[31;1m[36;1m     | [31;1mcontainerBorder;                      ^[0m
[31;1mAdd-Type: [0m/home/teej/supertui/WPF/SuperTUI_Demo.ps1:40[0m
[31;1m[0m[36;1mLine |[0m
[31;1m[0m[36;1m[36;1m  40 | [0m [36;1mAdd-Type -TypeDefinition $combinedSource -ReferencedAssemblies $assem[0m …[0m
[31;1m[0m[36;1m[36;1m[0m[36;1m[0m[36;1m     | [31;1m ~~~~~~~~~~~~~~~~~~~~~~~~~~~~~~~~~~~~~~~~~~~~~~~~~~~~~~~~~~~~~~~~~~~~~[0m
[31;1m[0m[36;1m[36;1m[0m[36;1m[0m[36;1m[31;1m[31;1m[36;1m     | [31;1m(92,27): error CS0246: The type or namespace name 'SolidColorBrush'[0m
[31;1m[0m[36;1m[36;1m[0m[36;1m[0m[36;1m[31;1m[31;1m[36;1m[31;1m[36;1m     | [31;1mcould not be found (are you missing a using directive or an assembly[0m
[31;1m[0m[36;1m[36;1m[0m[36;1m[0m[36;1m[31;1m[31;1m[36;1m[31;1m[36;1m[31;1m[36;1m     | [31;1mreference?)                     ? new SolidColorBrush(Color.FromRgb(78,[0m
[31;1m[0m[36;1m[36;1m[0m[36;1m[0m[36;1m[31;1m[31;1m[36;1m[31;1m[36;1m[31;1m[36;1m[31;1m[36;1m     | [31;1m201, 176)) // Accent color                           ^[0m
[31;1mAdd-Type: [0m/home/teej/supertui/WPF/SuperTUI_Demo.ps1:40[0m
[31;1m[0m[36;1mLine |[0m
[31;1m[0m[36;1m[36;1m  40 | [0m [36;1mAdd-Type -TypeDefinition $combinedSource -ReferencedAssemblies $assem[0m …[0m
[31;1m[0m[36;1m[36;1m[0m[36;1m[0m[36;1m     | [31;1m ~~~~~~~~~~~~~~~~~~~~~~~~~~~~~~~~~~~~~~~~~~~~~~~~~~~~~~~~~~~~~~~~~~~~~[0m
[31;1m[0m[36;1m[36;1m[0m[36;1m[0m[36;1m[31;1m[31;1m[36;1m     | [31;1m(92,43): error CS0103: The name 'Color' does not exist in the current[0m
[31;1m[0m[36;1m[36;1m[0m[36;1m[0m[36;1m[31;1m[31;1m[36;1m[31;1m[36;1m     | [31;1mcontext                     ? new SolidColorBrush(Color.FromRgb(78, 201,[0m
[31;1m[0m[36;1m[36;1m[0m[36;1m[0m[36;1m[31;1m[31;1m[36;1m[31;1m[36;1m[31;1m[36;1m     | [31;1m176)) // Accent color                                           ^[0m
[31;1mAdd-Type: [0m/home/teej/supertui/WPF/SuperTUI_Demo.ps1:40[0m
[31;1m[0m[36;1mLine |[0m
[31;1m[0m[36;1m[36;1m  40 | [0m [36;1mAdd-Type -TypeDefinition $combinedSource -ReferencedAssemblies $assem[0m …[0m
[31;1m[0m[36;1m[36;1m[0m[36;1m[0m[36;1m     | [31;1m ~~~~~~~~~~~~~~~~~~~~~~~~~~~~~~~~~~~~~~~~~~~~~~~~~~~~~~~~~~~~~~~~~~~~~[0m
[31;1m[0m[36;1m[36;1m[0m[36;1m[0m[36;1m[31;1m[31;1m[36;1m     | [31;1m(93,23): error CS0103: The name 'Brushes' does not exist in the current[0m
[31;1m[0m[36;1m[36;1m[0m[36;1m[0m[36;1m[31;1m[31;1m[36;1m[31;1m[36;1m     | [31;1mcontext                     : Brushes.Transparent;                      [0m
[31;1m[0m[36;1m[36;1m[0m[36;1m[0m[36;1m[31;1m[31;1m[36;1m[31;1m[36;1m[31;1m[36;1m     | [31;1m^[0m
[31;1mAdd-Type: [0m/home/teej/supertui/WPF/SuperTUI_Demo.ps1:40[0m
[31;1m[0m[36;1mLine |[0m
[31;1m[0m[36;1m[36;1m  40 | [0m [36;1mAdd-Type -TypeDefinition $combinedSource -ReferencedAssemblies $assem[0m …[0m
[31;1m[0m[36;1m[36;1m[0m[36;1m[0m[36;1m     | [31;1m ~~~~~~~~~~~~~~~~~~~~~~~~~~~~~~~~~~~~~~~~~~~~~~~~~~~~~~~~~~~~~~~~~~~~~[0m
[31;1m[0m[36;1m[36;1m[0m[36;1m[0m[36;1m[31;1m[31;1m[36;1m     | [31;1m(687,27): error CS1061: 'WidgetBase' does not contain a definition for[0m
[31;1m[0m[36;1m[36;1m[0m[36;1m[0m[36;1m[31;1m[31;1m[36;1m[31;1m[36;1m     | [31;1m'Focus' and no accessible extension method 'Focus' accepting a first[0m
[31;1m[0m[36;1m[36;1m[0m[36;1m[0m[36;1m[31;1m[31;1m[36;1m[31;1m[36;1m[31;1m[36;1m     | [31;1margument of type 'WidgetBase' could be found (are you missing a using[0m
[31;1m[0m[36;1m[36;1m[0m[36;1m[0m[36;1m[31;1m[31;1m[36;1m[31;1m[36;1m[31;1m[36;1m[31;1m[36;1m     | [31;1mdirective or an assembly reference?)                 newWidget.Focus(); [0m
[31;1m[0m[36;1m[36;1m[0m[36;1m[0m[36;1m[31;1m[31;1m[36;1m[31;1m[36;1m[31;1m[36;1m[31;1m[36;1m[31;1m[36;1m     | [31;1m^[0m
[31;1mAdd-Type: [0m/home/teej/supertui/WPF/SuperTUI_Demo.ps1:40[0m
[31;1m[0m[36;1mLine |[0m
[31;1m[0m[36;1m[36;1m  40 | [0m [36;1mAdd-Type -TypeDefinition $combinedSource -ReferencedAssemblies $assem[0m …[0m
[31;1m[0m[36;1m[36;1m[0m[36;1m[0m[36;1m     | [31;1m ~~~~~~~~~~~~~~~~~~~~~~~~~~~~~~~~~~~~~~~~~~~~~~~~~~~~~~~~~~~~~~~~~~~~~[0m
[31;1m[0m[36;1m[36;1m[0m[36;1m[0m[36;1m[31;1m[31;1m[36;1m     | [31;1m(692,27): error CS1061: 'ScreenBase' does not contain a definition for[0m
[31;1m[0m[36;1m[36;1m[0m[36;1m[0m[36;1m[31;1m[31;1m[36;1m[31;1m[36;1m     | [31;1m'Focus' and no accessible extension method 'Focus' accepting a first[0m
[31;1m[0m[36;1m[36;1m[0m[36;1m[0m[36;1m[31;1m[31;1m[36;1m[31;1m[36;1m[31;1m[36;1m     | [31;1margument of type 'ScreenBase' could be found (are you missing a using[0m
[31;1m[0m[36;1m[36;1m[0m[36;1m[0m[36;1m[31;1m[31;1m[36;1m[31;1m[36;1m[31;1m[36;1m[31;1m[36;1m     | [31;1mdirective or an assembly reference?)                 newScreen.Focus(); [0m
[31;1m[0m[36;1m[36;1m[0m[36;1m[0m[36;1m[31;1m[31;1m[36;1m[31;1m[36;1m[31;1m[36;1m[31;1m[36;1m[31;1m[36;1m     | [31;1m^[0m
[31;1mAdd-Type: [0m/home/teej/supertui/WPF/SuperTUI_Demo.ps1:40[0m
[31;1m[0m[36;1mLine |[0m
[31;1m[0m[36;1m[36;1m  40 | [0m [36;1mAdd-Type -TypeDefinition $combinedSource -ReferencedAssemblies $assem[0m …[0m
[31;1m[0m[36;1m[36;1m[0m[36;1m[0m[36;1m     | [31;1m ~~~~~~~~~~~~~~~~~~~~~~~~~~~~~~~~~~~~~~~~~~~~~~~~~~~~~~~~~~~~~~~~~~~~~[0m
[31;1m[0m[36;1m[36;1m[0m[36;1m[0m[36;1m[31;1m[31;1m[36;1m     | [31;1m(709,40): error CS0103: The name 'Key' does not exist in the current[0m
[31;1m[0m[36;1m[36;1m[0m[36;1m[0m[36;1m[31;1m[31;1m[36;1m[31;1m[36;1m     | [31;1mcontext             if (!e.Handled && e.Key == Key.Tab)                 [0m
[31;1m[0m[36;1m[36;1m[0m[36;1m[0m[36;1m[31;1m[31;1m[36;1m[31;1m[36;1m[31;1m[36;1m     | [31;1m^[0m
[31;1mAdd-Type: [0m/home/teej/supertui/WPF/SuperTUI_Demo.ps1:40[0m
[31;1m[0m[36;1mLine |[0m
[31;1m[0m[36;1m[36;1m  40 | [0m [36;1mAdd-Type -TypeDefinition $combinedSource -ReferencedAssemblies $assem[0m …[0m
[31;1m[0m[36;1m[36;1m[0m[36;1m[0m[36;1m     | [31;1m ~~~~~~~~~~~~~~~~~~~~~~~~~~~~~~~~~~~~~~~~~~~~~~~~~~~~~~~~~~~~~~~~~~~~~[0m
[31;1m[0m[36;1m[36;1m[0m[36;1m[0m[36;1m[31;1m[31;1m[36;1m     | [31;1m(711,22): error CS0103: The name 'Keyboard' does not exist in the[0m
[31;1m[0m[36;1m[36;1m[0m[36;1m[0m[36;1m[31;1m[31;1m[36;1m[31;1m[36;1m     | [31;1mcurrent context                 if ((Keyboard.Modifiers &[0m
[31;1m[0m[36;1m[36;1m[0m[36;1m[0m[36;1m[31;1m[31;1m[36;1m[31;1m[36;1m[31;1m[36;1m     | [31;1mModifierKeys.Shift) == ModifierKeys.Shift)                      ^[0m
[31;1mAdd-Type: [0m/home/teej/supertui/WPF/SuperTUI_Demo.ps1:40[0m
[31;1m[0m[36;1mLine |[0m
[31;1m[0m[36;1m[36;1m  40 | [0m [36;1mAdd-Type -TypeDefinition $combinedSource -ReferencedAssemblies $assem[0m …[0m
[31;1m[0m[36;1m[36;1m[0m[36;1m[0m[36;1m     | [31;1m ~~~~~~~~~~~~~~~~~~~~~~~~~~~~~~~~~~~~~~~~~~~~~~~~~~~~~~~~~~~~~~~~~~~~~[0m
[31;1m[0m[36;1m[36;1m[0m[36;1m[0m[36;1m[31;1m[31;1m[36;1m     | [31;1m(711,43): error CS0103: The name 'ModifierKeys' does not exist in the[0m
[31;1m[0m[36;1m[36;1m[0m[36;1m[0m[36;1m[31;1m[31;1m[36;1m[31;1m[36;1m     | [31;1mcurrent context                 if ((Keyboard.Modifiers &[0m
[31;1m[0m[36;1m[36;1m[0m[36;1m[0m[36;1m[31;1m[31;1m[36;1m[31;1m[36;1m[31;1m[36;1m     | [31;1mModifierKeys.Shift) == ModifierKeys.Shift)                              [0m
[31;1m[0m[36;1m[36;1m[0m[36;1m[0m[36;1m[31;1m[31;1m[36;1m[31;1m[36;1m[31;1m[36;1m[31;1m[36;1m     | [31;1m^[0m
[31;1mAdd-Type: [0m/home/teej/supertui/WPF/SuperTUI_Demo.ps1:40[0m
[31;1m[0m[36;1mLine |[0m
[31;1m[0m[36;1m[36;1m  40 | [0m [36;1mAdd-Type -TypeDefinition $combinedSource -ReferencedAssemblies $assem[0m …[0m
[31;1m[0m[36;1m[36;1m[0m[36;1m[0m[36;1m     | [31;1m ~~~~~~~~~~~~~~~~~~~~~~~~~~~~~~~~~~~~~~~~~~~~~~~~~~~~~~~~~~~~~~~~~~~~~[0m
[31;1m[0m[36;1m[36;1m[0m[36;1m[0m[36;1m[31;1m[31;1m[36;1m     | [31;1m(711,66): error CS0103: The name 'ModifierKeys' does not exist in the[0m
[31;1m[0m[36;1m[36;1m[0m[36;1m[0m[36;1m[31;1m[31;1m[36;1m[31;1m[36;1m     | [31;1mcurrent context                 if ((Keyboard.Modifiers &[0m
[31;1m[0m[36;1m[36;1m[0m[36;1m[0m[36;1m[31;1m[31;1m[36;1m[31;1m[36;1m[31;1m[36;1m     | [31;1mModifierKeys.Shift) == ModifierKeys.Shift)                              [0m
[31;1m[0m[36;1m[36;1m[0m[36;1m[0m[36;1m[31;1m[31;1m[36;1m[31;1m[36;1m[31;1m[36;1m[31;1m[36;1m     | [31;1m^[0m
[31;1mAdd-Type: [0m/home/teej/supertui/WPF/SuperTUI_Demo.ps1:40[0m
[31;1m[0m[36;1mLine |[0m
[31;1m[0m[36;1m[36;1m  40 | [0m [36;1mAdd-Type -TypeDefinition $combinedSource -ReferencedAssemblies $assem[0m …[0m
[31;1m[0m[36;1m[36;1m[0m[36;1m[0m[36;1m     | [31;1m ~~~~~~~~~~~~~~~~~~~~~~~~~~~~~~~~~~~~~~~~~~~~~~~~~~~~~~~~~~~~~~~~~~~~~[0m
[31;1m[0m[36;1m[36;1m[0m[36;1m[0m[36;1m[31;1m[31;1m[36;1m     | [31;1m(449,17): error CS0103: The name 'Grid' does not exist in the current[0m
[31;1m[0m[36;1m[36;1m[0m[36;1m[0m[36;1m[31;1m[31;1m[36;1m[31;1m[36;1m     | [31;1mcontext                 Grid.SetRow(child, lp.Row.Value);               [0m
[31;1m[0m[36;1m[36;1m[0m[36;1m[0m[36;1m[31;1m[31;1m[36;1m[31;1m[36;1m[31;1m[36;1m     | [31;1m^[0m
[31;1mAdd-Type: [0m/home/teej/supertui/WPF/SuperTUI_Demo.ps1:40[0m
[31;1m[0m[36;1mLine |[0m
[31;1m[0m[36;1m[36;1m  40 | [0m [36;1mAdd-Type -TypeDefinition $combinedSource -ReferencedAssemblies $assem[0m …[0m
[31;1m[0m[36;1m[36;1m[0m[36;1m[0m[36;1m     | [31;1m ~~~~~~~~~~~~~~~~~~~~~~~~~~~~~~~~~~~~~~~~~~~~~~~~~~~~~~~~~~~~~~~~~~~~~[0m
[31;1m[0m[36;1m[36;1m[0m[36;1m[0m[36;1m[31;1m[31;1m[36;1m     | [31;1m(452,17): error CS0103: The name 'Grid' does not exist in the current[0m
[31;1m[0m[36;1m[36;1m[0m[36;1m[0m[36;1m[31;1m[31;1m[36;1m[31;1m[36;1m     | [31;1mcontext                 Grid.SetColumn(child, lp.Column.Value);         [0m
[31;1m[0m[36;1m[36;1m[0m[36;1m[0m[36;1m[31;1m[31;1m[36;1m[31;1m[36;1m[31;1m[36;1m     | [31;1m^[0m
[31;1mAdd-Type: [0m/home/teej/supertui/WPF/SuperTUI_Demo.ps1:40[0m
[31;1m[0m[36;1mLine |[0m
[31;1m[0m[36;1m[36;1m  40 | [0m [36;1mAdd-Type -TypeDefinition $combinedSource -ReferencedAssemblies $assem[0m …[0m
[31;1m[0m[36;1m[36;1m[0m[36;1m[0m[36;1m     | [31;1m ~~~~~~~~~~~~~~~~~~~~~~~~~~~~~~~~~~~~~~~~~~~~~~~~~~~~~~~~~~~~~~~~~~~~~[0m
[31;1m[0m[36;1m[36;1m[0m[36;1m[0m[36;1m[31;1m[31;1m[36;1m     | [31;1m(455,17): error CS0103: The name 'Grid' does not exist in the current[0m
[31;1m[0m[36;1m[36;1m[0m[36;1m[0m[36;1m[31;1m[31;1m[36;1m[31;1m[36;1m     | [31;1mcontext                 Grid.SetRowSpan(child, lp.RowSpan.Value);       [0m
[31;1m[0m[36;1m[36;1m[0m[36;1m[0m[36;1m[31;1m[31;1m[36;1m[31;1m[36;1m[31;1m[36;1m     | [31;1m^[0m
[31;1mAdd-Type: [0m/home/teej/supertui/WPF/SuperTUI_Demo.ps1:40[0m
[31;1m[0m[36;1mLine |[0m
[31;1m[0m[36;1m[36;1m  40 | [0m [36;1mAdd-Type -TypeDefinition $combinedSource -ReferencedAssemblies $assem[0m …[0m
[31;1m[0m[36;1m[36;1m[0m[36;1m[0m[36;1m     | [31;1m ~~~~~~~~~~~~~~~~~~~~~~~~~~~~~~~~~~~~~~~~~~~~~~~~~~~~~~~~~~~~~~~~~~~~~[0m
[31;1m[0m[36;1m[36;1m[0m[36;1m[0m[36;1m[31;1m[31;1m[36;1m     | [31;1m(458,17): error CS0103: The name 'Grid' does not exist in the current[0m
[31;1m[0m[36;1m[36;1m[0m[36;1m[0m[36;1m[31;1m[31;1m[36;1m[31;1m[36;1m     | [31;1mcontext                 Grid.SetColumnSpan(child, lp.ColumnSpan.Value); [0m
[31;1m[0m[36;1m[36;1m[0m[36;1m[0m[36;1m[31;1m[31;1m[36;1m[31;1m[36;1m[31;1m[36;1m     | [31;1m^[0m
[31;1mAdd-Type: [0m/home/teej/supertui/WPF/SuperTUI_Demo.ps1:40[0m
[31;1m[0m[36;1mLine |[0m
[31;1m[0m[36;1m[36;1m  40 | [0m [36;1mAdd-Type -TypeDefinition $combinedSource -ReferencedAssemblies $assem[0m …[0m
[31;1m[0m[36;1m[36;1m[0m[36;1m[0m[36;1m     | [31;1m ~~~~~~~~~~~~~~~~~~~~~~~~~~~~~~~~~~~~~~~~~~~~~~~~~~~~~~~~~~~~~~~~~~~~~[0m
[31;1m[0m[36;1m[36;1m[0m[36;1m[0m[36;1m[31;1m[31;1m[36;1m     | [31;1m(463,48): error CS0246: The type or namespace name 'GridLength' could[0m
[31;1m[0m[36;1m[36;1m[0m[36;1m[0m[36;1m[31;1m[31;1m[36;1m[31;1m[36;1m     | [31;1mnot be found (are you missing a using directive or an assembly[0m
[31;1m[0m[36;1m[36;1m[0m[36;1m[0m[36;1m[31;1m[31;1m[36;1m[31;1m[36;1m[31;1m[36;1m     | [31;1mreference?)                 SetRowHeight(lp.Row.Value, new[0m
[31;1m[0m[36;1m[36;1m[0m[36;1m[0m[36;1m[31;1m[31;1m[36;1m[31;1m[36;1m[31;1m[36;1m[31;1m[36;1m     | [31;1mGridLength(lp.StarHeight, GridUnitType.Star));                          [0m
[31;1m[0m[36;1m[36;1m[0m[36;1m[0m[36;1m[31;1m[31;1m[36;1m[31;1m[36;1m[31;1m[36;1m[31;1m[36;1m[31;1m[36;1m     | [31;1m^[0m
[31;1mAdd-Type: [0m/home/teej/supertui/WPF/SuperTUI_Demo.ps1:40[0m
[31;1m[0m[36;1mLine |[0m
[31;1m[0m[36;1m[36;1m  40 | [0m [36;1mAdd-Type -TypeDefinition $combinedSource -ReferencedAssemblies $assem[0m …[0m
[31;1m[0m[36;1m[36;1m[0m[36;1m[0m[36;1m     | [31;1m ~~~~~~~~~~~~~~~~~~~~~~~~~~~~~~~~~~~~~~~~~~~~~~~~~~~~~~~~~~~~~~~~~~~~~[0m
[31;1m[0m[36;1m[36;1m[0m[36;1m[0m[36;1m[31;1m[31;1m[36;1m     | [31;1m(463,74): error CS0103: The name 'GridUnitType' does not exist in the[0m
[31;1m[0m[36;1m[36;1m[0m[36;1m[0m[36;1m[31;1m[31;1m[36;1m[31;1m[36;1m     | [31;1mcurrent context                 SetRowHeight(lp.Row.Value, new[0m
[31;1m[0m[36;1m[36;1m[0m[36;1m[0m[36;1m[31;1m[31;1m[36;1m[31;1m[36;1m[31;1m[36;1m     | [31;1mGridLength(lp.StarHeight, GridUnitType.Star));                          [0m
[31;1m[0m[36;1m[36;1m[0m[36;1m[0m[36;1m[31;1m[31;1m[36;1m[31;1m[36;1m[31;1m[36;1m[31;1m[36;1m     | [31;1m^[0m
[31;1mAdd-Type: [0m/home/teej/supertui/WPF/SuperTUI_Demo.ps1:40[0m
[31;1m[0m[36;1mLine |[0m
[31;1m[0m[36;1m[36;1m  40 | [0m [36;1mAdd-Type -TypeDefinition $combinedSource -ReferencedAssemblies $assem[0m …[0m
[31;1m[0m[36;1m[36;1m[0m[36;1m[0m[36;1m     | [31;1m ~~~~~~~~~~~~~~~~~~~~~~~~~~~~~~~~~~~~~~~~~~~~~~~~~~~~~~~~~~~~~~~~~~~~~[0m
[31;1m[0m[36;1m[36;1m[0m[36;1m[0m[36;1m[31;1m[31;1m[36;1m     | [31;1m(468,53): error CS0246: The type or namespace name 'GridLength' could[0m
[31;1m[0m[36;1m[36;1m[0m[36;1m[0m[36;1m[31;1m[31;1m[36;1m[31;1m[36;1m     | [31;1mnot be found (are you missing a using directive or an assembly[0m
[31;1m[0m[36;1m[36;1m[0m[36;1m[0m[36;1m[31;1m[31;1m[36;1m[31;1m[36;1m[31;1m[36;1m     | [31;1mreference?)                 SetColumnWidth(lp.Column.Value, new[0m
[31;1m[0m[36;1m[36;1m[0m[36;1m[0m[36;1m[31;1m[31;1m[36;1m[31;1m[36;1m[31;1m[36;1m[31;1m[36;1m     | [31;1mGridLength(lp.StarWidth, GridUnitType.Star));                           [0m
[31;1m[0m[36;1m[36;1m[0m[36;1m[0m[36;1m[31;1m[31;1m[36;1m[31;1m[36;1m[31;1m[36;1m[31;1m[36;1m[31;1m[36;1m     | [31;1m^[0m
[31;1mAdd-Type: [0m/home/teej/supertui/WPF/SuperTUI_Demo.ps1:40[0m
[31;1m[0m[36;1mLine |[0m
[31;1m[0m[36;1m[36;1m  40 | [0m [36;1mAdd-Type -TypeDefinition $combinedSource -ReferencedAssemblies $assem[0m …[0m
[31;1m[0m[36;1m[36;1m[0m[36;1m[0m[36;1m     | [31;1m ~~~~~~~~~~~~~~~~~~~~~~~~~~~~~~~~~~~~~~~~~~~~~~~~~~~~~~~~~~~~~~~~~~~~~[0m
[31;1m[0m[36;1m[36;1m[0m[36;1m[0m[36;1m[31;1m[31;1m[36;1m     | [31;1m(468,78): error CS0103: The name 'GridUnitType' does not exist in the[0m
[31;1m[0m[36;1m[36;1m[0m[36;1m[0m[36;1m[31;1m[31;1m[36;1m[31;1m[36;1m     | [31;1mcurrent context                 SetColumnWidth(lp.Column.Value, new[0m
[31;1m[0m[36;1m[36;1m[0m[36;1m[0m[36;1m[31;1m[31;1m[36;1m[31;1m[36;1m[31;1m[36;1m     | [31;1mGridLength(lp.StarWidth, GridUnitType.Star));                           [0m
[31;1m[0m[36;1m[36;1m[0m[36;1m[0m[36;1m[31;1m[31;1m[36;1m[31;1m[36;1m[31;1m[36;1m[31;1m[36;1m     | [31;1m^[0m
[31;1mAdd-Type: [0m/home/teej/supertui/WPF/SuperTUI_Demo.ps1:40[0m
[31;1m[0m[36;1mLine |[0m
[31;1m[0m[36;1m[36;1m  40 | [0m [36;1mAdd-Type -TypeDefinition $combinedSource -ReferencedAssemblies $assem[0m …[0m
[31;1m[0m[36;1m[36;1m[0m[36;1m[0m[36;1m     | [31;1m ~~~~~~~~~~~~~~~~~~~~~~~~~~~~~~~~~~~~~~~~~~~~~~~~~~~~~~~~~~~~~~~~~~~~~[0m
[31;1m[0m[36;1m[36;1m[0m[36;1m[0m[36;1m[31;1m[31;1m[36;1m     | [31;1mCannot add type. Compilation errors occurred.[0m
[2/3] Creating main window...
[31;1mInvalidOperation: [0m/home/teej/supertui/WPF/SuperTUI_Demo.ps1:182[0m
[31;1m[0m[36;1mLine |[0m
[31;1m[0m[36;1m[36;1m 182 | [0m $window = [36;1m[Windows.Markup.XamlReader][0m::Load($reader)[0m
[31;1m[0m[36;1m[36;1m[0m[36;1m[0m[36;1m     | [31;1m           ~~~~~~~~~~~~~~~~~~~~~~~~~~~[0m
[31;1m[0m[36;1m[36;1m[0m[36;1m[0m[36;1m[31;1m[31;1m[36;1m     | [31;1mUnable to find type [Windows.Markup.XamlReader].[0m
[31;1mInvalidOperation: [0m/home/teej/supertui/WPF/SuperTUI_Demo.ps1:185[0m
[31;1m[0m[36;1mLine |[0m
[31;1m[0m[36;1m[36;1m 185 | [0m [36;1m$workspaceContainer = $window.FindName("WorkspaceContainer")[0m
[31;1m[0m[36;1m[36;1m[0m[36;1m[0m[36;1m     | [31;1m ~~~~~~~~~~~~~~~~~~~~~~~~~~~~~~~~~~~~~~~~~~~~~~~~~~~~~~~~~~~~[0m
[31;1m[0m[36;1m[36;1m[0m[36;1m[0m[36;1m[31;1m[31;1m[36;1m     | [31;1mYou cannot call a method on a null-valued expression.[0m
[31;1mInvalidOperation: [0m/home/teej/supertui/WPF/SuperTUI_Demo.ps1:186[0m
[31;1m[0m[36;1mLine |[0m
[31;1m[0m[36;1m[36;1m 186 | [0m [36;1m$workspaceTitle = $window.FindName("WorkspaceTitle")[0m
[31;1m[0m[36;1m[36;1m[0m[36;1m[0m[36;1m     | [31;1m ~~~~~~~~~~~~~~~~~~~~~~~~~~~~~~~~~~~~~~~~~~~~~~~~~~~~[0m
[31;1m[0m[36;1m[36;1m[0m[36;1m[0m[36;1m[31;1m[31;1m[36;1m     | [31;1mYou cannot call a method on a null-valued expression.[0m
[31;1mInvalidOperation: [0m/home/teej/supertui/WPF/SuperTUI_Demo.ps1:187[0m
[31;1m[0m[36;1mLine |[0m
[31;1m[0m[36;1m[36;1m 187 | [0m [36;1m$statusText = $window.FindName("StatusText")[0m
[31;1m[0m[36;1m[36;1m[0m[36;1m[0m[36;1m     | [31;1m ~~~~~~~~~~~~~~~~~~~~~~~~~~~~~~~~~~~~~~~~~~~~[0m
[31;1m[0m[36;1m[36;1m[0m[36;1m[0m[36;1m[31;1m[31;1m[36;1m     | [31;1mYou cannot call a method on a null-valued expression.[0m
[31;1mInvalidOperation: [0m/home/teej/supertui/WPF/SuperTUI_Demo.ps1:188[0m
[31;1m[0m[36;1mLine |[0m
[31;1m[0m[36;1m[36;1m 188 | [0m [36;1m$focusInfo = $window.FindName("FocusInfo")[0m
[31;1m[0m[36;1m[36;1m[0m[36;1m[0m[36;1m     | [31;1m ~~~~~~~~~~~~~~~~~~~~~~~~~~~~~~~~~~~~~~~~~~[0m
[31;1m[0m[36;1m[36;1m[0m[36;1m[0m[36;1m[31;1m[31;1m[36;1m     | [31;1mYou cannot call a method on a null-valued expression.[0m
[31;1mInvalidOperation: [0m/home/teej/supertui/WPF/SuperTUI_Demo.ps1:189[0m
[31;1m[0m[36;1mLine |[0m
[31;1m[0m[36;1m[36;1m 189 | [0m [36;1m$clockStatus = $window.FindName("ClockStatus")[0m
[31;1m[0m[36;1m[36;1m[0m[36;1m[0m[36;1m     | [31;1m ~~~~~~~~~~~~~~~~~~~~~~~~~~~~~~~~~~~~~~~~~~~~~~[0m
[31;1m[0m[36;1m[36;1m[0m[36;1m[0m[36;1m[31;1m[31;1m[36;1m     | [31;1mYou cannot call a method on a null-valued expression.[0m
[31;1mInvalidOperation: [0m/home/teej/supertui/WPF/SuperTUI_Demo.ps1:190[0m
[31;1m[0m[36;1mLine |[0m
[31;1m[0m[36;1m[36;1m 190 | [0m [36;1m$closeButton = $window.FindName("CloseButton")[0m
[31;1m[0m[36;1m[36;1m[0m[36;1m[0m[36;1m     | [31;1m ~~~~~~~~~~~~~~~~~~~~~~~~~~~~~~~~~~~~~~~~~~~~~~[0m
[31;1m[0m[36;1m[36;1m[0m[36;1m[0m[36;1m[31;1m[31;1m[36;1m     | [31;1mYou cannot call a method on a null-valued expression.[0m
[31;1mInvalidOperation: [0m/home/teej/supertui/WPF/SuperTUI_Demo.ps1:191[0m
[31;1m[0m[36;1mLine |[0m
[31;1m[0m[36;1m[36;1m 191 | [0m [36;1m$minimizeButton = $window.FindName("MinimizeButton")[0m
[31;1m[0m[36;1m[36;1m[0m[36;1m[0m[36;1m     | [31;1m ~~~~~~~~~~~~~~~~~~~~~~~~~~~~~~~~~~~~~~~~~~~~~~~~~~~~[0m
[31;1m[0m[36;1m[36;1m[0m[36;1m[0m[36;1m[31;1m[31;1m[36;1m     | [31;1mYou cannot call a method on a null-valued expression.[0m
[31;1mInvalidOperation: [0m/home/teej/supertui/WPF/SuperTUI_Demo.ps1:192[0m
[31;1m[0m[36;1mLine |[0m
[31;1m[0m[36;1m[36;1m 192 | [0m [36;1m$maximizeButton = $window.FindName("MaximizeButton")[0m
[31;1m[0m[36;1m[36;1m[0m[36;1m[0m[36;1m     | [31;1m ~~~~~~~~~~~~~~~~~~~~~~~~~~~~~~~~~~~~~~~~~~~~~~~~~~~~[0m
[31;1m[0m[36;1m[36;1m[0m[36;1m[0m[36;1m[31;1m[31;1m[36;1m     | [31;1mYou cannot call a method on a null-valued expression.[0m
[31;1mInvalidOperation: [0m/home/teej/supertui/WPF/SuperTUI_Demo.ps1:195[0m
[31;1m[0m[36;1mLine |[0m
[31;1m[0m[36;1m[36;1m 195 | [0m [36;1m$closeButton.Add_Click({ $window.Close() })[0m
[31;1m[0m[36;1m[36;1m[0m[36;1m[0m[36;1m     | [31;1m ~~~~~~~~~~~~~~~~~~~~~~~~~~~~~~~~~~~~~~~~~~~[0m
[31;1m[0m[36;1m[36;1m[0m[36;1m[0m[36;1m[31;1m[31;1m[36;1m     | [31;1mYou cannot call a method on a null-valued expression.[0m
[31;1mInvalidOperation: [0m/home/teej/supertui/WPF/SuperTUI_Demo.ps1:196[0m
[31;1m[0m[36;1mLine |[0m
[31;1m[0m[36;1m[36;1m 196 | [0m [36;1m$minimizeButton.Add_Click({ $window.WindowState = 'Minimized' })[0m
[31;1m[0m[36;1m[36;1m[0m[36;1m[0m[36;1m     | [31;1m ~~~~~~~~~~~~~~~~~~~~~~~~~~~~~~~~~~~~~~~~~~~~~~~~~~~~~~~~~~~~~~~~[0m
[31;1m[0m[36;1m[36;1m[0m[36;1m[0m[36;1m[31;1m[31;1m[36;1m     | [31;1mYou cannot call a method on a null-valued expression.[0m
[31;1mInvalidOperation: [0m/home/teej/supertui/WPF/SuperTUI_Demo.ps1:197[0m
[31;1m[0m[36;1mLine |[0m
[31;1m[0m[36;1m[36;1m 197 | [0m [36;1m$maximizeButton.Add_Click({[0m
[31;1m[0m[36;1m[36;1m[0m[36;1m[0m[36;1m     | [31;1m ~~~~~~~~~~~~~~~~~~~~~~~~~~~[0m
[31;1m[0m[36;1m[36;1m[0m[36;1m[0m[36;1m[31;1m[31;1m[36;1m     | [31;1mYou cannot call a method on a null-valued expression.[0m
[31;1mInvalidOperation: [0m/home/teej/supertui/WPF/SuperTUI_Demo.ps1:208[0m
[31;1m[0m[36;1mLine |[0m
[31;1m[0m[36;1m[36;1m 208 | [0m [36;1m$window.Add_MouseLeftButtonDown({[0m
[31;1m[0m[36;1m[36;1m[0m[36;1m[0m[36;1m     | [31;1m ~~~~~~~~~~~~~~~~~~~~~~~~~~~~~~~~~[0m
[31;1m[0m[36;1m[36;1m[0m[36;1m[0m[36;1m[31;1m[31;1m[36;1m     | [31;1mYou cannot call a method on a null-valued expression.[0m
[31;1mNew-Object: [0m/home/teej/supertui/WPF/SuperTUI_Demo.ps1:215[0m
[31;1m[0m[36;1mLine |[0m
[31;1m[0m[36;1m[36;1m 215 | [0m … tatusClockTimer = [36;1mNew-Object System.Windows.Threading.DispatcherTimer[0m
[31;1m[0m[36;1m[36;1m[0m[36;1m[0m[36;1m     | [31;1m                     ~~~~~~~~~~~~~~~~~~~~~~~~~~~~~~~~~~~~~~~~~~~~~~~~~~~[0m
[31;1m[0m[36;1m[36;1m[0m[36;1m[0m[36;1m[31;1m[31;1m[36;1m     | [31;1mCannot find type [System.Windows.Threading.DispatcherTimer]: verify that[0m
[31;1m[0m[36;1m[36;1m[0m[36;1m[0m[36;1m[31;1m[31;1m[36;1m[31;1m[36;1m     | [31;1mthe assembly containing this type is loaded.[0m
[31;1mInvalidOperation: [0m/home/teej/supertui/WPF/SuperTUI_Demo.ps1:216[0m
[31;1m[0m[36;1mLine |[0m
[31;1m[0m[36;1m[36;1m 216 | [0m [36;1m$statusClockTimer.Interval = [TimeSpan]::FromSeconds(1)[0m
[31;1m[0m[36;1m[36;1m[0m[36;1m[0m[36;1m     | [31;1m ~~~~~~~~~~~~~~~~~~~~~~~~~~~~~~~~~~~~~~~~~~~~~~~~~~~~~~~[0m
[31;1m[0m[36;1m[36;1m[0m[36;1m[0m[36;1m[31;1m[31;1m[36;1m     | [31;1mThe property 'Interval' cannot be found on this object. Verify that the[0m
[31;1m[0m[36;1m[36;1m[0m[36;1m[0m[36;1m[31;1m[31;1m[36;1m[31;1m[36;1m     | [31;1mproperty exists and can be set.[0m
[31;1mInvalidOperation: [0m/home/teej/supertui/WPF/SuperTUI_Demo.ps1:217[0m
[31;1m[0m[36;1mLine |[0m
[31;1m[0m[36;1m[36;1m 217 | [0m [36;1m$statusClockTimer.Add_Tick({[0m
[31;1m[0m[36;1m[36;1m[0m[36;1m[0m[36;1m     | [31;1m ~~~~~~~~~~~~~~~~~~~~~~~~~~~~[0m
[31;1m[0m[36;1m[36;1m[0m[36;1m[0m[36;1m[31;1m[31;1m[36;1m     | [31;1mYou cannot call a method on a null-valued expression.[0m
[31;1mInvalidOperation: [0m/home/teej/supertui/WPF/SuperTUI_Demo.ps1:220[0m
[31;1m[0m[36;1mLine |[0m
[31;1m[0m[36;1m[36;1m 220 | [0m [36;1m$statusClockTimer.Start()[0m
[31;1m[0m[36;1m[36;1m[0m[36;1m[0m[36;1m     | [31;1m ~~~~~~~~~~~~~~~~~~~~~~~~~[0m
[31;1m[0m[36;1m[36;1m[0m[36;1m[0m[36;1m[31;1m[31;1m[36;1m     | [31;1mYou cannot call a method on a null-valued expression.[0m
[31;1mNew-Object: [0m/home/teej/supertui/WPF/SuperTUI_Demo.ps1:223[0m
[31;1m[0m[36;1mLine |[0m
[31;1m[0m[36;1m[36;1m 223 | [0m … ceManager = [36;1mNew-Object SuperTUI.Core.WorkspaceManager($workspaceConta[0m …[0m
[31;1m[0m[36;1m[36;1m[0m[36;1m[0m[36;1m     | [31;1m               ~~~~~~~~~~~~~~~~~~~~~~~~~~~~~~~~~~~~~~~~~~~~~~~~~~~~~~~~~[0m
[31;1m[0m[36;1m[36;1m[0m[36;1m[0m[36;1m[31;1m[31;1m[36;1m     | [31;1mCannot find type [SuperTUI.Core.WorkspaceManager]: verify that the[0m
[31;1m[0m[36;1m[36;1m[0m[36;1m[0m[36;1m[31;1m[31;1m[36;1m[31;1m[36;1m     | [31;1massembly containing this type is loaded.[0m
[31;1mNew-Object: [0m/home/teej/supertui/WPF/SuperTUI_Demo.ps1:226[0m
[31;1m[0m[36;1mLine |[0m
[31;1m[0m[36;1m[36;1m 226 | [0m $shortcutManager = [36;1mNew-Object SuperTUI.Core.ShortcutManager[0m
[31;1m[0m[36;1m[36;1m[0m[36;1m[0m[36;1m     | [31;1m                    ~~~~~~~~~~~~~~~~~~~~~~~~~~~~~~~~~~~~~~~~[0m
[31;1m[0m[36;1m[36;1m[0m[36;1m[0m[36;1m[31;1m[31;1m[36;1m     | [31;1mCannot find type [SuperTUI.Core.ShortcutManager]: verify that the[0m
[31;1m[0m[36;1m[36;1m[0m[36;1m[0m[36;1m[31;1m[31;1m[36;1m[31;1m[36;1m     | [31;1massembly containing this type is loaded.[0m
[3/3] Creating workspaces and widgets...
[31;1mNew-Object: [0m/home/teej/supertui/WPF/SuperTUI_Demo.ps1:234[0m
[31;1m[0m[36;1mLine |[0m
[31;1m[0m[36;1m[36;1m 234 | [0m … ws1Layout = [36;1mNew-Object SuperTUI.Core.GridLayoutEngine(2, 3, $true)[0m  # …[0m
[31;1m[0m[36;1m[36;1m[0m[36;1m[0m[36;1m     | [31;1m               ~~~~~~~~~~~~~~~~~~~~~~~~~~~~~~~~~~~~~~~~~~~~~~~~~~~~~~[0m
[31;1m[0m[36;1m[36;1m[0m[36;1m[0m[36;1m[31;1m[31;1m[36;1m     | [31;1mCannot find type [SuperTUI.Core.GridLayoutEngine]: verify that the[0m
[31;1m[0m[36;1m[36;1m[0m[36;1m[0m[36;1m[31;1m[31;1m[36;1m[31;1m[36;1m     | [31;1massembly containing this type is loaded.[0m
[31;1mNew-Object: [0m/home/teej/supertui/WPF/SuperTUI_Demo.ps1:235[0m
[31;1m[0m[36;1mLine |[0m
[31;1m[0m[36;1m[36;1m 235 | [0m … orkspace1 = [36;1mNew-Object SuperTUI.Core.Workspace("Dashboard", 1, $ws1La[0m …[0m
[31;1m[0m[36;1m[36;1m[0m[36;1m[0m[36;1m     | [31;1m               ~~~~~~~~~~~~~~~~~~~~~~~~~~~~~~~~~~~~~~~~~~~~~~~~~~~~~~~~~[0m
[31;1m[0m[36;1m[36;1m[0m[36;1m[0m[36;1m[31;1m[31;1m[36;1m     | [31;1mCannot find type [SuperTUI.Core.Workspace]: verify that the assembly[0m
[31;1m[0m[36;1m[36;1m[0m[36;1m[0m[36;1m[31;1m[31;1m[36;1m[31;1m[36;1m     | [31;1mcontaining this type is loaded.[0m
[31;1mNew-Object: [0m/home/teej/supertui/WPF/SuperTUI_Demo.ps1:238[0m
[31;1m[0m[36;1mLine |[0m
[31;1m[0m[36;1m[36;1m 238 | [0m $clock1 = [36;1mNew-Object SuperTUI.Widgets.ClockWidget[0m
[31;1m[0m[36;1m[36;1m[0m[36;1m[0m[36;1m     | [31;1m           ~~~~~~~~~~~~~~~~~~~~~~~~~~~~~~~~~~~~~~~[0m
[31;1m[0m[36;1m[36;1m[0m[36;1m[0m[36;1m[31;1m[31;1m[36;1m     | [31;1mCannot find type [SuperTUI.Widgets.ClockWidget]: verify that the[0m
[31;1m[0m[36;1m[36;1m[0m[36;1m[0m[36;1m[31;1m[31;1m[36;1m[31;1m[36;1m     | [31;1massembly containing this type is loaded.[0m
[31;1mInvalidOperation: [0m/home/teej/supertui/WPF/SuperTUI_Demo.ps1:239[0m
[31;1m[0m[36;1mLine |[0m
[31;1m[0m[36;1m[36;1m 239 | [0m [36;1m$clock1.WidgetName = "Clock"[0m
[31;1m[0m[36;1m[36;1m[0m[36;1m[0m[36;1m     | [31;1m ~~~~~~~~~~~~~~~~~~~~~~~~~~~~[0m
[31;1m[0m[36;1m[36;1m[0m[36;1m[0m[36;1m[31;1m[31;1m[36;1m     | [31;1mThe property 'WidgetName' cannot be found on this object. Verify that[0m
[31;1m[0m[36;1m[36;1m[0m[36;1m[0m[36;1m[31;1m[31;1m[36;1m[31;1m[36;1m     | [31;1mthe property exists and can be set.[0m
[31;1mInvalidOperation: [0m/home/teej/supertui/WPF/SuperTUI_Demo.ps1:240[0m
[31;1m[0m[36;1mLine |[0m
[31;1m[0m[36;1m[36;1m 240 | [0m [36;1m$clock1.Initialize()[0m
[31;1m[0m[36;1m[36;1m[0m[36;1m[0m[36;1m     | [31;1m ~~~~~~~~~~~~~~~~~~~~[0m
[31;1m[0m[36;1m[36;1m[0m[36;1m[0m[36;1m[31;1m[31;1m[36;1m     | [31;1mYou cannot call a method on a null-valued expression.[0m
[31;1mNew-Object: [0m/home/teej/supertui/WPF/SuperTUI_Demo.ps1:241[0m
[31;1m[0m[36;1mLine |[0m
[31;1m[0m[36;1m[36;1m 241 | [0m $clock1Params = [36;1mNew-Object SuperTUI.Core.LayoutParams[0m
[31;1m[0m[36;1m[36;1m[0m[36;1m[0m[36;1m     | [31;1m                 ~~~~~~~~~~~~~~~~~~~~~~~~~~~~~~~~~~~~~[0m
[31;1m[0m[36;1m[36;1m[0m[36;1m[0m[36;1m[31;1m[31;1m[36;1m     | [31;1mCannot find type [SuperTUI.Core.LayoutParams]: verify that the assembly[0m
[31;1m[0m[36;1m[36;1m[0m[36;1m[0m[36;1m[31;1m[31;1m[36;1m[31;1m[36;1m     | [31;1mcontaining this type is loaded.[0m
[31;1mInvalidOperation: [0m/home/teej/supertui/WPF/SuperTUI_Demo.ps1:242[0m
[31;1m[0m[36;1mLine |[0m
[31;1m[0m[36;1m[36;1m 242 | [0m [36;1m$clock1Params.Row = 0[0m
[31;1m[0m[36;1m[36;1m[0m[36;1m[0m[36;1m     | [31;1m ~~~~~~~~~~~~~~~~~~~~~[0m
[31;1m[0m[36;1m[36;1m[0m[36;1m[0m[36;1m[31;1m[31;1m[36;1m     | [31;1mThe property 'Row' cannot be found on this object. Verify that the[0m
[31;1m[0m[36;1m[36;1m[0m[36;1m[0m[36;1m[31;1m[31;1m[36;1m[31;1m[36;1m     | [31;1mproperty exists and can be set.[0m
[31;1mInvalidOperation: [0m/home/teej/supertui/WPF/SuperTUI_Demo.ps1:243[0m
[31;1m[0m[36;1mLine |[0m
[31;1m[0m[36;1m[36;1m 243 | [0m [36;1m$clock1Params.Column = 0[0m
[31;1m[0m[36;1m[36;1m[0m[36;1m[0m[36;1m     | [31;1m ~~~~~~~~~~~~~~~~~~~~~~~~[0m
[31;1m[0m[36;1m[36;1m[0m[36;1m[0m[36;1m[31;1m[31;1m[36;1m     | [31;1mThe property 'Column' cannot be found on this object. Verify that the[0m
[31;1m[0m[36;1m[36;1m[0m[36;1m[0m[36;1m[31;1m[31;1m[36;1m[31;1m[36;1m     | [31;1mproperty exists and can be set.[0m
[31;1mInvalidOperation: [0m/home/teej/supertui/WPF/SuperTUI_Demo.ps1:244[0m
[31;1m[0m[36;1mLine |[0m
[31;1m[0m[36;1m[36;1m 244 | [0m [36;1m$workspace1.AddWidget($clock1, $clock1Params)[0m
[31;1m[0m[36;1m[36;1m[0m[36;1m[0m[36;1m     | [31;1m ~~~~~~~~~~~~~~~~~~~~~~~~~~~~~~~~~~~~~~~~~~~~~[0m
[31;1m[0m[36;1m[36;1m[0m[36;1m[0m[36;1m[31;1m[31;1m[36;1m     | [31;1mYou cannot call a method on a null-valued expression.[0m
[31;1mNew-Object: [0m/home/teej/supertui/WPF/SuperTUI_Demo.ps1:247[0m
[31;1m[0m[36;1mLine |[0m
[31;1m[0m[36;1m[36;1m 247 | [0m $taskSummary1 = [36;1mNew-Object SuperTUI.Widgets.TaskSummaryWidget[0m
[31;1m[0m[36;1m[36;1m[0m[36;1m[0m[36;1m     | [31;1m                 ~~~~~~~~~~~~~~~~~~~~~~~~~~~~~~~~~~~~~~~~~~~~~[0m
[31;1m[0m[36;1m[36;1m[0m[36;1m[0m[36;1m[31;1m[31;1m[36;1m     | [31;1mCannot find type [SuperTUI.Widgets.TaskSummaryWidget]: verify that the[0m
[31;1m[0m[36;1m[36;1m[0m[36;1m[0m[36;1m[31;1m[31;1m[36;1m[31;1m[36;1m     | [31;1massembly containing this type is loaded.[0m
[31;1mInvalidOperation: [0m/home/teej/supertui/WPF/SuperTUI_Demo.ps1:248[0m
[31;1m[0m[36;1mLine |[0m
[31;1m[0m[36;1m[36;1m 248 | [0m [36;1m$taskSummary1.WidgetName = "Task Summary"[0m
[31;1m[0m[36;1m[36;1m[0m[36;1m[0m[36;1m     | [31;1m ~~~~~~~~~~~~~~~~~~~~~~~~~~~~~~~~~~~~~~~~~[0m
[31;1m[0m[36;1m[36;1m[0m[36;1m[0m[36;1m[31;1m[31;1m[36;1m     | [31;1mThe property 'WidgetName' cannot be found on this object. Verify that[0m
[31;1m[0m[36;1m[36;1m[0m[36;1m[0m[36;1m[31;1m[31;1m[36;1m[31;1m[36;1m     | [31;1mthe property exists and can be set.[0m
[31;1mInvalidOperation: [0m/home/teej/supertui/WPF/SuperTUI_Demo.ps1:249[0m
[31;1m[0m[36;1mLine |[0m
[31;1m[0m[36;1m[36;1m 249 | [0m [36;1m$taskSummary1.Initialize()[0m
[31;1m[0m[36;1m[36;1m[0m[36;1m[0m[36;1m     | [31;1m ~~~~~~~~~~~~~~~~~~~~~~~~~~[0m
[31;1m[0m[36;1m[36;1m[0m[36;1m[0m[36;1m[31;1m[31;1m[36;1m     | [31;1mYou cannot call a method on a null-valued expression.[0m
[31;1mNew-Object: [0m/home/teej/supertui/WPF/SuperTUI_Demo.ps1:250[0m
[31;1m[0m[36;1mLine |[0m
[31;1m[0m[36;1m[36;1m 250 | [0m $taskSummary1Params = [36;1mNew-Object SuperTUI.Core.LayoutParams[0m
[31;1m[0m[36;1m[36;1m[0m[36;1m[0m[36;1m     | [31;1m                       ~~~~~~~~~~~~~~~~~~~~~~~~~~~~~~~~~~~~~[0m
[31;1m[0m[36;1m[36;1m[0m[36;1m[0m[36;1m[31;1m[31;1m[36;1m     | [31;1mCannot find type [SuperTUI.Core.LayoutParams]: verify that the assembly[0m
[31;1m[0m[36;1m[36;1m[0m[36;1m[0m[36;1m[31;1m[31;1m[36;1m[31;1m[36;1m     | [31;1mcontaining this type is loaded.[0m
[31;1mInvalidOperation: [0m/home/teej/supertui/WPF/SuperTUI_Demo.ps1:251[0m
[31;1m[0m[36;1mLine |[0m
[31;1m[0m[36;1m[36;1m 251 | [0m [36;1m$taskSummary1Params.Row = 0[0m
[31;1m[0m[36;1m[36;1m[0m[36;1m[0m[36;1m     | [31;1m ~~~~~~~~~~~~~~~~~~~~~~~~~~~[0m
[31;1m[0m[36;1m[36;1m[0m[36;1m[0m[36;1m[31;1m[31;1m[36;1m     | [31;1mThe property 'Row' cannot be found on this object. Verify that the[0m
[31;1m[0m[36;1m[36;1m[0m[36;1m[0m[36;1m[31;1m[31;1m[36;1m[31;1m[36;1m     | [31;1mproperty exists and can be set.[0m
[31;1mInvalidOperation: [0m/home/teej/supertui/WPF/SuperTUI_Demo.ps1:252[0m
[31;1m[0m[36;1mLine |[0m
[31;1m[0m[36;1m[36;1m 252 | [0m [36;1m$taskSummary1Params.Column = 1[0m
[31;1m[0m[36;1m[36;1m[0m[36;1m[0m[36;1m     | [31;1m ~~~~~~~~~~~~~~~~~~~~~~~~~~~~~~[0m
[31;1m[0m[36;1m[36;1m[0m[36;1m[0m[36;1m[31;1m[31;1m[36;1m     | [31;1mThe property 'Column' cannot be found on this object. Verify that the[0m
[31;1m[0m[36;1m[36;1m[0m[36;1m[0m[36;1m[31;1m[31;1m[36;1m[31;1m[36;1m     | [31;1mproperty exists and can be set.[0m
[31;1mInvalidOperation: [0m/home/teej/supertui/WPF/SuperTUI_Demo.ps1:253[0m
[31;1m[0m[36;1mLine |[0m
[31;1m[0m[36;1m[36;1m 253 | [0m [36;1m$workspace1.AddWidget($taskSummary1, $taskSummary1Params)[0m
[31;1m[0m[36;1m[36;1m[0m[36;1m[0m[36;1m     | [31;1m ~~~~~~~~~~~~~~~~~~~~~~~~~~~~~~~~~~~~~~~~~~~~~~~~~~~~~~~~~[0m
[31;1m[0m[36;1m[36;1m[0m[36;1m[0m[36;1m[31;1m[31;1m[36;1m     | [31;1mYou cannot call a method on a null-valued expression.[0m
[31;1mNew-Object: [0m/home/teej/supertui/WPF/SuperTUI_Demo.ps1:256[0m
[31;1m[0m[36;1mLine |[0m
[31;1m[0m[36;1m[36;1m 256 | [0m $counter1 = [36;1mNew-Object SuperTUI.Widgets.CounterWidget[0m
[31;1m[0m[36;1m[36;1m[0m[36;1m[0m[36;1m     | [31;1m             ~~~~~~~~~~~~~~~~~~~~~~~~~~~~~~~~~~~~~~~~~[0m
[31;1m[0m[36;1m[36;1m[0m[36;1m[0m[36;1m[31;1m[31;1m[36;1m     | [31;1mCannot find type [SuperTUI.Widgets.CounterWidget]: verify that the[0m
[31;1m[0m[36;1m[36;1m[0m[36;1m[0m[36;1m[31;1m[31;1m[36;1m[31;1m[36;1m     | [31;1massembly containing this type is loaded.[0m
[31;1mInvalidOperation: [0m/home/teej/supertui/WPF/SuperTUI_Demo.ps1:257[0m
[31;1m[0m[36;1mLine |[0m
[31;1m[0m[36;1m[36;1m 257 | [0m [36;1m$counter1.WidgetName = "Counter 1"[0m
[31;1m[0m[36;1m[36;1m[0m[36;1m[0m[36;1m     | [31;1m ~~~~~~~~~~~~~~~~~~~~~~~~~~~~~~~~~~[0m
[31;1m[0m[36;1m[36;1m[0m[36;1m[0m[36;1m[31;1m[31;1m[36;1m     | [31;1mThe property 'WidgetName' cannot be found on this object. Verify that[0m
[31;1m[0m[36;1m[36;1m[0m[36;1m[0m[36;1m[31;1m[31;1m[36;1m[31;1m[36;1m     | [31;1mthe property exists and can be set.[0m
[31;1mInvalidOperation: [0m/home/teej/supertui/WPF/SuperTUI_Demo.ps1:258[0m
[31;1m[0m[36;1mLine |[0m
[31;1m[0m[36;1m[36;1m 258 | [0m [36;1m$counter1.Initialize()[0m
[31;1m[0m[36;1m[36;1m[0m[36;1m[0m[36;1m     | [31;1m ~~~~~~~~~~~~~~~~~~~~~~[0m
[31;1m[0m[36;1m[36;1m[0m[36;1m[0m[36;1m[31;1m[31;1m[36;1m     | [31;1mYou cannot call a method on a null-valued expression.[0m
[31;1mNew-Object: [0m/home/teej/supertui/WPF/SuperTUI_Demo.ps1:259[0m
[31;1m[0m[36;1mLine |[0m
[31;1m[0m[36;1m[36;1m 259 | [0m $counter1Params = [36;1mNew-Object SuperTUI.Core.LayoutParams[0m
[31;1m[0m[36;1m[36;1m[0m[36;1m[0m[36;1m     | [31;1m                   ~~~~~~~~~~~~~~~~~~~~~~~~~~~~~~~~~~~~~[0m
[31;1m[0m[36;1m[36;1m[0m[36;1m[0m[36;1m[31;1m[31;1m[36;1m     | [31;1mCannot find type [SuperTUI.Core.LayoutParams]: verify that the assembly[0m
[31;1m[0m[36;1m[36;1m[0m[36;1m[0m[36;1m[31;1m[31;1m[36;1m[31;1m[36;1m     | [31;1mcontaining this type is loaded.[0m
[31;1mInvalidOperation: [0m/home/teej/supertui/WPF/SuperTUI_Demo.ps1:260[0m
[31;1m[0m[36;1mLine |[0m
[31;1m[0m[36;1m[36;1m 260 | [0m [36;1m$counter1Params.Row = 0[0m
[31;1m[0m[36;1m[36;1m[0m[36;1m[0m[36;1m     | [31;1m ~~~~~~~~~~~~~~~~~~~~~~~[0m
[31;1m[0m[36;1m[36;1m[0m[36;1m[0m[36;1m[31;1m[31;1m[36;1m     | [31;1mThe property 'Row' cannot be found on this object. Verify that the[0m
[31;1m[0m[36;1m[36;1m[0m[36;1m[0m[36;1m[31;1m[31;1m[36;1m[31;1m[36;1m     | [31;1mproperty exists and can be set.[0m
[31;1mInvalidOperation: [0m/home/teej/supertui/WPF/SuperTUI_Demo.ps1:261[0m
[31;1m[0m[36;1mLine |[0m
[31;1m[0m[36;1m[36;1m 261 | [0m [36;1m$counter1Params.Column = 2[0m
[31;1m[0m[36;1m[36;1m[0m[36;1m[0m[36;1m     | [31;1m ~~~~~~~~~~~~~~~~~~~~~~~~~~[0m
[31;1m[0m[36;1m[36;1m[0m[36;1m[0m[36;1m[31;1m[31;1m[36;1m     | [31;1mThe property 'Column' cannot be found on this object. Verify that the[0m
[31;1m[0m[36;1m[36;1m[0m[36;1m[0m[36;1m[31;1m[31;1m[36;1m[31;1m[36;1m     | [31;1mproperty exists and can be set.[0m
[31;1mInvalidOperation: [0m/home/teej/supertui/WPF/SuperTUI_Demo.ps1:262[0m
[31;1m[0m[36;1mLine |[0m
[31;1m[0m[36;1m[36;1m 262 | [0m [36;1m$workspace1.AddWidget($counter1, $counter1Params)[0m
[31;1m[0m[36;1m[36;1m[0m[36;1m[0m[36;1m     | [31;1m ~~~~~~~~~~~~~~~~~~~~~~~~~~~~~~~~~~~~~~~~~~~~~~~~~[0m
[31;1m[0m[36;1m[36;1m[0m[36;1m[0m[36;1m[31;1m[31;1m[36;1m     | [31;1mYou cannot call a method on a null-valued expression.[0m
[31;1mNew-Object: [0m/home/teej/supertui/WPF/SuperTUI_Demo.ps1:265[0m
[31;1m[0m[36;1mLine |[0m
[31;1m[0m[36;1m[36;1m 265 | [0m $notes1 = [36;1mNew-Object SuperTUI.Widgets.NotesWidget[0m
[31;1m[0m[36;1m[36;1m[0m[36;1m[0m[36;1m     | [31;1m           ~~~~~~~~~~~~~~~~~~~~~~~~~~~~~~~~~~~~~~~[0m
[31;1m[0m[36;1m[36;1m[0m[36;1m[0m[36;1m[31;1m[31;1m[36;1m     | [31;1mCannot find type [SuperTUI.Widgets.NotesWidget]: verify that the[0m
[31;1m[0m[36;1m[36;1m[0m[36;1m[0m[36;1m[31;1m[31;1m[36;1m[31;1m[36;1m     | [31;1massembly containing this type is loaded.[0m
[31;1mInvalidOperation: [0m/home/teej/supertui/WPF/SuperTUI_Demo.ps1:266[0m
[31;1m[0m[36;1mLine |[0m
[31;1m[0m[36;1m[36;1m 266 | [0m [36;1m$notes1.WidgetName = "Notes"[0m
[31;1m[0m[36;1m[36;1m[0m[36;1m[0m[36;1m     | [31;1m ~~~~~~~~~~~~~~~~~~~~~~~~~~~~[0m
[31;1m[0m[36;1m[36;1m[0m[36;1m[0m[36;1m[31;1m[31;1m[36;1m     | [31;1mThe property 'WidgetName' cannot be found on this object. Verify that[0m
[31;1m[0m[36;1m[36;1m[0m[36;1m[0m[36;1m[31;1m[31;1m[36;1m[31;1m[36;1m     | [31;1mthe property exists and can be set.[0m
[31;1mInvalidOperation: [0m/home/teej/supertui/WPF/SuperTUI_Demo.ps1:267[0m
[31;1m[0m[36;1mLine |[0m
[31;1m[0m[36;1m[36;1m 267 | [0m [36;1m$notes1.Initialize()[0m
[31;1m[0m[36;1m[36;1m[0m[36;1m[0m[36;1m     | [31;1m ~~~~~~~~~~~~~~~~~~~~[0m
[31;1m[0m[36;1m[36;1m[0m[36;1m[0m[36;1m[31;1m[31;1m[36;1m     | [31;1mYou cannot call a method on a null-valued expression.[0m
[31;1mNew-Object: [0m/home/teej/supertui/WPF/SuperTUI_Demo.ps1:268[0m
[31;1m[0m[36;1mLine |[0m
[31;1m[0m[36;1m[36;1m 268 | [0m $notes1Params = [36;1mNew-Object SuperTUI.Core.LayoutParams[0m
[31;1m[0m[36;1m[36;1m[0m[36;1m[0m[36;1m     | [31;1m                 ~~~~~~~~~~~~~~~~~~~~~~~~~~~~~~~~~~~~~[0m
[31;1m[0m[36;1m[36;1m[0m[36;1m[0m[36;1m[31;1m[31;1m[36;1m     | [31;1mCannot find type [SuperTUI.Core.LayoutParams]: verify that the assembly[0m
[31;1m[0m[36;1m[36;1m[0m[36;1m[0m[36;1m[31;1m[31;1m[36;1m[31;1m[36;1m     | [31;1mcontaining this type is loaded.[0m
[31;1mInvalidOperation: [0m/home/teej/supertui/WPF/SuperTUI_Demo.ps1:269[0m
[31;1m[0m[36;1mLine |[0m
[31;1m[0m[36;1m[36;1m 269 | [0m [36;1m$notes1Params.Row = 1[0m
[31;1m[0m[36;1m[36;1m[0m[36;1m[0m[36;1m     | [31;1m ~~~~~~~~~~~~~~~~~~~~~[0m
[31;1m[0m[36;1m[36;1m[0m[36;1m[0m[36;1m[31;1m[31;1m[36;1m     | [31;1mThe property 'Row' cannot be found on this object. Verify that the[0m
[31;1m[0m[36;1m[36;1m[0m[36;1m[0m[36;1m[31;1m[31;1m[36;1m[31;1m[36;1m     | [31;1mproperty exists and can be set.[0m
[31;1mInvalidOperation: [0m/home/teej/supertui/WPF/SuperTUI_Demo.ps1:270[0m
[31;1m[0m[36;1mLine |[0m
[31;1m[0m[36;1m[36;1m 270 | [0m [36;1m$notes1Params.Column = 0[0m
[31;1m[0m[36;1m[36;1m[0m[36;1m[0m[36;1m     | [31;1m ~~~~~~~~~~~~~~~~~~~~~~~~[0m
[31;1m[0m[36;1m[36;1m[0m[36;1m[0m[36;1m[31;1m[31;1m[36;1m     | [31;1mThe property 'Column' cannot be found on this object. Verify that the[0m
[31;1m[0m[36;1m[36;1m[0m[36;1m[0m[36;1m[31;1m[31;1m[36;1m[31;1m[36;1m     | [31;1mproperty exists and can be set.[0m
[31;1mInvalidOperation: [0m/home/teej/supertui/WPF/SuperTUI_Demo.ps1:271[0m
[31;1m[0m[36;1mLine |[0m
[31;1m[0m[36;1m[36;1m 271 | [0m [36;1m$notes1Params.ColumnSpan = 2[0m
[31;1m[0m[36;1m[36;1m[0m[36;1m[0m[36;1m     | [31;1m ~~~~~~~~~~~~~~~~~~~~~~~~~~~~[0m
[31;1m[0m[36;1m[36;1m[0m[36;1m[0m[36;1m[31;1m[31;1m[36;1m     | [31;1mThe property 'ColumnSpan' cannot be found on this object. Verify that[0m
[31;1m[0m[36;1m[36;1m[0m[36;1m[0m[36;1m[31;1m[31;1m[36;1m[31;1m[36;1m     | [31;1mthe property exists and can be set.[0m
[31;1mInvalidOperation: [0m/home/teej/supertui/WPF/SuperTUI_Demo.ps1:272[0m
[31;1m[0m[36;1mLine |[0m
[31;1m[0m[36;1m[36;1m 272 | [0m [36;1m$workspace1.AddWidget($notes1, $notes1Params)[0m
[31;1m[0m[36;1m[36;1m[0m[36;1m[0m[36;1m     | [31;1m ~~~~~~~~~~~~~~~~~~~~~~~~~~~~~~~~~~~~~~~~~~~~~[0m
[31;1m[0m[36;1m[36;1m[0m[36;1m[0m[36;1m[31;1m[31;1m[36;1m     | [31;1mYou cannot call a method on a null-valued expression.[0m
[31;1mNew-Object: [0m/home/teej/supertui/WPF/SuperTUI_Demo.ps1:275[0m
[31;1m[0m[36;1mLine |[0m
[31;1m[0m[36;1m[36;1m 275 | [0m $counter2 = [36;1mNew-Object SuperTUI.Widgets.CounterWidget[0m
[31;1m[0m[36;1m[36;1m[0m[36;1m[0m[36;1m     | [31;1m             ~~~~~~~~~~~~~~~~~~~~~~~~~~~~~~~~~~~~~~~~~[0m
[31;1m[0m[36;1m[36;1m[0m[36;1m[0m[36;1m[31;1m[31;1m[36;1m     | [31;1mCannot find type [SuperTUI.Widgets.CounterWidget]: verify that the[0m
[31;1m[0m[36;1m[36;1m[0m[36;1m[0m[36;1m[31;1m[31;1m[36;1m[31;1m[36;1m     | [31;1massembly containing this type is loaded.[0m
[31;1mInvalidOperation: [0m/home/teej/supertui/WPF/SuperTUI_Demo.ps1:276[0m
[31;1m[0m[36;1mLine |[0m
[31;1m[0m[36;1m[36;1m 276 | [0m [36;1m$counter2.WidgetName = "Counter 2"[0m
[31;1m[0m[36;1m[36;1m[0m[36;1m[0m[36;1m     | [31;1m ~~~~~~~~~~~~~~~~~~~~~~~~~~~~~~~~~~[0m
[31;1m[0m[36;1m[36;1m[0m[36;1m[0m[36;1m[31;1m[31;1m[36;1m     | [31;1mThe property 'WidgetName' cannot be found on this object. Verify that[0m
[31;1m[0m[36;1m[36;1m[0m[36;1m[0m[36;1m[31;1m[31;1m[36;1m[31;1m[36;1m     | [31;1mthe property exists and can be set.[0m
[31;1mInvalidOperation: [0m/home/teej/supertui/WPF/SuperTUI_Demo.ps1:277[0m
[31;1m[0m[36;1mLine |[0m
[31;1m[0m[36;1m[36;1m 277 | [0m [36;1m$counter2.Initialize()[0m
[31;1m[0m[36;1m[36;1m[0m[36;1m[0m[36;1m     | [31;1m ~~~~~~~~~~~~~~~~~~~~~~[0m
[31;1m[0m[36;1m[36;1m[0m[36;1m[0m[36;1m[31;1m[31;1m[36;1m     | [31;1mYou cannot call a method on a null-valued expression.[0m
[31;1mNew-Object: [0m/home/teej/supertui/WPF/SuperTUI_Demo.ps1:278[0m
[31;1m[0m[36;1mLine |[0m
[31;1m[0m[36;1m[36;1m 278 | [0m $counter2Params = [36;1mNew-Object SuperTUI.Core.LayoutParams[0m
[31;1m[0m[36;1m[36;1m[0m[36;1m[0m[36;1m     | [31;1m                   ~~~~~~~~~~~~~~~~~~~~~~~~~~~~~~~~~~~~~[0m
[31;1m[0m[36;1m[36;1m[0m[36;1m[0m[36;1m[31;1m[31;1m[36;1m     | [31;1mCannot find type [SuperTUI.Core.LayoutParams]: verify that the assembly[0m
[31;1m[0m[36;1m[36;1m[0m[36;1m[0m[36;1m[31;1m[31;1m[36;1m[31;1m[36;1m     | [31;1mcontaining this type is loaded.[0m
[31;1mInvalidOperation: [0m/home/teej/supertui/WPF/SuperTUI_Demo.ps1:279[0m
[31;1m[0m[36;1mLine |[0m
[31;1m[0m[36;1m[36;1m 279 | [0m [36;1m$counter2Params.Row = 1[0m
[31;1m[0m[36;1m[36;1m[0m[36;1m[0m[36;1m     | [31;1m ~~~~~~~~~~~~~~~~~~~~~~~[0m
[31;1m[0m[36;1m[36;1m[0m[36;1m[0m[36;1m[31;1m[31;1m[36;1m     | [31;1mThe property 'Row' cannot be found on this object. Verify that the[0m
[31;1m[0m[36;1m[36;1m[0m[36;1m[0m[36;1m[31;1m[31;1m[36;1m[31;1m[36;1m     | [31;1mproperty exists and can be set.[0m
[31;1mInvalidOperation: [0m/home/teej/supertui/WPF/SuperTUI_Demo.ps1:280[0m
[31;1m[0m[36;1mLine |[0m
[31;1m[0m[36;1m[36;1m 280 | [0m [36;1m$counter2Params.Column = 2[0m
[31;1m[0m[36;1m[36;1m[0m[36;1m[0m[36;1m     | [31;1m ~~~~~~~~~~~~~~~~~~~~~~~~~~[0m
[31;1m[0m[36;1m[36;1m[0m[36;1m[0m[36;1m[31;1m[31;1m[36;1m     | [31;1mThe property 'Column' cannot be found on this object. Verify that the[0m
[31;1m[0m[36;1m[36;1m[0m[36;1m[0m[36;1m[31;1m[31;1m[36;1m[31;1m[36;1m     | [31;1mproperty exists and can be set.[0m
[31;1mInvalidOperation: [0m/home/teej/supertui/WPF/SuperTUI_Demo.ps1:281[0m
[31;1m[0m[36;1mLine |[0m
[31;1m[0m[36;1m[36;1m 281 | [0m [36;1m$workspace1.AddWidget($counter2, $counter2Params)[0m
[31;1m[0m[36;1m[36;1m[0m[36;1m[0m[36;1m     | [31;1m ~~~~~~~~~~~~~~~~~~~~~~~~~~~~~~~~~~~~~~~~~~~~~~~~~[0m
[31;1m[0m[36;1m[36;1m[0m[36;1m[0m[36;1m[31;1m[31;1m[36;1m     | [31;1mYou cannot call a method on a null-valued expression.[0m
[31;1mInvalidOperation: [0m/home/teej/supertui/WPF/SuperTUI_Demo.ps1:283[0m
[31;1m[0m[36;1mLine |[0m
[31;1m[0m[36;1m[36;1m 283 | [0m [36;1m$workspaceManager.AddWorkspace($workspace1)[0m
[31;1m[0m[36;1m[36;1m[0m[36;1m[0m[36;1m     | [31;1m ~~~~~~~~~~~~~~~~~~~~~~~~~~~~~~~~~~~~~~~~~~~[0m
[31;1m[0m[36;1m[36;1m[0m[36;1m[0m[36;1m[31;1m[31;1m[36;1m     | [31;1mYou cannot call a method on a null-valued expression.[0m
[31;1mNew-Object: [0m/home/teej/supertui/WPF/SuperTUI_Demo.ps1:289[0m
[31;1m[0m[36;1mLine |[0m
[31;1m[0m[36;1m[36;1m 289 | [0m $ws2Layout = [36;1mNew-Object SuperTUI.Core.GridLayoutEngine(2, 2, $true)[0m
[31;1m[0m[36;1m[36;1m[0m[36;1m[0m[36;1m     | [31;1m              ~~~~~~~~~~~~~~~~~~~~~~~~~~~~~~~~~~~~~~~~~~~~~~~~~~~~~~[0m
[31;1m[0m[36;1m[36;1m[0m[36;1m[0m[36;1m[31;1m[31;1m[36;1m     | [31;1mCannot find type [SuperTUI.Core.GridLayoutEngine]: verify that the[0m
[31;1m[0m[36;1m[36;1m[0m[36;1m[0m[36;1m[31;1m[31;1m[36;1m[31;1m[36;1m     | [31;1massembly containing this type is loaded.[0m
[31;1mNew-Object: [0m/home/teej/supertui/WPF/SuperTUI_Demo.ps1:290[0m
[31;1m[0m[36;1mLine |[0m
[31;1m[0m[36;1m[36;1m 290 | [0m … orkspace2 = [36;1mNew-Object SuperTUI.Core.Workspace("Focus Test", 2, $ws2L[0m …[0m
[31;1m[0m[36;1m[36;1m[0m[36;1m[0m[36;1m     | [31;1m               ~~~~~~~~~~~~~~~~~~~~~~~~~~~~~~~~~~~~~~~~~~~~~~~~~~~~~~~~~[0m
[31;1m[0m[36;1m[36;1m[0m[36;1m[0m[36;1m[31;1m[31;1m[36;1m     | [31;1mCannot find type [SuperTUI.Core.Workspace]: verify that the assembly[0m
[31;1m[0m[36;1m[36;1m[0m[36;1m[0m[36;1m[31;1m[31;1m[36;1m[31;1m[36;1m     | [31;1mcontaining this type is loaded.[0m
[31;1mNew-Object: [0m/home/teej/supertui/WPF/SuperTUI_Demo.ps1:294[0m
[31;1m[0m[36;1mLine |[0m
[31;1m[0m[36;1m[36;1m 294 | [0m     $counter = [36;1mNew-Object SuperTUI.Widgets.CounterWidget[0m
[31;1m[0m[36;1m[36;1m[0m[36;1m[0m[36;1m     | [31;1m                ~~~~~~~~~~~~~~~~~~~~~~~~~~~~~~~~~~~~~~~~~[0m
[31;1m[0m[36;1m[36;1m[0m[36;1m[0m[36;1m[31;1m[31;1m[36;1m     | [31;1mCannot find type [SuperTUI.Widgets.CounterWidget]: verify that the[0m
[31;1m[0m[36;1m[36;1m[0m[36;1m[0m[36;1m[31;1m[31;1m[36;1m[31;1m[36;1m     | [31;1massembly containing this type is loaded.[0m
[31;1mInvalidOperation: [0m/home/teej/supertui/WPF/SuperTUI_Demo.ps1:295[0m
[31;1m[0m[36;1mLine |[0m
[31;1m[0m[36;1m[36;1m 295 | [0m     $counter.WidgetName = "Counter $([36;1m$i + 1[0m)"[0m
[31;1m[0m[36;1m[36;1m[0m[36;1m[0m[36;1m     | [31;1m                                      ~~~~~~[0m
[31;1m[0m[36;1m[36;1m[0m[36;1m[0m[36;1m[31;1m[31;1m[36;1m     | [31;1mThe property 'WidgetName' cannot be found on this object. Verify that[0m
[31;1m[0m[36;1m[36;1m[0m[36;1m[0m[36;1m[31;1m[31;1m[36;1m[31;1m[36;1m     | [31;1mthe property exists and can be set.[0m
[31;1mInvalidOperation: [0m/home/teej/supertui/WPF/SuperTUI_Demo.ps1:296[0m
[31;1m[0m[36;1mLine |[0m
[31;1m[0m[36;1m[36;1m 296 | [0m     [36;1m$counter.Initialize()[0m
[31;1m[0m[36;1m[36;1m[0m[36;1m[0m[36;1m     | [31;1m     ~~~~~~~~~~~~~~~~~~~~~[0m
[31;1m[0m[36;1m[36;1m[0m[36;1m[0m[36;1m[31;1m[31;1m[36;1m     | [31;1mYou cannot call a method on a null-valued expression.[0m
[31;1mNew-Object: [0m/home/teej/supertui/WPF/SuperTUI_Demo.ps1:298[0m
[31;1m[0m[36;1mLine |[0m
[31;1m[0m[36;1m[36;1m 298 | [0m     $params = [36;1mNew-Object SuperTUI.Core.LayoutParams[0m
[31;1m[0m[36;1m[36;1m[0m[36;1m[0m[36;1m     | [31;1m               ~~~~~~~~~~~~~~~~~~~~~~~~~~~~~~~~~~~~~[0m
[31;1m[0m[36;1m[36;1m[0m[36;1m[0m[36;1m[31;1m[31;1m[36;1m     | [31;1mCannot find type [SuperTUI.Core.LayoutParams]: verify that the assembly[0m
[31;1m[0m[36;1m[36;1m[0m[36;1m[0m[36;1m[31;1m[31;1m[36;1m[31;1m[36;1m     | [31;1mcontaining this type is loaded.[0m
[31;1mInvalidOperation: [0m/home/teej/supertui/WPF/SuperTUI_Demo.ps1:299[0m
[31;1m[0m[36;1mLine |[0m
[31;1m[0m[36;1m[36;1m 299 | [0m     [36;1m$params.Row = [Math]::Floor($i / 2)[0m
[31;1m[0m[36;1m[36;1m[0m[36;1m[0m[36;1m     | [31;1m     ~~~~~~~~~~~~~~~~~~~~~~~~~~~~~~~~~~~[0m
[31;1m[0m[36;1m[36;1m[0m[36;1m[0m[36;1m[31;1m[31;1m[36;1m     | [31;1mThe property 'Row' cannot be found on this object. Verify that the[0m
[31;1m[0m[36;1m[36;1m[0m[36;1m[0m[36;1m[31;1m[31;1m[36;1m[31;1m[36;1m     | [31;1mproperty exists and can be set.[0m
[31;1mInvalidOperation: [0m/home/teej/supertui/WPF/SuperTUI_Demo.ps1:300[0m
[31;1m[0m[36;1mLine |[0m
[31;1m[0m[36;1m[36;1m 300 | [0m     [36;1m$params.Column = $i % 2[0m
[31;1m[0m[36;1m[36;1m[0m[36;1m[0m[36;1m     | [31;1m     ~~~~~~~~~~~~~~~~~~~~~~~[0m
[31;1m[0m[36;1m[36;1m[0m[36;1m[0m[36;1m[31;1m[31;1m[36;1m     | [31;1mThe property 'Column' cannot be found on this object. Verify that the[0m
[31;1m[0m[36;1m[36;1m[0m[36;1m[0m[36;1m[31;1m[31;1m[36;1m[31;1m[36;1m     | [31;1mproperty exists and can be set.[0m
[31;1mInvalidOperation: [0m/home/teej/supertui/WPF/SuperTUI_Demo.ps1:302[0m
[31;1m[0m[36;1mLine |[0m
[31;1m[0m[36;1m[36;1m 302 | [0m     [36;1m$workspace2.AddWidget($counter, $params)[0m
[31;1m[0m[36;1m[36;1m[0m[36;1m[0m[36;1m     | [31;1m     ~~~~~~~~~~~~~~~~~~~~~~~~~~~~~~~~~~~~~~~~[0m
[31;1m[0m[36;1m[36;1m[0m[36;1m[0m[36;1m[31;1m[31;1m[36;1m     | [31;1mYou cannot call a method on a null-valued expression.[0m
[31;1mNew-Object: [0m/home/teej/supertui/WPF/SuperTUI_Demo.ps1:294[0m
[31;1m[0m[36;1mLine |[0m
[31;1m[0m[36;1m[36;1m 294 | [0m     $counter = [36;1mNew-Object SuperTUI.Widgets.CounterWidget[0m
[31;1m[0m[36;1m[36;1m[0m[36;1m[0m[36;1m     | [31;1m                ~~~~~~~~~~~~~~~~~~~~~~~~~~~~~~~~~~~~~~~~~[0m
[31;1m[0m[36;1m[36;1m[0m[36;1m[0m[36;1m[31;1m[31;1m[36;1m     | [31;1mCannot find type [SuperTUI.Widgets.CounterWidget]: verify that the[0m
[31;1m[0m[36;1m[36;1m[0m[36;1m[0m[36;1m[31;1m[31;1m[36;1m[31;1m[36;1m     | [31;1massembly containing this type is loaded.[0m
[31;1mInvalidOperation: [0m/home/teej/supertui/WPF/SuperTUI_Demo.ps1:295[0m
[31;1m[0m[36;1mLine |[0m
[31;1m[0m[36;1m[36;1m 295 | [0m     $counter.WidgetName = "Counter $([36;1m$i + 1[0m)"[0m
[31;1m[0m[36;1m[36;1m[0m[36;1m[0m[36;1m     | [31;1m                                      ~~~~~~[0m
[31;1m[0m[36;1m[36;1m[0m[36;1m[0m[36;1m[31;1m[31;1m[36;1m     | [31;1mThe property 'WidgetName' cannot be found on this object. Verify that[0m
[31;1m[0m[36;1m[36;1m[0m[36;1m[0m[36;1m[31;1m[31;1m[36;1m[31;1m[36;1m     | [31;1mthe property exists and can be set.[0m
[31;1mInvalidOperation: [0m/home/teej/supertui/WPF/SuperTUI_Demo.ps1:296[0m
[31;1m[0m[36;1mLine |[0m
[31;1m[0m[36;1m[36;1m 296 | [0m     [36;1m$counter.Initialize()[0m
[31;1m[0m[36;1m[36;1m[0m[36;1m[0m[36;1m     | [31;1m     ~~~~~~~~~~~~~~~~~~~~~[0m
[31;1m[0m[36;1m[36;1m[0m[36;1m[0m[36;1m[31;1m[31;1m[36;1m     | [31;1mYou cannot call a method on a null-valued expression.[0m
[31;1mNew-Object: [0m/home/teej/supertui/WPF/SuperTUI_Demo.ps1:298[0m
[31;1m[0m[36;1mLine |[0m
[31;1m[0m[36;1m[36;1m 298 | [0m     $params = [36;1mNew-Object SuperTUI.Core.LayoutParams[0m
[31;1m[0m[36;1m[36;1m[0m[36;1m[0m[36;1m     | [31;1m               ~~~~~~~~~~~~~~~~~~~~~~~~~~~~~~~~~~~~~[0m
[31;1m[0m[36;1m[36;1m[0m[36;1m[0m[36;1m[31;1m[31;1m[36;1m     | [31;1mCannot find type [SuperTUI.Core.LayoutParams]: verify that the assembly[0m
[31;1m[0m[36;1m[36;1m[0m[36;1m[0m[36;1m[31;1m[31;1m[36;1m[31;1m[36;1m     | [31;1mcontaining this type is loaded.[0m
[31;1mInvalidOperation: [0m/home/teej/supertui/WPF/SuperTUI_Demo.ps1:299[0m
[31;1m[0m[36;1mLine |[0m
[31;1m[0m[36;1m[36;1m 299 | [0m     [36;1m$params.Row = [Math]::Floor($i / 2)[0m
[31;1m[0m[36;1m[36;1m[0m[36;1m[0m[36;1m     | [31;1m     ~~~~~~~~~~~~~~~~~~~~~~~~~~~~~~~~~~~[0m
[31;1m[0m[36;1m[36;1m[0m[36;1m[0m[36;1m[31;1m[31;1m[36;1m     | [31;1mThe property 'Row' cannot be found on this object. Verify that the[0m
[31;1m[0m[36;1m[36;1m[0m[36;1m[0m[36;1m[31;1m[31;1m[36;1m[31;1m[36;1m     | [31;1mproperty exists and can be set.[0m
[31;1mInvalidOperation: [0m/home/teej/supertui/WPF/SuperTUI_Demo.ps1:300[0m
[31;1m[0m[36;1mLine |[0m
[31;1m[0m[36;1m[36;1m 300 | [0m     [36;1m$params.Column = $i % 2[0m
[31;1m[0m[36;1m[36;1m[0m[36;1m[0m[36;1m     | [31;1m     ~~~~~~~~~~~~~~~~~~~~~~~[0m
[31;1m[0m[36;1m[36;1m[0m[36;1m[0m[36;1m[31;1m[31;1m[36;1m     | [31;1mThe property 'Column' cannot be found on this object. Verify that the[0m
[31;1m[0m[36;1m[36;1m[0m[36;1m[0m[36;1m[31;1m[31;1m[36;1m[31;1m[36;1m     | [31;1mproperty exists and can be set.[0m
[31;1mInvalidOperation: [0m/home/teej/supertui/WPF/SuperTUI_Demo.ps1:302[0m
[31;1m[0m[36;1mLine |[0m
[31;1m[0m[36;1m[36;1m 302 | [0m     [36;1m$workspace2.AddWidget($counter, $params)[0m
[31;1m[0m[36;1m[36;1m[0m[36;1m[0m[36;1m     | [31;1m     ~~~~~~~~~~~~~~~~~~~~~~~~~~~~~~~~~~~~~~~~[0m
[31;1m[0m[36;1m[36;1m[0m[36;1m[0m[36;1m[31;1m[31;1m[36;1m     | [31;1mYou cannot call a method on a null-valued expression.[0m
[31;1mNew-Object: [0m/home/teej/supertui/WPF/SuperTUI_Demo.ps1:294[0m
[31;1m[0m[36;1mLine |[0m
[31;1m[0m[36;1m[36;1m 294 | [0m     $counter = [36;1mNew-Object SuperTUI.Widgets.CounterWidget[0m
[31;1m[0m[36;1m[36;1m[0m[36;1m[0m[36;1m     | [31;1m                ~~~~~~~~~~~~~~~~~~~~~~~~~~~~~~~~~~~~~~~~~[0m
[31;1m[0m[36;1m[36;1m[0m[36;1m[0m[36;1m[31;1m[31;1m[36;1m     | [31;1mCannot find type [SuperTUI.Widgets.CounterWidget]: verify that the[0m
[31;1m[0m[36;1m[36;1m[0m[36;1m[0m[36;1m[31;1m[31;1m[36;1m[31;1m[36;1m     | [31;1massembly containing this type is loaded.[0m
[31;1mInvalidOperation: [0m/home/teej/supertui/WPF/SuperTUI_Demo.ps1:295[0m
[31;1m[0m[36;1mLine |[0m
[31;1m[0m[36;1m[36;1m 295 | [0m     $counter.WidgetName = "Counter $([36;1m$i + 1[0m)"[0m
[31;1m[0m[36;1m[36;1m[0m[36;1m[0m[36;1m     | [31;1m                                      ~~~~~~[0m
[31;1m[0m[36;1m[36;1m[0m[36;1m[0m[36;1m[31;1m[31;1m[36;1m     | [31;1mThe property 'WidgetName' cannot be found on this object. Verify that[0m
[31;1m[0m[36;1m[36;1m[0m[36;1m[0m[36;1m[31;1m[31;1m[36;1m[31;1m[36;1m     | [31;1mthe property exists and can be set.[0m
[31;1mInvalidOperation: [0m/home/teej/supertui/WPF/SuperTUI_Demo.ps1:296[0m
[31;1m[0m[36;1mLine |[0m
[31;1m[0m[36;1m[36;1m 296 | [0m     [36;1m$counter.Initialize()[0m
[31;1m[0m[36;1m[36;1m[0m[36;1m[0m[36;1m     | [31;1m     ~~~~~~~~~~~~~~~~~~~~~[0m
[31;1m[0m[36;1m[36;1m[0m[36;1m[0m[36;1m[31;1m[31;1m[36;1m     | [31;1mYou cannot call a method on a null-valued expression.[0m
[31;1mNew-Object: [0m/home/teej/supertui/WPF/SuperTUI_Demo.ps1:298[0m
[31;1m[0m[36;1mLine |[0m
[31;1m[0m[36;1m[36;1m 298 | [0m     $params = [36;1mNew-Object SuperTUI.Core.LayoutParams[0m
[31;1m[0m[36;1m[36;1m[0m[36;1m[0m[36;1m     | [31;1m               ~~~~~~~~~~~~~~~~~~~~~~~~~~~~~~~~~~~~~[0m
[31;1m[0m[36;1m[36;1m[0m[36;1m[0m[36;1m[31;1m[31;1m[36;1m     | [31;1mCannot find type [SuperTUI.Core.LayoutParams]: verify that the assembly[0m
[31;1m[0m[36;1m[36;1m[0m[36;1m[0m[36;1m[31;1m[31;1m[36;1m[31;1m[36;1m     | [31;1mcontaining this type is loaded.[0m
[31;1mInvalidOperation: [0m/home/teej/supertui/WPF/SuperTUI_Demo.ps1:299[0m
[31;1m[0m[36;1mLine |[0m
[31;1m[0m[36;1m[36;1m 299 | [0m     [36;1m$params.Row = [Math]::Floor($i / 2)[0m
[31;1m[0m[36;1m[36;1m[0m[36;1m[0m[36;1m     | [31;1m     ~~~~~~~~~~~~~~~~~~~~~~~~~~~~~~~~~~~[0m
[31;1m[0m[36;1m[36;1m[0m[36;1m[0m[36;1m[31;1m[31;1m[36;1m     | [31;1mThe property 'Row' cannot be found on this object. Verify that the[0m
[31;1m[0m[36;1m[36;1m[0m[36;1m[0m[36;1m[31;1m[31;1m[36;1m[31;1m[36;1m     | [31;1mproperty exists and can be set.[0m
[31;1mInvalidOperation: [0m/home/teej/supertui/WPF/SuperTUI_Demo.ps1:300[0m
[31;1m[0m[36;1mLine |[0m
[31;1m[0m[36;1m[36;1m 300 | [0m     [36;1m$params.Column = $i % 2[0m
[31;1m[0m[36;1m[36;1m[0m[36;1m[0m[36;1m     | [31;1m     ~~~~~~~~~~~~~~~~~~~~~~~[0m
[31;1m[0m[36;1m[36;1m[0m[36;1m[0m[36;1m[31;1m[31;1m[36;1m     | [31;1mThe property 'Column' cannot be found on this object. Verify that the[0m
[31;1m[0m[36;1m[36;1m[0m[36;1m[0m[36;1m[31;1m[31;1m[36;1m[31;1m[36;1m     | [31;1mproperty exists and can be set.[0m
[31;1mInvalidOperation: [0m/home/teej/supertui/WPF/SuperTUI_Demo.ps1:302[0m
[31;1m[0m[36;1mLine |[0m
[31;1m[0m[36;1m[36;1m 302 | [0m     [36;1m$workspace2.AddWidget($counter, $params)[0m
[31;1m[0m[36;1m[36;1m[0m[36;1m[0m[36;1m     | [31;1m     ~~~~~~~~~~~~~~~~~~~~~~~~~~~~~~~~~~~~~~~~[0m
[31;1m[0m[36;1m[36;1m[0m[36;1m[0m[36;1m[31;1m[31;1m[36;1m     | [31;1mYou cannot call a method on a null-valued expression.[0m
[31;1mNew-Object: [0m/home/teej/supertui/WPF/SuperTUI_Demo.ps1:294[0m
[31;1m[0m[36;1mLine |[0m
[31;1m[0m[36;1m[36;1m 294 | [0m     $counter = [36;1mNew-Object SuperTUI.Widgets.CounterWidget[0m
[31;1m[0m[36;1m[36;1m[0m[36;1m[0m[36;1m     | [31;1m                ~~~~~~~~~~~~~~~~~~~~~~~~~~~~~~~~~~~~~~~~~[0m
[31;1m[0m[36;1m[36;1m[0m[36;1m[0m[36;1m[31;1m[31;1m[36;1m     | [31;1mCannot find type [SuperTUI.Widgets.CounterWidget]: verify that the[0m
[31;1m[0m[36;1m[36;1m[0m[36;1m[0m[36;1m[31;1m[31;1m[36;1m[31;1m[36;1m     | [31;1massembly containing this type is loaded.[0m
[31;1mInvalidOperation: [0m/home/teej/supertui/WPF/SuperTUI_Demo.ps1:295[0m
[31;1m[0m[36;1mLine |[0m
[31;1m[0m[36;1m[36;1m 295 | [0m     $counter.WidgetName = "Counter $([36;1m$i + 1[0m)"[0m
[31;1m[0m[36;1m[36;1m[0m[36;1m[0m[36;1m     | [31;1m                                      ~~~~~~[0m
[31;1m[0m[36;1m[36;1m[0m[36;1m[0m[36;1m[31;1m[31;1m[36;1m     | [31;1mThe property 'WidgetName' cannot be found on this object. Verify that[0m
[31;1m[0m[36;1m[36;1m[0m[36;1m[0m[36;1m[31;1m[31;1m[36;1m[31;1m[36;1m     | [31;1mthe property exists and can be set.[0m
[31;1mInvalidOperation: [0m/home/teej/supertui/WPF/SuperTUI_Demo.ps1:296[0m
[31;1m[0m[36;1mLine |[0m
[31;1m[0m[36;1m[36;1m 296 | [0m     [36;1m$counter.Initialize()[0m
[31;1m[0m[36;1m[36;1m[0m[36;1m[0m[36;1m     | [31;1m     ~~~~~~~~~~~~~~~~~~~~~[0m
[31;1m[0m[36;1m[36;1m[0m[36;1m[0m[36;1m[31;1m[31;1m[36;1m     | [31;1mYou cannot call a method on a null-valued expression.[0m
[31;1mNew-Object: [0m/home/teej/supertui/WPF/SuperTUI_Demo.ps1:298[0m
[31;1m[0m[36;1mLine |[0m
[31;1m[0m[36;1m[36;1m 298 | [0m     $params = [36;1mNew-Object SuperTUI.Core.LayoutParams[0m
[31;1m[0m[36;1m[36;1m[0m[36;1m[0m[36;1m     | [31;1m               ~~~~~~~~~~~~~~~~~~~~~~~~~~~~~~~~~~~~~[0m
[31;1m[0m[36;1m[36;1m[0m[36;1m[0m[36;1m[31;1m[31;1m[36;1m     | [31;1mCannot find type [SuperTUI.Core.LayoutParams]: verify that the assembly[0m
[31;1m[0m[36;1m[36;1m[0m[36;1m[0m[36;1m[31;1m[31;1m[36;1m[31;1m[36;1m     | [31;1mcontaining this type is loaded.[0m
[31;1mInvalidOperation: [0m/home/teej/supertui/WPF/SuperTUI_Demo.ps1:299[0m
[31;1m[0m[36;1mLine |[0m
[31;1m[0m[36;1m[36;1m 299 | [0m     [36;1m$params.Row = [Math]::Floor($i / 2)[0m
[31;1m[0m[36;1m[36;1m[0m[36;1m[0m[36;1m     | [31;1m     ~~~~~~~~~~~~~~~~~~~~~~~~~~~~~~~~~~~[0m
[31;1m[0m[36;1m[36;1m[0m[36;1m[0m[36;1m[31;1m[31;1m[36;1m     | [31;1mThe property 'Row' cannot be found on this object. Verify that the[0m
[31;1m[0m[36;1m[36;1m[0m[36;1m[0m[36;1m[31;1m[31;1m[36;1m[31;1m[36;1m     | [31;1mproperty exists and can be set.[0m
[31;1mInvalidOperation: [0m/home/teej/supertui/WPF/SuperTUI_Demo.ps1:300[0m
[31;1m[0m[36;1mLine |[0m
[31;1m[0m[36;1m[36;1m 300 | [0m     [36;1m$params.Column = $i % 2[0m
[31;1m[0m[36;1m[36;1m[0m[36;1m[0m[36;1m     | [31;1m     ~~~~~~~~~~~~~~~~~~~~~~~[0m
[31;1m[0m[36;1m[36;1m[0m[36;1m[0m[36;1m[31;1m[31;1m[36;1m     | [31;1mThe property 'Column' cannot be found on this object. Verify that the[0m
[31;1m[0m[36;1m[36;1m[0m[36;1m[0m[36;1m[31;1m[31;1m[36;1m[31;1m[36;1m     | [31;1mproperty exists and can be set.[0m
[31;1mInvalidOperation: [0m/home/teej/supertui/WPF/SuperTUI_Demo.ps1:302[0m
[31;1m[0m[36;1mLine |[0m
[31;1m[0m[36;1m[36;1m 302 | [0m     [36;1m$workspace2.AddWidget($counter, $params)[0m
[31;1m[0m[36;1m[36;1m[0m[36;1m[0m[36;1m     | [31;1m     ~~~~~~~~~~~~~~~~~~~~~~~~~~~~~~~~~~~~~~~~[0m
[31;1m[0m[36;1m[36;1m[0m[36;1m[0m[36;1m[31;1m[31;1m[36;1m     | [31;1mYou cannot call a method on a null-valued expression.[0m
[31;1mInvalidOperation: [0m/home/teej/supertui/WPF/SuperTUI_Demo.ps1:305[0m
[31;1m[0m[36;1mLine |[0m
[31;1m[0m[36;1m[36;1m 305 | [0m [36;1m$workspaceManager.AddWorkspace($workspace2)[0m
[31;1m[0m[36;1m[36;1m[0m[36;1m[0m[36;1m     | [31;1m ~~~~~~~~~~~~~~~~~~~~~~~~~~~~~~~~~~~~~~~~~~~[0m
[31;1m[0m[36;1m[36;1m[0m[36;1m[0m[36;1m[31;1m[31;1m[36;1m     | [31;1mYou cannot call a method on a null-valued expression.[0m
[31;1mNew-Object: [0m/home/teej/supertui/WPF/SuperTUI_Demo.ps1:311[0m
[31;1m[0m[36;1mLine |[0m
[31;1m[0m[36;1m[36;1m 311 | [0m $ws3Layout = [36;1mNew-Object SuperTUI.Core.DockLayoutEngine[0m
[31;1m[0m[36;1m[36;1m[0m[36;1m[0m[36;1m     | [31;1m              ~~~~~~~~~~~~~~~~~~~~~~~~~~~~~~~~~~~~~~~~~[0m
[31;1m[0m[36;1m[36;1m[0m[36;1m[0m[36;1m[31;1m[31;1m[36;1m     | [31;1mCannot find type [SuperTUI.Core.DockLayoutEngine]: verify that the[0m
[31;1m[0m[36;1m[36;1m[0m[36;1m[0m[36;1m[31;1m[31;1m[36;1m[31;1m[36;1m     | [31;1massembly containing this type is loaded.[0m
[31;1mNew-Object: [0m/home/teej/supertui/WPF/SuperTUI_Demo.ps1:312[0m
[31;1m[0m[36;1mLine |[0m
[31;1m[0m[36;1m[36;1m 312 | [0m … orkspace3 = [36;1mNew-Object SuperTUI.Core.Workspace("Mixed Layout", 3, $ws[0m …[0m
[31;1m[0m[36;1m[36;1m[0m[36;1m[0m[36;1m     | [31;1m               ~~~~~~~~~~~~~~~~~~~~~~~~~~~~~~~~~~~~~~~~~~~~~~~~~~~~~~~~~[0m
[31;1m[0m[36;1m[36;1m[0m[36;1m[0m[36;1m[31;1m[31;1m[36;1m     | [31;1mCannot find type [SuperTUI.Core.Workspace]: verify that the assembly[0m
[31;1m[0m[36;1m[36;1m[0m[36;1m[0m[36;1m[31;1m[31;1m[36;1m[31;1m[36;1m     | [31;1mcontaining this type is loaded.[0m
[31;1mNew-Object: [0m/home/teej/supertui/WPF/SuperTUI_Demo.ps1:315[0m
[31;1m[0m[36;1mLine |[0m
[31;1m[0m[36;1m[36;1m 315 | [0m $clockTop = [36;1mNew-Object SuperTUI.Widgets.ClockWidget[0m
[31;1m[0m[36;1m[36;1m[0m[36;1m[0m[36;1m     | [31;1m             ~~~~~~~~~~~~~~~~~~~~~~~~~~~~~~~~~~~~~~~[0m
[31;1m[0m[36;1m[36;1m[0m[36;1m[0m[36;1m[31;1m[31;1m[36;1m     | [31;1mCannot find type [SuperTUI.Widgets.ClockWidget]: verify that the[0m
[31;1m[0m[36;1m[36;1m[0m[36;1m[0m[36;1m[31;1m[31;1m[36;1m[31;1m[36;1m     | [31;1massembly containing this type is loaded.[0m
[31;1mInvalidOperation: [0m/home/teej/supertui/WPF/SuperTUI_Demo.ps1:316[0m
[31;1m[0m[36;1mLine |[0m
[31;1m[0m[36;1m[36;1m 316 | [0m [36;1m$clockTop.WidgetName = "Top Clock"[0m
[31;1m[0m[36;1m[36;1m[0m[36;1m[0m[36;1m     | [31;1m ~~~~~~~~~~~~~~~~~~~~~~~~~~~~~~~~~~[0m
[31;1m[0m[36;1m[36;1m[0m[36;1m[0m[36;1m[31;1m[31;1m[36;1m     | [31;1mThe property 'WidgetName' cannot be found on this object. Verify that[0m
[31;1m[0m[36;1m[36;1m[0m[36;1m[0m[36;1m[31;1m[31;1m[36;1m[31;1m[36;1m     | [31;1mthe property exists and can be set.[0m
[31;1mInvalidOperation: [0m/home/teej/supertui/WPF/SuperTUI_Demo.ps1:317[0m
[31;1m[0m[36;1mLine |[0m
[31;1m[0m[36;1m[36;1m 317 | [0m [36;1m$clockTop.Initialize()[0m
[31;1m[0m[36;1m[36;1m[0m[36;1m[0m[36;1m     | [31;1m ~~~~~~~~~~~~~~~~~~~~~~[0m
[31;1m[0m[36;1m[36;1m[0m[36;1m[0m[36;1m[31;1m[31;1m[36;1m     | [31;1mYou cannot call a method on a null-valued expression.[0m
[31;1mNew-Object: [0m/home/teej/supertui/WPF/SuperTUI_Demo.ps1:318[0m
[31;1m[0m[36;1mLine |[0m
[31;1m[0m[36;1m[36;1m 318 | [0m $clockTopParams = [36;1mNew-Object SuperTUI.Core.LayoutParams[0m
[31;1m[0m[36;1m[36;1m[0m[36;1m[0m[36;1m     | [31;1m                   ~~~~~~~~~~~~~~~~~~~~~~~~~~~~~~~~~~~~~[0m
[31;1m[0m[36;1m[36;1m[0m[36;1m[0m[36;1m[31;1m[31;1m[36;1m     | [31;1mCannot find type [SuperTUI.Core.LayoutParams]: verify that the assembly[0m
[31;1m[0m[36;1m[36;1m[0m[36;1m[0m[36;1m[31;1m[31;1m[36;1m[31;1m[36;1m     | [31;1mcontaining this type is loaded.[0m
[31;1mInvalidOperation: [0m/home/teej/supertui/WPF/SuperTUI_Demo.ps1:319[0m
[31;1m[0m[36;1mLine |[0m
[31;1m[0m[36;1m[36;1m 319 | [0m $clockTopParams.Dock = [36;1m[System.Windows.Controls.Dock][0m::Top[0m
[31;1m[0m[36;1m[36;1m[0m[36;1m[0m[36;1m     | [31;1m                        ~~~~~~~~~~~~~~~~~~~~~~~~~~~~~~[0m
[31;1m[0m[36;1m[36;1m[0m[36;1m[0m[36;1m[31;1m[31;1m[36;1m     | [31;1mUnable to find type [System.Windows.Controls.Dock].[0m
[31;1mInvalidOperation: [0m/home/teej/supertui/WPF/SuperTUI_Demo.ps1:320[0m
[31;1m[0m[36;1mLine |[0m
[31;1m[0m[36;1m[36;1m 320 | [0m [36;1m$clockTopParams.Height = 150[0m
[31;1m[0m[36;1m[36;1m[0m[36;1m[0m[36;1m     | [31;1m ~~~~~~~~~~~~~~~~~~~~~~~~~~~~[0m
[31;1m[0m[36;1m[36;1m[0m[36;1m[0m[36;1m[31;1m[31;1m[36;1m     | [31;1mThe property 'Height' cannot be found on this object. Verify that the[0m
[31;1m[0m[36;1m[36;1m[0m[36;1m[0m[36;1m[31;1m[31;1m[36;1m[31;1m[36;1m     | [31;1mproperty exists and can be set.[0m
[31;1mInvalidOperation: [0m/home/teej/supertui/WPF/SuperTUI_Demo.ps1:321[0m
[31;1m[0m[36;1mLine |[0m
[31;1m[0m[36;1m[36;1m 321 | [0m [36;1m$workspace3.AddWidget($clockTop, $clockTopParams)[0m
[31;1m[0m[36;1m[36;1m[0m[36;1m[0m[36;1m     | [31;1m ~~~~~~~~~~~~~~~~~~~~~~~~~~~~~~~~~~~~~~~~~~~~~~~~~[0m
[31;1m[0m[36;1m[36;1m[0m[36;1m[0m[36;1m[31;1m[31;1m[36;1m     | [31;1mYou cannot call a method on a null-valued expression.[0m
[31;1mNew-Object: [0m/home/teej/supertui/WPF/SuperTUI_Demo.ps1:324[0m
[31;1m[0m[36;1mLine |[0m
[31;1m[0m[36;1m[36;1m 324 | [0m $taskLeft = [36;1mNew-Object SuperTUI.Widgets.TaskSummaryWidget[0m
[31;1m[0m[36;1m[36;1m[0m[36;1m[0m[36;1m     | [31;1m             ~~~~~~~~~~~~~~~~~~~~~~~~~~~~~~~~~~~~~~~~~~~~~[0m
[31;1m[0m[36;1m[36;1m[0m[36;1m[0m[36;1m[31;1m[31;1m[36;1m     | [31;1mCannot find type [SuperTUI.Widgets.TaskSummaryWidget]: verify that the[0m
[31;1m[0m[36;1m[36;1m[0m[36;1m[0m[36;1m[31;1m[31;1m[36;1m[31;1m[36;1m     | [31;1massembly containing this type is loaded.[0m
[31;1mInvalidOperation: [0m/home/teej/supertui/WPF/SuperTUI_Demo.ps1:325[0m
[31;1m[0m[36;1mLine |[0m
[31;1m[0m[36;1m[36;1m 325 | [0m [36;1m$taskLeft.WidgetName = "Left Tasks"[0m
[31;1m[0m[36;1m[36;1m[0m[36;1m[0m[36;1m     | [31;1m ~~~~~~~~~~~~~~~~~~~~~~~~~~~~~~~~~~~[0m
[31;1m[0m[36;1m[36;1m[0m[36;1m[0m[36;1m[31;1m[31;1m[36;1m     | [31;1mThe property 'WidgetName' cannot be found on this object. Verify that[0m
[31;1m[0m[36;1m[36;1m[0m[36;1m[0m[36;1m[31;1m[31;1m[36;1m[31;1m[36;1m     | [31;1mthe property exists and can be set.[0m
[31;1mInvalidOperation: [0m/home/teej/supertui/WPF/SuperTUI_Demo.ps1:326[0m
[31;1m[0m[36;1mLine |[0m
[31;1m[0m[36;1m[36;1m 326 | [0m [36;1m$taskLeft.Initialize()[0m
[31;1m[0m[36;1m[36;1m[0m[36;1m[0m[36;1m     | [31;1m ~~~~~~~~~~~~~~~~~~~~~~[0m
[31;1m[0m[36;1m[36;1m[0m[36;1m[0m[36;1m[31;1m[31;1m[36;1m     | [31;1mYou cannot call a method on a null-valued expression.[0m
[31;1mNew-Object: [0m/home/teej/supertui/WPF/SuperTUI_Demo.ps1:327[0m
[31;1m[0m[36;1mLine |[0m
[31;1m[0m[36;1m[36;1m 327 | [0m $taskLeftParams = [36;1mNew-Object SuperTUI.Core.LayoutParams[0m
[31;1m[0m[36;1m[36;1m[0m[36;1m[0m[36;1m     | [31;1m                   ~~~~~~~~~~~~~~~~~~~~~~~~~~~~~~~~~~~~~[0m
[31;1m[0m[36;1m[36;1m[0m[36;1m[0m[36;1m[31;1m[31;1m[36;1m     | [31;1mCannot find type [SuperTUI.Core.LayoutParams]: verify that the assembly[0m
[31;1m[0m[36;1m[36;1m[0m[36;1m[0m[36;1m[31;1m[31;1m[36;1m[31;1m[36;1m     | [31;1mcontaining this type is loaded.[0m
[31;1mInvalidOperation: [0m/home/teej/supertui/WPF/SuperTUI_Demo.ps1:328[0m
[31;1m[0m[36;1mLine |[0m
[31;1m[0m[36;1m[36;1m 328 | [0m $taskLeftParams.Dock = [36;1m[System.Windows.Controls.Dock][0m::Left[0m
[31;1m[0m[36;1m[36;1m[0m[36;1m[0m[36;1m     | [31;1m                        ~~~~~~~~~~~~~~~~~~~~~~~~~~~~~~[0m
[31;1m[0m[36;1m[36;1m[0m[36;1m[0m[36;1m[31;1m[31;1m[36;1m     | [31;1mUnable to find type [System.Windows.Controls.Dock].[0m
[31;1mInvalidOperation: [0m/home/teej/supertui/WPF/SuperTUI_Demo.ps1:329[0m
[31;1m[0m[36;1mLine |[0m
[31;1m[0m[36;1m[36;1m 329 | [0m [36;1m$taskLeftParams.Width = 300[0m
[31;1m[0m[36;1m[36;1m[0m[36;1m[0m[36;1m     | [31;1m ~~~~~~~~~~~~~~~~~~~~~~~~~~~[0m
[31;1m[0m[36;1m[36;1m[0m[36;1m[0m[36;1m[31;1m[31;1m[36;1m     | [31;1mThe property 'Width' cannot be found on this object. Verify that the[0m
[31;1m[0m[36;1m[36;1m[0m[36;1m[0m[36;1m[31;1m[31;1m[36;1m[31;1m[36;1m     | [31;1mproperty exists and can be set.[0m
[31;1mInvalidOperation: [0m/home/teej/supertui/WPF/SuperTUI_Demo.ps1:330[0m
[31;1m[0m[36;1mLine |[0m
[31;1m[0m[36;1m[36;1m 330 | [0m [36;1m$workspace3.AddWidget($taskLeft, $taskLeftParams)[0m
[31;1m[0m[36;1m[36;1m[0m[36;1m[0m[36;1m     | [31;1m ~~~~~~~~~~~~~~~~~~~~~~~~~~~~~~~~~~~~~~~~~~~~~~~~~[0m
[31;1m[0m[36;1m[36;1m[0m[36;1m[0m[36;1m[31;1m[31;1m[36;1m     | [31;1mYou cannot call a method on a null-valued expression.[0m
[31;1mNew-Object: [0m/home/teej/supertui/WPF/SuperTUI_Demo.ps1:333[0m
[31;1m[0m[36;1mLine |[0m
[31;1m[0m[36;1m[36;1m 333 | [0m $notesFill = [36;1mNew-Object SuperTUI.Widgets.NotesWidget[0m
[31;1m[0m[36;1m[36;1m[0m[36;1m[0m[36;1m     | [31;1m              ~~~~~~~~~~~~~~~~~~~~~~~~~~~~~~~~~~~~~~~[0m
[31;1m[0m[36;1m[36;1m[0m[36;1m[0m[36;1m[31;1m[31;1m[36;1m     | [31;1mCannot find type [SuperTUI.Widgets.NotesWidget]: verify that the[0m
[31;1m[0m[36;1m[36;1m[0m[36;1m[0m[36;1m[31;1m[31;1m[36;1m[31;1m[36;1m     | [31;1massembly containing this type is loaded.[0m
[31;1mInvalidOperation: [0m/home/teej/supertui/WPF/SuperTUI_Demo.ps1:334[0m
[31;1m[0m[36;1mLine |[0m
[31;1m[0m[36;1m[36;1m 334 | [0m [36;1m$notesFill.WidgetName = "Main Notes"[0m
[31;1m[0m[36;1m[36;1m[0m[36;1m[0m[36;1m     | [31;1m ~~~~~~~~~~~~~~~~~~~~~~~~~~~~~~~~~~~~[0m
[31;1m[0m[36;1m[36;1m[0m[36;1m[0m[36;1m[31;1m[31;1m[36;1m     | [31;1mThe property 'WidgetName' cannot be found on this object. Verify that[0m
[31;1m[0m[36;1m[36;1m[0m[36;1m[0m[36;1m[31;1m[31;1m[36;1m[31;1m[36;1m     | [31;1mthe property exists and can be set.[0m
[31;1mInvalidOperation: [0m/home/teej/supertui/WPF/SuperTUI_Demo.ps1:335[0m
[31;1m[0m[36;1mLine |[0m
[31;1m[0m[36;1m[36;1m 335 | [0m [36;1m$notesFill.Initialize()[0m
[31;1m[0m[36;1m[36;1m[0m[36;1m[0m[36;1m     | [31;1m ~~~~~~~~~~~~~~~~~~~~~~~[0m
[31;1m[0m[36;1m[36;1m[0m[36;1m[0m[36;1m[31;1m[31;1m[36;1m     | [31;1mYou cannot call a method on a null-valued expression.[0m
[31;1mNew-Object: [0m/home/teej/supertui/WPF/SuperTUI_Demo.ps1:336[0m
[31;1m[0m[36;1mLine |[0m
[31;1m[0m[36;1m[36;1m 336 | [0m $notesFillParams = [36;1mNew-Object SuperTUI.Core.LayoutParams[0m
[31;1m[0m[36;1m[36;1m[0m[36;1m[0m[36;1m     | [31;1m                    ~~~~~~~~~~~~~~~~~~~~~~~~~~~~~~~~~~~~~[0m
[31;1m[0m[36;1m[36;1m[0m[36;1m[0m[36;1m[31;1m[31;1m[36;1m     | [31;1mCannot find type [SuperTUI.Core.LayoutParams]: verify that the assembly[0m
[31;1m[0m[36;1m[36;1m[0m[36;1m[0m[36;1m[31;1m[31;1m[36;1m[31;1m[36;1m     | [31;1mcontaining this type is loaded.[0m
[31;1mInvalidOperation: [0m/home/teej/supertui/WPF/SuperTUI_Demo.ps1:337[0m
[31;1m[0m[36;1mLine |[0m
[31;1m[0m[36;1m[36;1m 337 | [0m [36;1m$workspace3.AddWidget($notesFill, $notesFillParams)[0m
[31;1m[0m[36;1m[36;1m[0m[36;1m[0m[36;1m     | [31;1m ~~~~~~~~~~~~~~~~~~~~~~~~~~~~~~~~~~~~~~~~~~~~~~~~~~~[0m
[31;1m[0m[36;1m[36;1m[0m[36;1m[0m[36;1m[31;1m[31;1m[36;1m     | [31;1mYou cannot call a method on a null-valued expression.[0m
[31;1mInvalidOperation: [0m/home/teej/supertui/WPF/SuperTUI_Demo.ps1:339[0m
[31;1m[0m[36;1mLine |[0m
[31;1m[0m[36;1m[36;1m 339 | [0m [36;1m$workspaceManager.AddWorkspace($workspace3)[0m
[31;1m[0m[36;1m[36;1m[0m[36;1m[0m[36;1m     | [31;1m ~~~~~~~~~~~~~~~~~~~~~~~~~~~~~~~~~~~~~~~~~~~[0m
[31;1m[0m[36;1m[36;1m[0m[36;1m[0m[36;1m[31;1m[31;1m[36;1m     | [31;1mYou cannot call a method on a null-valued expression.[0m

✓ Created 3 workspaces with 12 total widgets
[31;1mInvalidOperation: [0m/home/teej/supertui/WPF/SuperTUI_Demo.ps1:350[0m
[31;1m[0m[36;1mLine |[0m
[31;1m[0m[36;1m[36;1m 350 | [0m     $key = [36;1m[System.Windows.Input.Key][0m::("D$i")[0m
[31;1m[0m[36;1m[36;1m[0m[36;1m[0m[36;1m     | [31;1m            ~~~~~~~~~~~~~~~~~~~~~~~~~~[0m
[31;1m[0m[36;1m[36;1m[0m[36;1m[0m[36;1m[31;1m[31;1m[36;1m     | [31;1mUnable to find type [System.Windows.Input.Key].[0m
[31;1mInvalidOperation: [0m/home/teej/supertui/WPF/SuperTUI_Demo.ps1:351[0m
[31;1m[0m[36;1mLine |[0m
[31;1m[0m[36;1m[36;1m 351 | [0m … ager.RegisterGlobal($key, [36;1m[System.Windows.Input.ModifierKeys][0m::Contro …[0m
[31;1m[0m[36;1m[36;1m[0m[36;1m[0m[36;1m     | [31;1m                             ~~~~~~~~~~~~~~~~~~~~~~~~~~~~~~~~~~~[0m
[31;1m[0m[36;1m[36;1m[0m[36;1m[0m[36;1m[31;1m[31;1m[36;1m     | [31;1mUnable to find type [System.Windows.Input.ModifierKeys].[0m
[31;1mInvalidOperation: [0m/home/teej/supertui/WPF/SuperTUI_Demo.ps1:350[0m
[31;1m[0m[36;1mLine |[0m
[31;1m[0m[36;1m[36;1m 350 | [0m     $key = [36;1m[System.Windows.Input.Key][0m::("D$i")[0m
[31;1m[0m[36;1m[36;1m[0m[36;1m[0m[36;1m     | [31;1m            ~~~~~~~~~~~~~~~~~~~~~~~~~~[0m
[31;1m[0m[36;1m[36;1m[0m[36;1m[0m[36;1m[31;1m[31;1m[36;1m     | [31;1mUnable to find type [System.Windows.Input.Key].[0m
[31;1mInvalidOperation: [0m/home/teej/supertui/WPF/SuperTUI_Demo.ps1:351[0m
[31;1m[0m[36;1mLine |[0m
[31;1m[0m[36;1m[36;1m 351 | [0m … ager.RegisterGlobal($key, [36;1m[System.Windows.Input.ModifierKeys][0m::Contro …[0m
[31;1m[0m[36;1m[36;1m[0m[36;1m[0m[36;1m     | [31;1m                             ~~~~~~~~~~~~~~~~~~~~~~~~~~~~~~~~~~~[0m
[31;1m[0m[36;1m[36;1m[0m[36;1m[0m[36;1m[31;1m[31;1m[36;1m     | [31;1mUnable to find type [System.Windows.Input.ModifierKeys].[0m
[31;1mInvalidOperation: [0m/home/teej/supertui/WPF/SuperTUI_Demo.ps1:350[0m
[31;1m[0m[36;1mLine |[0m
[31;1m[0m[36;1m[36;1m 350 | [0m     $key = [36;1m[System.Windows.Input.Key][0m::("D$i")[0m
[31;1m[0m[36;1m[36;1m[0m[36;1m[0m[36;1m     | [31;1m            ~~~~~~~~~~~~~~~~~~~~~~~~~~[0m
[31;1m[0m[36;1m[36;1m[0m[36;1m[0m[36;1m[31;1m[31;1m[36;1m     | [31;1mUnable to find type [System.Windows.Input.Key].[0m
[31;1mInvalidOperation: [0m/home/teej/supertui/WPF/SuperTUI_Demo.ps1:351[0m
[31;1m[0m[36;1mLine |[0m
[31;1m[0m[36;1m[36;1m 351 | [0m … ager.RegisterGlobal($key, [36;1m[System.Windows.Input.ModifierKeys][0m::Contro …[0m
[31;1m[0m[36;1m[36;1m[0m[36;1m[0m[36;1m     | [31;1m                             ~~~~~~~~~~~~~~~~~~~~~~~~~~~~~~~~~~~[0m
[31;1m[0m[36;1m[36;1m[0m[36;1m[0m[36;1m[31;1m[31;1m[36;1m     | [31;1mUnable to find type [System.Windows.Input.ModifierKeys].[0m
[31;1mInvalidOperation: [0m/home/teej/supertui/WPF/SuperTUI_Demo.ps1:350[0m
[31;1m[0m[36;1mLine |[0m
[31;1m[0m[36;1m[36;1m 350 | [0m     $key = [36;1m[System.Windows.Input.Key][0m::("D$i")[0m
[31;1m[0m[36;1m[36;1m[0m[36;1m[0m[36;1m     | [31;1m            ~~~~~~~~~~~~~~~~~~~~~~~~~~[0m
[31;1m[0m[36;1m[36;1m[0m[36;1m[0m[36;1m[31;1m[31;1m[36;1m     | [31;1mUnable to find type [System.Windows.Input.Key].[0m
[31;1mInvalidOperation: [0m/home/teej/supertui/WPF/SuperTUI_Demo.ps1:351[0m
[31;1m[0m[36;1mLine |[0m
[31;1m[0m[36;1m[36;1m 351 | [0m … ager.RegisterGlobal($key, [36;1m[System.Windows.Input.ModifierKeys][0m::Contro …[0m
[31;1m[0m[36;1m[36;1m[0m[36;1m[0m[36;1m     | [31;1m                             ~~~~~~~~~~~~~~~~~~~~~~~~~~~~~~~~~~~[0m
[31;1m[0m[36;1m[36;1m[0m[36;1m[0m[36;1m[31;1m[31;1m[36;1m     | [31;1mUnable to find type [System.Windows.Input.ModifierKeys].[0m
[31;1mInvalidOperation: [0m/home/teej/supertui/WPF/SuperTUI_Demo.ps1:350[0m
[31;1m[0m[36;1mLine |[0m
[31;1m[0m[36;1m[36;1m 350 | [0m     $key = [36;1m[System.Windows.Input.Key][0m::("D$i")[0m
[31;1m[0m[36;1m[36;1m[0m[36;1m[0m[36;1m     | [31;1m            ~~~~~~~~~~~~~~~~~~~~~~~~~~[0m
[31;1m[0m[36;1m[36;1m[0m[36;1m[0m[36;1m[31;1m[31;1m[36;1m     | [31;1mUnable to find type [System.Windows.Input.Key].[0m
[31;1mInvalidOperation: [0m/home/teej/supertui/WPF/SuperTUI_Demo.ps1:351[0m
[31;1m[0m[36;1mLine |[0m
[31;1m[0m[36;1m[36;1m 351 | [0m … ager.RegisterGlobal($key, [36;1m[System.Windows.Input.ModifierKeys][0m::Contro …[0m
[31;1m[0m[36;1m[36;1m[0m[36;1m[0m[36;1m     | [31;1m                             ~~~~~~~~~~~~~~~~~~~~~~~~~~~~~~~~~~~[0m
[31;1m[0m[36;1m[36;1m[0m[36;1m[0m[36;1m[31;1m[31;1m[36;1m     | [31;1mUnable to find type [System.Windows.Input.ModifierKeys].[0m
[31;1mInvalidOperation: [0m/home/teej/supertui/WPF/SuperTUI_Demo.ps1:350[0m
[31;1m[0m[36;1mLine |[0m
[31;1m[0m[36;1m[36;1m 350 | [0m     $key = [36;1m[System.Windows.Input.Key][0m::("D$i")[0m
[31;1m[0m[36;1m[36;1m[0m[36;1m[0m[36;1m     | [31;1m            ~~~~~~~~~~~~~~~~~~~~~~~~~~[0m
[31;1m[0m[36;1m[36;1m[0m[36;1m[0m[36;1m[31;1m[31;1m[36;1m     | [31;1mUnable to find type [System.Windows.Input.Key].[0m
[31;1mInvalidOperation: [0m/home/teej/supertui/WPF/SuperTUI_Demo.ps1:351[0m
[31;1m[0m[36;1mLine |[0m
[31;1m[0m[36;1m[36;1m 351 | [0m … ager.RegisterGlobal($key, [36;1m[System.Windows.Input.ModifierKeys][0m::Contro …[0m
[31;1m[0m[36;1m[36;1m[0m[36;1m[0m[36;1m     | [31;1m                             ~~~~~~~~~~~~~~~~~~~~~~~~~~~~~~~~~~~[0m
[31;1m[0m[36;1m[36;1m[0m[36;1m[0m[36;1m[31;1m[31;1m[36;1m     | [31;1mUnable to find type [System.Windows.Input.ModifierKeys].[0m
[31;1mInvalidOperation: [0m/home/teej/supertui/WPF/SuperTUI_Demo.ps1:350[0m
[31;1m[0m[36;1mLine |[0m
[31;1m[0m[36;1m[36;1m 350 | [0m     $key = [36;1m[System.Windows.Input.Key][0m::("D$i")[0m
[31;1m[0m[36;1m[36;1m[0m[36;1m[0m[36;1m     | [31;1m            ~~~~~~~~~~~~~~~~~~~~~~~~~~[0m
[31;1m[0m[36;1m[36;1m[0m[36;1m[0m[36;1m[31;1m[31;1m[36;1m     | [31;1mUnable to find type [System.Windows.Input.Key].[0m
[31;1mInvalidOperation: [0m/home/teej/supertui/WPF/SuperTUI_Demo.ps1:351[0m
[31;1m[0m[36;1mLine |[0m
[31;1m[0m[36;1m[36;1m 351 | [0m … ager.RegisterGlobal($key, [36;1m[System.Windows.Input.ModifierKeys][0m::Contro …[0m
[31;1m[0m[36;1m[36;1m[0m[36;1m[0m[36;1m     | [31;1m                             ~~~~~~~~~~~~~~~~~~~~~~~~~~~~~~~~~~~[0m
[31;1m[0m[36;1m[36;1m[0m[36;1m[0m[36;1m[31;1m[31;1m[36;1m     | [31;1mUnable to find type [System.Windows.Input.ModifierKeys].[0m
[31;1mInvalidOperation: [0m/home/teej/supertui/WPF/SuperTUI_Demo.ps1:350[0m
[31;1m[0m[36;1mLine |[0m
[31;1m[0m[36;1m[36;1m 350 | [0m     $key = [36;1m[System.Windows.Input.Key][0m::("D$i")[0m
[31;1m[0m[36;1m[36;1m[0m[36;1m[0m[36;1m     | [31;1m            ~~~~~~~~~~~~~~~~~~~~~~~~~~[0m
[31;1m[0m[36;1m[36;1m[0m[36;1m[0m[36;1m[31;1m[31;1m[36;1m     | [31;1mUnable to find type [System.Windows.Input.Key].[0m
[31;1mInvalidOperation: [0m/home/teej/supertui/WPF/SuperTUI_Demo.ps1:351[0m
[31;1m[0m[36;1mLine |[0m
[31;1m[0m[36;1m[36;1m 351 | [0m … ager.RegisterGlobal($key, [36;1m[System.Windows.Input.ModifierKeys][0m::Contro …[0m
[31;1m[0m[36;1m[36;1m[0m[36;1m[0m[36;1m     | [31;1m                             ~~~~~~~~~~~~~~~~~~~~~~~~~~~~~~~~~~~[0m
[31;1m[0m[36;1m[36;1m[0m[36;1m[0m[36;1m[31;1m[31;1m[36;1m     | [31;1mUnable to find type [System.Windows.Input.ModifierKeys].[0m
[31;1mInvalidOperation: [0m/home/teej/supertui/WPF/SuperTUI_Demo.ps1:350[0m
[31;1m[0m[36;1mLine |[0m
[31;1m[0m[36;1m[36;1m 350 | [0m     $key = [36;1m[System.Windows.Input.Key][0m::("D$i")[0m
[31;1m[0m[36;1m[36;1m[0m[36;1m[0m[36;1m     | [31;1m            ~~~~~~~~~~~~~~~~~~~~~~~~~~[0m
[31;1m[0m[36;1m[36;1m[0m[36;1m[0m[36;1m[31;1m[31;1m[36;1m     | [31;1mUnable to find type [System.Windows.Input.Key].[0m
[31;1mInvalidOperation: [0m/home/teej/supertui/WPF/SuperTUI_Demo.ps1:351[0m
[31;1m[0m[36;1mLine |[0m
[31;1m[0m[36;1m[36;1m 351 | [0m … ager.RegisterGlobal($key, [36;1m[System.Windows.Input.ModifierKeys][0m::Contro …[0m
[31;1m[0m[36;1m[36;1m[0m[36;1m[0m[36;1m     | [31;1m                             ~~~~~~~~~~~~~~~~~~~~~~~~~~~~~~~~~~~[0m
[31;1m[0m[36;1m[36;1m[0m[36;1m[0m[36;1m[31;1m[31;1m[36;1m     | [31;1mUnable to find type [System.Windows.Input.ModifierKeys].[0m
[31;1mInvalidOperation: [0m/home/teej/supertui/WPF/SuperTUI_Demo.ps1:361[0m
[31;1m[0m[36;1mLine |[0m
[31;1m[0m[36;1m[36;1m 361 | [0m     [36;1m[System.Windows.Input.Key][0m::Q,[0m
[31;1m[0m[36;1m[36;1m[0m[36;1m[0m[36;1m     | [31;1m     ~~~~~~~~~~~~~~~~~~~~~~~~~~[0m
[31;1m[0m[36;1m[36;1m[0m[36;1m[0m[36;1m[31;1m[31;1m[36;1m     | [31;1mUnable to find type [System.Windows.Input.Key].[0m
[31;1mInvalidOperation: [0m/home/teej/supertui/WPF/SuperTUI_Demo.ps1:369[0m
[31;1m[0m[36;1mLine |[0m
[31;1m[0m[36;1m[36;1m 369 | [0m     [36;1m[System.Windows.Input.Key][0m::Right,[0m
[31;1m[0m[36;1m[36;1m[0m[36;1m[0m[36;1m     | [31;1m     ~~~~~~~~~~~~~~~~~~~~~~~~~~[0m
[31;1m[0m[36;1m[36;1m[0m[36;1m[0m[36;1m[31;1m[31;1m[36;1m     | [31;1mUnable to find type [System.Windows.Input.Key].[0m
[31;1mInvalidOperation: [0m/home/teej/supertui/WPF/SuperTUI_Demo.ps1:381[0m
[31;1m[0m[36;1mLine |[0m
[31;1m[0m[36;1m[36;1m 381 | [0m     [36;1m[System.Windows.Input.Key][0m::Left,[0m
[31;1m[0m[36;1m[36;1m[0m[36;1m[0m[36;1m     | [31;1m     ~~~~~~~~~~~~~~~~~~~~~~~~~~[0m
[31;1m[0m[36;1m[36;1m[0m[36;1m[0m[36;1m[31;1m[31;1m[36;1m     | [31;1mUnable to find type [System.Windows.Input.Key].[0m
[31;1mInvalidOperation: [0m/home/teej/supertui/WPF/SuperTUI_Demo.ps1:393[0m
[31;1m[0m[36;1mLine |[0m
[31;1m[0m[36;1m[36;1m 393 | [0m [36;1m$window.Add_KeyDown({[0m
[31;1m[0m[36;1m[36;1m[0m[36;1m[0m[36;1m     | [31;1m ~~~~~~~~~~~~~~~~~~~~~[0m
[31;1m[0m[36;1m[36;1m[0m[36;1m[0m[36;1m[31;1m[31;1m[36;1m     | [31;1mYou cannot call a method on a null-valued expression.[0m
[31;1mInvalidOperation: [0m/home/teej/supertui/WPF/SuperTUI_Demo.ps1:406[0m
[31;1m[0m[36;1mLine |[0m
[31;1m[0m[36;1m[36;1m 406 | [0m [36;1m$workspaceManager.add_WorkspaceChanged({[0m
[31;1m[0m[36;1m[36;1m[0m[36;1m[0m[36;1m     | [31;1m ~~~~~~~~~~~~~~~~~~~~~~~~~~~~~~~~~~~~~~~~[0m
[31;1m[0m[36;1m[36;1m[0m[36;1m[0m[36;1m[31;1m[31;1m[36;1m     | [31;1mYou cannot call a method on a null-valued expression.[0m
[31;1mInvalidOperation: [0m/home/teej/supertui/WPF/SuperTUI_Demo.ps1:412[0m
[31;1m[0m[36;1mLine |[0m
[31;1m[0m[36;1m[36;1m 412 | [0m [36;1m$statusText.Text = "Dashboard | 5 widgets | Tab: Switch focus | Ctrl+[0m …[0m
[31;1m[0m[36;1m[36;1m[0m[36;1m[0m[36;1m     | [31;1m ~~~~~~~~~~~~~~~~~~~~~~~~~~~~~~~~~~~~~~~~~~~~~~~~~~~~~~~~~~~~~~~~~~~~~[0m
[31;1m[0m[36;1m[36;1m[0m[36;1m[0m[36;1m[31;1m[31;1m[36;1m     | [31;1mThe property 'Text' cannot be found on this object. Verify that the[0m
[31;1m[0m[36;1m[36;1m[0m[36;1m[0m[36;1m[31;1m[31;1m[36;1m[31;1m[36;1m     | [31;1mproperty exists and can be set.[0m

========================================
  SuperTUI is ready!
========================================

KEYBOARD SHORTCUTS:
  Ctrl+1, Ctrl+2, Ctrl+3   Switch workspaces
  Ctrl+Left/Right          Previous/Next workspace
  Tab / Shift+Tab          Switch widget focus
  Ctrl+Q                   Quit

WIDGET CONTROLS:
  Counter: Up/Down arrows  Increment/Decrement
  Counter: R               Reset to zero
  Notes: Type freely       Text persists across workspace switches!

FEATURES TO TEST:
  • Focus indicator        Focused widget has cyan border
  • State preservation     Counter values persist when switching workspaces
  • Resizable panels       Drag the gray splitters (Workspace 1)
  • Multiple instances     Each counter widget has independent state

[31;1mInvalidOperation: [0m/home/teej/supertui/WPF/SuperTUI_Demo.ps1:438[0m
[31;1m[0m[36;1mLine |[0m
[31;1m[0m[36;1m[36;1m 438 | [0m [36;1m$window.ShowDialog() | Out-Null[0m
[31;1m[0m[36;1m[36;1m[0m[36;1m[0m[36;1m     | [31;1m ~~~~~~~~~~~~~~~~~~~~~~~~~~~~~~~[0m
[31;1m[0m[36;1m[36;1m[0m[36;1m[0m[36;1m[31;1m[31;1m[36;1m     | [31;1mYou cannot call a method on a null-valued expression.[0m
